Archive member included because of file (symbol)

.\CortexM3\ARM_GCC_493\Debug\Bootloader.a(cyfitter_cfg.o)
                              .\CortexM3\ARM_GCC_493\Debug\Cm3Start.o (cyfitter_cfg)
.\CortexM3\ARM_GCC_493\Debug\Bootloader.a(Bootloader.o)
                              .\CortexM3\ARM_GCC_493\Debug\Cm3Start.o (CyBtldr_CheckLaunch)
.\CortexM3\ARM_GCC_493\Debug\Bootloader.a(CyBootAsmGnu.o)
                              .\CortexM3\ARM_GCC_493\Debug\Bootloader.a(cyfitter_cfg.o) (CyDelayCycles)
.\CortexM3\ARM_GCC_493\Debug\Bootloader.a(CyFlash.o)
                              .\CortexM3\ARM_GCC_493\Debug\Bootloader.a(Bootloader.o) (CySetTemp)
.\CortexM3\ARM_GCC_493\Debug\Bootloader.a(CyLib.o)
                              .\CortexM3\ARM_GCC_493\Debug\Cm3Start.o (CyHalt)
.\CortexM3\ARM_GCC_493\Debug\Bootloader.a(cyPm.o)
                              .\CortexM3\ARM_GCC_493\Debug\Bootloader.a(CyLib.o) (CyPmReadStatus)
.\CortexM3\ARM_GCC_493\Debug\Bootloader.a(CySpc.o)
                              .\CortexM3\ARM_GCC_493\Debug\Bootloader.a(CyFlash.o) (CySpcStart)
.\CortexM3\ARM_GCC_493\Debug\Bootloader.a(PWM_1.o)
                              .\CortexM3\ARM_GCC_493\Debug\main.o (PWM_1_Start)
.\CortexM3\ARM_GCC_493\Debug\Bootloader.a(USBFS_boot.o)
                              .\CortexM3\ARM_GCC_493\Debug\Bootloader.a(Bootloader.o) (USBFS_CyBtldrCommStart)
.\CortexM3\ARM_GCC_493\Debug\Bootloader.a(USBFS.o)
                              .\CortexM3\ARM_GCC_493\Debug\Bootloader.a(USBFS_boot.o) (USBFS_Start)
.\CortexM3\ARM_GCC_493\Debug\Bootloader.a(USBFS_drv.o)
                              .\CortexM3\ARM_GCC_493\Debug\Bootloader.a(USBFS.o) (USBFS_lastPacketSize)
.\CortexM3\ARM_GCC_493\Debug\Bootloader.a(USBFS_episr.o)
                              .\CortexM3\ARM_GCC_493\Debug\Bootloader.a(USBFS.o) (USBFS_EP_1_ISR)
.\CortexM3\ARM_GCC_493\Debug\Bootloader.a(USBFS_hid.o)
                              .\CortexM3\ARM_GCC_493\Debug\Bootloader.a(USBFS.o) (USBFS_hidProtocol)
.\CortexM3\ARM_GCC_493\Debug\Bootloader.a(USBFS_pm.o)
                              .\CortexM3\ARM_GCC_493\Debug\Bootloader.a(USBFS.o) (USBFS_DP_ISR)
.\CortexM3\ARM_GCC_493\Debug\Bootloader.a(USBFS_std.o)
                              .\CortexM3\ARM_GCC_493\Debug\Bootloader.a(USBFS_pm.o) (USBFS_ConfigReg)
.\CortexM3\ARM_GCC_493\Debug\Bootloader.a(USBFS_vnd.o)
                              .\CortexM3\ARM_GCC_493\Debug\Bootloader.a(USBFS_drv.o) (USBFS_HandleVendorRqst)
.\CortexM3\ARM_GCC_493\Debug\Bootloader.a(USBFS_Dp.o)
                              .\CortexM3\ARM_GCC_493\Debug\Bootloader.a(USBFS_pm.o) (USBFS_Dp_ClearInterrupt)
.\CortexM3\ARM_GCC_493\Debug\Bootloader.a(USBFS_cls.o)
                              .\CortexM3\ARM_GCC_493\Debug\Bootloader.a(USBFS_drv.o) (USBFS_DispatchClassRqst)
.\CortexM3\ARM_GCC_493\Debug\Bootloader.a(USBFS_descr.o)
                              .\CortexM3\ARM_GCC_493\Debug\Bootloader.a(USBFS_std.o) (USBFS_TABLE)
c:/program files (x86)/cypress/psoc creator/3.3/psoc creator/import/gnu/arm/4.9.3/bin/../lib/gcc/arm-none-eabi/4.9.3/../../../../arm-none-eabi/lib/armv7-m\libg_nano.a(lib_a-errno.o)
                              .\CortexM3\ARM_GCC_493\Debug\Cm3Start.o (__errno)
c:/program files (x86)/cypress/psoc creator/3.3/psoc creator/import/gnu/arm/4.9.3/bin/../lib/gcc/arm-none-eabi/4.9.3/../../../../arm-none-eabi/lib/armv7-m\libg_nano.a(lib_a-exit.o)
                              c:/program files (x86)/cypress/psoc creator/3.3/psoc creator/import/gnu/arm/4.9.3/bin/../lib/gcc/arm-none-eabi/4.9.3/../../../../arm-none-eabi/lib/armv7-m/crt0.o (exit)
c:/program files (x86)/cypress/psoc creator/3.3/psoc creator/import/gnu/arm/4.9.3/bin/../lib/gcc/arm-none-eabi/4.9.3/../../../../arm-none-eabi/lib/armv7-m\libg_nano.a(lib_a-impure.o)
                              c:/program files (x86)/cypress/psoc creator/3.3/psoc creator/import/gnu/arm/4.9.3/bin/../lib/gcc/arm-none-eabi/4.9.3/../../../../arm-none-eabi/lib/armv7-m\libg_nano.a(lib_a-exit.o) (_global_impure_ptr)
c:/program files (x86)/cypress/psoc creator/3.3/psoc creator/import/gnu/arm/4.9.3/bin/../lib/gcc/arm-none-eabi/4.9.3/../../../../arm-none-eabi/lib/armv7-m\libg_nano.a(lib_a-init.o)
                              c:/program files (x86)/cypress/psoc creator/3.3/psoc creator/import/gnu/arm/4.9.3/bin/../lib/gcc/arm-none-eabi/4.9.3/../../../../arm-none-eabi/lib/armv7-m/crt0.o (__libc_init_array)
c:/program files (x86)/cypress/psoc creator/3.3/psoc creator/import/gnu/arm/4.9.3/bin/../lib/gcc/arm-none-eabi/4.9.3/../../../../arm-none-eabi/lib/armv7-m\libg_nano.a(lib_a-memcpy.o)
                              .\CortexM3\ARM_GCC_493\Debug\Bootloader.a(cyfitter_cfg.o) (memcpy)
c:/program files (x86)/cypress/psoc creator/3.3/psoc creator/import/gnu/arm/4.9.3/bin/../lib/gcc/arm-none-eabi/4.9.3/../../../../arm-none-eabi/lib/armv7-m\libg_nano.a(lib_a-memset.o)
[...]
Memory Configuration

Name             Origin             Length             Attributes
rom              0x00000000         0x00040000         xr
ram              0x1fff8000         0x00010000         xrw
*default*        0x00000000         0xffffffff

Linker script and memory map

LOAD c:/program files (x86)/cypress/psoc creator/3.3/psoc creator/import/gnu/arm/4.9.3/bin/../lib/gcc/arm-none-eabi/4.9.3/armv7-m/crti.o
LOAD c:/program files (x86)/cypress/psoc creator/3.3/psoc creator/import/gnu/arm/4.9.3/bin/../lib/gcc/arm-none-eabi/4.9.3/armv7-m/crtbegin.o
LOAD c:/program files (x86)/cypress/psoc creator/3.3/psoc creator/import/gnu/arm/4.9.3/bin/../lib/gcc/arm-none-eabi/4.9.3/../../../../arm-none-eabi/lib/armv7-m/crt0.o
START GROUP
LOAD .\CortexM3\ARM_GCC_493\Debug\main.o
LOAD .\CortexM3\ARM_GCC_493\Debug\cymetadata.o
LOAD .\CortexM3\ARM_GCC_493\Debug\Cm3Start.o
LOAD .\CortexM3\ARM_GCC_493\Debug\Bootloader.a
LOAD C:\Program Files (x86)\Cypress\PSoC Creator\3.3\PSoC Creator\psoc\content\cycomponentlibrary\CyComponentLibrary.cylib\CortexM3\ARM_GCC_493\Debug\CyComponentLibrary.a
END GROUP
START GROUP
LOAD c:/program files (x86)/cypress/psoc creator/3.3/psoc creator/import/gnu/arm/4.9.3/bin/../lib/gcc/arm-none-eabi/4.9.3/armv7-m\libgcc.a
LOAD c:/program files (x86)/cypress/psoc creator/3.3/psoc creator/import/gnu/arm/4.9.3/bin/../lib/gcc/arm-none-eabi/4.9.3/../../../../arm-none-eabi/lib/armv7-m\libg_nano.a
LOAD c:/program files (x86)/cypress/psoc creator/3.3/psoc creator/import/gnu/arm/4.9.3/bin/../lib/gcc/arm-none-eabi/4.9.3/../../../../arm-none-eabi/lib/armv7-m\libc_nano.a
END GROUP
START GROUP
LOAD c:/program files (x86)/cypress/psoc creator/3.3/psoc creator/import/gnu/arm/4.9.3/bin/../lib/gcc/arm-none-eabi/4.9.3/armv7-m\libgcc.a
LOAD c:/program files (x86)/cypress/psoc creator/3.3/psoc creator/import/gnu/arm/4.9.3/bin/../lib/gcc/arm-none-eabi/4.9.3/../../../../arm-none-eabi/lib/armv7-m\libc_nano.a
END GROUP
LOAD c:/program files (x86)/cypress/psoc creator/3.3/psoc creator/import/gnu/arm/4.9.3/bin/../lib/gcc/arm-none-eabi/4.9.3/armv7-m/crtend.o
LOAD c:/program files (x86)/cypress/psoc creator/3.3/psoc creator/import/gnu/arm/4.9.3/bin/../lib/gcc/arm-none-eabi/4.9.3/armv7-m/crtn.o
START GROUP
LOAD c:/program files (x86)/cypress/psoc creator/3.3/psoc creator/import/gnu/arm/4.9.3/bin/../lib/gcc/arm-none-eabi/4.9.3/armv7-m\libgcc.a
LOAD c:/program files (x86)/cypress/psoc creator/3.3/psoc creator/import/gnu/arm/4.9.3/bin/../lib/gcc/arm-none-eabi/4.9.3/../../../../arm-none-eabi/lib/armv7-m\libc.a
LOAD c:/program files (x86)/cypress/psoc creator/3.3/psoc creator/import/gnu/arm/4.9.3/bin/../lib/gcc/arm-none-eabi/4.9.3/../../../../arm-none-eabi/lib/armv7-m\libnosys.a
END GROUP
                0x00000000                CY_APPL_ORIGIN = 0x0
                0x00000100                CY_FLASH_ROW_SIZE = 0x100
                0x00000020                CY_ECC_ROW_SIZE = 0x20
                0x00000000                CY_EE_IN_BTLDR = 0x0
                0x00000000                CY_APPL_LOADABLE = 0x0
                0x00000800                CY_EE_SIZE = 0x800
                0x00000001                CY_APPL_NUM = 0x1
                0x00000001                CY_APPL_MAX = 0x1
                0x00000040                CY_METADATA_SIZE = 0x40
                0x00000000                CY_APPL_LOADABLE = 0x0
                0x00000000                CY_CHECKSUM_EXCLUDE_SIZE = ALIGN (0x0, CY_FLASH_ROW_SIZE)
                0x1fff8290                PROVIDE (__cy_heap_start, _end)
                0x00000001                PROVIDE (__cy_region_num, ((__cy_regions_end - __cy_regions) / 0x10))
                0x20008000                PROVIDE (__cy_stack, (ORIGIN (ram) + 0x10000))
                0x20007800                PROVIDE (__cy_heap_end, (__cy_stack - 0x800))

.cybootloader   0x00000000        0x0
 *(.cybootloader)
                0x00000000                appl1_start = CY_APPL_ORIGIN?CY_APPL_ORIGIN:ALIGN (CY_FLASH_ROW_SIZE)
                0x0001ff00                appl2_start = (appl1_start + ALIGN ((((0x40000 - appl1_start) - (0x2 * CY_FLASH_ROW_SIZE)) / 0x2), CY_FLASH_ROW_SIZE))
                0x00000000                appl_start = (CY_APPL_NUM == 0x1)?appl1_start:appl2_start
                0x00000000                ecc_offset = ((appl_start / CY_FLASH_ROW_SIZE) * CY_ECC_ROW_SIZE)
                0x00000000                ee_offset = (CY_APPL_LOADABLE && ! (CY_EE_IN_BTLDR))?((CY_EE_SIZE / CY_APPL_MAX) * (CY_APPL_NUM - 0x1)):0x0
                0x00000800                ee_size = (CY_APPL_LOADABLE && ! (CY_EE_IN_BTLDR))?(CY_EE_SIZE / CY_APPL_MAX):CY_EE_SIZE
                0x00000000                PROVIDE (CY_ECC_OFFSET, ecc_offset)

.text           0x00000000     0x2848
 CREATE_OBJECT_SYMBOLS
                0x00000000                PROVIDE (__cy_interrupt_vector, RomVectors)
 *(.romvectors)
 .romvectors    0x00000000       0x10 .\CortexM3\ARM_GCC_493\Debug\Cm3Start.o
                0x00000000                RomVectors
                0x00000001                ASSERT ((. != __cy_interrupt_vector), No interrupt vector)
                0x00000001                ASSERT (CY_APPL_ORIGIN?(SIZEOF (.cybootloader) <= CY_APPL_ORIGIN):0x1, Wrong image location)
                0x00000010                PROVIDE (__cy_reset, Reset)
 *(.text.Reset)
 .text.Reset    0x00000010       0x1c .\CortexM3\ARM_GCC_493\Debug\Cm3Start.o
                0x00000010                Reset
                0x00000001                ASSERT ((. != __cy_reset), No reset code)
 *(.dma_init)
                0x00000001                ASSERT ((((appl_start + .) <= 0x10000) || 0x1), DMA Init must be within the first 64k of flash)
 *(.text .text.* .gnu.linkonce.t.*)
 .text          0x0000002c       0x5c c:/program files (x86)/cypress/psoc creator/3.3/psoc creator/import/gnu/arm/4.9.3/bin/../lib/gcc/arm-none-eabi/4.9.3/armv7-m/crtbegin.o
 .text.main     0x00000088       0x10 .\CortexM3\ARM_GCC_493\Debug\main.o
                0x00000088                main
 .text.IntDefaultHandler
                0x00000098        0x4 .\CortexM3\ARM_GCC_493\Debug\Cm3Start.o
                0x00000098                IntDefaultHandler
 .text.Start_c  0x0000009c       0x4c .\CortexM3\ARM_GCC_493\Debug\Cm3Start.o
                0x0000009c                Start_c
 .text.initialize_psoc
                0x000000e8       0x74 .\CortexM3\ARM_GCC_493\Debug\Cm3Start.o
                0x000000e8                initialize_psoc
 .text.CyClockStartupError
                0x0000015c        0x4 .\CortexM3\ARM_GCC_493\Debug\Bootloader.a(cyfitter_cfg.o)
 .text.cfg_write_bytes32
                0x00000160       0x34 .\CortexM3\ARM_GCC_493\Debug\Bootloader.a(cyfitter_cfg.o)
 .text.AnalogSetDefault
                0x00000194       0x28 .\CortexM3\ARM_GCC_493\Debug\Bootloader.a(cyfitter_cfg.o)
 .text.ClockSetup
                0x000001bc       0xbc .\CortexM3\ARM_GCC_493\Debug\Bootloader.a(cyfitter_cfg.o)
 .text.CYMEMZERO
                0x00000278        0xc .\CortexM3\ARM_GCC_493\Debug\Bootloader.a(cyfitter_cfg.o)
 .text.CYCONFIGCPYCODE
                0x00000284        0x8 .\CortexM3\ARM_GCC_493\Debug\Bootloader.a(cyfitter_cfg.o)
 .text.CYCONFIGCPY
                0x0000028c        0x8 .\CortexM3\ARM_GCC_493\Debug\Bootloader.a(cyfitter_cfg.o)
 .text.cyfitter_cfg
                0x00000294       0xcc .\CortexM3\ARM_GCC_493\Debug\Bootloader.a(cyfitter_cfg.o)
                0x00000294                cyfitter_cfg
 .text.Bootloader_CalcPacketChecksum
                0x00000360       0x1c .\CortexM3\ARM_GCC_493\Debug\Bootloader.a(Bootloader.o)
 .text.Bootloader_VerifyRow
                0x0000037c       0x24 .\CortexM3\ARM_GCC_493\Debug\Bootloader.a(Bootloader.o)
 .text.Bootloader_LaunchBootloadable
                0x000003a0        0x4 .\CortexM3\ARM_GCC_493\Debug\Bootloader.a(Bootloader.o)
 .text.Bootloader_LaunchApplication
                0x000003a4       0x14 .\CortexM3\ARM_GCC_493\Debug\Bootloader.a(Bootloader.o)
 .text.Bootloader_WritePacket
                0x000003b8       0x54 .\CortexM3\ARM_GCC_493\Debug\Bootloader.a(Bootloader.o)
 .text.Bootloader_Calc8BitSum
                0x0000040c       0x30 .\CortexM3\ARM_GCC_493\Debug\Bootloader.a(Bootloader.o)
                0x0000040c                Bootloader_Calc8BitSum
 .text.Bootloader_GetMetadata
                0x0000043c      0x114 .\CortexM3\ARM_GCC_493\Debug\Bootloader.a(Bootloader.o)
                0x0000043c                Bootloader_GetMetadata
 .text.CyBtldr_CheckLaunch
                0x00000550       0x30 .\CortexM3\ARM_GCC_493\Debug\Bootloader.a(Bootloader.o)
                0x00000550                CyBtldr_CheckLaunch
 .text.Bootloader_ValidateBootloadable
                0x00000580       0x94 .\CortexM3\ARM_GCC_493\Debug\Bootloader.a(Bootloader.o)
                0x00000580                Bootloader_ValidateBootloadable
 .text.Bootloader_HostLink
                0x00000614      0x568 .\CortexM3\ARM_GCC_493\Debug\Bootloader.a(Bootloader.o)
 .text.Bootloader_Start
                0x00000b7c       0x68 .\CortexM3\ARM_GCC_493\Debug\Bootloader.a(Bootloader.o)
                0x00000b7c                Bootloader_Start
 *fill*         0x00000be4        0x4 
 .text          0x00000be8       0x20 .\CortexM3\ARM_GCC_493\Debug\Bootloader.a(CyBootAsmGnu.o)
                0x00000be8                CyDelayCycles
                0x00000bf8                CyEnterCriticalSection
                0x00000c00                CyExitCriticalSection
 .text.CyFlashGetSpcAlgorithm
                0x00000c08       0x4c .\CortexM3\ARM_GCC_493\Debug\Bootloader.a(CyFlash.o)
 .text.CySetTempInt
                0x00000c54       0x60 .\CortexM3\ARM_GCC_493\Debug\Bootloader.a(CyFlash.o)
 .text.CySetTemp
                0x00000cb4       0x14 .\CortexM3\ARM_GCC_493\Debug\Bootloader.a(CyFlash.o)
                0x00000cb4                CySetTemp
 .text.CyWriteRowFull
                0x00000cc8       0xf8 .\CortexM3\ARM_GCC_493\Debug\Bootloader.a(CyFlash.o)
                0x00000cc8                CyWriteRowFull
 .text.CyEEPROM_Start
                0x00000dc0       0x54 .\CortexM3\ARM_GCC_493\Debug\Bootloader.a(CyFlash.o)
                0x00000dc0                CyEEPROM_Start
 .text.CyHalt   0x00000e14        0x4 .\CortexM3\ARM_GCC_493\Debug\Bootloader.a(CyLib.o)
                0x00000e14                CyHalt
 .text.CySoftwareReset
                0x00000e18       0x10 .\CortexM3\ARM_GCC_493\Debug\Bootloader.a(CyLib.o)
                0x00000e18                CySoftwareReset
 .text.CyDelay  0x00000e28       0x2c .\CortexM3\ARM_GCC_493\Debug\Bootloader.a(CyLib.o)
                0x00000e28                CyDelay
 .text.CyDelayUs
                0x00000e54       0x14 .\CortexM3\ARM_GCC_493\Debug\Bootloader.a(CyLib.o)
                0x00000e54                CyDelayUs
 .text.CyFlushCache
                0x00000e68       0x44 .\CortexM3\ARM_GCC_493\Debug\Bootloader.a(CyLib.o)
                0x00000e68                CyFlushCache
 .text.CyIntSetVector
                0x00000eac       0x28 .\CortexM3\ARM_GCC_493\Debug\Bootloader.a(CyLib.o)
                0x00000eac                CyIntSetVector
 .text.CyIntSetPriority
                0x00000ed4       0x30 .\CortexM3\ARM_GCC_493\Debug\Bootloader.a(CyLib.o)
                0x00000ed4                CyIntSetPriority
 .text.CySpcStart
                0x00000f04       0x24 .\CortexM3\ARM_GCC_493\Debug\Bootloader.a(CySpc.o)
                0x00000f04                CySpcStart
 .text.CySpcReadData
                0x00000f28       0x34 .\CortexM3\ARM_GCC_493\Debug\Bootloader.a(CySpc.o)
                0x00000f28                CySpcReadData
 .text.CySpcLoadRowFull
                0x00000f5c       0x80 .\CortexM3\ARM_GCC_493\Debug\Bootloader.a(CySpc.o)
                0x00000f5c                CySpcLoadRowFull
 .text.CySpcWriteRow
                0x00000fdc       0x4c .\CortexM3\ARM_GCC_493\Debug\Bootloader.a(CySpc.o)
                0x00000fdc                CySpcWriteRow
 .text.CySpcGetTemp
                0x00001028       0x3c .\CortexM3\ARM_GCC_493\Debug\Bootloader.a(CySpc.o)
                0x00001028                CySpcGetTemp
 .text.CySpcLock
                0x00001064       0x4c .\CortexM3\ARM_GCC_493\Debug\Bootloader.a(CySpc.o)
                0x00001064                CySpcLock
 .text.CySpcUnlock
                0x000010b0       0x38 .\CortexM3\ARM_GCC_493\Debug\Bootloader.a(CySpc.o)
                0x000010b0                CySpcUnlock
 .text.CySpcGetAlgorithm
                0x000010e8       0x28 .\CortexM3\ARM_GCC_493\Debug\Bootloader.a(CySpc.o)
                0x000010e8                CySpcGetAlgorithm
 .text.PWM_1_Enable
                0x00001110       0x28 .\CortexM3\ARM_GCC_493\Debug\Bootloader.a(PWM_1.o)
                0x00001110                PWM_1_Enable
 .text.PWM_1_WritePeriod
                0x00001138        0xc .\CortexM3\ARM_GCC_493\Debug\Bootloader.a(PWM_1.o)
                0x00001138                PWM_1_WritePeriod
 .text.PWM_1_WriteCompare
                0x00001144        0xc .\CortexM3\ARM_GCC_493\Debug\Bootloader.a(PWM_1.o)
                0x00001144                PWM_1_WriteCompare
 .text.PWM_1_SetInterruptMode
                0x00001150        0xc .\CortexM3\ARM_GCC_493\Debug\Bootloader.a(PWM_1.o)
                0x00001150                PWM_1_SetInterruptMode
 .text.PWM_1_Init
                0x0000115c       0x74 .\CortexM3\ARM_GCC_493\Debug\Bootloader.a(PWM_1.o)
                0x0000115c                PWM_1_Init
 .text.PWM_1_Start
                0x000011d0       0x1c .\CortexM3\ARM_GCC_493\Debug\Bootloader.a(PWM_1.o)
                0x000011d0                PWM_1_Start
 .text.USBFS_CyBtldrCommStart
                0x000011ec       0x18 .\CortexM3\ARM_GCC_493\Debug\Bootloader.a(USBFS_boot.o)
                0x000011ec                USBFS_CyBtldrCommStart
 .text.USBFS_CyBtldrCommStop
                0x00001204        0x8 .\CortexM3\ARM_GCC_493\Debug\Bootloader.a(USBFS_boot.o)
                0x00001204                USBFS_CyBtldrCommStop
 .text.USBFS_CyBtldrCommReset
                0x0000120c        0xc .\CortexM3\ARM_GCC_493\Debug\Bootloader.a(USBFS_boot.o)
                0x0000120c                USBFS_CyBtldrCommReset
 .text.USBFS_CyBtldrCommWrite
                0x00001218       0x44 .\CortexM3\ARM_GCC_493\Debug\Bootloader.a(USBFS_boot.o)
                0x00001218                USBFS_CyBtldrCommWrite
 .text.USBFS_CyBtldrCommRead
                0x0000125c       0xa0 .\CortexM3\ARM_GCC_493\Debug\Bootloader.a(USBFS_boot.o)
                0x0000125c                USBFS_CyBtldrCommRead
 .text.USBFS_Init
                0x000012fc      0x118 .\CortexM3\ARM_GCC_493\Debug\Bootloader.a(USBFS.o)
                0x000012fc                USBFS_Init
 .text.USBFS_InitComponent
                0x00001414       0xc4 .\CortexM3\ARM_GCC_493\Debug\Bootloader.a(USBFS.o)
                0x00001414                USBFS_InitComponent
 .text.USBFS_Start
                0x000014d8       0x24 .\CortexM3\ARM_GCC_493\Debug\Bootloader.a(USBFS.o)
                0x000014d8                USBFS_Start
 .text.USBFS_ReInitComponent
                0x000014fc       0x64 .\CortexM3\ARM_GCC_493\Debug\Bootloader.a(USBFS.o)
                0x000014fc                USBFS_ReInitComponent
 .text.USBFS_Stop
                0x00001560       0x88 .\CortexM3\ARM_GCC_493\Debug\Bootloader.a(USBFS.o)
                0x00001560                USBFS_Stop
 .text.USBFS_GetConfiguration
                0x000015e8        0xc .\CortexM3\ARM_GCC_493\Debug\Bootloader.a(USBFS.o)
                0x000015e8                USBFS_GetConfiguration
 .text.USBFS_IsConfigurationChanged
                0x000015f4       0x20 .\CortexM3\ARM_GCC_493\Debug\Bootloader.a(USBFS.o)
                0x000015f4                USBFS_IsConfigurationChanged
 .text.USBFS_GetEPState
                0x00001614       0x14 .\CortexM3\ARM_GCC_493\Debug\Bootloader.a(USBFS.o)
                0x00001614                USBFS_GetEPState
 .text.USBFS_GetEPCount
                0x00001628       0x28 .\CortexM3\ARM_GCC_493\Debug\Bootloader.a(USBFS.o)
                0x00001628                USBFS_GetEPCount
 .text.USBFS_LoadInEP
                0x00001650       0x94 .\CortexM3\ARM_GCC_493\Debug\Bootloader.a(USBFS.o)
                0x00001650                USBFS_LoadInEP
 .text.USBFS_EnableOutEP
                0x000016e4       0x2c .\CortexM3\ARM_GCC_493\Debug\Bootloader.a(USBFS.o)
                0x000016e4                USBFS_EnableOutEP
 .text.USBFS_ReadOutEP
                0x00001710       0x50 .\CortexM3\ARM_GCC_493\Debug\Bootloader.a(USBFS.o)
                0x00001710                USBFS_ReadOutEP
 .text.USBFS_LoadEP0
                0x00001760       0x94 .\CortexM3\ARM_GCC_493\Debug\Bootloader.a(USBFS_drv.o)
                0x00001760                USBFS_LoadEP0
 .text.USBFS_InitZeroLengthControlTransfer
                0x000017f4       0x34 .\CortexM3\ARM_GCC_493\Debug\Bootloader.a(USBFS_drv.o)
                0x000017f4                USBFS_InitZeroLengthControlTransfer
 .text.USBFS_ControlReadDataStage
                0x00001828        0x8 .\CortexM3\ARM_GCC_493\Debug\Bootloader.a(USBFS_drv.o)
                0x00001828                USBFS_ControlReadDataStage
 .text.USBFS_ControlWriteDataStage
                0x00001830       0x80 .\CortexM3\ARM_GCC_493\Debug\Bootloader.a(USBFS_drv.o)
                0x00001830                USBFS_ControlWriteDataStage
 .text.USBFS_InitNoDataControlTransfer
                0x000018b0       0x2c .\CortexM3\ARM_GCC_493\Debug\Bootloader.a(USBFS_drv.o)
                0x000018b0                USBFS_InitNoDataControlTransfer
 .text.USBFS_UpdateStatusBlock
                0x000018dc       0x24 .\CortexM3\ARM_GCC_493\Debug\Bootloader.a(USBFS_drv.o)
                0x000018dc                USBFS_UpdateStatusBlock
 .text.USBFS_HandleSetup
                0x00001900       0x5c .\CortexM3\ARM_GCC_493\Debug\Bootloader.a(USBFS_drv.o)
                0x00001900                USBFS_HandleSetup
 .text.USBFS_ControlReadStatusStage
                0x0000195c       0x34 .\CortexM3\ARM_GCC_493\Debug\Bootloader.a(USBFS_drv.o)
                0x0000195c                USBFS_ControlReadStatusStage
 .text.USBFS_HandleOUT
                0x00001990       0x38 .\CortexM3\ARM_GCC_493\Debug\Bootloader.a(USBFS_drv.o)
                0x00001990                USBFS_HandleOUT
 .text.USBFS_ControlWriteStatusStage
                0x000019c8       0x20 .\CortexM3\ARM_GCC_493\Debug\Bootloader.a(USBFS_drv.o)
                0x000019c8                USBFS_ControlWriteStatusStage
 .text.USBFS_NoDataControlStatusStage
                0x000019e8       0x40 .\CortexM3\ARM_GCC_493\Debug\Bootloader.a(USBFS_drv.o)
                0x000019e8                USBFS_NoDataControlStatusStage
 .text.USBFS_HandleIN
                0x00001a28       0x2c .\CortexM3\ARM_GCC_493\Debug\Bootloader.a(USBFS_drv.o)
                0x00001a28                USBFS_HandleIN
 .text.USBFS_EP_0_ISR
                0x00001a54       0xb8 .\CortexM3\ARM_GCC_493\Debug\Bootloader.a(USBFS_drv.o)
                0x00001a54                USBFS_EP_0_ISR
 .text.USBFS_InitializeStatusBlock
                0x00001b0c       0x24 .\CortexM3\ARM_GCC_493\Debug\Bootloader.a(USBFS_drv.o)
                0x00001b0c                USBFS_InitializeStatusBlock
 .text.USBFS_InitControlRead
                0x00001b30       0x50 .\CortexM3\ARM_GCC_493\Debug\Bootloader.a(USBFS_drv.o)
                0x00001b30                USBFS_InitControlRead
 .text.USBFS_InitControlWrite
                0x00001b80       0x48 .\CortexM3\ARM_GCC_493\Debug\Bootloader.a(USBFS_drv.o)
                0x00001b80                USBFS_InitControlWrite
 .text.USBFS_EP_1_ISR
                0x00001bc8       0x38 .\CortexM3\ARM_GCC_493\Debug\Bootloader.a(USBFS_episr.o)
                0x00001bc8                USBFS_EP_1_ISR
 .text.USBFS_EP_2_ISR
                0x00001c00       0x3c .\CortexM3\ARM_GCC_493\Debug\Bootloader.a(USBFS_episr.o)
                0x00001c00                USBFS_EP_2_ISR
 .text.USBFS_BUS_RESET_ISR
                0x00001c3c        0x8 .\CortexM3\ARM_GCC_493\Debug\Bootloader.a(USBFS_episr.o)
                0x00001c3c                USBFS_BUS_RESET_ISR
 .text.USBFS_FindHidClassDecriptor
                0x00001c44       0x40 .\CortexM3\ARM_GCC_493\Debug\Bootloader.a(USBFS_hid.o)
                0x00001c44                USBFS_FindHidClassDecriptor
 .text.USBFS_FindReportDescriptor
                0x00001c84       0x48 .\CortexM3\ARM_GCC_493\Debug\Bootloader.a(USBFS_hid.o)
                0x00001c84                USBFS_FindReportDescriptor
 .text.USBFS_FindReport
                0x00001ccc       0x7c .\CortexM3\ARM_GCC_493\Debug\Bootloader.a(USBFS_hid.o)
                0x00001ccc                USBFS_FindReport
 .text.USBFS_DispatchHIDClassRqst
                0x00001d48      0x180 .\CortexM3\ARM_GCC_493\Debug\Bootloader.a(USBFS_hid.o)
                0x00001d48                USBFS_DispatchHIDClassRqst
 .text.USBFS_DP_ISR
                0x00001ec8        0x8 .\CortexM3\ARM_GCC_493\Debug\Bootloader.a(USBFS_pm.o)
                0x00001ec8                USBFS_DP_ISR
 .text.USBFS_ConfigReg
                0x00001ed0       0xa4 .\CortexM3\ARM_GCC_493\Debug\Bootloader.a(USBFS_std.o)
                0x00001ed0                USBFS_ConfigReg
 .text.USBFS_GetConfigTablePtr
                0x00001f74       0x28 .\CortexM3\ARM_GCC_493\Debug\Bootloader.a(USBFS_std.o)
                0x00001f74                USBFS_GetConfigTablePtr
 .text.USBFS_ConfigAltChanged
                0x00001f9c      0x11c .\CortexM3\ARM_GCC_493\Debug\Bootloader.a(USBFS_std.o)
                0x00001f9c                USBFS_ConfigAltChanged
 .text.USBFS_GetDeviceTablePtr
                0x000020b8       0x18 .\CortexM3\ARM_GCC_493\Debug\Bootloader.a(USBFS_std.o)
                0x000020b8                USBFS_GetDeviceTablePtr
 .text.USBFS_GetInterfaceClassTablePtr
                0x000020d0       0x24 .\CortexM3\ARM_GCC_493\Debug\Bootloader.a(USBFS_std.o)
                0x000020d0                USBFS_GetInterfaceClassTablePtr
 .text.USBFS_Config
                0x000020f4      0x1b8 .\CortexM3\ARM_GCC_493\Debug\Bootloader.a(USBFS_std.o)
                0x000020f4                USBFS_Config
 .text.USBFS_SetEndpointHalt
                0x000022ac       0x64 .\CortexM3\ARM_GCC_493\Debug\Bootloader.a(USBFS_std.o)
                0x000022ac                USBFS_SetEndpointHalt
 .text.USBFS_ClearEndpointHalt
                0x00002310       0xa8 .\CortexM3\ARM_GCC_493\Debug\Bootloader.a(USBFS_std.o)
                0x00002310                USBFS_ClearEndpointHalt
 .text.USBFS_ValidateAlternateSetting
                0x000023b8       0x4c .\CortexM3\ARM_GCC_493\Debug\Bootloader.a(USBFS_std.o)
                0x000023b8                USBFS_ValidateAlternateSetting
 .text.USBFS_HandleStandardRqst
                0x00002404      0x348 .\CortexM3\ARM_GCC_493\Debug\Bootloader.a(USBFS_std.o)
                0x00002404                USBFS_HandleStandardRqst
 .text.USBFS_HandleVendorRqst
                0x0000274c       0x18 .\CortexM3\ARM_GCC_493\Debug\Bootloader.a(USBFS_vnd.o)
                0x0000274c                USBFS_HandleVendorRqst
 .text.USBFS_Dp_ClearInterrupt
                0x00002764       0x10 .\CortexM3\ARM_GCC_493\Debug\Bootloader.a(USBFS_Dp.o)
                0x00002764                USBFS_Dp_ClearInterrupt
 .text.USBFS_DispatchClassRqst
                0x00002774       0x58 .\CortexM3\ARM_GCC_493\Debug\Bootloader.a(USBFS_cls.o)
                0x00002774                USBFS_DispatchClassRqst
 .text.__libc_init_array
                0x000027cc       0x4c c:/program files (x86)/cypress/psoc creator/3.3/psoc creator/import/gnu/arm/4.9.3/bin/../lib/gcc/arm-none-eabi/4.9.3/../../../../arm-none-eabi/lib/armv7-m\libg_nano.a(lib_a-init.o)
                0x000027cc                __libc_init_array
 .text.memcpy   0x00002818       0x16 c:/program files (x86)/cypress/psoc creator/3.3/psoc creator/import/gnu/arm/4.9.3/bin/../lib/gcc/arm-none-eabi/4.9.3/../../../../arm-none-eabi/lib/armv7-m\libg_nano.a(lib_a-memcpy.o)
                0x00002818                memcpy
 .text.memset   0x0000282e       0x10 c:/program files (x86)/cypress/psoc creator/3.3/psoc creator/import/gnu/arm/4.9.3/bin/../lib/gcc/arm-none-eabi/4.9.3/../../../../arm-none-eabi/lib/armv7-m\libg_nano.a(lib_a-memset.o)
                0x0000282e                memset
 *(.plt)
 *(.gnu.warning)
 *(.glue_7t)
 .glue_7t       0x00000000        0x0 linker stubs
 *(.glue_7)
 .glue_7        0x00000000        0x0 linker stubs
 *(.vfp11_veneer)
 .vfp11_veneer  0x00000000        0x0 linker stubs
 *(.bootloader)
 *fill*         0x0000283e        0x2 
 .bootloader    0x00002840        0x8 .\CortexM3\ARM_GCC_493\Debug\Bootloader.a(Bootloader.o)
                0x00002840                Bootloader_SizeBytes
                0x00002844                Bootloader_Checksum
 *(.ARM.extab* .gnu.linkonce.armextab.*)
 *(.gcc_except_table)

.v4_bx          0x00002848        0x0
 .v4_bx         0x00000000        0x0 linker stubs

.iplt           0x00002848        0x0
 .iplt          0x00000000        0x0 c:/program files (x86)/cypress/psoc creator/3.3/psoc creator/import/gnu/arm/4.9.3/bin/../lib/gcc/arm-none-eabi/4.9.3/armv7-m/crtbegin.o

.eh_frame_hdr
 *(.eh_frame_hdr)

.eh_frame       0x00002848        0x4
 *(.eh_frame)
 .eh_frame      0x00002848        0x0 c:/program files (x86)/cypress/psoc creator/3.3/psoc creator/import/gnu/arm/4.9.3/bin/../lib/gcc/arm-none-eabi/4.9.3/armv7-m/crtbegin.o
 .eh_frame      0x00002848        0x4 c:/program files (x86)/cypress/psoc creator/3.3/psoc creator/import/gnu/arm/4.9.3/bin/../lib/gcc/arm-none-eabi/4.9.3/armv7-m/crtend.o
                0x0000284c                PROVIDE (__exidx_start, .)

.ARM.exidx
 *(.ARM.exidx* .gnu.linkonce.armexidx.*)
                0x0000284c                __exidx_end = .

.rodata         0x0000284c      0x29c
 *(.rodata .rodata.* .gnu.linkonce.r.*)
 .rodata        0x0000284c       0xf8 .\CortexM3\ARM_GCC_493\Debug\Bootloader.a(cyfitter_cfg.o)
 .rodata        0x00002944        0x8 .\CortexM3\ARM_GCC_493\Debug\Bootloader.a(Bootloader.o)
 .rodata        0x0000294c      0x164 .\CortexM3\ARM_GCC_493\Debug\Bootloader.a(USBFS_descr.o)
                0x0000294c                USBFS_TABLE
                0x00002954                USBFS_DEVICE0_TABLE
                0x0000296c                USBFS_DEVICE0_CONFIGURATION0_TABLE
                0x0000298c                USBFS_DEVICE0_CONFIGURATION0_INTERFACE_CLASS
                0x00002990                USBFS_DEVICE0_CONFIGURATION0_EP_SETTINGS_TABLE
                0x000029a0                USBFS_DEVICE0_CONFIGURATION0_INTERFACE0_TABLE
                0x000029a8                USBFS_DEVICE0_CONFIGURATION0_INTERFACE0_ALTERNATE0_HID_TABLE
                0x000029d0                USBFS_DEVICE0_CONFIGURATION0_INTERFACE0_ALTERNATE0_HID_OUT_RPT_TABLE
                0x000029dc                USBFS_DEVICE0_CONFIGURATION0_INTERFACE0_ALTERNATE0_HID_IN_RPT_TABLE
                0x000029e8                USBFS_HIDREPORT_DESCRIPTOR1
                0x00002a10                USBFS_SN_STRING_DESCRIPTOR
                0x00002a1c                USBFS_STRING_DESCRIPTORS
                0x00002a70                USBFS_DEVICE0_CONFIGURATION0_DESCR
                0x00002a9c                USBFS_DEVICE0_DESCR
                0x00002ab0                . = ALIGN (0x4)
 *(.init)
 .init          0x00002ab0        0x4 c:/program files (x86)/cypress/psoc creator/3.3/psoc creator/import/gnu/arm/4.9.3/bin/../lib/gcc/arm-none-eabi/4.9.3/armv7-m/crti.o
                0x00002ab0                _init
 .init          0x00002ab4        0x8 c:/program files (x86)/cypress/psoc creator/3.3/psoc creator/import/gnu/arm/4.9.3/bin/../lib/gcc/arm-none-eabi/4.9.3/armv7-m/crtn.o
                0x00002abc                . = ALIGN (0x4)
                0x00002abc                __preinit_array_start = .
 *(.preinit_array)
                0x00002abc                __preinit_array_end = .
                0x00002abc                . = ALIGN (0x4)
                0x00002abc                __init_array_start = .
 *(SORT(.init_array.*))
 *(.init_array)
 .init_array    0x00002abc        0x4 c:/program files (x86)/cypress/psoc creator/3.3/psoc creator/import/gnu/arm/4.9.3/bin/../lib/gcc/arm-none-eabi/4.9.3/armv7-m/crtbegin.o
 .init_array    0x00002ac0        0x4 .\CortexM3\ARM_GCC_493\Debug\Cm3Start.o
                0x00002ac4                __init_array_end = .
                0x00002ac4                . = ALIGN (0x4)
 *(.fini)
 .fini          0x00002ac4        0x4 c:/program files (x86)/cypress/psoc creator/3.3/psoc creator/import/gnu/arm/4.9.3/bin/../lib/gcc/arm-none-eabi/4.9.3/armv7-m/crti.o
                0x00002ac4                _fini
 .fini          0x00002ac8        0x8 c:/program files (x86)/cypress/psoc creator/3.3/psoc creator/import/gnu/arm/4.9.3/bin/../lib/gcc/arm-none-eabi/4.9.3/armv7-m/crtn.o
                0x00002ad0                . = ALIGN (0x4)
                0x00002ad0                __fini_array_start = .
 *(.fini_array)
 .fini_array    0x00002ad0        0x4 c:/program files (x86)/cypress/psoc creator/3.3/psoc creator/import/gnu/arm/4.9.3/bin/../lib/gcc/arm-none-eabi/4.9.3/armv7-m/crtbegin.o
 *(SORT(.fini_array.*))
                0x00002ad4                __fini_array_end = .
                0x00002ad4                . = ALIGN (0x4)
 *crtbegin.o(.ctors)
 *(EXCLUDE_FILE(*crtend.o) .ctors)
 *(SORT(.ctors.*))
 *crtend.o(.ctors)
                0x00002ad4                . = ALIGN (0x4)
 *crtbegin.o(.dtors)
 *(EXCLUDE_FILE(*crtend.o) .dtors)
 *(SORT(.dtors.*))
 *crtend.o(.dtors)
                0x00002ad4                . = ALIGN (0x4)
                0x00002ad4                __cy_regions = .
                0x00002ad4        0x4 LONG 0x2ae8 __cy_region_init_ram
                0x00002ad8        0x4 LONG 0x1fff8108 __cy_region_start_data
                0x00002adc        0x4 LONG 0x20 __cy_region_init_size_ram
                0x00002ae0        0x4 LONG 0x168 __cy_region_zero_size_ram
                0x00002ae4                __cy_regions_end = .
                0x00002ae8                . = ALIGN (0x8)
 *fill*         0x00002ae4        0x4 
                0x00002ae8                _etext = .

.cy_checksum_exclude
                0x00002ae8        0x0
 *(.cy_checksum_exclude)

.ramvectors     0x1fff8000      0x100
                0x1fff8000                __cy_region_start_ram = .
 *(.ramvectors)
 .ramvectors    0x1fff8000      0x100 .\CortexM3\ARM_GCC_493\Debug\Cm3Start.o
                0x1fff8000                CyRamVectors

.noinit         0x1fff8100        0x5
 *(.noinit)
 .noinit        0x1fff8100        0x4 .\CortexM3\ARM_GCC_493\Debug\Cm3Start.o
 .noinit        0x1fff8104        0x1 .\CortexM3\ARM_GCC_493\Debug\Bootloader.a(CyLib.o)
                0x1fff8104                CyResetStatus

.data           0x1fff8108       0x20 load address 0x00002ae8
                0x1fff8108                __cy_region_start_data = .
 *(.jcr)
 .jcr           0x1fff8108        0x0 c:/program files (x86)/cypress/psoc creator/3.3/psoc creator/import/gnu/arm/4.9.3/bin/../lib/gcc/arm-none-eabi/4.9.3/armv7-m/crtbegin.o
 .jcr           0x1fff8108        0x4 c:/program files (x86)/cypress/psoc creator/3.3/psoc creator/import/gnu/arm/4.9.3/bin/../lib/gcc/arm-none-eabi/4.9.3/armv7-m/crtend.o
 *(.got.plt)
 *(.got)
 *(.shdata)
 *(.data .data.* .gnu.linkonce.d.*)
 .data          0x1fff810c        0x8 .\CortexM3\ARM_GCC_493\Debug\Bootloader.a(Bootloader.o)
                0x1fff810c                Bootloader_SizeBytesAccess
                0x1fff8110                Bootloader_ChecksumAccess
 .data          0x1fff8114       0x10 .\CortexM3\ARM_GCC_493\Debug\Bootloader.a(CyLib.o)
                0x1fff8114                cydelay_32k_ms
                0x1fff8118                cydelay_freq_khz
                0x1fff811c                cydelay_freq_mhz
                0x1fff8120                cydelay_freq_hz
                0x1fff8128                . = ALIGN (0x8)
 *fill*         0x1fff8124        0x4 
 *(.ram)
                0x1fff8128                _edata = .

.igot.plt       0x1fff8128        0x0 load address 0x00002b08
 .igot.plt      0x00000000        0x0 c:/program files (x86)/cypress/psoc creator/3.3/psoc creator/import/gnu/arm/4.9.3/bin/../lib/gcc/arm-none-eabi/4.9.3/armv7-m/crtbegin.o

.bss            0x1fff8128      0x168 load address 0x00002b08
                0x1fff8128                PROVIDE (__bss_start__, .)
 *(.shbss)
 *(.bss .bss.* .gnu.linkonce.b.*)
 .bss           0x1fff8128       0x1c c:/program files (x86)/cypress/psoc creator/3.3/psoc creator/import/gnu/arm/4.9.3/bin/../lib/gcc/arm-none-eabi/4.9.3/armv7-m/crtbegin.o
 .bss           0x1fff8144        0x4 .\CortexM3\ARM_GCC_493\Debug\Bootloader.a(Bootloader.o)
 .bss           0x1fff8148        0x8 .\CortexM3\ARM_GCC_493\Debug\Bootloader.a(CySpc.o)
                0x1fff8148                SpcLockState
 .bss           0x1fff8150        0x1 .\CortexM3\ARM_GCC_493\Debug\Bootloader.a(PWM_1.o)
                0x1fff8150                PWM_1_initVar
 .bss           0x1fff8151        0x1 .\CortexM3\ARM_GCC_493\Debug\Bootloader.a(USBFS_boot.o)
 .bss           0x1fff8152        0x1 .\CortexM3\ARM_GCC_493\Debug\Bootloader.a(USBFS.o)
                0x1fff8152                USBFS_initVar
 *fill*         0x1fff8153        0x1 
 .bss           0x1fff8154        0x4 .\CortexM3\ARM_GCC_493\Debug\Bootloader.a(USBFS_std.o)
 *(COMMON)
 COMMON         0x1fff8158        0x2 .\CortexM3\ARM_GCC_493\Debug\Bootloader.a(CyFlash.o)
                0x1fff8158                dieTemperature
 *fill*         0x1fff815a        0x2 
 COMMON         0x1fff815c       0x98 .\CortexM3\ARM_GCC_493\Debug\Bootloader.a(USBFS_drv.o)
                0x1fff815c                USBFS_deviceAddress
                0x1fff815d                USBFS_ep0Mode
                0x1fff8160                USBFS_interfaceSetting
                0x1fff8164                USBFS_currentTD
                0x1fff8170                USBFS_device
                0x1fff8171                USBFS_interfaceNumber
                0x1fff8172                USBFS_ep0Toggle
                0x1fff8173                USBFS_deviceStatus
                0x1fff8174                USBFS_configurationChanged
                0x1fff8175                USBFS_configuration
                0x1fff8176                USBFS_transferState
                0x1fff8178                USBFS_interfaceStatus
                0x1fff817c                USBFS_interfaceClass
                0x1fff8180                USBFS_EP
                0x1fff81ec                USBFS_lastPacketSize
                0x1fff81ed                USBFS_ep0Count
                0x1fff81f0                USBFS_interfaceSettingLast
                0x1fff81f2                USBFS_transferByteCount
 COMMON         0x1fff81f4        0x9 .\CortexM3\ARM_GCC_493\Debug\Bootloader.a(USBFS_hid.o)
                0x1fff81f4                USBFS_hidIdleRate
                0x1fff81f8                USBFS_hidIdleTimer
                0x1fff81fc                USBFS_hidProtocol
 *fill*         0x1fff81fd        0x3 
 COMMON         0x1fff8200       0x90 .\CortexM3\ARM_GCC_493\Debug\Bootloader.a(USBFS_descr.o)
                0x1fff8200                USBFS_DEVICE0_CONFIGURATION0_INTERFACE0_ALTERNATE0_HID_IN_RPT_SCB
                0x1fff8204                USBFS_DEVICE0_CONFIGURATION0_INTERFACE0_ALTERNATE0_HID_IN_BUF
                0x1fff8248                USBFS_DEVICE0_CONFIGURATION0_INTERFACE0_ALTERNATE0_HID_OUT_BUF
                0x1fff828c                USBFS_DEVICE0_CONFIGURATION0_INTERFACE0_ALTERNATE0_HID_OUT_RPT_SCB
                0x1fff8290                . = ALIGN (0x8)
 *(.ram.b)
                0x1fff8290                _end = .
                0x1fff8290                __end = .
                0x1fff8290                PROVIDE (end, .)
                0x1fff8290                PROVIDE (__bss_end__, .)
                0x00002ae8                __cy_region_init_ram = LOADADDR (.data)
                0x00000020                __cy_region_init_size_ram = (_edata - ADDR (.data))
                0x00000168                __cy_region_zero_size_ram = (_end - _edata)

.heap           0x1fff8290       0x80 load address 0x00002b08
                0x1fff8290                . = _end
                0x1fff8310                . = (. + 0x80)
 *fill*         0x1fff8290       0x80 
                0x1fff8310                __cy_heap_limit = .

.stack          0x20007800      0x800
                0x20007800                __cy_stack_limit = .
                0x20008000                . = (. + 0x800)
 *fill*         0x20007800      0x800 
                0x00000001                ASSERT ((__cy_stack_limit >= __cy_heap_limit), region RAM overflowed with stack)
                0x00000000                cy_checksum_exclude_size = (CY_APPL_LOADABLE == 0x1)?SIZEOF (.cy_checksum_exclude):0x0
                0x00000001                ASSERT ((cy_checksum_exclude_size <= CY_CHECKSUM_EXCLUDE_SIZE), CY_BOOT: Section .cy_checksum_exclude size exceedes specified limit.)

.cyloadermeta   0x0003ffc0       0x40
 *(.cyloadermeta)
 .cyloadermeta  0x0003ffc0       0x40 .\CortexM3\ARM_GCC_493\Debug\cymetadata.o
                0x0003ffc0                cy_meta_loader

.cyloadablemeta
 *(.cyloadablemeta)

.cyconfigecc    0x80000000        0x4
 *(.cyconfigecc)
 .cyconfigecc   0x80000000        0x4 .\CortexM3\ARM_GCC_493\Debug\cymetadata.o
                0x80000000                cy_meta_configecc

.cycustnvl      0x90000000        0x4
 *(.cycustnvl)
 .cycustnvl     0x90000000        0x4 .\CortexM3\ARM_GCC_493\Debug\cymetadata.o
                0x90000000                cy_meta_custnvl

.cywolatch      0x90100000        0x4
 *(.cywolatch)
 .cywolatch     0x90100000        0x4 .\CortexM3\ARM_GCC_493\Debug\cymetadata.o
                0x90100000                cy_meta_wonvl

.cyeeprom       0x90200000        0x0
 *(.cyeeprom)
                0x00000001                ASSERT ((. <= ((0x90200000 + ee_offset) + ee_size)), .cyeeprom data will not fit in EEPROM)

.cyflashprotect
                0x90400000      0x100
 *(.cyflashprotect)
 .cyflashprotect
                0x90400000      0x100 .\CortexM3\ARM_GCC_493\Debug\cymetadata.o
                0x90400000                cy_meta_flashprotect

.cymeta         0x90500000        0xc
 *(.cymeta)
 .cymeta        0x90500000        0xc .\CortexM3\ARM_GCC_493\Debug\cymetadata.o
                0x90500000                cy_metadata

.rel.dyn        0x00002b08        0x0 load address 0x9050000c
 .rel.iplt      0x00000000        0x0 c:/program files (x86)/cypress/psoc creator/3.3/psoc creator/import/gnu/arm/4.9.3/bin/../lib/gcc/arm-none-eabi/4.9.3/armv7-m/crtbegin.o

.stab
 *(.stab)

.stabstr
 *(.stabstr)

.debug
 *(.debug)

.line
 *(.line)

.debug_srcinfo
 *(.debug_srcinfo)

.debug_sfnames
 *(.debug_sfnames)

.debug_aranges  0x00000000      0x998
 *(.debug_aranges)
 .debug_aranges
                0x00000000       0x20 .\CortexM3\ARM_GCC_493\Debug\main.o
 .debug_aranges
                0x00000020       0x18 .\CortexM3\ARM_GCC_493\Debug\cymetadata.o
 .debug_aranges
                0x00000038       0x48 .\CortexM3\ARM_GCC_493\Debug\Cm3Start.o
 .debug_aranges
                0x00000080       0x60 .\CortexM3\ARM_GCC_493\Debug\Bootloader.a(cyfitter_cfg.o)
 .debug_aranges
                0x000000e0       0x88 .\CortexM3\ARM_GCC_493\Debug\Bootloader.a(Bootloader.o)
 .debug_aranges
                0x00000168       0x20 .\CortexM3\ARM_GCC_493\Debug\Bootloader.a(CyBootAsmGnu.o)
 .debug_aranges
                0x00000188       0x80 .\CortexM3\ARM_GCC_493\Debug\Bootloader.a(CyFlash.o)
 .debug_aranges
                0x00000208      0x298 .\CortexM3\ARM_GCC_493\Debug\Bootloader.a(CyLib.o)
 .debug_aranges
                0x000004a0       0x98 .\CortexM3\ARM_GCC_493\Debug\Bootloader.a(cyPm.o)
 .debug_aranges
                0x00000538       0x78 .\CortexM3\ARM_GCC_493\Debug\Bootloader.a(CySpc.o)
 .debug_aranges
                0x000005b0       0x78 .\CortexM3\ARM_GCC_493\Debug\Bootloader.a(PWM_1.o)
 .debug_aranges
                0x00000628       0x40 .\CortexM3\ARM_GCC_493\Debug\Bootloader.a(USBFS_boot.o)
 .debug_aranges
                0x00000668       0xc8 .\CortexM3\ARM_GCC_493\Debug\Bootloader.a(USBFS.o)
 .debug_aranges
                0x00000730       0x98 .\CortexM3\ARM_GCC_493\Debug\Bootloader.a(USBFS_drv.o)
 .debug_aranges
                0x000007c8       0x30 .\CortexM3\ARM_GCC_493\Debug\Bootloader.a(USBFS_episr.o)
 .debug_aranges
                0x000007f8       0x48 .\CortexM3\ARM_GCC_493\Debug\Bootloader.a(USBFS_hid.o)
 .debug_aranges
                0x00000840       0x40 .\CortexM3\ARM_GCC_493\Debug\Bootloader.a(USBFS_pm.o)
 .debug_aranges
                0x00000880       0x78 .\CortexM3\ARM_GCC_493\Debug\Bootloader.a(USBFS_std.o)
 .debug_aranges
                0x000008f8       0x20 .\CortexM3\ARM_GCC_493\Debug\Bootloader.a(USBFS_vnd.o)
 .debug_aranges
                0x00000918       0x48 .\CortexM3\ARM_GCC_493\Debug\Bootloader.a(USBFS_Dp.o)
 .debug_aranges
                0x00000960       0x20 .\CortexM3\ARM_GCC_493\Debug\Bootloader.a(USBFS_cls.o)
 .debug_aranges
                0x00000980       0x18 .\CortexM3\ARM_GCC_493\Debug\Bootloader.a(USBFS_descr.o)

.debug_pubnames
 *(.debug_pubnames)

.debug_info     0x00000000     0x7472
 *(.debug_info .gnu.linkonce.wi.*)
 .debug_info    0x00000000       0xe9 .\CortexM3\ARM_GCC_493\Debug\main.o
 .debug_info    0x000000e9      0x160 .\CortexM3\ARM_GCC_493\Debug\cymetadata.o
 .debug_info    0x00000249      0x3af .\CortexM3\ARM_GCC_493\Debug\Cm3Start.o
 .debug_info    0x000005f8      0x5a1 .\CortexM3\ARM_GCC_493\Debug\Bootloader.a(cyfitter_cfg.o)
 .debug_info    0x00000b99      0xde0 .\CortexM3\ARM_GCC_493\Debug\Bootloader.a(Bootloader.o)
 .debug_info    0x00001979       0xa4 .\CortexM3\ARM_GCC_493\Debug\Bootloader.a(CyBootAsmGnu.o)
 .debug_info    0x00001a1d      0x608 .\CortexM3\ARM_GCC_493\Debug\Bootloader.a(CyFlash.o)
 .debug_info    0x00002025     0x136f .\CortexM3\ARM_GCC_493\Debug\Bootloader.a(CyLib.o)
 .debug_info    0x00003394      0xa57 .\CortexM3\ARM_GCC_493\Debug\Bootloader.a(cyPm.o)
 .debug_info    0x00003deb      0x4ea .\CortexM3\ARM_GCC_493\Debug\Bootloader.a(CySpc.o)
 .debug_info    0x000042d5      0x278 .\CortexM3\ARM_GCC_493\Debug\Bootloader.a(PWM_1.o)
 .debug_info    0x0000454d      0x3d3 .\CortexM3\ARM_GCC_493\Debug\Bootloader.a(USBFS_boot.o)
 .debug_info    0x00004920      0x98a .\CortexM3\ARM_GCC_493\Debug\Bootloader.a(USBFS.o)
 .debug_info    0x000052aa      0x649 .\CortexM3\ARM_GCC_493\Debug\Bootloader.a(USBFS_drv.o)
 .debug_info    0x000058f3      0x221 .\CortexM3\ARM_GCC_493\Debug\Bootloader.a(USBFS_episr.o)
 .debug_info    0x00005b14      0x43e .\CortexM3\ARM_GCC_493\Debug\Bootloader.a(USBFS_hid.o)
 .debug_info    0x00005f52      0x2ef .\CortexM3\ARM_GCC_493\Debug\Bootloader.a(USBFS_pm.o)
 .debug_info    0x00006241      0xa21 .\CortexM3\ARM_GCC_493\Debug\Bootloader.a(USBFS_std.o)
 .debug_info    0x00006c62       0xe6 .\CortexM3\ARM_GCC_493\Debug\Bootloader.a(USBFS_vnd.o)
 .debug_info    0x00006d48      0x174 .\CortexM3\ARM_GCC_493\Debug\Bootloader.a(USBFS_Dp.o)
 .debug_info    0x00006ebc      0x1d2 .\CortexM3\ARM_GCC_493\Debug\Bootloader.a(USBFS_cls.o)
 .debug_info    0x0000708e      0x3e4 .\CortexM3\ARM_GCC_493\Debug\Bootloader.a(USBFS_descr.o)

.debug_abbrev   0x00000000     0x1e63
 *(.debug_abbrev)
 .debug_abbrev  0x00000000       0x85 .\CortexM3\ARM_GCC_493\Debug\main.o
 .debug_abbrev  0x00000085       0x5d .\CortexM3\ARM_GCC_493\Debug\cymetadata.o
 .debug_abbrev  0x000000e2      0x200 .\CortexM3\ARM_GCC_493\Debug\Cm3Start.o
 .debug_abbrev  0x000002e2      0x1dc .\CortexM3\ARM_GCC_493\Debug\Bootloader.a(cyfitter_cfg.o)
 .debug_abbrev  0x000004be      0x27f .\CortexM3\ARM_GCC_493\Debug\Bootloader.a(Bootloader.o)
 .debug_abbrev  0x0000073d       0x14 .\CortexM3\ARM_GCC_493\Debug\Bootloader.a(CyBootAsmGnu.o)
 .debug_abbrev  0x00000751      0x1ed .\CortexM3\ARM_GCC_493\Debug\Bootloader.a(CyFlash.o)
 .debug_abbrev  0x0000093e      0x296 .\CortexM3\ARM_GCC_493\Debug\Bootloader.a(CyLib.o)
 .debug_abbrev  0x00000bd4      0x1ed .\CortexM3\ARM_GCC_493\Debug\Bootloader.a(cyPm.o)
 .debug_abbrev  0x00000dc1      0x1c1 .\CortexM3\ARM_GCC_493\Debug\Bootloader.a(CySpc.o)
 .debug_abbrev  0x00000f82      0x12d .\CortexM3\ARM_GCC_493\Debug\Bootloader.a(PWM_1.o)
 .debug_abbrev  0x000010af      0x152 .\CortexM3\ARM_GCC_493\Debug\Bootloader.a(USBFS_boot.o)
 .debug_abbrev  0x00001201      0x25e .\CortexM3\ARM_GCC_493\Debug\Bootloader.a(USBFS.o)
 .debug_abbrev  0x0000145f      0x18b .\CortexM3\ARM_GCC_493\Debug\Bootloader.a(USBFS_drv.o)
 .debug_abbrev  0x000015ea      0x103 .\CortexM3\ARM_GCC_493\Debug\Bootloader.a(USBFS_episr.o)
 .debug_abbrev  0x000016ed      0x18b .\CortexM3\ARM_GCC_493\Debug\Bootloader.a(USBFS_hid.o)
 .debug_abbrev  0x00001878      0x146 .\CortexM3\ARM_GCC_493\Debug\Bootloader.a(USBFS_pm.o)
 .debug_abbrev  0x000019be      0x1dc .\CortexM3\ARM_GCC_493\Debug\Bootloader.a(USBFS_std.o)
 .debug_abbrev  0x00001b9a       0x9b .\CortexM3\ARM_GCC_493\Debug\Bootloader.a(USBFS_vnd.o)
 .debug_abbrev  0x00001c35       0x90 .\CortexM3\ARM_GCC_493\Debug\Bootloader.a(USBFS_Dp.o)
 .debug_abbrev  0x00001cc5       0xe3 .\CortexM3\ARM_GCC_493\Debug\Bootloader.a(USBFS_cls.o)
 .debug_abbrev  0x00001da8       0xbb .\CortexM3\ARM_GCC_493\Debug\Bootloader.a(USBFS_descr.o)

.debug_line     0x00000000     0x2bd2
 *(.debug_line)
 .debug_line    0x00000000      0x178 .\CortexM3\ARM_GCC_493\Debug\main.o
 .debug_line    0x00000178       0x53 .\CortexM3\ARM_GCC_493\Debug\cymetadata.o
 .debug_line    0x000001cb      0x24a .\CortexM3\ARM_GCC_493\Debug\Cm3Start.o
 .debug_line    0x00000415      0x1ef .\CortexM3\ARM_GCC_493\Debug\Bootloader.a(cyfitter_cfg.o)
 .debug_line    0x00000604      0x614 .\CortexM3\ARM_GCC_493\Debug\Bootloader.a(Bootloader.o)
 .debug_line    0x00000c18       0x68 .\CortexM3\ARM_GCC_493\Debug\Bootloader.a(CyBootAsmGnu.o)
 .debug_line    0x00000c80      0x1ec .\CortexM3\ARM_GCC_493\Debug\Bootloader.a(CyFlash.o)
 .debug_line    0x00000e6c      0x806 .\CortexM3\ARM_GCC_493\Debug\Bootloader.a(CyLib.o)
 .debug_line    0x00001672      0x366 .\CortexM3\ARM_GCC_493\Debug\Bootloader.a(cyPm.o)
 .debug_line    0x000019d8      0x23e .\CortexM3\ARM_GCC_493\Debug\Bootloader.a(CySpc.o)
 .debug_line    0x00001c16      0x135 .\CortexM3\ARM_GCC_493\Debug\Bootloader.a(PWM_1.o)
 .debug_line    0x00001d4b       0xf7 .\CortexM3\ARM_GCC_493\Debug\Bootloader.a(USBFS_boot.o)
 .debug_line    0x00001e42      0x2dc .\CortexM3\ARM_GCC_493\Debug\Bootloader.a(USBFS.o)
 .debug_line    0x0000211e      0x21d .\CortexM3\ARM_GCC_493\Debug\Bootloader.a(USBFS_drv.o)
 .debug_line    0x0000233b       0xb6 .\CortexM3\ARM_GCC_493\Debug\Bootloader.a(USBFS_episr.o)
 .debug_line    0x000023f1      0x14b .\CortexM3\ARM_GCC_493\Debug\Bootloader.a(USBFS_hid.o)
 .debug_line    0x0000253c      0x108 .\CortexM3\ARM_GCC_493\Debug\Bootloader.a(USBFS_pm.o)
 .debug_line    0x00002644      0x377 .\CortexM3\ARM_GCC_493\Debug\Bootloader.a(USBFS_std.o)
 .debug_line    0x000029bb       0x71 .\CortexM3\ARM_GCC_493\Debug\Bootloader.a(USBFS_vnd.o)
 .debug_line    0x00002a2c       0xbb .\CortexM3\ARM_GCC_493\Debug\Bootloader.a(USBFS_Dp.o)
 .debug_line    0x00002ae7       0x8c .\CortexM3\ARM_GCC_493\Debug\Bootloader.a(USBFS_cls.o)
 .debug_line    0x00002b73       0x5f .\CortexM3\ARM_GCC_493\Debug\Bootloader.a(USBFS_descr.o)

.debug_frame    0x00000000     0x18f4
 *(.debug_frame)
 .debug_frame   0x00000000       0x2c .\CortexM3\ARM_GCC_493\Debug\main.o
 .debug_frame   0x0000002c       0xac .\CortexM3\ARM_GCC_493\Debug\Cm3Start.o
 .debug_frame   0x000000d8      0x100 .\CortexM3\ARM_GCC_493\Debug\Bootloader.a(cyfitter_cfg.o)
 .debug_frame   0x000001d8      0x1c8 .\CortexM3\ARM_GCC_493\Debug\Bootloader.a(Bootloader.o)
 .debug_frame   0x000003a0      0x174 .\CortexM3\ARM_GCC_493\Debug\Bootloader.a(CyFlash.o)
 .debug_frame   0x00000514      0x728 .\CortexM3\ARM_GCC_493\Debug\Bootloader.a(CyLib.o)
 .debug_frame   0x00000c3c      0x1f8 .\CortexM3\ARM_GCC_493\Debug\Bootloader.a(cyPm.o)
 .debug_frame   0x00000e34      0x160 .\CortexM3\ARM_GCC_493\Debug\Bootloader.a(CySpc.o)
 .debug_frame   0x00000f94       0xe8 .\CortexM3\ARM_GCC_493\Debug\Bootloader.a(PWM_1.o)
 .debug_frame   0x0000107c       0xb4 .\CortexM3\ARM_GCC_493\Debug\Bootloader.a(USBFS_boot.o)
 .debug_frame   0x00001130      0x1dc .\CortexM3\ARM_GCC_493\Debug\Bootloader.a(USBFS.o)
 .debug_frame   0x0000130c      0x194 .\CortexM3\ARM_GCC_493\Debug\Bootloader.a(USBFS_drv.o)
 .debug_frame   0x000014a0       0x4c .\CortexM3\ARM_GCC_493\Debug\Bootloader.a(USBFS_episr.o)
 .debug_frame   0x000014ec       0xa0 .\CortexM3\ARM_GCC_493\Debug\Bootloader.a(USBFS_hid.o)
 .debug_frame   0x0000158c       0xa0 .\CortexM3\ARM_GCC_493\Debug\Bootloader.a(USBFS_pm.o)
 .debug_frame   0x0000162c      0x150 .\CortexM3\ARM_GCC_493\Debug\Bootloader.a(USBFS_std.o)
 .debug_frame   0x0000177c       0x20 .\CortexM3\ARM_GCC_493\Debug\Bootloader.a(USBFS_vnd.o)
 .debug_frame   0x0000179c       0x70 .\CortexM3\ARM_GCC_493\Debug\Bootloader.a(USBFS_Dp.o)
 .debug_frame   0x0000180c       0x2c .\CortexM3\ARM_GCC_493\Debug\Bootloader.a(USBFS_cls.o)
 .debug_frame   0x00001838       0x20 c:/program files (x86)/cypress/psoc creator/3.3/psoc creator/import/gnu/arm/4.9.3/bin/../lib/gcc/arm-none-eabi/4.9.3/../../../../arm-none-eabi/lib/armv7-m\libg_nano.a(lib_a-errno.o)
 .debug_frame   0x00001858       0x28 c:/program files (x86)/cypress/psoc creator/3.3/psoc creator/import/gnu/arm/4.9.3/bin/../lib/gcc/arm-none-eabi/4.9.3/../../../../arm-none-eabi/lib/armv7-m\libg_nano.a(lib_a-exit.o)
 .debug_frame   0x00001880       0x2c c:/program files (x86)/cypress/psoc creator/3.3/psoc creator/import/gnu/arm/4.9.3/bin/../lib/gcc/arm-none-eabi/4.9.3/../../../../arm-none-eabi/lib/armv7-m\libg_nano.a(lib_a-init.o)
 .debug_frame   0x000018ac       0x28 c:/program files (x86)/cypress/psoc creator/3.3/psoc creator/import/gnu/arm/4.9.3/bin/../lib/gcc/arm-none-eabi/4.9.3/../../../../arm-none-eabi/lib/armv7-m\libg_nano.a(lib_a-memcpy.o)
 .debug_frame   0x000018d4       0x20 c:/program files (x86)/cypress/psoc creator/3.3/psoc creator/import/gnu/arm/4.9.3/bin/../lib/gcc/arm-none-eabi/4.9.3/../../../../arm-none-eabi/lib/armv7-m\libg_nano.a(lib_a-memset.o)

.debug_str      0x00000000     0x287a
 *(.debug_str)
 .debug_str     0x00000000      0x18a .\CortexM3\ARM_GCC_493\Debug\main.o
                                0x1cb (size before relaxing)
 .debug_str     0x0000018a       0x8c .\CortexM3\ARM_GCC_493\Debug\cymetadata.o
                                0x20d (size before relaxing)
 .debug_str     0x00000216      0x180 .\CortexM3\ARM_GCC_493\Debug\Cm3Start.o
                                0x326 (size before relaxing)
 .debug_str     0x00000396      0x19d .\CortexM3\ARM_GCC_493\Debug\Bootloader.a(cyfitter_cfg.o)
                                0x36d (size before relaxing)
 .debug_str     0x00000533      0x503 .\CortexM3\ARM_GCC_493\Debug\Bootloader.a(Bootloader.o)
                                0x713 (size before relaxing)
 .debug_str     0x00000a36      0x1a9 .\CortexM3\ARM_GCC_493\Debug\Bootloader.a(CyFlash.o)
                                0x3a9 (size before relaxing)
 .debug_str     0x00000bdf      0x7cd .\CortexM3\ARM_GCC_493\Debug\Bootloader.a(CyLib.o)
                                0xa37 (size before relaxing)
 .debug_str     0x000013ac      0x345 .\CortexM3\ARM_GCC_493\Debug\Bootloader.a(cyPm.o)
                                0x72f (size before relaxing)
 .debug_str     0x000016f1       0xae .\CortexM3\ARM_GCC_493\Debug\Bootloader.a(CySpc.o)
                                0x332 (size before relaxing)
 .debug_str     0x0000179f      0x129 .\CortexM3\ARM_GCC_493\Debug\Bootloader.a(PWM_1.o)
                                0x2d5 (size before relaxing)
 .debug_str     0x000018c8       0xea .\CortexM3\ARM_GCC_493\Debug\Bootloader.a(USBFS_boot.o)
                                0x303 (size before relaxing)
 .debug_str     0x000019b2      0x361 .\CortexM3\ARM_GCC_493\Debug\Bootloader.a(USBFS.o)
                                0x629 (size before relaxing)
 .debug_str     0x00001d13      0x31e .\CortexM3\ARM_GCC_493\Debug\Bootloader.a(USBFS_drv.o)
                                0x5fc (size before relaxing)
 .debug_str     0x00002031       0x59 .\CortexM3\ARM_GCC_493\Debug\Bootloader.a(USBFS_episr.o)
                                0x2b4 (size before relaxing)
 .debug_str     0x0000208a      0x126 .\CortexM3\ARM_GCC_493\Debug\Bootloader.a(USBFS_hid.o)
                                0x3e0 (size before relaxing)
 .debug_str     0x000021b0       0xd8 .\CortexM3\ARM_GCC_493\Debug\Bootloader.a(USBFS_pm.o)
                                0x2e7 (size before relaxing)
 .debug_str     0x00002288      0x21f .\CortexM3\ARM_GCC_493\Debug\Bootloader.a(USBFS_std.o)
                                0x705 (size before relaxing)
 .debug_str     0x000024a7       0x25 .\CortexM3\ARM_GCC_493\Debug\Bootloader.a(USBFS_vnd.o)
                                0x1ef (size before relaxing)
 .debug_str     0x000024cc       0x9a .\CortexM3\ARM_GCC_493\Debug\Bootloader.a(USBFS_Dp.o)
                                0x247 (size before relaxing)
 .debug_str     0x00002566       0x25 .\CortexM3\ARM_GCC_493\Debug\Bootloader.a(USBFS_cls.o)
                                0x2a6 (size before relaxing)
 .debug_str     0x0000258b      0x2ef .\CortexM3\ARM_GCC_493\Debug\Bootloader.a(USBFS_descr.o)
                                0x580 (size before relaxing)

.debug_loc      0x00000000     0x3c9f
 *(.debug_loc)
 .debug_loc     0x00000000      0x144 .\CortexM3\ARM_GCC_493\Debug\Cm3Start.o
 .debug_loc     0x00000144      0x23a .\CortexM3\ARM_GCC_493\Debug\Bootloader.a(cyfitter_cfg.o)
 .debug_loc     0x0000037e      0xee6 .\CortexM3\ARM_GCC_493\Debug\Bootloader.a(Bootloader.o)
 .debug_loc     0x00001264      0x300 .\CortexM3\ARM_GCC_493\Debug\Bootloader.a(CyFlash.o)
 .debug_loc     0x00001564      0xa11 .\CortexM3\ARM_GCC_493\Debug\Bootloader.a(CyLib.o)
 .debug_loc     0x00001f75      0x1e4 .\CortexM3\ARM_GCC_493\Debug\Bootloader.a(cyPm.o)
 .debug_loc     0x00002159      0x64d .\CortexM3\ARM_GCC_493\Debug\Bootloader.a(CySpc.o)
 .debug_loc     0x000027a6       0x13 .\CortexM3\ARM_GCC_493\Debug\Bootloader.a(PWM_1.o)
 .debug_loc     0x000027b9      0x22a .\CortexM3\ARM_GCC_493\Debug\Bootloader.a(USBFS_boot.o)
 .debug_loc     0x000029e3      0x435 .\CortexM3\ARM_GCC_493\Debug\Bootloader.a(USBFS.o)
 .debug_loc     0x00002e18      0x171 .\CortexM3\ARM_GCC_493\Debug\Bootloader.a(USBFS_drv.o)
 .debug_loc     0x00002f89      0x3a8 .\CortexM3\ARM_GCC_493\Debug\Bootloader.a(USBFS_hid.o)
 .debug_loc     0x00003331       0x26 .\CortexM3\ARM_GCC_493\Debug\Bootloader.a(USBFS_pm.o)
 .debug_loc     0x00003357      0x87d .\CortexM3\ARM_GCC_493\Debug\Bootloader.a(USBFS_std.o)
 .debug_loc     0x00003bd4       0x84 .\CortexM3\ARM_GCC_493\Debug\Bootloader.a(USBFS_Dp.o)
 .debug_loc     0x00003c58       0x47 .\CortexM3\ARM_GCC_493\Debug\Bootloader.a(USBFS_cls.o)

.debug_macinfo
 *(.debug_macinfo)

.debug_ranges   0x00000000      0x9a8
 *(.debug_ranges)
 .debug_ranges  0x00000000       0x10 .\CortexM3\ARM_GCC_493\Debug\main.o
 .debug_ranges  0x00000010       0x38 .\CortexM3\ARM_GCC_493\Debug\Cm3Start.o
 .debug_ranges  0x00000048       0x50 .\CortexM3\ARM_GCC_493\Debug\Bootloader.a(cyfitter_cfg.o)
 .debug_ranges  0x00000098      0x1f0 .\CortexM3\ARM_GCC_493\Debug\Bootloader.a(Bootloader.o)
 .debug_ranges  0x00000288       0x70 .\CortexM3\ARM_GCC_493\Debug\Bootloader.a(CyFlash.o)
 .debug_ranges  0x000002f8      0x288 .\CortexM3\ARM_GCC_493\Debug\Bootloader.a(CyLib.o)
 .debug_ranges  0x00000580       0x88 .\CortexM3\ARM_GCC_493\Debug\Bootloader.a(cyPm.o)
 .debug_ranges  0x00000608       0x68 .\CortexM3\ARM_GCC_493\Debug\Bootloader.a(CySpc.o)
 .debug_ranges  0x00000670       0x68 .\CortexM3\ARM_GCC_493\Debug\Bootloader.a(PWM_1.o)
 .debug_ranges  0x000006d8       0x30 .\CortexM3\ARM_GCC_493\Debug\Bootloader.a(USBFS_boot.o)
 .debug_ranges  0x00000708       0xd0 .\CortexM3\ARM_GCC_493\Debug\Bootloader.a(USBFS.o)
 .debug_ranges  0x000007d8       0x88 .\CortexM3\ARM_GCC_493\Debug\Bootloader.a(USBFS_drv.o)
 .debug_ranges  0x00000860       0x20 .\CortexM3\ARM_GCC_493\Debug\Bootloader.a(USBFS_episr.o)
 .debug_ranges  0x00000880       0x38 .\CortexM3\ARM_GCC_493\Debug\Bootloader.a(USBFS_hid.o)
 .debug_ranges  0x000008b8       0x30 .\CortexM3\ARM_GCC_493\Debug\Bootloader.a(USBFS_pm.o)
 .debug_ranges  0x000008e8       0x68 .\CortexM3\ARM_GCC_493\Debug\Bootloader.a(USBFS_std.o)
 .debug_ranges  0x00000950       0x10 .\CortexM3\ARM_GCC_493\Debug\Bootloader.a(USBFS_vnd.o)
 .debug_ranges  0x00000960       0x38 .\CortexM3\ARM_GCC_493\Debug\Bootloader.a(USBFS_Dp.o)
 .debug_ranges  0x00000998       0x10 .\CortexM3\ARM_GCC_493\Debug\Bootloader.a(USBFS_cls.o)

.comment        0x00000000       0x70
 .comment       0x00000000       0x70 .\CortexM3\ARM_GCC_493\Debug\main.o
                                 0x71 (size before relaxing)
 .comment       0x00000000       0x71 .\CortexM3\ARM_GCC_493\Debug\cymetadata.o
 .comment       0x00000000       0x71 .\CortexM3\ARM_GCC_493\Debug\Cm3Start.o
 .comment       0x00000000       0x71 .\CortexM3\ARM_GCC_493\Debug\Bootloader.a(cyfitter_cfg.o)
 .comment       0x00000000       0x71 .\CortexM3\ARM_GCC_493\Debug\Bootloader.a(Bootloader.o)
 .comment       0x00000000       0x71 .\CortexM3\ARM_GCC_493\Debug\Bootloader.a(CyFlash.o)
 .comment       0x00000000       0x71 .\CortexM3\ARM_GCC_493\Debug\Bootloader.a(CyLib.o)
 .comment       0x00000000       0x71 .\CortexM3\ARM_GCC_493\Debug\Bootloader.a(cyPm.o)
 .comment       0x00000000       0x71 .\CortexM3\ARM_GCC_493\Debug\Bootloader.a(CySpc.o)
 .comment       0x00000000       0x71 .\CortexM3\ARM_GCC_493\Debug\Bootloader.a(PWM_1.o)
 .comment       0x00000000       0x71 .\CortexM3\ARM_GCC_493\Debug\Bootloader.a(USBFS_boot.o)
 .comment       0x00000000       0x71 .\CortexM3\ARM_GCC_493\Debug\Bootloader.a(USBFS.o)
 .comment       0x00000000       0x71 .\CortexM3\ARM_GCC_493\Debug\Bootloader.a(USBFS_drv.o)
 .comment       0x00000000       0x71 .\CortexM3\ARM_GCC_493\Debug\Bootloader.a(USBFS_episr.o)
 .comment       0x00000000       0x71 .\CortexM3\ARM_GCC_493\Debug\Bootloader.a(USBFS_hid.o)
 .comment       0x00000000       0x71 .\CortexM3\ARM_GCC_493\Debug\Bootloader.a(USBFS_pm.o)
 .comment       0x00000000       0x71 .\CortexM3\ARM_GCC_493\Debug\Bootloader.a(USBFS_std.o)
 .comment       0x00000000       0x71 .\CortexM3\ARM_GCC_493\Debug\Bootloader.a(USBFS_vnd.o)
 .comment       0x00000000       0x71 .\CortexM3\ARM_GCC_493\Debug\Bootloader.a(USBFS_Dp.o)
 .comment       0x00000000       0x71 .\CortexM3\ARM_GCC_493\Debug\Bootloader.a(USBFS_cls.o)
 .comment       0x00000000       0x71 .\CortexM3\ARM_GCC_493\Debug\Bootloader.a(USBFS_descr.o)

.debug_weaknames
 *(.debug_weaknames)

.debug_funcnames
 *(.debug_funcnames)

.debug_typenames
 *(.debug_typenames)

.debug_varnames
 *(.debug_varnames)

.note.gnu.arm.ident
 *(.note.gnu.arm.ident)

.ARM.attributes
                0x00000000       0x29
 *(.ARM.attributes)
 .ARM.attributes
                0x00000000       0x1d c:/program files (x86)/cypress/psoc creator/3.3/psoc creator/import/gnu/arm/4.9.3/bin/../lib/gcc/arm-none-eabi/4.9.3/armv7-m/crti.o
 .ARM.attributes
                0x0000001d       0x2d c:/program files (x86)/cypress/psoc creator/3.3/psoc creator/import/gnu/arm/4.9.3/bin/../lib/gcc/arm-none-eabi/4.9.3/armv7-m/crtbegin.o
 .ARM.attributes
                0x0000004a       0x1b c:/program files (x86)/cypress/psoc creator/3.3/psoc creator/import/gnu/arm/4.9.3/bin/../lib/gcc/arm-none-eabi/4.9.3/../../../../arm-none-eabi/lib/armv7-m/crt0.o
 .ARM.attributes
                0x00000065       0x33 .\CortexM3\ARM_GCC_493\Debug\main.o
 .ARM.attributes
                0x00000098       0x33 .\CortexM3\ARM_GCC_493\Debug\cymetadata.o
 .ARM.attributes
                0x000000cb       0x33 .\CortexM3\ARM_GCC_493\Debug\Cm3Start.o
 .ARM.attributes
                0x000000fe       0x33 .\CortexM3\ARM_GCC_493\Debug\Bootloader.a(cyfitter_cfg.o)
 .ARM.attributes
                0x00000131       0x33 .\CortexM3\ARM_GCC_493\Debug\Bootloader.a(Bootloader.o)
 .ARM.attributes
                0x00000164       0x21 .\CortexM3\ARM_GCC_493\Debug\Bootloader.a(CyBootAsmGnu.o)
 .ARM.attributes
                0x00000185       0x33 .\CortexM3\ARM_GCC_493\Debug\Bootloader.a(CyFlash.o)
 .ARM.attributes
                0x000001b8       0x33 .\CortexM3\ARM_GCC_493\Debug\Bootloader.a(CyLib.o)
 .ARM.attributes
                0x000001eb       0x33 .\CortexM3\ARM_GCC_493\Debug\Bootloader.a(cyPm.o)
 .ARM.attributes
                0x0000021e       0x33 .\CortexM3\ARM_GCC_493\Debug\Bootloader.a(CySpc.o)
 .ARM.attributes
                0x00000251       0x33 .\CortexM3\ARM_GCC_493\Debug\Bootloader.a(PWM_1.o)
 .ARM.attributes
                0x00000284       0x33 .\CortexM3\ARM_GCC_493\Debug\Bootloader.a(USBFS_boot.o)
 .ARM.attributes
                0x000002b7       0x33 .\CortexM3\ARM_GCC_493\Debug\Bootloader.a(USBFS.o)
 .ARM.attributes
                0x000002ea       0x33 .\CortexM3\ARM_GCC_493\Debug\Bootloader.a(USBFS_drv.o)
 .ARM.attributes
                0x0000031d       0x33 .\CortexM3\ARM_GCC_493\Debug\Bootloader.a(USBFS_episr.o)
 .ARM.attributes
                0x00000350       0x33 .\CortexM3\ARM_GCC_493\Debug\Bootloader.a(USBFS_hid.o)
 .ARM.attributes
                0x00000383       0x33 .\CortexM3\ARM_GCC_493\Debug\Bootloader.a(USBFS_pm.o)
 .ARM.attributes
                0x000003b6       0x33 .\CortexM3\ARM_GCC_493\Debug\Bootloader.a(USBFS_std.o)
 .ARM.attributes
                0x000003e9       0x33 .\CortexM3\ARM_GCC_493\Debug\Bootloader.a(USBFS_vnd.o)
 .ARM.attributes
                0x0000041c       0x33 .\CortexM3\ARM_GCC_493\Debug\Bootloader.a(USBFS_Dp.o)
 .ARM.attributes
                0x0000044f       0x33 .\CortexM3\ARM_GCC_493\Debug\Bootloader.a(USBFS_cls.o)
 .ARM.attributes
                0x00000482       0x33 .\CortexM3\ARM_GCC_493\Debug\Bootloader.a(USBFS_descr.o)
 .ARM.attributes
                0x000004b5       0x2d c:/program files (x86)/cypress/psoc creator/3.3/psoc creator/import/gnu/arm/4.9.3/bin/../lib/gcc/arm-none-eabi/4.9.3/../../../../arm-none-eabi/lib/armv7-m\libg_nano.a(lib_a-errno.o)
 .ARM.attributes
                0x000004e2       0x2d c:/program files (x86)/cypress/psoc creator/3.3/psoc creator/import/gnu/arm/4.9.3/bin/../lib/gcc/arm-none-eabi/4.9.3/../../../../arm-none-eabi/lib/armv7-m\libg_nano.a(lib_a-exit.o)
 .ARM.attributes
                0x0000050f       0x2d c:/program files (x86)/cypress/psoc creator/3.3/psoc creator/import/gnu/arm/4.9.3/bin/../lib/gcc/arm-none-eabi/4.9.3/../../../../arm-none-eabi/lib/armv7-m\libg_nano.a(lib_a-impure.o)
 .ARM.attributes
                0x0000053c       0x2d c:/program files (x86)/cypress/psoc creator/3.3/psoc creator/import/gnu/arm/4.9.3/bin/../lib/gcc/arm-none-eabi/4.9.3/../../../../arm-none-eabi/lib/armv7-m\libg_nano.a(lib_a-init.o)
 .ARM.attributes
                0x00000569       0x2d c:/program files (x86)/cypress/psoc creator/3.3/psoc creator/import/gnu/arm/4.9.3/bin/../lib/gcc/arm-none-eabi/4.9.3/../../../../arm-none-eabi/lib/armv7-m\libg_nano.a(lib_a-memcpy.o)
 .ARM.attributes
                0x00000596       0x2d c:/program files (x86)/cypress/psoc creator/3.3/psoc creator/import/gnu/arm/4.9.3/bin/../lib/gcc/arm-none-eabi/4.9.3/../../../../arm-none-eabi/lib/armv7-m\libg_nano.a(lib_a-memset.o)
 .ARM.attributes
                0x000005c3       0x2d c:/program files (x86)/cypress/psoc creator/3.3/psoc creator/import/gnu/arm/4.9.3/bin/../lib/gcc/arm-none-eabi/4.9.3/armv7-m/crtend.o
 .ARM.attributes
                0x000005f0       0x1d c:/program files (x86)/cypress/psoc creator/3.3/psoc creator/import/gnu/arm/4.9.3/bin/../lib/gcc/arm-none-eabi/4.9.3/armv7-m/crtn.o

/DISCARD/
 *(.note.GNU-stack)
OUTPUT(.\CortexM3\ARM_GCC_493\Debug\Bootloader.elf elf32-littlearm)
