Archive member included because of file (symbol)

.\CortexM3\ARM_GCC_493\Debug\UART_Bootloader.a(cyfitter_cfg.o)
                              .\CortexM3\ARM_GCC_493\Debug\Cm3Start.o (cyfitter_cfg)
.\CortexM3\ARM_GCC_493\Debug\UART_Bootloader.a(Bootloader.o)
                              .\CortexM3\ARM_GCC_493\Debug\Cm3Start.o (CyBtldr_CheckLaunch)
.\CortexM3\ARM_GCC_493\Debug\UART_Bootloader.a(PWM.o)
                              .\CortexM3\ARM_GCC_493\Debug\main.o (PWM_Start)
.\CortexM3\ARM_GCC_493\Debug\UART_Bootloader.a(CyBootAsmGnu.o)
                              .\CortexM3\ARM_GCC_493\Debug\UART_Bootloader.a(cyfitter_cfg.o) (CyDelayCycles)
.\CortexM3\ARM_GCC_493\Debug\UART_Bootloader.a(CyFlash.o)
                              .\CortexM3\ARM_GCC_493\Debug\UART_Bootloader.a(Bootloader.o) (CySetTemp)
.\CortexM3\ARM_GCC_493\Debug\UART_Bootloader.a(CyLib.o)
                              .\CortexM3\ARM_GCC_493\Debug\Cm3Start.o (CyHalt)
.\CortexM3\ARM_GCC_493\Debug\UART_Bootloader.a(cyPm.o)
                              .\CortexM3\ARM_GCC_493\Debug\UART_Bootloader.a(CyLib.o) (CyPmReadStatus)
.\CortexM3\ARM_GCC_493\Debug\UART_Bootloader.a(CySpc.o)
                              .\CortexM3\ARM_GCC_493\Debug\UART_Bootloader.a(CyFlash.o) (CySpcStart)
.\CortexM3\ARM_GCC_493\Debug\UART_Bootloader.a(UART_BOOT.o)
                              .\CortexM3\ARM_GCC_493\Debug\UART_Bootloader.a(Bootloader.o) (UART_CyBtldrCommStart)
.\CortexM3\ARM_GCC_493\Debug\UART_Bootloader.a(UART.o)
                              .\CortexM3\ARM_GCC_493\Debug\UART_Bootloader.a(UART_BOOT.o) (UART_Start)
.\CortexM3\ARM_GCC_493\Debug\UART_Bootloader.a(UART_INT.o)
                              .\CortexM3\ARM_GCC_493\Debug\UART_Bootloader.a(UART.o) (UART_RXISR)
.\CortexM3\ARM_GCC_493\Debug\UART_Bootloader.a(UART_IntClock.o)
                              .\CortexM3\ARM_GCC_493\Debug\UART_Bootloader.a(UART.o) (UART_IntClock_Start)
c:/program files (x86)/cypress/psoc creator/3.3/psoc creator/import/gnu/arm/4.9.3/bin/../lib/gcc/arm-none-eabi/4.9.3/../../../../arm-none-eabi/lib/armv7-m\libg_nano.a(lib_a-errno.o)
                              .\CortexM3\ARM_GCC_493\Debug\Cm3Start.o (__errno)
c:/program files (x86)/cypress/psoc creator/3.3/psoc creator/import/gnu/arm/4.9.3/bin/../lib/gcc/arm-none-eabi/4.9.3/../../../../arm-none-eabi/lib/armv7-m\libg_nano.a(lib_a-exit.o)
                              c:/program files (x86)/cypress/psoc creator/3.3/psoc creator/import/gnu/arm/4.9.3/bin/../lib/gcc/arm-none-eabi/4.9.3/../../../../arm-none-eabi/lib/armv7-m/crt0.o (exit)
c:/program files (x86)/cypress/psoc creator/3.3/psoc creator/import/gnu/arm/4.9.3/bin/../lib/gcc/arm-none-eabi/4.9.3/../../../../arm-none-eabi/lib/armv7-m\libg_nano.a(lib_a-impure.o)
                              c:/program files (x86)/cypress/psoc creator/3.3/psoc creator/import/gnu/arm/4.9.3/bin/../lib/gcc/arm-none-eabi/4.9.3/../../../../arm-none-eabi/lib/armv7-m\libg_nano.a(lib_a-exit.o) (_global_impure_ptr)
c:/program files (x86)/cypress/psoc creator/3.3/psoc creator/import/gnu/arm/4.9.3/bin/../lib/gcc/arm-none-eabi/4.9.3/../../../../arm-none-eabi/lib/armv7-m\libg_nano.a(lib_a-init.o)
                              c:/program files (x86)/cypress/psoc creator/3.3/psoc creator/import/gnu/arm/4.9.3/bin/../lib/gcc/arm-none-eabi/4.9.3/../../../../arm-none-eabi/lib/armv7-m/crt0.o (__libc_init_array)
c:/program files (x86)/cypress/psoc creator/3.3/psoc creator/import/gnu/arm/4.9.3/bin/../lib/gcc/arm-none-eabi/4.9.3/../../../../arm-none-eabi/lib/armv7-m\libg_nano.a(lib_a-memcpy.o)
                              .\CortexM3\ARM_GCC_493\Debug\UART_Bootloader.a(cyfitter_cfg.o) (memcpy)
c:/program files (x86)/cypress/psoc creator/3.3/psoc creator/import/gnu/arm/4.9.3/bin/../lib/gcc/arm-none-eabi/4.9.3/../../../../arm-none-eabi/lib/armv7-m\libg_nano.a(lib_a-memset.o)
                              c:/program files (x86)/cypress/psoc creator/3.3/psoc creator/import/gnu/arm/4.9.3/bin/../lib/gcc/arm-none-eabi/4.9.3/../../../../arm-none-eabi/lib/armv7-m/crt0.o (memset)

Allocating common symbols
Common symbol       size              file

UART_rxBuffer       0x40              .\CortexM3\ARM_GCC_493\Debug\UART_Bootloader.a(UART.o)
dieTemperature      0x2               .\CortexM3\ARM_GCC_493\Debug\UART_Bootloader.a(CyFlash.o)
UART_txBuffer       0x40              .\CortexM3\ARM_GCC_493\Debug\UART_Bootloader.a(UART.o)

Discarded input sections

 .text          0x00000000        0x0 c:/program files (x86)/cypress/psoc creator/3.3/psoc creator/import/gnu/arm/4.9.3/bin/../lib/gcc/arm-none-eabi/4.9.3/armv7-m/crti.o
 .data          0x00000000        0x0 c:/program files (x86)/cypress/psoc creator/3.3/psoc creator/import/gnu/arm/4.9.3/bin/../lib/gcc/arm-none-eabi/4.9.3/armv7-m/crti.o
 .bss           0x00000000        0x0 c:/program files (x86)/cypress/psoc creator/3.3/psoc creator/import/gnu/arm/4.9.3/bin/../lib/gcc/arm-none-eabi/4.9.3/armv7-m/crti.o
 .data          0x00000000        0x4 c:/program files (x86)/cypress/psoc creator/3.3/psoc creator/import/gnu/arm/4.9.3/bin/../lib/gcc/arm-none-eabi/4.9.3/armv7-m/crtbegin.o
 .text          0x00000000       0x74 c:/program files (x86)/cypress/psoc creator/3.3/psoc creator/import/gnu/arm/4.9.3/bin/../lib/gcc/arm-none-eabi/4.9.3/../../../../arm-none-eabi/lib/armv7-m/crt0.o
 .data          0x00000000        0x0 c:/program files (x86)/cypress/psoc creator/3.3/psoc creator/import/gnu/arm/4.9.3/bin/../lib/gcc/arm-none-eabi/4.9.3/../../../../arm-none-eabi/lib/armv7-m/crt0.o
 .bss           0x00000000        0x0 c:/program files (x86)/cypress/psoc creator/3.3/psoc creator/import/gnu/arm/4.9.3/bin/../lib/gcc/arm-none-eabi/4.9.3/../../../../arm-none-eabi/lib/armv7-m/crt0.o
 .ARM.extab     0x00000000        0x0 c:/program files (x86)/cypress/psoc creator/3.3/psoc creator/import/gnu/arm/4.9.3/bin/../lib/gcc/arm-none-eabi/4.9.3/../../../../arm-none-eabi/lib/armv7-m/crt0.o
 .ARM.exidx     0x00000000        0x8 c:/program files (x86)/cypress/psoc creator/3.3/psoc creator/import/gnu/arm/4.9.3/bin/../lib/gcc/arm-none-eabi/4.9.3/../../../../arm-none-eabi/lib/armv7-m/crt0.o
 .text          0x00000000        0x0 .\CortexM3\ARM_GCC_493\Debug\main.o
 .data          0x00000000        0x0 .\CortexM3\ARM_GCC_493\Debug\main.o
 .bss           0x00000000        0x0 .\CortexM3\ARM_GCC_493\Debug\main.o
 .text          0x00000000        0x0 .\CortexM3\ARM_GCC_493\Debug\cymetadata.o
 .data          0x00000000        0x0 .\CortexM3\ARM_GCC_493\Debug\cymetadata.o
 .bss           0x00000000        0x0 .\CortexM3\ARM_GCC_493\Debug\cymetadata.o
 .text          0x00000000        0x0 .\CortexM3\ARM_GCC_493\Debug\Cm3Start.o
 .data          0x00000000        0x4 .\CortexM3\ARM_GCC_493\Debug\Cm3Start.o
 .bss           0x00000000        0x0 .\CortexM3\ARM_GCC_493\Debug\Cm3Start.o
 .text._exit    0x00000000        0xc .\CortexM3\ARM_GCC_493\Debug\Cm3Start.o
 .text._sbrk    0x00000000       0x30 .\CortexM3\ARM_GCC_493\Debug\Cm3Start.o
 .text          0x00000000        0x0 .\CortexM3\ARM_GCC_493\Debug\UART_Bootloader.a(cyfitter_cfg.o)
 .data          0x00000000        0x0 .\CortexM3\ARM_GCC_493\Debug\UART_Bootloader.a(cyfitter_cfg.o)
 .bss           0x00000000        0x0 .\CortexM3\ARM_GCC_493\Debug\UART_Bootloader.a(cyfitter_cfg.o)
 .text.SetAnalogRoutingPumps
                0x00000000       0x10 .\CortexM3\ARM_GCC_493\Debug\UART_Bootloader.a(cyfitter_cfg.o)
 .text          0x00000000        0x0 .\CortexM3\ARM_GCC_493\Debug\UART_Bootloader.a(Bootloader.o)
 .text.Bootloader_InitCallback
                0x00000000        0xc .\CortexM3\ARM_GCC_493\Debug\UART_Bootloader.a(Bootloader.o)
 .text.Bootloader_SetFlashByte
                0x00000000       0x3c .\CortexM3\ARM_GCC_493\Debug\UART_Bootloader.a(Bootloader.o)
 .text.Bootloader_Exit
                0x00000000       0x54 .\CortexM3\ARM_GCC_493\Debug\UART_Bootloader.a(Bootloader.o)
 .text          0x00000000        0x0 .\CortexM3\ARM_GCC_493\Debug\UART_Bootloader.a(PWM.o)
 .data          0x00000000        0x0 .\CortexM3\ARM_GCC_493\Debug\UART_Bootloader.a(PWM.o)
 .text.PWM_Stop
                0x00000000       0x28 .\CortexM3\ARM_GCC_493\Debug\UART_Bootloader.a(PWM.o)
 .text.PWM_ReadStatusRegister
                0x00000000        0xc .\CortexM3\ARM_GCC_493\Debug\UART_Bootloader.a(PWM.o)
 .text.PWM_ReadControlRegister
                0x00000000        0xc .\CortexM3\ARM_GCC_493\Debug\UART_Bootloader.a(PWM.o)
 .text.PWM_WriteControlRegister
                0x00000000        0xc .\CortexM3\ARM_GCC_493\Debug\UART_Bootloader.a(PWM.o)
 .text.PWM_ReadCompare
                0x00000000        0xc .\CortexM3\ARM_GCC_493\Debug\UART_Bootloader.a(PWM.o)
 .text.PWM_ReadPeriod
                0x00000000        0xc .\CortexM3\ARM_GCC_493\Debug\UART_Bootloader.a(PWM.o)
 .data          0x00000000        0x0 .\CortexM3\ARM_GCC_493\Debug\UART_Bootloader.a(CyBootAsmGnu.o)
 .bss           0x00000000        0x0 .\CortexM3\ARM_GCC_493\Debug\UART_Bootloader.a(CyBootAsmGnu.o)
 .text          0x00000000        0x0 .\CortexM3\ARM_GCC_493\Debug\UART_Bootloader.a(CyFlash.o)
 .data          0x00000000        0x0 .\CortexM3\ARM_GCC_493\Debug\UART_Bootloader.a(CyFlash.o)
 .bss           0x00000000        0x4 .\CortexM3\ARM_GCC_493\Debug\UART_Bootloader.a(CyFlash.o)
 .text.CyFlash_Start
                0x00000000       0x54 .\CortexM3\ARM_GCC_493\Debug\UART_Bootloader.a(CyFlash.o)
 .text.CyFlash_Stop
                0x00000000       0x24 .\CortexM3\ARM_GCC_493\Debug\UART_Bootloader.a(CyFlash.o)
 .text.CySetFlashEEBuffer
                0x00000000       0x28 .\CortexM3\ARM_GCC_493\Debug\UART_Bootloader.a(CyFlash.o)
 .text.CyWriteRowData
                0x00000000       0x14 .\CortexM3\ARM_GCC_493\Debug\UART_Bootloader.a(CyFlash.o)
 .text.CyFlash_SetWaitCycles
                0x00000000       0x7c .\CortexM3\ARM_GCC_493\Debug\UART_Bootloader.a(CyFlash.o)
 .text.CyEEPROM_Stop
                0x00000000       0x24 .\CortexM3\ARM_GCC_493\Debug\UART_Bootloader.a(CyFlash.o)
 .text.CyEEPROM_ReadReserve
                0x00000000       0x1c .\CortexM3\ARM_GCC_493\Debug\UART_Bootloader.a(CyFlash.o)
 .text.CyEEPROM_ReadRelease
                0x00000000       0x10 .\CortexM3\ARM_GCC_493\Debug\UART_Bootloader.a(CyFlash.o)
 .text          0x00000000        0x0 .\CortexM3\ARM_GCC_493\Debug\UART_Bootloader.a(CyLib.o)
 .bss           0x00000000       0x1c .\CortexM3\ARM_GCC_493\Debug\UART_Bootloader.a(CyLib.o)
 .text.CyUSB_PowerOnCheck
                0x00000000       0x48 .\CortexM3\ARM_GCC_493\Debug\UART_Bootloader.a(CyLib.o)
 .text.CyBusClk_Internal_SetDivider
                0x00000000       0x48 .\CortexM3\ARM_GCC_493\Debug\UART_Bootloader.a(CyLib.o)
 .text.CyPLL_OUT_Stop
                0x00000000       0x10 .\CortexM3\ARM_GCC_493\Debug\UART_Bootloader.a(CyLib.o)
 .text.CyIMO_Stop
                0x00000000       0x1c .\CortexM3\ARM_GCC_493\Debug\UART_Bootloader.a(CyLib.o)
 .text.CyIMO_EnableDoubler
                0x00000000       0x10 .\CortexM3\ARM_GCC_493\Debug\UART_Bootloader.a(CyLib.o)
 .text.CyIMO_DisableDoubler
                0x00000000       0x10 .\CortexM3\ARM_GCC_493\Debug\UART_Bootloader.a(CyLib.o)
 .text.CyMasterClk_SetSource
                0x00000000       0x18 .\CortexM3\ARM_GCC_493\Debug\UART_Bootloader.a(CyLib.o)
 .text.CyMasterClk_SetDivider
                0x00000000        0xc .\CortexM3\ARM_GCC_493\Debug\UART_Bootloader.a(CyLib.o)
 .text.CyBusClk_SetDivider
                0x00000000       0x70 .\CortexM3\ARM_GCC_493\Debug\UART_Bootloader.a(CyLib.o)
 .text.CyUsbClk_SetSource
                0x00000000       0x18 .\CortexM3\ARM_GCC_493\Debug\UART_Bootloader.a(CyLib.o)
 .text.CyILO_Start1K
                0x00000000       0x10 .\CortexM3\ARM_GCC_493\Debug\UART_Bootloader.a(CyLib.o)
 .text.CyILO_Stop1K
                0x00000000       0x10 .\CortexM3\ARM_GCC_493\Debug\UART_Bootloader.a(CyLib.o)
 .text.CyILO_Start100K
                0x00000000       0x10 .\CortexM3\ARM_GCC_493\Debug\UART_Bootloader.a(CyLib.o)
 .text.CyILO_Stop100K
                0x00000000       0x10 .\CortexM3\ARM_GCC_493\Debug\UART_Bootloader.a(CyLib.o)
 .text.CyPLL_OUT_Start
                0x00000000       0x78 .\CortexM3\ARM_GCC_493\Debug\UART_Bootloader.a(CyLib.o)
 .text.CyIMO_Start
                0x00000000       0x60 .\CortexM3\ARM_GCC_493\Debug\UART_Bootloader.a(CyLib.o)
 .text.CyILO_Enable33K
                0x00000000       0x10 .\CortexM3\ARM_GCC_493\Debug\UART_Bootloader.a(CyLib.o)
 .text.CyILO_Disable33K
                0x00000000       0x10 .\CortexM3\ARM_GCC_493\Debug\UART_Bootloader.a(CyLib.o)
 .text.CyILO_SetSource
                0x00000000       0x18 .\CortexM3\ARM_GCC_493\Debug\UART_Bootloader.a(CyLib.o)
 .text.CyILO_SetPowerMode
                0x00000000       0x24 .\CortexM3\ARM_GCC_493\Debug\UART_Bootloader.a(CyLib.o)
 .text.CyXTAL_32KHZ_Stop
                0x00000000       0x30 .\CortexM3\ARM_GCC_493\Debug\UART_Bootloader.a(CyLib.o)
 .text.CyXTAL_32KHZ_ReadStatus
                0x00000000       0x10 .\CortexM3\ARM_GCC_493\Debug\UART_Bootloader.a(CyLib.o)
 .text.CyXTAL_Start
                0x00000000       0xac .\CortexM3\ARM_GCC_493\Debug\UART_Bootloader.a(CyLib.o)
 .text.CyXTAL_Stop
                0x00000000       0x10 .\CortexM3\ARM_GCC_493\Debug\UART_Bootloader.a(CyLib.o)
 .text.CyXTAL_EnableErrStatus
                0x00000000       0x10 .\CortexM3\ARM_GCC_493\Debug\UART_Bootloader.a(CyLib.o)
 .text.CyXTAL_DisableErrStatus
                0x00000000       0x10 .\CortexM3\ARM_GCC_493\Debug\UART_Bootloader.a(CyLib.o)
 .text.CyXTAL_ReadStatus
                0x00000000       0x18 .\CortexM3\ARM_GCC_493\Debug\UART_Bootloader.a(CyLib.o)
 .text.CyXTAL_EnableFaultRecovery
                0x00000000       0x10 .\CortexM3\ARM_GCC_493\Debug\UART_Bootloader.a(CyLib.o)
 .text.CyXTAL_DisableFaultRecovery
                0x00000000       0x10 .\CortexM3\ARM_GCC_493\Debug\UART_Bootloader.a(CyLib.o)
 .text.CyXTAL_SetStartup
                0x00000000       0x18 .\CortexM3\ARM_GCC_493\Debug\UART_Bootloader.a(CyLib.o)
 .text.CyXTAL_SetFbVoltage
                0x00000000       0x18 .\CortexM3\ARM_GCC_493\Debug\UART_Bootloader.a(CyLib.o)
 .text.CyXTAL_SetWdVoltage
                0x00000000       0x18 .\CortexM3\ARM_GCC_493\Debug\UART_Bootloader.a(CyLib.o)
 .text.CyPLL_OUT_SetPQ
                0x00000000       0x60 .\CortexM3\ARM_GCC_493\Debug\UART_Bootloader.a(CyLib.o)
 .text.CyPLL_OUT_SetSource
                0x00000000       0x34 .\CortexM3\ARM_GCC_493\Debug\UART_Bootloader.a(CyLib.o)
 .text.CyIMO_SetTrimValue
                0x00000000       0xcc .\CortexM3\ARM_GCC_493\Debug\UART_Bootloader.a(CyLib.o)
 .text.CyIMO_SetFreq
                0x00000000       0xf4 .\CortexM3\ARM_GCC_493\Debug\UART_Bootloader.a(CyLib.o)
 .text.CyIMO_SetSource
                0x00000000       0x58 .\CortexM3\ARM_GCC_493\Debug\UART_Bootloader.a(CyLib.o)
 .text.CyXTAL_32KHZ_SetPowerMode
                0x00000000       0x84 .\CortexM3\ARM_GCC_493\Debug\UART_Bootloader.a(CyLib.o)
 .text.CyXTAL_32KHZ_Start
                0x00000000       0x70 .\CortexM3\ARM_GCC_493\Debug\UART_Bootloader.a(CyLib.o)
 .text.CyDelayFreq
                0x00000000       0x4c .\CortexM3\ARM_GCC_493\Debug\UART_Bootloader.a(CyLib.o)
 .text.CyWdtStart
                0x00000000       0x40 .\CortexM3\ARM_GCC_493\Debug\UART_Bootloader.a(CyLib.o)
 .text.CyWdtClear
                0x00000000        0xc .\CortexM3\ARM_GCC_493\Debug\UART_Bootloader.a(CyLib.o)
 .text.CyVdStickyStatus
                0x00000000       0x2c .\CortexM3\ARM_GCC_493\Debug\UART_Bootloader.a(CyLib.o)
 .text.CyVdLvDigitEnable
                0x00000000       0x84 .\CortexM3\ARM_GCC_493\Debug\UART_Bootloader.a(CyLib.o)
 .text.CyVdLvAnalogEnable
                0x00000000       0x80 .\CortexM3\ARM_GCC_493\Debug\UART_Bootloader.a(CyLib.o)
 .text.CyVdLvDigitDisable
                0x00000000       0x30 .\CortexM3\ARM_GCC_493\Debug\UART_Bootloader.a(CyLib.o)
 .text.CyVdLvAnalogDisable
                0x00000000       0x28 .\CortexM3\ARM_GCC_493\Debug\UART_Bootloader.a(CyLib.o)
 .text.CyVdHvAnalogEnable
                0x00000000       0x54 .\CortexM3\ARM_GCC_493\Debug\UART_Bootloader.a(CyLib.o)
 .text.CyVdHvAnalogDisable
                0x00000000       0x20 .\CortexM3\ARM_GCC_493\Debug\UART_Bootloader.a(CyLib.o)
 .text.CyVdRealTimeStatus
                0x00000000       0x1c .\CortexM3\ARM_GCC_493\Debug\UART_Bootloader.a(CyLib.o)
 .text.CyDisableInts
                0x00000000       0x1c .\CortexM3\ARM_GCC_493\Debug\UART_Bootloader.a(CyLib.o)
 .text.CyEnableInts
                0x00000000       0x18 .\CortexM3\ARM_GCC_493\Debug\UART_Bootloader.a(CyLib.o)
 .text.CyIntSetSysVector
                0x00000000       0x28 .\CortexM3\ARM_GCC_493\Debug\UART_Bootloader.a(CyLib.o)
 .text.CyIntGetSysVector
                0x00000000       0x20 .\CortexM3\ARM_GCC_493\Debug\UART_Bootloader.a(CyLib.o)
 .text.CyIntGetVector
                0x00000000       0x24 .\CortexM3\ARM_GCC_493\Debug\UART_Bootloader.a(CyLib.o)
 .text.CyIntGetPriority
                0x00000000       0x20 .\CortexM3\ARM_GCC_493\Debug\UART_Bootloader.a(CyLib.o)
 .text.CyIntGetState
                0x00000000       0x24 .\CortexM3\ARM_GCC_493\Debug\UART_Bootloader.a(CyLib.o)
 .text.CySysTickStop
                0x00000000       0x10 .\CortexM3\ARM_GCC_493\Debug\UART_Bootloader.a(CyLib.o)
 .text.CySysTickEnableInterrupt
                0x00000000       0x10 .\CortexM3\ARM_GCC_493\Debug\UART_Bootloader.a(CyLib.o)
 .text.CySysTickEnable
                0x00000000       0x18 .\CortexM3\ARM_GCC_493\Debug\UART_Bootloader.a(CyLib.o)
 .text.CySysTickDisableInterrupt
                0x00000000       0x10 .\CortexM3\ARM_GCC_493\Debug\UART_Bootloader.a(CyLib.o)
 .text.CySysTickSetReload
                0x00000000       0x10 .\CortexM3\ARM_GCC_493\Debug\UART_Bootloader.a(CyLib.o)
 .text.CySysTickGetReload
                0x00000000       0x10 .\CortexM3\ARM_GCC_493\Debug\UART_Bootloader.a(CyLib.o)
 .text.CySysTickGetValue
                0x00000000       0x10 .\CortexM3\ARM_GCC_493\Debug\UART_Bootloader.a(CyLib.o)
 .text.CySysTickSetClockSource
                0x00000000       0x20 .\CortexM3\ARM_GCC_493\Debug\UART_Bootloader.a(CyLib.o)
 .text.CySysTickGetCountFlag
                0x00000000       0x10 .\CortexM3\ARM_GCC_493\Debug\UART_Bootloader.a(CyLib.o)
 .text.CySysTickServiceCallbacks
                0x00000000       0x28 .\CortexM3\ARM_GCC_493\Debug\UART_Bootloader.a(CyLib.o)
 .text.CySysTickClear
                0x00000000        0xc .\CortexM3\ARM_GCC_493\Debug\UART_Bootloader.a(CyLib.o)
 .text.CySysTickInit
                0x00000000       0x58 .\CortexM3\ARM_GCC_493\Debug\UART_Bootloader.a(CyLib.o)
 .text.CySysTickStart
                0x00000000       0x1c .\CortexM3\ARM_GCC_493\Debug\UART_Bootloader.a(CyLib.o)
 .text.CySysTickSetCallback
                0x00000000       0x10 .\CortexM3\ARM_GCC_493\Debug\UART_Bootloader.a(CyLib.o)
 .text.CySysTickGetCallback
                0x00000000       0x10 .\CortexM3\ARM_GCC_493\Debug\UART_Bootloader.a(CyLib.o)
 .text.CyGetUniqueId
                0x00000000       0x70 .\CortexM3\ARM_GCC_493\Debug\UART_Bootloader.a(CyLib.o)
 .text          0x00000000        0x0 .\CortexM3\ARM_GCC_493\Debug\UART_Bootloader.a(cyPm.o)
 .data          0x00000000        0x0 .\CortexM3\ARM_GCC_493\Debug\UART_Bootloader.a(cyPm.o)
 .bss           0x00000000       0x44 .\CortexM3\ARM_GCC_493\Debug\UART_Bootloader.a(cyPm.o)
 .text.CyPmHibSlpSaveSet
                0x00000000      0x1dc .\CortexM3\ARM_GCC_493\Debug\UART_Bootloader.a(cyPm.o)
 .text.CyPmHibSlpRestore
                0x00000000       0xd4 .\CortexM3\ARM_GCC_493\Debug\UART_Bootloader.a(cyPm.o)
 .text.CyPmHviLviSaveDisable
                0x00000000       0xa0 .\CortexM3\ARM_GCC_493\Debug\UART_Bootloader.a(cyPm.o)
 .text.CyPmHibSaveSet
                0x00000000       0x8c .\CortexM3\ARM_GCC_493\Debug\UART_Bootloader.a(cyPm.o)
 .text.CyPmHviLviRestore
                0x00000000       0x48 .\CortexM3\ARM_GCC_493\Debug\UART_Bootloader.a(cyPm.o)
 .text.CyPmHibRestore
                0x00000000       0x58 .\CortexM3\ARM_GCC_493\Debug\UART_Bootloader.a(cyPm.o)
 .text.CyPmSaveClocks
                0x00000000      0x218 .\CortexM3\ARM_GCC_493\Debug\UART_Bootloader.a(cyPm.o)
 .text.CyPmRestoreClocks
                0x00000000      0x24c .\CortexM3\ARM_GCC_493\Debug\UART_Bootloader.a(cyPm.o)
 .text.CyPmAltAct
                0x00000000       0x6c .\CortexM3\ARM_GCC_493\Debug\UART_Bootloader.a(cyPm.o)
 .text.CyPmSleep
                0x00000000       0xf4 .\CortexM3\ARM_GCC_493\Debug\UART_Bootloader.a(cyPm.o)
 .text.CyPmHibernateEx
                0x00000000       0xf4 .\CortexM3\ARM_GCC_493\Debug\UART_Bootloader.a(cyPm.o)
 .text.CyPmHibernate
                0x00000000        0xc .\CortexM3\ARM_GCC_493\Debug\UART_Bootloader.a(cyPm.o)
 .text.CyPmReadStatus
                0x00000000       0x30 .\CortexM3\ARM_GCC_493\Debug\UART_Bootloader.a(cyPm.o)
 .text.CyPmCtwSetInterval
                0x00000000       0x5c .\CortexM3\ARM_GCC_493\Debug\UART_Bootloader.a(cyPm.o)
 .text.CyPmOppsSet
                0x00000000       0x2c .\CortexM3\ARM_GCC_493\Debug\UART_Bootloader.a(cyPm.o)
 .text.CyPmFtwSetInterval
                0x00000000       0x5c .\CortexM3\ARM_GCC_493\Debug\UART_Bootloader.a(cyPm.o)
 .rodata        0x00000000       0x10 .\CortexM3\ARM_GCC_493\Debug\UART_Bootloader.a(cyPm.o)
 .text          0x00000000        0x0 .\CortexM3\ARM_GCC_493\Debug\UART_Bootloader.a(CySpc.o)
 .data          0x00000000        0x0 .\CortexM3\ARM_GCC_493\Debug\UART_Bootloader.a(CySpc.o)
 .text.CySpcStop
                0x00000000       0x24 .\CortexM3\ARM_GCC_493\Debug\UART_Bootloader.a(CySpc.o)
 .text.CySpcLoadMultiByte
                0x00000000       0x78 .\CortexM3\ARM_GCC_493\Debug\UART_Bootloader.a(CySpc.o)
 .text.CySpcLoadRow
                0x00000000       0x54 .\CortexM3\ARM_GCC_493\Debug\UART_Bootloader.a(CySpc.o)
 .text.CySpcEraseSector
                0x00000000       0x3c .\CortexM3\ARM_GCC_493\Debug\UART_Bootloader.a(CySpc.o)
 .text          0x00000000        0x0 .\CortexM3\ARM_GCC_493\Debug\UART_Bootloader.a(UART_BOOT.o)
 .data          0x00000000        0x0 .\CortexM3\ARM_GCC_493\Debug\UART_Bootloader.a(UART_BOOT.o)
 .bss           0x00000000        0x0 .\CortexM3\ARM_GCC_493\Debug\UART_Bootloader.a(UART_BOOT.o)
 .text.UART_CyBtldrCommReset
                0x00000000        0xc .\CortexM3\ARM_GCC_493\Debug\UART_Bootloader.a(UART_BOOT.o)
 .text          0x00000000        0x0 .\CortexM3\ARM_GCC_493\Debug\UART_Bootloader.a(UART.o)
 .data          0x00000000        0x0 .\CortexM3\ARM_GCC_493\Debug\UART_Bootloader.a(UART.o)
 .text.UART_ReadControlRegister
                0x00000000        0x4 .\CortexM3\ARM_GCC_493\Debug\UART_Bootloader.a(UART.o)
 .text.UART_WriteControlRegister
                0x00000000        0x4 .\CortexM3\ARM_GCC_493\Debug\UART_Bootloader.a(UART.o)
 .text.UART_SetRxInterruptMode
                0x00000000        0xc .\CortexM3\ARM_GCC_493\Debug\UART_Bootloader.a(UART.o)
 .text.UART_ReadRxStatus
                0x00000000       0x28 .\CortexM3\ARM_GCC_493\Debug\UART_Bootloader.a(UART.o)
 .text.UART_GetChar
                0x00000000       0x80 .\CortexM3\ARM_GCC_493\Debug\UART_Bootloader.a(UART.o)
 .text.UART_GetByte
                0x00000000       0x2c .\CortexM3\ARM_GCC_493\Debug\UART_Bootloader.a(UART.o)
 .text.UART_SetRxAddressMode
                0x00000000        0x4 .\CortexM3\ARM_GCC_493\Debug\UART_Bootloader.a(UART.o)
 .text.UART_SetRxAddress1
                0x00000000        0xc .\CortexM3\ARM_GCC_493\Debug\UART_Bootloader.a(UART.o)
 .text.UART_SetRxAddress2
                0x00000000        0xc .\CortexM3\ARM_GCC_493\Debug\UART_Bootloader.a(UART.o)
 .text.UART_SetTxInterruptMode
                0x00000000        0xc .\CortexM3\ARM_GCC_493\Debug\UART_Bootloader.a(UART.o)
 .text.UART_WriteTxData
                0x00000000       0x60 .\CortexM3\ARM_GCC_493\Debug\UART_Bootloader.a(UART.o)
 .text.UART_ReadTxStatus
                0x00000000        0xc .\CortexM3\ARM_GCC_493\Debug\UART_Bootloader.a(UART.o)
 .text.UART_PutString
                0x00000000       0x24 .\CortexM3\ARM_GCC_493\Debug\UART_Bootloader.a(UART.o)
 .text.UART_PutArray
                0x00000000       0x28 .\CortexM3\ARM_GCC_493\Debug\UART_Bootloader.a(UART.o)
 .text.UART_PutCRLF
                0x00000000       0x20 .\CortexM3\ARM_GCC_493\Debug\UART_Bootloader.a(UART.o)
 .text.UART_GetTxBufferSize
                0x00000000       0x48 .\CortexM3\ARM_GCC_493\Debug\UART_Bootloader.a(UART.o)
 .text.UART_SendBreak
                0x00000000       0x58 .\CortexM3\ARM_GCC_493\Debug\UART_Bootloader.a(UART.o)
 .text.UART_SetTxAddressMode
                0x00000000        0x4 .\CortexM3\ARM_GCC_493\Debug\UART_Bootloader.a(UART.o)
 .text          0x00000000        0x0 .\CortexM3\ARM_GCC_493\Debug\UART_Bootloader.a(UART_INT.o)
 .data          0x00000000        0x0 .\CortexM3\ARM_GCC_493\Debug\UART_Bootloader.a(UART_INT.o)
 .bss           0x00000000        0x0 .\CortexM3\ARM_GCC_493\Debug\UART_Bootloader.a(UART_INT.o)
 .text          0x00000000        0x0 .\CortexM3\ARM_GCC_493\Debug\UART_Bootloader.a(UART_IntClock.o)
 .data          0x00000000        0x0 .\CortexM3\ARM_GCC_493\Debug\UART_Bootloader.a(UART_IntClock.o)
 .bss           0x00000000        0x0 .\CortexM3\ARM_GCC_493\Debug\UART_Bootloader.a(UART_IntClock.o)
 .text.UART_IntClock_StopBlock
                0x00000000       0x6c .\CortexM3\ARM_GCC_493\Debug\UART_Bootloader.a(UART_IntClock.o)
 .text.UART_IntClock_StandbyPower
                0x00000000       0x20 .\CortexM3\ARM_GCC_493\Debug\UART_Bootloader.a(UART_IntClock.o)
 .text.UART_IntClock_GetDividerRegister
                0x00000000        0xc .\CortexM3\ARM_GCC_493\Debug\UART_Bootloader.a(UART_IntClock.o)
 .text.UART_IntClock_SetModeRegister
                0x00000000       0x14 .\CortexM3\ARM_GCC_493\Debug\UART_Bootloader.a(UART_IntClock.o)
 .text.UART_IntClock_ClearModeRegister
                0x00000000       0x18 .\CortexM3\ARM_GCC_493\Debug\UART_Bootloader.a(UART_IntClock.o)
 .text.UART_IntClock_GetModeRegister
                0x00000000       0x10 .\CortexM3\ARM_GCC_493\Debug\UART_Bootloader.a(UART_IntClock.o)
 .text.UART_IntClock_GetSourceRegister
                0x00000000       0x10 .\CortexM3\ARM_GCC_493\Debug\UART_Bootloader.a(UART_IntClock.o)
 .text.UART_IntClock_SetDividerRegister
                0x00000000       0xdc .\CortexM3\ARM_GCC_493\Debug\UART_Bootloader.a(UART_IntClock.o)
 .text.UART_IntClock_SetSourceRegister
                0x00000000       0x5c .\CortexM3\ARM_GCC_493\Debug\UART_Bootloader.a(UART_IntClock.o)
 .text          0x00000000        0x0 c:/program files (x86)/cypress/psoc creator/3.3/psoc creator/import/gnu/arm/4.9.3/bin/../lib/gcc/arm-none-eabi/4.9.3/../../../../arm-none-eabi/lib/armv7-m\libg_nano.a(lib_a-errno.o)
 .data          0x00000000        0x0 c:/program files (x86)/cypress/psoc creator/3.3/psoc creator/import/gnu/arm/4.9.3/bin/../lib/gcc/arm-none-eabi/4.9.3/../../../../arm-none-eabi/lib/armv7-m\libg_nano.a(lib_a-errno.o)
 .bss           0x00000000        0x0 c:/program files (x86)/cypress/psoc creator/3.3/psoc creator/import/gnu/arm/4.9.3/bin/../lib/gcc/arm-none-eabi/4.9.3/../../../../arm-none-eabi/lib/armv7-m\libg_nano.a(lib_a-errno.o)
 .text.__errno  0x00000000        0xc c:/program files (x86)/cypress/psoc creator/3.3/psoc creator/import/gnu/arm/4.9.3/bin/../lib/gcc/arm-none-eabi/4.9.3/../../../../arm-none-eabi/lib/armv7-m\libg_nano.a(lib_a-errno.o)
 .text          0x00000000        0x0 c:/program files (x86)/cypress/psoc creator/3.3/psoc creator/import/gnu/arm/4.9.3/bin/../lib/gcc/arm-none-eabi/4.9.3/../../../../arm-none-eabi/lib/armv7-m\libg_nano.a(lib_a-exit.o)
 .data          0x00000000        0x0 c:/program files (x86)/cypress/psoc creator/3.3/psoc creator/import/gnu/arm/4.9.3/bin/../lib/gcc/arm-none-eabi/4.9.3/../../../../arm-none-eabi/lib/armv7-m\libg_nano.a(lib_a-exit.o)
 .bss           0x00000000        0x0 c:/program files (x86)/cypress/psoc creator/3.3/psoc creator/import/gnu/arm/4.9.3/bin/../lib/gcc/arm-none-eabi/4.9.3/../../../../arm-none-eabi/lib/armv7-m\libg_nano.a(lib_a-exit.o)
 .text.exit     0x00000000       0x28 c:/program files (x86)/cypress/psoc creator/3.3/psoc creator/import/gnu/arm/4.9.3/bin/../lib/gcc/arm-none-eabi/4.9.3/../../../../arm-none-eabi/lib/armv7-m\libg_nano.a(lib_a-exit.o)
 .text          0x00000000        0x0 c:/program files (x86)/cypress/psoc creator/3.3/psoc creator/import/gnu/arm/4.9.3/bin/../lib/gcc/arm-none-eabi/4.9.3/../../../../arm-none-eabi/lib/armv7-m\libg_nano.a(lib_a-impure.o)
 .data          0x00000000        0x0 c:/program files (x86)/cypress/psoc creator/3.3/psoc creator/import/gnu/arm/4.9.3/bin/../lib/gcc/arm-none-eabi/4.9.3/../../../../arm-none-eabi/lib/armv7-m\libg_nano.a(lib_a-impure.o)
 .bss           0x00000000        0x0 c:/program files (x86)/cypress/psoc creator/3.3/psoc creator/import/gnu/arm/4.9.3/bin/../lib/gcc/arm-none-eabi/4.9.3/../../../../arm-none-eabi/lib/armv7-m\libg_nano.a(lib_a-impure.o)
 .data.impure_data
                0x00000000       0x60 c:/program files (x86)/cypress/psoc creator/3.3/psoc creator/import/gnu/arm/4.9.3/bin/../lib/gcc/arm-none-eabi/4.9.3/../../../../arm-none-eabi/lib/armv7-m\libg_nano.a(lib_a-impure.o)
 .data._impure_ptr
                0x00000000        0x4 c:/program files (x86)/cypress/psoc creator/3.3/psoc creator/import/gnu/arm/4.9.3/bin/../lib/gcc/arm-none-eabi/4.9.3/../../../../arm-none-eabi/lib/armv7-m\libg_nano.a(lib_a-impure.o)
 .rodata.str1.1
                0x00000000        0x2 c:/program files (x86)/cypress/psoc creator/3.3/psoc creator/import/gnu/arm/4.9.3/bin/../lib/gcc/arm-none-eabi/4.9.3/../../../../arm-none-eabi/lib/armv7-m\libg_nano.a(lib_a-impure.o)
 .rodata._global_impure_ptr
                0x00000000        0x4 c:/program files (x86)/cypress/psoc creator/3.3/psoc creator/import/gnu/arm/4.9.3/bin/../lib/gcc/arm-none-eabi/4.9.3/../../../../arm-none-eabi/lib/armv7-m\libg_nano.a(lib_a-impure.o)
 .text          0x00000000        0x0 c:/program files (x86)/cypress/psoc creator/3.3/psoc creator/import/gnu/arm/4.9.3/bin/../lib/gcc/arm-none-eabi/4.9.3/../../../../arm-none-eabi/lib/armv7-m\libg_nano.a(lib_a-init.o)
 .data          0x00000000        0x0 c:/program files (x86)/cypress/psoc creator/3.3/psoc creator/import/gnu/arm/4.9.3/bin/../lib/gcc/arm-none-eabi/4.9.3/../../../../arm-none-eabi/lib/armv7-m\libg_nano.a(lib_a-init.o)
 .bss           0x00000000        0x0 c:/program files (x86)/cypress/psoc creator/3.3/psoc creator/import/gnu/arm/4.9.3/bin/../lib/gcc/arm-none-eabi/4.9.3/../../../../arm-none-eabi/lib/armv7-m\libg_nano.a(lib_a-init.o)
 .text          0x00000000        0x0 c:/program files (x86)/cypress/psoc creator/3.3/psoc creator/import/gnu/arm/4.9.3/bin/../lib/gcc/arm-none-eabi/4.9.3/../../../../arm-none-eabi/lib/armv7-m\libg_nano.a(lib_a-memcpy.o)
 .data          0x00000000        0x0 c:/program files (x86)/cypress/psoc creator/3.3/psoc creator/import/gnu/arm/4.9.3/bin/../lib/gcc/arm-none-eabi/4.9.3/../../../../arm-none-eabi/lib/armv7-m\libg_nano.a(lib_a-memcpy.o)
 .bss           0x00000000        0x0 c:/program files (x86)/cypress/psoc creator/3.3/psoc creator/import/gnu/arm/4.9.3/bin/../lib/gcc/arm-none-eabi/4.9.3/../../../../arm-none-eabi/lib/armv7-m\libg_nano.a(lib_a-memcpy.o)
 .text          0x00000000        0x0 c:/program files (x86)/cypress/psoc creator/3.3/psoc creator/import/gnu/arm/4.9.3/bin/../lib/gcc/arm-none-eabi/4.9.3/../../../../arm-none-eabi/lib/armv7-m\libg_nano.a(lib_a-memset.o)
 .data          0x00000000        0x0 c:/program files (x86)/cypress/psoc creator/3.3/psoc creator/import/gnu/arm/4.9.3/bin/../lib/gcc/arm-none-eabi/4.9.3/../../../../arm-none-eabi/lib/armv7-m\libg_nano.a(lib_a-memset.o)
 .bss           0x00000000        0x0 c:/program files (x86)/cypress/psoc creator/3.3/psoc creator/import/gnu/arm/4.9.3/bin/../lib/gcc/arm-none-eabi/4.9.3/../../../../arm-none-eabi/lib/armv7-m\libg_nano.a(lib_a-memset.o)
 .text          0x00000000        0x0 c:/program files (x86)/cypress/psoc creator/3.3/psoc creator/import/gnu/arm/4.9.3/bin/../lib/gcc/arm-none-eabi/4.9.3/armv7-m/crtend.o
 .data          0x00000000        0x0 c:/program files (x86)/cypress/psoc creator/3.3/psoc creator/import/gnu/arm/4.9.3/bin/../lib/gcc/arm-none-eabi/4.9.3/armv7-m/crtend.o
 .bss           0x00000000        0x0 c:/program files (x86)/cypress/psoc creator/3.3/psoc creator/import/gnu/arm/4.9.3/bin/../lib/gcc/arm-none-eabi/4.9.3/armv7-m/crtend.o
 .text          0x00000000        0x0 c:/program files (x86)/cypress/psoc creator/3.3/psoc creator/import/gnu/arm/4.9.3/bin/../lib/gcc/arm-none-eabi/4.9.3/armv7-m/crtn.o
 .data          0x00000000        0x0 c:/program files (x86)/cypress/psoc creator/3.3/psoc creator/import/gnu/arm/4.9.3/bin/../lib/gcc/arm-none-eabi/4.9.3/armv7-m/crtn.o
 .bss           0x00000000        0x0 c:/program files (x86)/cypress/psoc creator/3.3/psoc creator/import/gnu/arm/4.9.3/bin/../lib/gcc/arm-none-eabi/4.9.3/armv7-m/crtn.o

Memory Configuration

Name             Origin             Length             Attributes
rom              0x00000000         0x00040000         xr
ram              0x1fff8000         0x00010000         xrw
*default*        0x00000000         0xffffffff

Linker script and memory map

LOAD c:/program files (x86)/cypress/psoc creator/3.3/psoc creator/import/gnu/arm/4.9.3/bin/../lib/gcc/arm-none-eabi/4.9.3/armv7-m/crti.o
LOAD c:/program files (x86)/cypress/psoc creator/3.3/psoc creator/import/gnu/arm/4.9.3/bin/../lib/gcc/arm-none-eabi/4.9.3/armv7-m/crtbegin.o
LOAD c:/program files (x86)/cypress/psoc creator/3.3/psoc creator/import/gnu/arm/4.9.3/bin/../lib/gcc/arm-none-eabi/4.9.3/../../../../arm-none-eabi/lib/armv7-m/crt0.o
START GROUP
LOAD .\CortexM3\ARM_GCC_493\Debug\main.o
LOAD .\CortexM3\ARM_GCC_493\Debug\cymetadata.o
LOAD .\CortexM3\ARM_GCC_493\Debug\Cm3Start.o
LOAD .\CortexM3\ARM_GCC_493\Debug\UART_Bootloader.a
LOAD C:\Program Files (x86)\Cypress\PSoC Creator\3.3\PSoC Creator\psoc\content\cycomponentlibrary\CyComponentLibrary.cylib\CortexM3\ARM_GCC_493\Debug\CyComponentLibrary.a
END GROUP
START GROUP
LOAD c:/program files (x86)/cypress/psoc creator/3.3/psoc creator/import/gnu/arm/4.9.3/bin/../lib/gcc/arm-none-eabi/4.9.3/armv7-m\libgcc.a
LOAD c:/program files (x86)/cypress/psoc creator/3.3/psoc creator/import/gnu/arm/4.9.3/bin/../lib/gcc/arm-none-eabi/4.9.3/../../../../arm-none-eabi/lib/armv7-m\libg_nano.a
LOAD c:/program files (x86)/cypress/psoc creator/3.3/psoc creator/import/gnu/arm/4.9.3/bin/../lib/gcc/arm-none-eabi/4.9.3/../../../../arm-none-eabi/lib/armv7-m\libc_nano.a
END GROUP
START GROUP
LOAD c:/program files (x86)/cypress/psoc creator/3.3/psoc creator/import/gnu/arm/4.9.3/bin/../lib/gcc/arm-none-eabi/4.9.3/armv7-m\libgcc.a
LOAD c:/program files (x86)/cypress/psoc creator/3.3/psoc creator/import/gnu/arm/4.9.3/bin/../lib/gcc/arm-none-eabi/4.9.3/../../../../arm-none-eabi/lib/armv7-m\libc_nano.a
END GROUP
LOAD c:/program files (x86)/cypress/psoc creator/3.3/psoc creator/import/gnu/arm/4.9.3/bin/../lib/gcc/arm-none-eabi/4.9.3/armv7-m/crtend.o
LOAD c:/program files (x86)/cypress/psoc creator/3.3/psoc creator/import/gnu/arm/4.9.3/bin/../lib/gcc/arm-none-eabi/4.9.3/armv7-m/crtn.o
START GROUP
LOAD c:/program files (x86)/cypress/psoc creator/3.3/psoc creator/import/gnu/arm/4.9.3/bin/../lib/gcc/arm-none-eabi/4.9.3/armv7-m\libgcc.a
LOAD c:/program files (x86)/cypress/psoc creator/3.3/psoc creator/import/gnu/arm/4.9.3/bin/../lib/gcc/arm-none-eabi/4.9.3/../../../../arm-none-eabi/lib/armv7-m\libc.a
LOAD c:/program files (x86)/cypress/psoc creator/3.3/psoc creator/import/gnu/arm/4.9.3/bin/../lib/gcc/arm-none-eabi/4.9.3/../../../../arm-none-eabi/lib/armv7-m\libnosys.a
END GROUP
                0x00000000                CY_APPL_ORIGIN = 0x0
                0x00000100                CY_FLASH_ROW_SIZE = 0x100
                0x00000020                CY_ECC_ROW_SIZE = 0x20
                0x00000000                CY_EE_IN_BTLDR = 0x0
                0x00000000                CY_APPL_LOADABLE = 0x0
                0x00000800                CY_EE_SIZE = 0x800
                0x00000001                CY_APPL_NUM = 0x1
                0x00000001                CY_APPL_MAX = 0x1
                0x00000040                CY_METADATA_SIZE = 0x40
                0x00000000                CY_APPL_LOADABLE = 0x0
                0x00000000                CY_CHECKSUM_EXCLUDE_SIZE = ALIGN (0x0, CY_FLASH_ROW_SIZE)
                0x1fff81e8                PROVIDE (__cy_heap_start, _end)
                0x00000001                PROVIDE (__cy_region_num, ((__cy_regions_end - __cy_regions) / 0x10))
                0x20008000                PROVIDE (__cy_stack, (ORIGIN (ram) + 0x10000))
                0x20007800                PROVIDE (__cy_heap_end, (__cy_stack - 0x800))

.cybootloader   0x00000000        0x0
 *(.cybootloader)
                0x00000000                appl1_start = CY_APPL_ORIGIN?CY_APPL_ORIGIN:ALIGN (CY_FLASH_ROW_SIZE)
                0x0001ff00                appl2_start = (appl1_start + ALIGN ((((0x40000 - appl1_start) - (0x2 * CY_FLASH_ROW_SIZE)) / 0x2), CY_FLASH_ROW_SIZE))
                0x00000000                appl_start = (CY_APPL_NUM == 0x1)?appl1_start:appl2_start
                0x00000000                ecc_offset = ((appl_start / CY_FLASH_ROW_SIZE) * CY_ECC_ROW_SIZE)
                0x00000000                ee_offset = (CY_APPL_LOADABLE && ! (CY_EE_IN_BTLDR))?((CY_EE_SIZE / CY_APPL_MAX) * (CY_APPL_NUM - 0x1)):0x0
                0x00000800                ee_size = (CY_APPL_LOADABLE && ! (CY_EE_IN_BTLDR))?(CY_EE_SIZE / CY_APPL_MAX):CY_EE_SIZE
                0x00000000                PROVIDE (CY_ECC_OFFSET, ecc_offset)

.text           0x00000000     0x1764
 CREATE_OBJECT_SYMBOLS
                0x00000000                PROVIDE (__cy_interrupt_vector, RomVectors)
 *(.romvectors)
 .romvectors    0x00000000       0x10 .\CortexM3\ARM_GCC_493\Debug\Cm3Start.o
                0x00000000                RomVectors
                0x00000001                ASSERT ((. != __cy_interrupt_vector), No interrupt vector)
                0x00000001                ASSERT (CY_APPL_ORIGIN?(SIZEOF (.cybootloader) <= CY_APPL_ORIGIN):0x1, Wrong image location)
                0x00000010                PROVIDE (__cy_reset, Reset)
 *(.text.Reset)
 .text.Reset    0x00000010       0x1c .\CortexM3\ARM_GCC_493\Debug\Cm3Start.o
                0x00000010                Reset
                0x00000001                ASSERT ((. != __cy_reset), No reset code)
 *(.dma_init)
                0x00000001                ASSERT ((((appl_start + .) <= 0x10000) || 0x1), DMA Init must be within the first 64k of flash)
 *(.text .text.* .gnu.linkonce.t.*)
 .text          0x0000002c       0x5c c:/program files (x86)/cypress/psoc creator/3.3/psoc creator/import/gnu/arm/4.9.3/bin/../lib/gcc/arm-none-eabi/4.9.3/armv7-m/crtbegin.o
 .text.main     0x00000088       0x10 .\CortexM3\ARM_GCC_493\Debug\main.o
                0x00000088                main
 .text.IntDefaultHandler
                0x00000098        0x4 .\CortexM3\ARM_GCC_493\Debug\Cm3Start.o
                0x00000098                IntDefaultHandler
 .text.Start_c  0x0000009c       0x4c .\CortexM3\ARM_GCC_493\Debug\Cm3Start.o
                0x0000009c                Start_c
 .text.initialize_psoc
                0x000000e8       0x74 .\CortexM3\ARM_GCC_493\Debug\Cm3Start.o
                0x000000e8                initialize_psoc
 .text.CyClockStartupError
                0x0000015c        0x4 .\CortexM3\ARM_GCC_493\Debug\UART_Bootloader.a(cyfitter_cfg.o)
 .text.cfg_write_bytes32
                0x00000160       0x34 .\CortexM3\ARM_GCC_493\Debug\UART_Bootloader.a(cyfitter_cfg.o)
 .text.AnalogSetDefault
                0x00000194       0x28 .\CortexM3\ARM_GCC_493\Debug\UART_Bootloader.a(cyfitter_cfg.o)
 .text.CYMEMZERO
                0x000001bc        0xc .\CortexM3\ARM_GCC_493\Debug\UART_Bootloader.a(cyfitter_cfg.o)
 .text.CYCONFIGCPYCODE
                0x000001c8        0x8 .\CortexM3\ARM_GCC_493\Debug\UART_Bootloader.a(cyfitter_cfg.o)
 .text.CYCONFIGCPY
                0x000001d0        0x8 .\CortexM3\ARM_GCC_493\Debug\UART_Bootloader.a(cyfitter_cfg.o)
 .text.ClockSetup
                0x000001d8       0xbc .\CortexM3\ARM_GCC_493\Debug\UART_Bootloader.a(cyfitter_cfg.o)
 .text.cyfitter_cfg
                0x00000294       0xf8 .\CortexM3\ARM_GCC_493\Debug\UART_Bootloader.a(cyfitter_cfg.o)
                0x00000294                cyfitter_cfg
 .text.Bootloader_CalcPacketChecksum
                0x0000038c       0x1c .\CortexM3\ARM_GCC_493\Debug\UART_Bootloader.a(Bootloader.o)
 .text.Bootloader_VerifyRow
                0x000003a8       0x24 .\CortexM3\ARM_GCC_493\Debug\UART_Bootloader.a(Bootloader.o)
 .text.Bootloader_LaunchBootloadable
                0x000003cc        0x4 .\CortexM3\ARM_GCC_493\Debug\UART_Bootloader.a(Bootloader.o)
 .text.Bootloader_LaunchApplication
                0x000003d0       0x14 .\CortexM3\ARM_GCC_493\Debug\UART_Bootloader.a(Bootloader.o)
 .text.Bootloader_WritePacket
                0x000003e4       0x54 .\CortexM3\ARM_GCC_493\Debug\UART_Bootloader.a(Bootloader.o)
 .text.Bootloader_Calc8BitSum
                0x00000438       0x30 .\CortexM3\ARM_GCC_493\Debug\UART_Bootloader.a(Bootloader.o)
                0x00000438                Bootloader_Calc8BitSum
 .text.Bootloader_GetMetadata
                0x00000468      0x114 .\CortexM3\ARM_GCC_493\Debug\UART_Bootloader.a(Bootloader.o)
                0x00000468                Bootloader_GetMetadata
 .text.CyBtldr_CheckLaunch
                0x0000057c       0x30 .\CortexM3\ARM_GCC_493\Debug\UART_Bootloader.a(Bootloader.o)
                0x0000057c                CyBtldr_CheckLaunch
 .text.Bootloader_ValidateBootloadable
                0x000005ac       0x94 .\CortexM3\ARM_GCC_493\Debug\UART_Bootloader.a(Bootloader.o)
                0x000005ac                Bootloader_ValidateBootloadable
 .text.Bootloader_HostLink
                0x00000640      0x568 .\CortexM3\ARM_GCC_493\Debug\UART_Bootloader.a(Bootloader.o)
 .text.Bootloader_Start
                0x00000ba8       0x68 .\CortexM3\ARM_GCC_493\Debug\UART_Bootloader.a(Bootloader.o)
                0x00000ba8                Bootloader_Start
 .text.PWM_Enable
                0x00000c10       0x28 .\CortexM3\ARM_GCC_493\Debug\UART_Bootloader.a(PWM.o)
                0x00000c10                PWM_Enable
 .text.PWM_WritePeriod
                0x00000c38        0xc .\CortexM3\ARM_GCC_493\Debug\UART_Bootloader.a(PWM.o)
                0x00000c38                PWM_WritePeriod
 .text.PWM_WriteCompare
                0x00000c44        0xc .\CortexM3\ARM_GCC_493\Debug\UART_Bootloader.a(PWM.o)
                0x00000c44                PWM_WriteCompare
 .text.PWM_SetInterruptMode
                0x00000c50        0xc .\CortexM3\ARM_GCC_493\Debug\UART_Bootloader.a(PWM.o)
                0x00000c50                PWM_SetInterruptMode
 .text.PWM_Init
                0x00000c5c       0x74 .\CortexM3\ARM_GCC_493\Debug\UART_Bootloader.a(PWM.o)
                0x00000c5c                PWM_Init
 .text.PWM_Start
                0x00000cd0       0x1c .\CortexM3\ARM_GCC_493\Debug\UART_Bootloader.a(PWM.o)
                0x00000cd0                PWM_Start
 *fill*         0x00000cec        0x4 
 .text          0x00000cf0       0x20 .\CortexM3\ARM_GCC_493\Debug\UART_Bootloader.a(CyBootAsmGnu.o)
                0x00000cf0                CyDelayCycles
                0x00000d00                CyEnterCriticalSection
                0x00000d08                CyExitCriticalSection
 .text.CyFlashGetSpcAlgorithm
                0x00000d10       0x4c .\CortexM3\ARM_GCC_493\Debug\UART_Bootloader.a(CyFlash.o)
 .text.CySetTempInt
                0x00000d5c       0x60 .\CortexM3\ARM_GCC_493\Debug\UART_Bootloader.a(CyFlash.o)
 .text.CySetTemp
                0x00000dbc       0x14 .\CortexM3\ARM_GCC_493\Debug\UART_Bootloader.a(CyFlash.o)
                0x00000dbc                CySetTemp
 .text.CyWriteRowFull
                0x00000dd0       0xf8 .\CortexM3\ARM_GCC_493\Debug\UART_Bootloader.a(CyFlash.o)
                0x00000dd0                CyWriteRowFull
 .text.CyEEPROM_Start
                0x00000ec8       0x54 .\CortexM3\ARM_GCC_493\Debug\UART_Bootloader.a(CyFlash.o)
                0x00000ec8                CyEEPROM_Start
 .text.CyHalt   0x00000f1c        0x4 .\CortexM3\ARM_GCC_493\Debug\UART_Bootloader.a(CyLib.o)
                0x00000f1c                CyHalt
 .text.CySoftwareReset
                0x00000f20       0x10 .\CortexM3\ARM_GCC_493\Debug\UART_Bootloader.a(CyLib.o)
                0x00000f20                CySoftwareReset
 .text.CyDelay  0x00000f30       0x2c .\CortexM3\ARM_GCC_493\Debug\UART_Bootloader.a(CyLib.o)
                0x00000f30                CyDelay
 .text.CyDelayUs
                0x00000f5c       0x14 .\CortexM3\ARM_GCC_493\Debug\UART_Bootloader.a(CyLib.o)
                0x00000f5c                CyDelayUs
 .text.CyFlushCache
                0x00000f70       0x44 .\CortexM3\ARM_GCC_493\Debug\UART_Bootloader.a(CyLib.o)
                0x00000f70                CyFlushCache
 .text.CyIntSetVector
                0x00000fb4       0x28 .\CortexM3\ARM_GCC_493\Debug\UART_Bootloader.a(CyLib.o)
                0x00000fb4                CyIntSetVector
 .text.CyIntSetPriority
                0x00000fdc       0x30 .\CortexM3\ARM_GCC_493\Debug\UART_Bootloader.a(CyLib.o)
                0x00000fdc                CyIntSetPriority
 .text.CySpcStart
                0x0000100c       0x24 .\CortexM3\ARM_GCC_493\Debug\UART_Bootloader.a(CySpc.o)
                0x0000100c                CySpcStart
 .text.CySpcReadData
                0x00001030       0x34 .\CortexM3\ARM_GCC_493\Debug\UART_Bootloader.a(CySpc.o)
                0x00001030                CySpcReadData
 .text.CySpcLoadRowFull
                0x00001064       0x80 .\CortexM3\ARM_GCC_493\Debug\UART_Bootloader.a(CySpc.o)
                0x00001064                CySpcLoadRowFull
 .text.CySpcWriteRow
                0x000010e4       0x4c .\CortexM3\ARM_GCC_493\Debug\UART_Bootloader.a(CySpc.o)
                0x000010e4                CySpcWriteRow
 .text.CySpcGetTemp
                0x00001130       0x3c .\CortexM3\ARM_GCC_493\Debug\UART_Bootloader.a(CySpc.o)
                0x00001130                CySpcGetTemp
 .text.CySpcLock
                0x0000116c       0x4c .\CortexM3\ARM_GCC_493\Debug\UART_Bootloader.a(CySpc.o)
                0x0000116c                CySpcLock
 .text.CySpcUnlock
                0x000011b8       0x38 .\CortexM3\ARM_GCC_493\Debug\UART_Bootloader.a(CySpc.o)
                0x000011b8                CySpcUnlock
 .text.CySpcGetAlgorithm
                0x000011f0       0x28 .\CortexM3\ARM_GCC_493\Debug\UART_Bootloader.a(CySpc.o)
                0x000011f0                CySpcGetAlgorithm
 .text.UART_CyBtldrCommStart
                0x00001218       0x10 .\CortexM3\ARM_GCC_493\Debug\UART_Bootloader.a(UART_BOOT.o)
                0x00001218                UART_CyBtldrCommStart
 .text.UART_CyBtldrCommStop
                0x00001228        0x8 .\CortexM3\ARM_GCC_493\Debug\UART_Bootloader.a(UART_BOOT.o)
                0x00001228                UART_CyBtldrCommStop
 .text.UART_CyBtldrCommWrite
                0x00001230       0x24 .\CortexM3\ARM_GCC_493\Debug\UART_Bootloader.a(UART_BOOT.o)
                0x00001230                UART_CyBtldrCommWrite
 .text.UART_CyBtldrCommRead
                0x00001254       0xa8 .\CortexM3\ARM_GCC_493\Debug\UART_Bootloader.a(UART_BOOT.o)
                0x00001254                UART_CyBtldrCommRead
 .text.UART_Init
                0x000012fc       0x5c .\CortexM3\ARM_GCC_493\Debug\UART_Bootloader.a(UART.o)
                0x000012fc                UART_Init
 .text.UART_Enable
                0x00001358       0x50 .\CortexM3\ARM_GCC_493\Debug\UART_Bootloader.a(UART.o)
                0x00001358                UART_Enable
 .text.UART_Start
                0x000013a8       0x1c .\CortexM3\ARM_GCC_493\Debug\UART_Bootloader.a(UART.o)
                0x000013a8                UART_Start
 .text.UART_Stop
                0x000013c4       0x4c .\CortexM3\ARM_GCC_493\Debug\UART_Bootloader.a(UART.o)
                0x000013c4                UART_Stop
 .text.UART_ReadRxData
                0x00001410       0x64 .\CortexM3\ARM_GCC_493\Debug\UART_Bootloader.a(UART.o)
                0x00001410                UART_ReadRxData
 .text.UART_GetRxBufferSize
                0x00001474       0x5c .\CortexM3\ARM_GCC_493\Debug\UART_Bootloader.a(UART.o)
                0x00001474                UART_GetRxBufferSize
 .text.UART_ClearRxBuffer
                0x000014d0       0x44 .\CortexM3\ARM_GCC_493\Debug\UART_Bootloader.a(UART.o)
                0x000014d0                UART_ClearRxBuffer
 .text.UART_PutChar
                0x00001514       0x70 .\CortexM3\ARM_GCC_493\Debug\UART_Bootloader.a(UART.o)
                0x00001514                UART_PutChar
 .text.UART_ClearTxBuffer
                0x00001584       0x40 .\CortexM3\ARM_GCC_493\Debug\UART_Bootloader.a(UART.o)
                0x00001584                UART_ClearTxBuffer
 .text.UART_RXISR
                0x000015c4       0x94 .\CortexM3\ARM_GCC_493\Debug\UART_Bootloader.a(UART_INT.o)
                0x000015c4                UART_RXISR
 .text.UART_TXISR
                0x00001658       0x58 .\CortexM3\ARM_GCC_493\Debug\UART_Bootloader.a(UART_INT.o)
                0x00001658                UART_TXISR
 .text.UART_IntClock_Start
                0x000016b0       0x1c .\CortexM3\ARM_GCC_493\Debug\UART_Bootloader.a(UART_IntClock.o)
                0x000016b0                UART_IntClock_Start
 .text.UART_IntClock_Stop
                0x000016cc       0x1c .\CortexM3\ARM_GCC_493\Debug\UART_Bootloader.a(UART_IntClock.o)
                0x000016cc                UART_IntClock_Stop
 .text.__libc_init_array
                0x000016e8       0x4c c:/program files (x86)/cypress/psoc creator/3.3/psoc creator/import/gnu/arm/4.9.3/bin/../lib/gcc/arm-none-eabi/4.9.3/../../../../arm-none-eabi/lib/armv7-m\libg_nano.a(lib_a-init.o)
                0x000016e8                __libc_init_array
 .text.memcpy   0x00001734       0x16 c:/program files (x86)/cypress/psoc creator/3.3/psoc creator/import/gnu/arm/4.9.3/bin/../lib/gcc/arm-none-eabi/4.9.3/../../../../arm-none-eabi/lib/armv7-m\libg_nano.a(lib_a-memcpy.o)
                0x00001734                memcpy
 .text.memset   0x0000174a       0x10 c:/program files (x86)/cypress/psoc creator/3.3/psoc creator/import/gnu/arm/4.9.3/bin/../lib/gcc/arm-none-eabi/4.9.3/../../../../arm-none-eabi/lib/armv7-m\libg_nano.a(lib_a-memset.o)
                0x0000174a                memset
 *(.plt)
 *(.gnu.warning)
 *(.glue_7t)
 .glue_7t       0x00000000        0x0 linker stubs
 *(.glue_7)
 .glue_7        0x00000000        0x0 linker stubs
 *(.vfp11_veneer)
 .vfp11_veneer  0x00000000        0x0 linker stubs
 *(.bootloader)
 *fill*         0x0000175a        0x2 
 .bootloader    0x0000175c        0x8 .\CortexM3\ARM_GCC_493\Debug\UART_Bootloader.a(Bootloader.o)
                0x0000175c                Bootloader_SizeBytes
                0x00001760                Bootloader_Checksum
 *(.ARM.extab* .gnu.linkonce.armextab.*)
 *(.gcc_except_table)

.v4_bx          0x00001764        0x0
 .v4_bx         0x00000000        0x0 linker stubs

.iplt           0x00001764        0x0
 .iplt          0x00000000        0x0 c:/program files (x86)/cypress/psoc creator/3.3/psoc creator/import/gnu/arm/4.9.3/bin/../lib/gcc/arm-none-eabi/4.9.3/armv7-m/crtbegin.o

.eh_frame_hdr
 *(.eh_frame_hdr)

.eh_frame       0x00001764        0x4
 *(.eh_frame)
 .eh_frame      0x00001764        0x0 c:/program files (x86)/cypress/psoc creator/3.3/psoc creator/import/gnu/arm/4.9.3/bin/../lib/gcc/arm-none-eabi/4.9.3/armv7-m/crtbegin.o
 .eh_frame      0x00001764        0x4 c:/program files (x86)/cypress/psoc creator/3.3/psoc creator/import/gnu/arm/4.9.3/bin/../lib/gcc/arm-none-eabi/4.9.3/armv7-m/crtend.o
                0x00001768                PROVIDE (__exidx_start, .)

.ARM.exidx
 *(.ARM.exidx* .gnu.linkonce.armexidx.*)
                0x00001768                __exidx_end = .

.rodata         0x00001768      0x4b8
 *(.rodata .rodata.* .gnu.linkonce.r.*)
 .rodata        0x00001768      0x47c .\CortexM3\ARM_GCC_493\Debug\UART_Bootloader.a(cyfitter_cfg.o)
 .rodata        0x00001be4        0x8 .\CortexM3\ARM_GCC_493\Debug\UART_Bootloader.a(Bootloader.o)
                0x00001bec                . = ALIGN (0x4)
 *(.init)
 .init          0x00001bec        0x4 c:/program files (x86)/cypress/psoc creator/3.3/psoc creator/import/gnu/arm/4.9.3/bin/../lib/gcc/arm-none-eabi/4.9.3/armv7-m/crti.o
                0x00001bec                _init
 .init          0x00001bf0        0x8 c:/program files (x86)/cypress/psoc creator/3.3/psoc creator/import/gnu/arm/4.9.3/bin/../lib/gcc/arm-none-eabi/4.9.3/armv7-m/crtn.o
                0x00001bf8                . = ALIGN (0x4)
                0x00001bf8                __preinit_array_start = .
 *(.preinit_array)
                0x00001bf8                __preinit_array_end = .
                0x00001bf8                . = ALIGN (0x4)
                0x00001bf8                __init_array_start = .
 *(SORT(.init_array.*))
 *(.init_array)
 .init_array    0x00001bf8        0x4 c:/program files (x86)/cypress/psoc creator/3.3/psoc creator/import/gnu/arm/4.9.3/bin/../lib/gcc/arm-none-eabi/4.9.3/armv7-m/crtbegin.o
 .init_array    0x00001bfc        0x4 .\CortexM3\ARM_GCC_493\Debug\Cm3Start.o
                0x00001c00                __init_array_end = .
                0x00001c00                . = ALIGN (0x4)
 *(.fini)
 .fini          0x00001c00        0x4 c:/program files (x86)/cypress/psoc creator/3.3/psoc creator/import/gnu/arm/4.9.3/bin/../lib/gcc/arm-none-eabi/4.9.3/armv7-m/crti.o
                0x00001c00                _fini
 .fini          0x00001c04        0x8 c:/program files (x86)/cypress/psoc creator/3.3/psoc creator/import/gnu/arm/4.9.3/bin/../lib/gcc/arm-none-eabi/4.9.3/armv7-m/crtn.o
                0x00001c0c                . = ALIGN (0x4)
                0x00001c0c                __fini_array_start = .
 *(.fini_array)
 .fini_array    0x00001c0c        0x4 c:/program files (x86)/cypress/psoc creator/3.3/psoc creator/import/gnu/arm/4.9.3/bin/../lib/gcc/arm-none-eabi/4.9.3/armv7-m/crtbegin.o
 *(SORT(.fini_array.*))
                0x00001c10                __fini_array_end = .
                0x00001c10                . = ALIGN (0x4)
 *crtbegin.o(.ctors)
 *(EXCLUDE_FILE(*crtend.o) .ctors)
 *(SORT(.ctors.*))
 *crtend.o(.ctors)
                0x00001c10                . = ALIGN (0x4)
 *crtbegin.o(.dtors)
 *(EXCLUDE_FILE(*crtend.o) .dtors)
 *(SORT(.dtors.*))
 *crtend.o(.dtors)
                0x00001c10                . = ALIGN (0x4)
                0x00001c10                __cy_regions = .
                0x00001c10        0x4 LONG 0x1c20 __cy_region_init_ram
                0x00001c14        0x4 LONG 0x1fff8108 __cy_region_start_data
                0x00001c18        0x4 LONG 0x20 __cy_region_init_size_ram
                0x00001c1c        0x4 LONG 0xc0 __cy_region_zero_size_ram
                0x00001c20                __cy_regions_end = .
                0x00001c20                . = ALIGN (0x8)
                0x00001c20                _etext = .

.cy_checksum_exclude
                0x00001c20        0x0
 *(.cy_checksum_exclude)

.ramvectors     0x1fff8000      0x100
                0x1fff8000                __cy_region_start_ram = .
 *(.ramvectors)
 .ramvectors    0x1fff8000      0x100 .\CortexM3\ARM_GCC_493\Debug\Cm3Start.o
                0x1fff8000                CyRamVectors

.noinit         0x1fff8100        0x5
 *(.noinit)
 .noinit        0x1fff8100        0x4 .\CortexM3\ARM_GCC_493\Debug\Cm3Start.o
 .noinit        0x1fff8104        0x1 .\CortexM3\ARM_GCC_493\Debug\UART_Bootloader.a(CyLib.o)
                0x1fff8104                CyResetStatus

.data           0x1fff8108       0x20 load address 0x00001c20
                0x1fff8108                __cy_region_start_data = .
 *(.jcr)
 .jcr           0x1fff8108        0x0 c:/program files (x86)/cypress/psoc creator/3.3/psoc creator/import/gnu/arm/4.9.3/bin/../lib/gcc/arm-none-eabi/4.9.3/armv7-m/crtbegin.o
 .jcr           0x1fff8108        0x4 c:/program files (x86)/cypress/psoc creator/3.3/psoc creator/import/gnu/arm/4.9.3/bin/../lib/gcc/arm-none-eabi/4.9.3/armv7-m/crtend.o
 *(.got.plt)
 *(.got)
 *(.shdata)
 *(.data .data.* .gnu.linkonce.d.*)
 .data          0x1fff810c        0x8 .\CortexM3\ARM_GCC_493\Debug\UART_Bootloader.a(Bootloader.o)
                0x1fff810c                Bootloader_SizeBytesAccess
                0x1fff8110                Bootloader_ChecksumAccess
 .data          0x1fff8114       0x10 .\CortexM3\ARM_GCC_493\Debug\UART_Bootloader.a(CyLib.o)
                0x1fff8114                cydelay_32k_ms
                0x1fff8118                cydelay_freq_khz
                0x1fff811c                cydelay_freq_mhz
                0x1fff8120                cydelay_freq_hz
                0x1fff8128                . = ALIGN (0x8)
 *fill*         0x1fff8124        0x4 
 *(.ram)
                0x1fff8128                _edata = .

.igot.plt       0x1fff8128        0x0 load address 0x00001c40
 .igot.plt      0x00000000        0x0 c:/program files (x86)/cypress/psoc creator/3.3/psoc creator/import/gnu/arm/4.9.3/bin/../lib/gcc/arm-none-eabi/4.9.3/armv7-m/crtbegin.o

.bss            0x1fff8128       0xc0 load address 0x00001c40
                0x1fff8128                PROVIDE (__bss_start__, .)
 *(.shbss)
 *(.bss .bss.* .gnu.linkonce.b.*)
 .bss           0x1fff8128       0x1c c:/program files (x86)/cypress/psoc creator/3.3/psoc creator/import/gnu/arm/4.9.3/bin/../lib/gcc/arm-none-eabi/4.9.3/armv7-m/crtbegin.o
 .bss           0x1fff8144        0x4 .\CortexM3\ARM_GCC_493\Debug\UART_Bootloader.a(Bootloader.o)
 .bss           0x1fff8148        0x1 .\CortexM3\ARM_GCC_493\Debug\UART_Bootloader.a(PWM.o)
                0x1fff8148                PWM_initVar
 *fill*         0x1fff8149        0x3 
 .bss           0x1fff814c        0x8 .\CortexM3\ARM_GCC_493\Debug\UART_Bootloader.a(CySpc.o)
                0x1fff814c                SpcLockState
 .bss           0x1fff8154        0x9 .\CortexM3\ARM_GCC_493\Debug\UART_Bootloader.a(UART.o)
                0x1fff8154                UART_errorStatus
                0x1fff8155                UART_initVar
                0x1fff8156                UART_rxBufferRead
                0x1fff8157                UART_rxBufferWrite
                0x1fff8158                UART_rxBufferLoopDetect
                0x1fff8159                UART_rxBufferOverflow
                0x1fff815a                UART_txBufferRead
                0x1fff815b                UART_txBufferWrite
 *(COMMON)
 *fill*         0x1fff815d        0x3 
 COMMON         0x1fff8160        0x2 .\CortexM3\ARM_GCC_493\Debug\UART_Bootloader.a(CyFlash.o)
                0x1fff8160                dieTemperature
 *fill*         0x1fff8162        0x2 
 COMMON         0x1fff8164       0x80 .\CortexM3\ARM_GCC_493\Debug\UART_Bootloader.a(UART.o)
                0x1fff8164                UART_rxBuffer
                0x1fff81a4                UART_txBuffer
                0x1fff81e8                . = ALIGN (0x8)
 *fill*         0x1fff81e4        0x4 
 *(.ram.b)
                0x1fff81e8                _end = .
                0x1fff81e8                __end = .
                0x1fff81e8                PROVIDE (end, .)
                0x1fff81e8                PROVIDE (__bss_end__, .)
                0x00001c20                __cy_region_init_ram = LOADADDR (.data)
                0x00000020                __cy_region_init_size_ram = (_edata - ADDR (.data))
                0x000000c0                __cy_region_zero_size_ram = (_end - _edata)

.heap           0x1fff81e8       0x80 load address 0x00001c40
                0x1fff81e8                . = _end
                0x1fff8268                . = (. + 0x80)
 *fill*         0x1fff81e8       0x80 
                0x1fff8268                __cy_heap_limit = .

.stack          0x20007800      0x800
                0x20007800                __cy_stack_limit = .
                0x20008000                . = (. + 0x800)
 *fill*         0x20007800      0x800 
                0x00000001                ASSERT ((__cy_stack_limit >= __cy_heap_limit), region RAM overflowed with stack)
                0x00000000                cy_checksum_exclude_size = (CY_APPL_LOADABLE == 0x1)?SIZEOF (.cy_checksum_exclude):0x0
                0x00000001                ASSERT ((cy_checksum_exclude_size <= CY_CHECKSUM_EXCLUDE_SIZE), CY_BOOT: Section .cy_checksum_exclude size exceedes specified limit.)

.cyloadermeta   0x0003ffc0       0x40
 *(.cyloadermeta)
 .cyloadermeta  0x0003ffc0       0x40 .\CortexM3\ARM_GCC_493\Debug\cymetadata.o
                0x0003ffc0                cy_meta_loader

.cyloadablemeta
 *(.cyloadablemeta)

.cyconfigecc    0x80000000        0x4
 *(.cyconfigecc)
 .cyconfigecc   0x80000000        0x4 .\CortexM3\ARM_GCC_493\Debug\cymetadata.o
                0x80000000                cy_meta_configecc

.cycustnvl      0x90000000        0x4
 *(.cycustnvl)
 .cycustnvl     0x90000000        0x4 .\CortexM3\ARM_GCC_493\Debug\cymetadata.o
                0x90000000                cy_meta_custnvl

.cywolatch      0x90100000        0x4
 *(.cywolatch)
 .cywolatch     0x90100000        0x4 .\CortexM3\ARM_GCC_493\Debug\cymetadata.o
                0x90100000                cy_meta_wonvl

.cyeeprom       0x90200000        0x0
 *(.cyeeprom)
                0x00000001                ASSERT ((. <= ((0x90200000 + ee_offset) + ee_size)), .cyeeprom data will not fit in EEPROM)

.cyflashprotect
                0x90400000      0x100
 *(.cyflashprotect)
 .cyflashprotect
                0x90400000      0x100 .\CortexM3\ARM_GCC_493\Debug\cymetadata.o
                0x90400000                cy_meta_flashprotect

.cymeta         0x90500000        0xc
 *(.cymeta)
 .cymeta        0x90500000        0xc .\CortexM3\ARM_GCC_493\Debug\cymetadata.o
                0x90500000                cy_metadata

.rel.dyn        0x00001c40        0x0 load address 0x9050000c
 .rel.iplt      0x00000000        0x0 c:/program files (x86)/cypress/psoc creator/3.3/psoc creator/import/gnu/arm/4.9.3/bin/../lib/gcc/arm-none-eabi/4.9.3/armv7-m/crtbegin.o

.stab
 *(.stab)

.stabstr
 *(.stabstr)

.debug
 *(.debug)

.line
 *(.line)

.debug_srcinfo
 *(.debug_srcinfo)

.debug_sfnames
 *(.debug_sfnames)

.debug_aranges  0x00000000      0x7f0
 *(.debug_aranges)
 .debug_aranges
                0x00000000       0x20 .\CortexM3\ARM_GCC_493\Debug\main.o
 .debug_aranges
                0x00000020       0x18 .\CortexM3\ARM_GCC_493\Debug\cymetadata.o
 .debug_aranges
                0x00000038       0x48 .\CortexM3\ARM_GCC_493\Debug\Cm3Start.o
 .debug_aranges
                0x00000080       0x60 .\CortexM3\ARM_GCC_493\Debug\UART_Bootloader.a(cyfitter_cfg.o)
 .debug_aranges
                0x000000e0       0x88 .\CortexM3\ARM_GCC_493\Debug\UART_Bootloader.a(Bootloader.o)
 .debug_aranges
                0x00000168       0x78 .\CortexM3\ARM_GCC_493\Debug\UART_Bootloader.a(PWM.o)
 .debug_aranges
                0x000001e0       0x20 .\CortexM3\ARM_GCC_493\Debug\UART_Bootloader.a(CyBootAsmGnu.o)
 .debug_aranges
                0x00000200       0x80 .\CortexM3\ARM_GCC_493\Debug\UART_Bootloader.a(CyFlash.o)
 .debug_aranges
                0x00000280      0x298 .\CortexM3\ARM_GCC_493\Debug\UART_Bootloader.a(CyLib.o)
 .debug_aranges
                0x00000518       0x98 .\CortexM3\ARM_GCC_493\Debug\UART_Bootloader.a(cyPm.o)
 .debug_aranges
                0x000005b0       0x78 .\CortexM3\ARM_GCC_493\Debug\UART_Bootloader.a(CySpc.o)
 .debug_aranges
                0x00000628       0x40 .\CortexM3\ARM_GCC_493\Debug\UART_Bootloader.a(UART_BOOT.o)
 .debug_aranges
                0x00000668       0xf0 .\CortexM3\ARM_GCC_493\Debug\UART_Bootloader.a(UART.o)
 .debug_aranges
                0x00000758       0x28 .\CortexM3\ARM_GCC_493\Debug\UART_Bootloader.a(UART_INT.o)
 .debug_aranges
                0x00000780       0x70 .\CortexM3\ARM_GCC_493\Debug\UART_Bootloader.a(UART_IntClock.o)

.debug_pubnames
 *(.debug_pubnames)

.debug_info     0x00000000     0x5539
 *(.debug_info .gnu.linkonce.wi.*)
 .debug_info    0x00000000       0xe9 .\CortexM3\ARM_GCC_493\Debug\main.o
 .debug_info    0x000000e9      0x160 .\CortexM3\ARM_GCC_493\Debug\cymetadata.o
 .debug_info    0x00000249      0x3af .\CortexM3\ARM_GCC_493\Debug\Cm3Start.o
 .debug_info    0x000005f8      0x696 .\CortexM3\ARM_GCC_493\Debug\UART_Bootloader.a(cyfitter_cfg.o)
 .debug_info    0x00000c8e      0xddc .\CortexM3\ARM_GCC_493\Debug\UART_Bootloader.a(Bootloader.o)
 .debug_info    0x00001a6a      0x278 .\CortexM3\ARM_GCC_493\Debug\UART_Bootloader.a(PWM.o)
 .debug_info    0x00001ce2       0xa9 .\CortexM3\ARM_GCC_493\Debug\UART_Bootloader.a(CyBootAsmGnu.o)
 .debug_info    0x00001d8b      0x608 .\CortexM3\ARM_GCC_493\Debug\UART_Bootloader.a(CyFlash.o)
 .debug_info    0x00002393     0x136f .\CortexM3\ARM_GCC_493\Debug\UART_Bootloader.a(CyLib.o)
 .debug_info    0x00003702      0xa57 .\CortexM3\ARM_GCC_493\Debug\UART_Bootloader.a(cyPm.o)
 .debug_info    0x00004159      0x4ea .\CortexM3\ARM_GCC_493\Debug\UART_Bootloader.a(CySpc.o)
 .debug_info    0x00004643      0x322 .\CortexM3\ARM_GCC_493\Debug\UART_Bootloader.a(UART_BOOT.o)
 .debug_info    0x00004965      0x7d2 .\CortexM3\ARM_GCC_493\Debug\UART_Bootloader.a(UART.o)
 .debug_info    0x00005137      0x17f .\CortexM3\ARM_GCC_493\Debug\UART_Bootloader.a(UART_INT.o)
 .debug_info    0x000052b6      0x283 .\CortexM3\ARM_GCC_493\Debug\UART_Bootloader.a(UART_IntClock.o)

.debug_abbrev   0x00000000     0x152d
 *(.debug_abbrev)
 .debug_abbrev  0x00000000       0x85 .\CortexM3\ARM_GCC_493\Debug\main.o
 .debug_abbrev  0x00000085       0x5d .\CortexM3\ARM_GCC_493\Debug\cymetadata.o
 .debug_abbrev  0x000000e2      0x200 .\CortexM3\ARM_GCC_493\Debug\Cm3Start.o
 .debug_abbrev  0x000002e2      0x1f0 .\CortexM3\ARM_GCC_493\Debug\UART_Bootloader.a(cyfitter_cfg.o)
 .debug_abbrev  0x000004d2      0x259 .\CortexM3\ARM_GCC_493\Debug\UART_Bootloader.a(Bootloader.o)
 .debug_abbrev  0x0000072b      0x12d .\CortexM3\ARM_GCC_493\Debug\UART_Bootloader.a(PWM.o)
 .debug_abbrev  0x00000858       0x14 .\CortexM3\ARM_GCC_493\Debug\UART_Bootloader.a(CyBootAsmGnu.o)
 .debug_abbrev  0x0000086c      0x1ed .\CortexM3\ARM_GCC_493\Debug\UART_Bootloader.a(CyFlash.o)
 .debug_abbrev  0x00000a59      0x296 .\CortexM3\ARM_GCC_493\Debug\UART_Bootloader.a(CyLib.o)
 .debug_abbrev  0x00000cef      0x1ed .\CortexM3\ARM_GCC_493\Debug\UART_Bootloader.a(cyPm.o)
 .debug_abbrev  0x00000edc      0x1c1 .\CortexM3\ARM_GCC_493\Debug\UART_Bootloader.a(CySpc.o)
 .debug_abbrev  0x0000109d       0xfd .\CortexM3\ARM_GCC_493\Debug\UART_Bootloader.a(UART_BOOT.o)
 .debug_abbrev  0x0000119a      0x1b8 .\CortexM3\ARM_GCC_493\Debug\UART_Bootloader.a(UART.o)
 .debug_abbrev  0x00001352       0xa2 .\CortexM3\ARM_GCC_493\Debug\UART_Bootloader.a(UART_INT.o)
 .debug_abbrev  0x000013f4      0x139 .\CortexM3\ARM_GCC_493\Debug\UART_Bootloader.a(UART_IntClock.o)

.debug_line     0x00000000     0x23fb
 *(.debug_line)
 .debug_line    0x00000000      0x176 .\CortexM3\ARM_GCC_493\Debug\main.o
 .debug_line    0x00000176       0x53 .\CortexM3\ARM_GCC_493\Debug\cymetadata.o
 .debug_line    0x000001c9      0x24a .\CortexM3\ARM_GCC_493\Debug\Cm3Start.o
 .debug_line    0x00000413      0x20f .\CortexM3\ARM_GCC_493\Debug\UART_Bootloader.a(cyfitter_cfg.o)
 .debug_line    0x00000622      0x613 .\CortexM3\ARM_GCC_493\Debug\UART_Bootloader.a(Bootloader.o)
 .debug_line    0x00000c35      0x133 .\CortexM3\ARM_GCC_493\Debug\UART_Bootloader.a(PWM.o)
 .debug_line    0x00000d68       0x68 .\CortexM3\ARM_GCC_493\Debug\UART_Bootloader.a(CyBootAsmGnu.o)
 .debug_line    0x00000dd0      0x1ec .\CortexM3\ARM_GCC_493\Debug\UART_Bootloader.a(CyFlash.o)
 .debug_line    0x00000fbc      0x806 .\CortexM3\ARM_GCC_493\Debug\UART_Bootloader.a(CyLib.o)
 .debug_line    0x000017c2      0x366 .\CortexM3\ARM_GCC_493\Debug\UART_Bootloader.a(cyPm.o)
 .debug_line    0x00001b28      0x23e .\CortexM3\ARM_GCC_493\Debug\UART_Bootloader.a(CySpc.o)
 .debug_line    0x00001d66      0x11d .\CortexM3\ARM_GCC_493\Debug\UART_Bootloader.a(UART_BOOT.o)
 .debug_line    0x00001e83      0x33d .\CortexM3\ARM_GCC_493\Debug\UART_Bootloader.a(UART.o)
 .debug_line    0x000021c0       0xa6 .\CortexM3\ARM_GCC_493\Debug\UART_Bootloader.a(UART_INT.o)
 .debug_line    0x00002266      0x195 .\CortexM3\ARM_GCC_493\Debug\UART_Bootloader.a(UART_IntClock.o)

.debug_frame    0x00000000     0x155c
 *(.debug_frame)
 .debug_frame   0x00000000       0x2c .\CortexM3\ARM_GCC_493\Debug\main.o
 .debug_frame   0x0000002c       0xac .\CortexM3\ARM_GCC_493\Debug\Cm3Start.o
 .debug_frame   0x000000d8      0x100 .\CortexM3\ARM_GCC_493\Debug\UART_Bootloader.a(cyfitter_cfg.o)
 .debug_frame   0x000001d8      0x1c8 .\CortexM3\ARM_GCC_493\Debug\UART_Bootloader.a(Bootloader.o)
 .debug_frame   0x000003a0       0xe8 .\CortexM3\ARM_GCC_493\Debug\UART_Bootloader.a(PWM.o)
 .debug_frame   0x00000488      0x174 .\CortexM3\ARM_GCC_493\Debug\UART_Bootloader.a(CyFlash.o)
 .debug_frame   0x000005fc      0x728 .\CortexM3\ARM_GCC_493\Debug\UART_Bootloader.a(CyLib.o)
 .debug_frame   0x00000d24      0x1f8 .\CortexM3\ARM_GCC_493\Debug\UART_Bootloader.a(cyPm.o)
 .debug_frame   0x00000f1c      0x160 .\CortexM3\ARM_GCC_493\Debug\UART_Bootloader.a(CySpc.o)
 .debug_frame   0x0000107c       0xb8 .\CortexM3\ARM_GCC_493\Debug\UART_Bootloader.a(UART_BOOT.o)
 .debug_frame   0x00001134      0x25c .\CortexM3\ARM_GCC_493\Debug\UART_Bootloader.a(UART.o)
 .debug_frame   0x00001390       0x30 .\CortexM3\ARM_GCC_493\Debug\UART_Bootloader.a(UART_INT.o)
 .debug_frame   0x000013c0       0xe0 .\CortexM3\ARM_GCC_493\Debug\UART_Bootloader.a(UART_IntClock.o)
 .debug_frame   0x000014a0       0x20 c:/program files (x86)/cypress/psoc creator/3.3/psoc creator/import/gnu/arm/4.9.3/bin/../lib/gcc/arm-none-eabi/4.9.3/../../../../arm-none-eabi/lib/armv7-m\libg_nano.a(lib_a-errno.o)
 .debug_frame   0x000014c0       0x28 c:/program files (x86)/cypress/psoc creator/3.3/psoc creator/import/gnu/arm/4.9.3/bin/../lib/gcc/arm-none-eabi/4.9.3/../../../../arm-none-eabi/lib/armv7-m\libg_nano.a(lib_a-exit.o)
 .debug_frame   0x000014e8       0x2c c:/program files (x86)/cypress/psoc creator/3.3/psoc creator/import/gnu/arm/4.9.3/bin/../lib/gcc/arm-none-eabi/4.9.3/../../../../arm-none-eabi/lib/armv7-m\libg_nano.a(lib_a-init.o)
 .debug_frame   0x00001514       0x28 c:/program files (x86)/cypress/psoc creator/3.3/psoc creator/import/gnu/arm/4.9.3/bin/../lib/gcc/arm-none-eabi/4.9.3/../../../../arm-none-eabi/lib/armv7-m\libg_nano.a(lib_a-memcpy.o)
 .debug_frame   0x0000153c       0x20 c:/program files (x86)/cypress/psoc creator/3.3/psoc creator/import/gnu/arm/4.9.3/bin/../lib/gcc/arm-none-eabi/4.9.3/../../../../arm-none-eabi/lib/armv7-m\libg_nano.a(lib_a-memset.o)

.debug_str      0x00000000     0x1edc
 *(.debug_str)
 .debug_str     0x00000000      0x18d .\CortexM3\ARM_GCC_493\Debug\main.o
                                0x1ce (size before relaxing)
 .debug_str     0x0000018d       0x8c .\CortexM3\ARM_GCC_493\Debug\cymetadata.o
                                0x212 (size before relaxing)
 .debug_str     0x00000219      0x180 .\CortexM3\ARM_GCC_493\Debug\Cm3Start.o
                                0x32b (size before relaxing)
 .debug_str     0x00000399      0x1ea .\CortexM3\ARM_GCC_493\Debug\UART_Bootloader.a(cyfitter_cfg.o)
                                0x3bf (size before relaxing)
 .debug_str     0x00000583      0x4f9 .\CortexM3\ARM_GCC_493\Debug\UART_Bootloader.a(Bootloader.o)
                                0x714 (size before relaxing)
 .debug_str     0x00000a7c      0x10f .\CortexM3\ARM_GCC_493\Debug\UART_Bootloader.a(PWM.o)
                                0x2be (size before relaxing)
 .debug_str     0x00000b8b      0x1a9 .\CortexM3\ARM_GCC_493\Debug\UART_Bootloader.a(CyFlash.o)
                                0x3ae (size before relaxing)
 .debug_str     0x00000d34      0x7cd .\CortexM3\ARM_GCC_493\Debug\UART_Bootloader.a(CyLib.o)
                                0xa3c (size before relaxing)
 .debug_str     0x00001501      0x345 .\CortexM3\ARM_GCC_493\Debug\UART_Bootloader.a(cyPm.o)
                                0x734 (size before relaxing)
 .debug_str     0x00001846       0xae .\CortexM3\ARM_GCC_493\Debug\UART_Bootloader.a(CySpc.o)
                                0x337 (size before relaxing)
 .debug_str     0x000018f4       0xe2 .\CortexM3\ARM_GCC_493\Debug\UART_Bootloader.a(UART_BOOT.o)
                                0x2fd (size before relaxing)
 .debug_str     0x000019d6      0x321 .\CortexM3\ARM_GCC_493\Debug\UART_Bootloader.a(UART.o)
                                0x5b2 (size before relaxing)
 .debug_str     0x00001cf7       0x60 .\CortexM3\ARM_GCC_493\Debug\UART_Bootloader.a(UART_INT.o)
                                0x296 (size before relaxing)
 .debug_str     0x00001d57      0x185 .\CortexM3\ARM_GCC_493\Debug\UART_Bootloader.a(UART_IntClock.o)
                                0x34f (size before relaxing)

.debug_loc      0x00000000     0x2f05
 *(.debug_loc)
 .debug_loc     0x00000000      0x144 .\CortexM3\ARM_GCC_493\Debug\Cm3Start.o
 .debug_loc     0x00000144      0x2bd .\CortexM3\ARM_GCC_493\Debug\UART_Bootloader.a(cyfitter_cfg.o)
 .debug_loc     0x00000401      0xee6 .\CortexM3\ARM_GCC_493\Debug\UART_Bootloader.a(Bootloader.o)
 .debug_loc     0x000012e7       0x13 .\CortexM3\ARM_GCC_493\Debug\UART_Bootloader.a(PWM.o)
 .debug_loc     0x000012fa      0x300 .\CortexM3\ARM_GCC_493\Debug\UART_Bootloader.a(CyFlash.o)
 .debug_loc     0x000015fa      0xa11 .\CortexM3\ARM_GCC_493\Debug\UART_Bootloader.a(CyLib.o)
 .debug_loc     0x0000200b      0x1e4 .\CortexM3\ARM_GCC_493\Debug\UART_Bootloader.a(cyPm.o)
 .debug_loc     0x000021ef      0x64d .\CortexM3\ARM_GCC_493\Debug\UART_Bootloader.a(CySpc.o)
 .debug_loc     0x0000283c      0x1f0 .\CortexM3\ARM_GCC_493\Debug\UART_Bootloader.a(UART_BOOT.o)
 .debug_loc     0x00002a2c      0x36c .\CortexM3\ARM_GCC_493\Debug\UART_Bootloader.a(UART.o)
 .debug_loc     0x00002d98       0x45 .\CortexM3\ARM_GCC_493\Debug\UART_Bootloader.a(UART_INT.o)
 .debug_loc     0x00002ddd      0x128 .\CortexM3\ARM_GCC_493\Debug\UART_Bootloader.a(UART_IntClock.o)

.debug_macinfo
 *(.debug_macinfo)

.debug_ranges   0x00000000      0x860
 *(.debug_ranges)
 .debug_ranges  0x00000000       0x10 .\CortexM3\ARM_GCC_493\Debug\main.o
 .debug_ranges  0x00000010       0x38 .\CortexM3\ARM_GCC_493\Debug\Cm3Start.o
 .debug_ranges  0x00000048       0x50 .\CortexM3\ARM_GCC_493\Debug\UART_Bootloader.a(cyfitter_cfg.o)
 .debug_ranges  0x00000098      0x1f0 .\CortexM3\ARM_GCC_493\Debug\UART_Bootloader.a(Bootloader.o)
 .debug_ranges  0x00000288       0x68 .\CortexM3\ARM_GCC_493\Debug\UART_Bootloader.a(PWM.o)
 .debug_ranges  0x000002f0       0x70 .\CortexM3\ARM_GCC_493\Debug\UART_Bootloader.a(CyFlash.o)
 .debug_ranges  0x00000360      0x288 .\CortexM3\ARM_GCC_493\Debug\UART_Bootloader.a(CyLib.o)
 .debug_ranges  0x000005e8       0x88 .\CortexM3\ARM_GCC_493\Debug\UART_Bootloader.a(cyPm.o)
 .debug_ranges  0x00000670       0x68 .\CortexM3\ARM_GCC_493\Debug\UART_Bootloader.a(CySpc.o)
 .debug_ranges  0x000006d8       0x30 .\CortexM3\ARM_GCC_493\Debug\UART_Bootloader.a(UART_BOOT.o)
 .debug_ranges  0x00000708       0xe0 .\CortexM3\ARM_GCC_493\Debug\UART_Bootloader.a(UART.o)
 .debug_ranges  0x000007e8       0x18 .\CortexM3\ARM_GCC_493\Debug\UART_Bootloader.a(UART_INT.o)
 .debug_ranges  0x00000800       0x60 .\CortexM3\ARM_GCC_493\Debug\UART_Bootloader.a(UART_IntClock.o)

.comment        0x00000000       0x70
 .comment       0x00000000       0x70 .\CortexM3\ARM_GCC_493\Debug\main.o
                                 0x71 (size before relaxing)
 .comment       0x00000000       0x71 .\CortexM3\ARM_GCC_493\Debug\cymetadata.o
 .comment       0x00000000       0x71 .\CortexM3\ARM_GCC_493\Debug\Cm3Start.o
 .comment       0x00000000       0x71 .\CortexM3\ARM_GCC_493\Debug\UART_Bootloader.a(cyfitter_cfg.o)
 .comment       0x00000000       0x71 .\CortexM3\ARM_GCC_493\Debug\UART_Bootloader.a(Bootloader.o)
 .comment       0x00000000       0x71 .\CortexM3\ARM_GCC_493\Debug\UART_Bootloader.a(PWM.o)
 .comment       0x00000000       0x71 .\CortexM3\ARM_GCC_493\Debug\UART_Bootloader.a(CyFlash.o)
 .comment       0x00000000       0x71 .\CortexM3\ARM_GCC_493\Debug\UART_Bootloader.a(CyLib.o)
 .comment       0x00000000       0x71 .\CortexM3\ARM_GCC_493\Debug\UART_Bootloader.a(cyPm.o)
 .comment       0x00000000       0x71 .\CortexM3\ARM_GCC_493\Debug\UART_Bootloader.a(CySpc.o)
 .comment       0x00000000       0x71 .\CortexM3\ARM_GCC_493\Debug\UART_Bootloader.a(UART_BOOT.o)
 .comment       0x00000000       0x71 .\CortexM3\ARM_GCC_493\Debug\UART_Bootloader.a(UART.o)
 .comment       0x00000000       0x71 .\CortexM3\ARM_GCC_493\Debug\UART_Bootloader.a(UART_INT.o)
 .comment       0x00000000       0x71 .\CortexM3\ARM_GCC_493\Debug\UART_Bootloader.a(UART_IntClock.o)

.debug_weaknames
 *(.debug_weaknames)

.debug_funcnames
 *(.debug_funcnames)

.debug_typenames
 *(.debug_typenames)

.debug_varnames
 *(.debug_varnames)

.note.gnu.arm.ident
 *(.note.gnu.arm.ident)

.ARM.attributes
                0x00000000       0x29
 *(.ARM.attributes)
 .ARM.attributes
                0x00000000       0x1d c:/program files (x86)/cypress/psoc creator/3.3/psoc creator/import/gnu/arm/4.9.3/bin/../lib/gcc/arm-none-eabi/4.9.3/armv7-m/crti.o
 .ARM.attributes
                0x0000001d       0x2d c:/program files (x86)/cypress/psoc creator/3.3/psoc creator/import/gnu/arm/4.9.3/bin/../lib/gcc/arm-none-eabi/4.9.3/armv7-m/crtbegin.o
 .ARM.attributes
                0x0000004a       0x1b c:/program files (x86)/cypress/psoc creator/3.3/psoc creator/import/gnu/arm/4.9.3/bin/../lib/gcc/arm-none-eabi/4.9.3/../../../../arm-none-eabi/lib/armv7-m/crt0.o
 .ARM.attributes
                0x00000065       0x33 .\CortexM3\ARM_GCC_493\Debug\main.o
 .ARM.attributes
                0x00000098       0x33 .\CortexM3\ARM_GCC_493\Debug\cymetadata.o
 .ARM.attributes
                0x000000cb       0x33 .\CortexM3\ARM_GCC_493\Debug\Cm3Start.o
 .ARM.attributes
                0x000000fe       0x33 .\CortexM3\ARM_GCC_493\Debug\UART_Bootloader.a(cyfitter_cfg.o)
 .ARM.attributes
                0x00000131       0x33 .\CortexM3\ARM_GCC_493\Debug\UART_Bootloader.a(Bootloader.o)
 .ARM.attributes
                0x00000164       0x33 .\CortexM3\ARM_GCC_493\Debug\UART_Bootloader.a(PWM.o)
 .ARM.attributes
                0x00000197       0x21 .\CortexM3\ARM_GCC_493\Debug\UART_Bootloader.a(CyBootAsmGnu.o)
 .ARM.attributes
                0x000001b8       0x33 .\CortexM3\ARM_GCC_493\Debug\UART_Bootloader.a(CyFlash.o)
 .ARM.attributes
                0x000001eb       0x33 .\CortexM3\ARM_GCC_493\Debug\UART_Bootloader.a(CyLib.o)
 .ARM.attributes
                0x0000021e       0x33 .\CortexM3\ARM_GCC_493\Debug\UART_Bootloader.a(cyPm.o)
 .ARM.attributes
                0x00000251       0x33 .\CortexM3\ARM_GCC_493\Debug\UART_Bootloader.a(CySpc.o)
 .ARM.attributes
                0x00000284       0x33 .\CortexM3\ARM_GCC_493\Debug\UART_Bootloader.a(UART_BOOT.o)
 .ARM.attributes
                0x000002b7       0x33 .\CortexM3\ARM_GCC_493\Debug\UART_Bootloader.a(UART.o)
 .ARM.attributes
                0x000002ea       0x33 .\CortexM3\ARM_GCC_493\Debug\UART_Bootloader.a(UART_INT.o)
 .ARM.attributes
                0x0000031d       0x33 .\CortexM3\ARM_GCC_493\Debug\UART_Bootloader.a(UART_IntClock.o)
 .ARM.attributes
                0x00000350       0x2d c:/program files (x86)/cypress/psoc creator/3.3/psoc creator/import/gnu/arm/4.9.3/bin/../lib/gcc/arm-none-eabi/4.9.3/../../../../arm-none-eabi/lib/armv7-m\libg_nano.a(lib_a-errno.o)
 .ARM.attributes
                0x0000037d       0x2d c:/program files (x86)/cypress/psoc creator/3.3/psoc creator/import/gnu/arm/4.9.3/bin/../lib/gcc/arm-none-eabi/4.9.3/../../../../arm-none-eabi/lib/armv7-m\libg_nano.a(lib_a-exit.o)
 .ARM.attributes
                0x000003aa       0x2d c:/program files (x86)/cypress/psoc creator/3.3/psoc creator/import/gnu/arm/4.9.3/bin/../lib/gcc/arm-none-eabi/4.9.3/../../../../arm-none-eabi/lib/armv7-m\libg_nano.a(lib_a-impure.o)
 .ARM.attributes
                0x000003d7       0x2d c:/program files (x86)/cypress/psoc creator/3.3/psoc creator/import/gnu/arm/4.9.3/bin/../lib/gcc/arm-none-eabi/4.9.3/../../../../arm-none-eabi/lib/armv7-m\libg_nano.a(lib_a-init.o)
 .ARM.attributes
                0x00000404       0x2d c:/program files (x86)/cypress/psoc creator/3.3/psoc creator/import/gnu/arm/4.9.3/bin/../lib/gcc/arm-none-eabi/4.9.3/../../../../arm-none-eabi/lib/armv7-m\libg_nano.a(lib_a-memcpy.o)
 .ARM.attributes
                0x00000431       0x2d c:/program files (x86)/cypress/psoc creator/3.3/psoc creator/import/gnu/arm/4.9.3/bin/../lib/gcc/arm-none-eabi/4.9.3/../../../../arm-none-eabi/lib/armv7-m\libg_nano.a(lib_a-memset.o)
 .ARM.attributes
                0x0000045e       0x2d c:/program files (x86)/cypress/psoc creator/3.3/psoc creator/import/gnu/arm/4.9.3/bin/../lib/gcc/arm-none-eabi/4.9.3/armv7-m/crtend.o
 .ARM.attributes
                0x0000048b       0x1d c:/program files (x86)/cypress/psoc creator/3.3/psoc creator/import/gnu/arm/4.9.3/bin/../lib/gcc/arm-none-eabi/4.9.3/armv7-m/crtn.o

/DISCARD/
 *(.note.GNU-stack)
OUTPUT(.\CortexM3\ARM_GCC_493\Debug\UART_Bootloader.elf elf32-littlearm)
