Archive member included because of file (symbol)

.\ARM_GCC_493\Debug\C-CAN.a(cyfitter_cfg.o)
                              .\ARM_GCC_493\Debug\Cm3Start.o (cyfitter_cfg)
.\ARM_GCC_493\Debug\C-CAN.a(UART_1.o)
                              .\ARM_GCC_493\Debug\main.o (UART_1_Start)
.\ARM_GCC_493\Debug\C-CAN.a(UART_1_IntClock.o)
                              .\ARM_GCC_493\Debug\C-CAN.a(UART_1.o) (UART_1_IntClock_Start)
.\ARM_GCC_493\Debug\C-CAN.a(CyBootAsmGnu.o)
                              .\ARM_GCC_493\Debug\C-CAN.a(cyfitter_cfg.o) (CyDelayCycles)
.\ARM_GCC_493\Debug\C-CAN.a(CyLib.o)
                              .\ARM_GCC_493\Debug\Cm3Start.o (CyHalt)
.\ARM_GCC_493\Debug\C-CAN.a(cyPm.o)
                              .\ARM_GCC_493\Debug\C-CAN.a(CyLib.o) (CyPmReadStatus)
.\ARM_GCC_493\Debug\C-CAN.a(ADC_SAR_1.o)
                              .\ARM_GCC_493\Debug\main.o (ADC_SAR_1_Start)
.\ARM_GCC_493\Debug\C-CAN.a(ADC_SAR_1_INT.o)
                              .\ARM_GCC_493\Debug\C-CAN.a(ADC_SAR_1.o) (ADC_SAR_1_ISR)
.\ARM_GCC_493\Debug\C-CAN.a(ADC_SAR_1_theACLK.o)
                              .\ARM_GCC_493\Debug\C-CAN.a(ADC_SAR_1.o) (ADC_SAR_1_theACLK_SetModeRegister)
.\ARM_GCC_493\Debug\C-CAN.a(AMux_1.o)
                              .\ARM_GCC_493\Debug\main.o (AMux_1_Start)
.\ARM_GCC_493\Debug\C-CAN.a(CAN_1.o)
                              .\ARM_GCC_493\Debug\main.o (CAN_1_Start)
.\ARM_GCC_493\Debug\C-CAN.a(CAN_1_INT.o)
                              .\ARM_GCC_493\Debug\C-CAN.a(CAN_1.o) (CAN_1_ISR)
.\ARM_GCC_493\Debug\C-CAN.a(CAN_TIMER.o)
                              .\ARM_GCC_493\Debug\main.o (CAN_TIMER_Start)
.\ARM_GCC_493\Debug\C-CAN.a(CAN_ISR.o)
                              .\ARM_GCC_493\Debug\main.o (CAN_ISR_Start)
.\ARM_GCC_493\Debug\C-CAN.a(Encoder_Left.o)
                              .\ARM_GCC_493\Debug\main.o (Encoder_Left_Start)
.\ARM_GCC_493\Debug\C-CAN.a(Encoder_Right.o)
                              .\ARM_GCC_493\Debug\main.o (Encoder_Right_Start)
.\ARM_GCC_493\Debug\C-CAN.a(leftEncTimer.o)
                              .\ARM_GCC_493\Debug\main.o (leftEncTimer_Start)
.\ARM_GCC_493\Debug\C-CAN.a(rightEncTimer.o)
                              .\ARM_GCC_493\Debug\main.o (rightEncTimer_Start)
.\ARM_GCC_493\Debug\C-CAN.a(CyFlash.o)
                              .\ARM_GCC_493\Debug\C-CAN.a(cyPm.o) (CyFlash_SetWaitCycles)
.\ARM_GCC_493\Debug\C-CAN.a(CySpc.o)
                              .\ARM_GCC_493\Debug\C-CAN.a(CyFlash.o) (CySpcStart)
c:/program files (x86)/cypress/psoc creator/3.3/psoc creator/import/gnu/arm/4.9.3/bin/../lib/gcc/arm-none-eabi/4.9.3/armv7-m\libgcc.a(_arm_addsubsf3.o)
                              .\ARM_GCC_493\Debug\main.o (__aeabi_fsub)
c:/program files (x86)/cypress/psoc creator/3.3/psoc creator/import/gnu/arm/4.9.3/bin/../lib/gcc/arm-none-eabi/4.9.3/armv7-m\libgcc.a(_arm_muldivsf3.o)
                              .\ARM_GCC_493\Debug\main.o (__aeabi_fmul)
c:/program files (x86)/cypress/psoc creator/3.3/psoc creator/import/gnu/arm/4.9.3/bin/../lib/gcc/arm-none-eabi/4.9.3/armv7-m\libgcc.a(_arm_fixsfsi.o)
                              .\ARM_GCC_493\Debug\main.o (__aeabi_f2iz)
c:/program files (x86)/cypress/psoc creator/3.3/psoc creator/import/gnu/arm/4.9.3/bin/../lib/gcc/arm-none-eabi/4.9.3/armv7-m\libgcc.a(_aeabi_ldivmod.o)
                              .\ARM_GCC_493\Debug\C-CAN.a(ADC_SAR_1.o) (__aeabi_ldivmod)
c:/program files (x86)/cypress/psoc creator/3.3/psoc creator/import/gnu/arm/4.9.3/bin/../lib/gcc/arm-none-eabi/4.9.3/armv7-m\libgcc.a(bpabi.o)
                              c:/program files (x86)/cypress/psoc creator/3.3/psoc creator/import/gnu/arm/4.9.3/bin/../lib/gcc/arm-none-eabi/4.9.3/armv7-m\libgcc.a(_aeabi_ldivmod.o) (__gnu_ldivmod_helper)
c:/program files (x86)/cypress/psoc creator/3.3/psoc creator/import/gnu/arm/4.9.3/bin/../lib/gcc/arm-none-eabi/4.9.3/armv7-m\libgcc.a(_dvmd_tls.o)
                              c:/program files (x86)/cypress/psoc creator/3.3/psoc creator/import/gnu/arm/4.9.3/bin/../lib/gcc/arm-none-eabi/4.9.3/armv7-m\libgcc.a(_aeabi_ldivmod.o) (__aeabi_ldiv0)
c:/program files (x86)/cypress/psoc creator/3.3/psoc creator/import/gnu/arm/4.9.3/bin/../lib/gcc/arm-none-eabi/4.9.3/armv7-m\libgcc.a(_divdi3.o)
                              c:/program files (x86)/cypress/psoc creator/3.3/psoc creator/import/gnu/arm/4.9.3/bin/../lib/gcc/arm-none-eabi/4.9.3/armv7-m\libgcc.a(bpabi.o) (__divdi3)
c:/program files (x86)/cypress/psoc creator/3.3/psoc creator/import/gnu/arm/4.9.3/bin/../lib/gcc/arm-none-eabi/4.9.3/armv7-m\libgcc.a(_udivdi3.o)
                              c:/program files (x86)/cypress/psoc creator/3.3/psoc creator/import/gnu/arm/4.9.3/bin/../lib/gcc/arm-none-eabi/4.9.3/armv7-m\libgcc.a(bpabi.o) (__udivdi3)
c:/program files (x86)/cypress/psoc creator/3.3/psoc creator/import/gnu/arm/4.9.3/bin/../lib/gcc/arm-none-eabi/4.9.3/../../../../arm-none-eabi/lib/armv7-m\libg_nano.a(lib_a-errno.o)
[...]
Memory Configuration

Name             Origin             Length             Attributes
rom              0x00000000         0x00040000         xr
ram              0x1fff8000         0x00010000         xrw
*default*        0x00000000         0xffffffff

Linker script and memory map

LOAD c:/program files (x86)/cypress/psoc creator/3.3/psoc creator/import/gnu/arm/4.9.3/bin/../lib/gcc/arm-none-eabi/4.9.3/armv7-m/crti.o
LOAD c:/program files (x86)/cypress/psoc creator/3.3/psoc creator/import/gnu/arm/4.9.3/bin/../lib/gcc/arm-none-eabi/4.9.3/armv7-m/crtbegin.o
LOAD c:/program files (x86)/cypress/psoc creator/3.3/psoc creator/import/gnu/arm/4.9.3/bin/../lib/gcc/arm-none-eabi/4.9.3/../../../../arm-none-eabi/lib/armv7-m/crt0.o
START GROUP
LOAD .\ARM_GCC_493\Debug\main.o
LOAD .\ARM_GCC_493\Debug\cymetadata.o
LOAD .\ARM_GCC_493\Debug\Cm3Start.o
LOAD .\ARM_GCC_493\Debug\cybootloader.o
LOAD .\ARM_GCC_493\Debug\C-CAN.a
LOAD C:\Program Files (x86)\Cypress\PSoC Creator\3.3\PSoC Creator\psoc\content\cycomponentlibrary\CyComponentLibrary.cylib\CortexM3\ARM_GCC_493\Debug\CyComponentLibrary.a
END GROUP
START GROUP
LOAD c:/program files (x86)/cypress/psoc creator/3.3/psoc creator/import/gnu/arm/4.9.3/bin/../lib/gcc/arm-none-eabi/4.9.3/armv7-m\libgcc.a
LOAD c:/program files (x86)/cypress/psoc creator/3.3/psoc creator/import/gnu/arm/4.9.3/bin/../lib/gcc/arm-none-eabi/4.9.3/../../../../arm-none-eabi/lib/armv7-m\libg_nano.a
LOAD c:/program files (x86)/cypress/psoc creator/3.3/psoc creator/import/gnu/arm/4.9.3/bin/../lib/gcc/arm-none-eabi/4.9.3/../../../../arm-none-eabi/lib/armv7-m\libc_nano.a
END GROUP
START GROUP
LOAD c:/program files (x86)/cypress/psoc creator/3.3/psoc creator/import/gnu/arm/4.9.3/bin/../lib/gcc/arm-none-eabi/4.9.3/armv7-m\libgcc.a
LOAD c:/program files (x86)/cypress/psoc creator/3.3/psoc creator/import/gnu/arm/4.9.3/bin/../lib/gcc/arm-none-eabi/4.9.3/../../../../arm-none-eabi/lib/armv7-m\libc_nano.a
END GROUP
LOAD c:/program files (x86)/cypress/psoc creator/3.3/psoc creator/import/gnu/arm/4.9.3/bin/../lib/gcc/arm-none-eabi/4.9.3/armv7-m/crtend.o
LOAD c:/program files (x86)/cypress/psoc creator/3.3/psoc creator/import/gnu/arm/4.9.3/bin/../lib/gcc/arm-none-eabi/4.9.3/armv7-m/crtn.o
START GROUP
LOAD c:/program files (x86)/cypress/psoc creator/3.3/psoc creator/import/gnu/arm/4.9.3/bin/../lib/gcc/arm-none-eabi/4.9.3/armv7-m\libgcc.a
LOAD c:/program files (x86)/cypress/psoc creator/3.3/psoc creator/import/gnu/arm/4.9.3/bin/../lib/gcc/arm-none-eabi/4.9.3/../../../../arm-none-eabi/lib/armv7-m\libc.a
LOAD c:/program files (x86)/cypress/psoc creator/3.3/psoc creator/import/gnu/arm/4.9.3/bin/../lib/gcc/arm-none-eabi/4.9.3/../../../../arm-none-eabi/lib/armv7-m\libnosys.a
END GROUP
                0x00000000                CY_APPL_ORIGIN = 0x0
                0x00000100                CY_FLASH_ROW_SIZE = 0x100
                0x00000020                CY_ECC_ROW_SIZE = 0x20
                0x00000000                CY_EE_IN_BTLDR = 0x0
                0x00000001                CY_APPL_LOADABLE = 0x1
                0x00000800                CY_EE_SIZE = 0x800
                0x00000001                CY_APPL_NUM = 0x1
                0x00000001                CY_APPL_MAX = 0x1
                0x00000040                CY_METADATA_SIZE = 0x40
                0x00000001                CY_APPL_LOADABLE = 0x1
                0x00000000                CY_CHECKSUM_EXCLUDE_SIZE = ALIGN (0x0, CY_FLASH_ROW_SIZE)
                0x1fff84a8                PROVIDE (__cy_heap_start, _end)
                0x00000001                PROVIDE (__cy_region_num, ((__cy_regions_end - __cy_regions) / 0x10))
                0x20008000                PROVIDE (__cy_stack, (ORIGIN (ram) + 0x10000))
                0x20007800                PROVIDE (__cy_heap_end, (__cy_stack - 0x800))

.cybootloader   0x00000000     0x2c00
 *(.cybootloader)
 .cybootloader  0x00000000     0x2c00 .\ARM_GCC_493\Debug\cybootloader.o
                0x00000000                cy_bootloader
                0x00002c00                appl1_start = CY_APPL_ORIGIN?CY_APPL_ORIGIN:ALIGN (CY_FLASH_ROW_SIZE)
                0x00021500                appl2_start = (appl1_start + ALIGN ((((0x40000 - appl1_start) - (0x2 * CY_FLASH_ROW_SIZE)) / 0x2), CY_FLASH_ROW_SIZE))
                0x00002c00                appl_start = (CY_APPL_NUM == 0x1)?appl1_start:appl2_start
                0x00000580                ecc_offset = ((appl_start / CY_FLASH_ROW_SIZE) * CY_ECC_ROW_SIZE)
                0x00000000                ee_offset = (CY_APPL_LOADABLE && ! (CY_EE_IN_BTLDR))?((CY_EE_SIZE / CY_APPL_MAX) * (CY_APPL_NUM - 0x1)):0x0
                0x00000800                ee_size = (CY_APPL_LOADABLE && ! (CY_EE_IN_BTLDR))?(CY_EE_SIZE / CY_APPL_MAX):CY_EE_SIZE
                0x00000580                PROVIDE (CY_ECC_OFFSET, ecc_offset)

.text           0x00002c00     0x68c8
 CREATE_OBJECT_SYMBOLS
                0x00002c00                PROVIDE (__cy_interrupt_vector, RomVectors)
 *(.romvectors)
 .romvectors    0x00002c00       0x10 .\ARM_GCC_493\Debug\Cm3Start.o
                0x00002c00                RomVectors
                0x00000001                ASSERT ((. != __cy_interrupt_vector), No interrupt vector)
                0x00000001                ASSERT (CY_APPL_ORIGIN?(SIZEOF (.cybootloader) <= CY_APPL_ORIGIN):0x1, Wrong image location)
                0x00002c10                PROVIDE (__cy_reset, Reset)
 *(.text.Reset)
 .text.Reset    0x00002c10        0x8 .\ARM_GCC_493\Debug\Cm3Start.o
                0x00002c10                Reset
                0x00000001                ASSERT ((. != __cy_reset), No reset code)
 *(.dma_init)
                0x00000001                ASSERT ((((appl_start + .) <= 0x10000) || 0x1), DMA Init must be within the first 64k of flash)
 *(.text .text.* .gnu.linkonce.t.*)
 .text          0x00002c18        0x0 c:/program files (x86)/cypress/psoc creator/3.3/psoc creator/import/gnu/arm/4.9.3/bin/../lib/gcc/arm-none-eabi/4.9.3/armv7-m/crti.o
 .text          0x00002c18       0x5c c:/program files (x86)/cypress/psoc creator/3.3/psoc creator/import/gnu/arm/4.9.3/bin/../lib/gcc/arm-none-eabi/4.9.3/armv7-m/crtbegin.o
 .text          0x00002c74       0x74 c:/program files (x86)/cypress/psoc creator/3.3/psoc creator/import/gnu/arm/4.9.3/bin/../lib/gcc/arm-none-eabi/4.9.3/../../../../arm-none-eabi/lib/armv7-m/crt0.o
                0x00002c74                _start
                0x00002c74                _mainCRTStartup
 .text          0x00002ce8        0x0 .\ARM_GCC_493\Debug\main.o
 .text.SysTick_ISR
                0x00002ce8       0xb8 .\ARM_GCC_493\Debug\main.o
                0x00002ce8                SysTick_ISR
 .text.CAN_1_SendMsg
                0x00002da0      0x180 .\ARM_GCC_493\Debug\main.o
                0x00002da0                CAN_1_SendMsg
 .text.CAN_1_TxCancel
                0x00002f20       0x1c .\ARM_GCC_493\Debug\main.o
                0x00002f20                CAN_1_TxCancel
 .text.CAN_1_SendMsg0
                0x00002f3c       0x64 .\ARM_GCC_493\Debug\main.o
                0x00002f3c                CAN_1_SendMsg0
 .text.CAN_1_ReceiveMsg
                0x00002fa0       0x18 .\ARM_GCC_493\Debug\main.o
                0x00002fa0                CAN_1_ReceiveMsg
 .text.startup.main
                0x00002fb8      0x55c .\ARM_GCC_493\Debug\main.o
                0x00002fb8                main
 .text.GetSample
                0x00003514       0x7c .\ARM_GCC_493\Debug\main.o
                0x00003514                GetSample
 .text.GetRPM   0x00003590      0x128 .\ARM_GCC_493\Debug\main.o
                0x00003590                GetRPM
 .text.SensorSet
                0x000036b8       0x1c .\ARM_GCC_493\Debug\main.o
                0x000036b8                SensorSet
 .text.EncoderSet
                0x000036d4       0x1c .\ARM_GCC_493\Debug\main.o
                0x000036d4                EncoderSet
 .text.SensorInit
                0x000036f0       0x18 .\ARM_GCC_493\Debug\main.o
                0x000036f0                SensorInit
 .text.EncoderInit
                0x00003708       0x1c .\ARM_GCC_493\Debug\main.o
                0x00003708                EncoderInit
 .text.CAN_Send
                0x00003724       0x2c .\ARM_GCC_493\Debug\main.o
                0x00003724                CAN_Send
 .text.SetEncoderFlag
                0x00003750        0x8 .\ARM_GCC_493\Debug\main.o
                0x00003750                SetEncoderFlag
 .text.SetSensorFlag
                0x00003758        0x8 .\ARM_GCC_493\Debug\main.o
                0x00003758                SetSensorFlag
 .text.GetEncoderRate
                0x00003760       0x14 .\ARM_GCC_493\Debug\main.o
                0x00003760                GetEncoderRate
 .text.GetSensorRate
                0x00003774       0x14 .\ARM_GCC_493\Debug\main.o
                0x00003774                GetSensorRate
 .text          0x00003788        0x0 .\ARM_GCC_493\Debug\cymetadata.o
 .text          0x00003788        0x0 .\ARM_GCC_493\Debug\Cm3Start.o
 .text.IntDefaultHandler
                0x00003788        0x4 .\ARM_GCC_493\Debug\Cm3Start.o
                0x00003788                IntDefaultHandler
 .text._exit    0x0000378c        0xc .\ARM_GCC_493\Debug\Cm3Start.o
                0x0000378c                _exit
 .text._sbrk    0x00003798       0x30 .\ARM_GCC_493\Debug\Cm3Start.o
                0x00003798                _sbrk
 .text.Start_c  0x000037c8       0x58 .\ARM_GCC_493\Debug\Cm3Start.o
                0x000037c8                Start_c
 .text.startup.initialize_psoc
                0x00003820       0x74 .\ARM_GCC_493\Debug\Cm3Start.o
                0x00003820                initialize_psoc
 .text          0x00003894        0x0 .\ARM_GCC_493\Debug\cybootloader.o
 .text          0x00003894        0x0 .\ARM_GCC_493\Debug\C-CAN.a(cyfitter_cfg.o)
 .text.SetAnalogRoutingPumps
                0x00003894       0x20 .\ARM_GCC_493\Debug\C-CAN.a(cyfitter_cfg.o)
                0x00003894                SetAnalogRoutingPumps
 .text.AMux_1_Set
                0x000038b4       0x58 .\ARM_GCC_493\Debug\C-CAN.a(cyfitter_cfg.o)
                0x000038b4                AMux_1_Set
 .text.AMux_1_Unset
                0x0000390c       0x60 .\ARM_GCC_493\Debug\C-CAN.a(cyfitter_cfg.o)
                0x0000390c                AMux_1_Unset
 .text.cyfitter_cfg
                0x0000396c      0x2fc .\ARM_GCC_493\Debug\C-CAN.a(cyfitter_cfg.o)
                0x0000396c                cyfitter_cfg
 .text          0x00003c68        0x0 .\ARM_GCC_493\Debug\C-CAN.a(UART_1.o)
 .text.UART_1_Start
                0x00003c68       0x8c .\ARM_GCC_493\Debug\C-CAN.a(UART_1.o)
                0x00003c68                UART_1_Start
 .text.UART_1_Init
                0x00003cf4       0x3c .\ARM_GCC_493\Debug\C-CAN.a(UART_1.o)
                0x00003cf4                UART_1_Init
 .text.UART_1_Enable
                0x00003d30       0x40 .\ARM_GCC_493\Debug\C-CAN.a(UART_1.o)
                0x00003d30                UART_1_Enable
 .text.UART_1_Stop
                0x00003d70       0x40 .\ARM_GCC_493\Debug\C-CAN.a(UART_1.o)
                0x00003d70                UART_1_Stop
 .text.UART_1_ReadControlRegister
                0x00003db0        0x4 .\ARM_GCC_493\Debug\C-CAN.a(UART_1.o)
                0x00003db0                UART_1_ReadControlRegister
 .text.UART_1_WriteControlRegister
                0x00003db4        0x4 .\ARM_GCC_493\Debug\C-CAN.a(UART_1.o)
                0x00003db4                UART_1_WriteControlRegister
 .text.UART_1_SetRxInterruptMode
                0x00003db8        0xc .\ARM_GCC_493\Debug\C-CAN.a(UART_1.o)
                0x00003db8                UART_1_SetRxInterruptMode
 .text.UART_1_ReadRxData
                0x00003dc4        0xc .\ARM_GCC_493\Debug\C-CAN.a(UART_1.o)
                0x00003dc4                UART_1_ReadRxData
 .text.UART_1_ReadRxStatus
                0x00003dd0       0x10 .\ARM_GCC_493\Debug\C-CAN.a(UART_1.o)
                0x00003dd0                UART_1_ReadRxStatus
 .text.UART_1_GetChar
                0x00003de0       0x28 .\ARM_GCC_493\Debug\C-CAN.a(UART_1.o)
                0x00003de0                UART_1_GetChar
 .text.UART_1_GetByte
                0x00003e08       0x1c .\ARM_GCC_493\Debug\C-CAN.a(UART_1.o)
                0x00003e08                UART_1_GetByte
 .text.UART_1_GetRxBufferSize
                0x00003e24       0x10 .\ARM_GCC_493\Debug\C-CAN.a(UART_1.o)
                0x00003e24                UART_1_GetRxBufferSize
 .text.UART_1_ClearRxBuffer
                0x00003e34       0x24 .\ARM_GCC_493\Debug\C-CAN.a(UART_1.o)
                0x00003e34                UART_1_ClearRxBuffer
 .text.UART_1_SetRxAddressMode
                0x00003e58        0x4 .\ARM_GCC_493\Debug\C-CAN.a(UART_1.o)
                0x00003e58                UART_1_SetRxAddressMode
 .text.UART_1_SetRxAddress1
                0x00003e5c        0xc .\ARM_GCC_493\Debug\C-CAN.a(UART_1.o)
                0x00003e5c                UART_1_SetRxAddress1
 .text.UART_1_SetRxAddress2
                0x00003e68        0xc .\ARM_GCC_493\Debug\C-CAN.a(UART_1.o)
                0x00003e68                UART_1_SetRxAddress2
 .text.UART_1_SetTxInterruptMode
                0x00003e74        0xc .\ARM_GCC_493\Debug\C-CAN.a(UART_1.o)
                0x00003e74                UART_1_SetTxInterruptMode
 .text.UART_1_WriteTxData
                0x00003e80       0x14 .\ARM_GCC_493\Debug\C-CAN.a(UART_1.o)
                0x00003e80                UART_1_WriteTxData
 .text.UART_1_ReadTxStatus
                0x00003e94        0xc .\ARM_GCC_493\Debug\C-CAN.a(UART_1.o)
                0x00003e94                UART_1_ReadTxStatus
 .text.UART_1_PutChar
                0x00003ea0       0x18 .\ARM_GCC_493\Debug\C-CAN.a(UART_1.o)
                0x00003ea0                UART_1_PutChar
 .text.UART_1_PutString
                0x00003eb8       0x34 .\ARM_GCC_493\Debug\C-CAN.a(UART_1.o)
                0x00003eb8                UART_1_PutString
 .text.UART_1_PutArray
                0x00003eec       0x38 .\ARM_GCC_493\Debug\C-CAN.a(UART_1.o)
                0x00003eec                UART_1_PutArray
 .text.UART_1_PutCRLF
                0x00003f24       0x3c .\ARM_GCC_493\Debug\C-CAN.a(UART_1.o)
                0x00003f24                UART_1_PutCRLF
 .text.UART_1_GetTxBufferSize
                0x00003f60       0x1c .\ARM_GCC_493\Debug\C-CAN.a(UART_1.o)
                0x00003f60                UART_1_GetTxBufferSize
 .text.UART_1_ClearTxBuffer
                0x00003f7c       0x24 .\ARM_GCC_493\Debug\C-CAN.a(UART_1.o)
                0x00003f7c                UART_1_ClearTxBuffer
 .text.UART_1_SendBreak
                0x00003fa0       0x5c .\ARM_GCC_493\Debug\C-CAN.a(UART_1.o)
                0x00003fa0                UART_1_SendBreak
 .text.UART_1_SetTxAddressMode
                0x00003ffc        0x4 .\ARM_GCC_493\Debug\C-CAN.a(UART_1.o)
                0x00003ffc                UART_1_SetTxAddressMode
 .text          0x00004000        0x0 .\ARM_GCC_493\Debug\C-CAN.a(UART_1_IntClock.o)
 .text.UART_1_IntClock_Start
                0x00004000       0x20 .\ARM_GCC_493\Debug\C-CAN.a(UART_1_IntClock.o)
                0x00004000                UART_1_IntClock_Start
 .text.UART_1_IntClock_Stop
                0x00004020       0x20 .\ARM_GCC_493\Debug\C-CAN.a(UART_1_IntClock.o)
                0x00004020                UART_1_IntClock_Stop
 .text.UART_1_IntClock_StopBlock
                0x00004040       0x78 .\ARM_GCC_493\Debug\C-CAN.a(UART_1_IntClock.o)
                0x00004040                UART_1_IntClock_StopBlock
 .text.UART_1_IntClock_StandbyPower
                0x000040b8       0x1c .\ARM_GCC_493\Debug\C-CAN.a(UART_1_IntClock.o)
                0x000040b8                UART_1_IntClock_StandbyPower
 .text.UART_1_IntClock_SetDividerRegister
                0x000040d4       0xe8 .\ARM_GCC_493\Debug\C-CAN.a(UART_1_IntClock.o)
                0x000040d4                UART_1_IntClock_SetDividerRegister
 .text.UART_1_IntClock_GetDividerRegister
                0x000041bc        0xc .\ARM_GCC_493\Debug\C-CAN.a(UART_1_IntClock.o)
                0x000041bc                UART_1_IntClock_GetDividerRegister
 .text.UART_1_IntClock_SetModeRegister
                0x000041c8       0x14 .\ARM_GCC_493\Debug\C-CAN.a(UART_1_IntClock.o)
                0x000041c8                UART_1_IntClock_SetModeRegister
 .text.UART_1_IntClock_ClearModeRegister
                0x000041dc       0x14 .\ARM_GCC_493\Debug\C-CAN.a(UART_1_IntClock.o)
                0x000041dc                UART_1_IntClock_ClearModeRegister
 .text.UART_1_IntClock_GetModeRegister
                0x000041f0       0x10 .\ARM_GCC_493\Debug\C-CAN.a(UART_1_IntClock.o)
                0x000041f0                UART_1_IntClock_GetModeRegister
 .text.UART_1_IntClock_SetSourceRegister
                0x00004200       0x58 .\ARM_GCC_493\Debug\C-CAN.a(UART_1_IntClock.o)
                0x00004200                UART_1_IntClock_SetSourceRegister
 .text.UART_1_IntClock_GetSourceRegister
                0x00004258       0x10 .\ARM_GCC_493\Debug\C-CAN.a(UART_1_IntClock.o)
                0x00004258                UART_1_IntClock_GetSourceRegister
 .text          0x00004268       0x58 .\ARM_GCC_493\Debug\C-CAN.a(CyBootAsmGnu.o)
                0x00004268                CyDelayCycles
                0x000042a6                CyEnterCriticalSection
                0x000042ae                CyExitCriticalSection
 .text          0x000042c0        0x0 .\ARM_GCC_493\Debug\C-CAN.a(CyLib.o)
 .text.CyIMO_SetTrimValue
                0x000042c0       0xf4 .\ARM_GCC_493\Debug\C-CAN.a(CyLib.o)
 .text.CySysTickServiceCallbacks
                0x000043b4       0x28 .\ARM_GCC_493\Debug\C-CAN.a(CyLib.o)
 .text.CyPLL_OUT_Start
                0x000043dc       0x78 .\ARM_GCC_493\Debug\C-CAN.a(CyLib.o)
                0x000043dc                CyPLL_OUT_Start
 .text.CyPLL_OUT_Stop
                0x00004454       0x10 .\ARM_GCC_493\Debug\C-CAN.a(CyLib.o)
                0x00004454                CyPLL_OUT_Stop
 .text.CyPLL_OUT_SetPQ
                0x00004464       0x50 .\ARM_GCC_493\Debug\C-CAN.a(CyLib.o)
                0x00004464                CyPLL_OUT_SetPQ
 .text.CyPLL_OUT_SetSource
                0x000044b4       0x28 .\ARM_GCC_493\Debug\C-CAN.a(CyLib.o)
                0x000044b4                CyPLL_OUT_SetSource
 .text.CyIMO_Start
                0x000044dc       0x6c .\ARM_GCC_493\Debug\C-CAN.a(CyLib.o)
                0x000044dc                CyIMO_Start
 .text.CyIMO_Stop
                0x00004548       0x20 .\ARM_GCC_493\Debug\C-CAN.a(CyLib.o)
                0x00004548                CyIMO_Stop
 .text.CyIMO_SetFreq
                0x00004568      0x130 .\ARM_GCC_493\Debug\C-CAN.a(CyLib.o)
                0x00004568                CyIMO_SetFreq
 .text.CyIMO_SetSource
                0x00004698       0x50 .\ARM_GCC_493\Debug\C-CAN.a(CyLib.o)
                0x00004698                CyIMO_SetSource
 .text.CyIMO_EnableDoubler
                0x000046e8       0x10 .\ARM_GCC_493\Debug\C-CAN.a(CyLib.o)
                0x000046e8                CyIMO_EnableDoubler
 .text.CyIMO_DisableDoubler
                0x000046f8       0x10 .\ARM_GCC_493\Debug\C-CAN.a(CyLib.o)
                0x000046f8                CyIMO_DisableDoubler
 .text.CyMasterClk_SetSource
                0x00004708       0x18 .\ARM_GCC_493\Debug\C-CAN.a(CyLib.o)
                0x00004708                CyMasterClk_SetSource
 .text.CyMasterClk_SetDivider
                0x00004720        0xc .\ARM_GCC_493\Debug\C-CAN.a(CyLib.o)
                0x00004720                CyMasterClk_SetDivider
 .text.CyBusClk_SetDivider
                0x0000472c      0x110 .\ARM_GCC_493\Debug\C-CAN.a(CyLib.o)
                0x0000472c                CyBusClk_SetDivider
 .text.CyUsbClk_SetSource
                0x0000483c       0x18 .\ARM_GCC_493\Debug\C-CAN.a(CyLib.o)
                0x0000483c                CyUsbClk_SetSource
 .text.CyILO_Start1K
                0x00004854       0x10 .\ARM_GCC_493\Debug\C-CAN.a(CyLib.o)
                0x00004854                CyILO_Start1K
 .text.CyILO_Stop1K
                0x00004864       0x10 .\ARM_GCC_493\Debug\C-CAN.a(CyLib.o)
                0x00004864                CyILO_Stop1K
 .text.CyILO_Start100K
                0x00004874       0x10 .\ARM_GCC_493\Debug\C-CAN.a(CyLib.o)
                0x00004874                CyILO_Start100K
 .text.CyILO_Stop100K
                0x00004884       0x10 .\ARM_GCC_493\Debug\C-CAN.a(CyLib.o)
                0x00004884                CyILO_Stop100K
 .text.CyILO_Enable33K
                0x00004894       0x10 .\ARM_GCC_493\Debug\C-CAN.a(CyLib.o)
                0x00004894                CyILO_Enable33K
 .text.CyILO_Disable33K
                0x000048a4       0x10 .\ARM_GCC_493\Debug\C-CAN.a(CyLib.o)
                0x000048a4                CyILO_Disable33K
 .text.CyILO_SetSource
                0x000048b4       0x18 .\ARM_GCC_493\Debug\C-CAN.a(CyLib.o)
                0x000048b4                CyILO_SetSource
 .text.CyILO_SetPowerMode
                0x000048cc       0x24 .\ARM_GCC_493\Debug\C-CAN.a(CyLib.o)
                0x000048cc                CyILO_SetPowerMode
 .text.CyXTAL_32KHZ_Start
                0x000048f0       0xb4 .\ARM_GCC_493\Debug\C-CAN.a(CyLib.o)
                0x000048f0                CyXTAL_32KHZ_Start
 .text.CyXTAL_32KHZ_Stop
                0x000049a4       0x3c .\ARM_GCC_493\Debug\C-CAN.a(CyLib.o)
                0x000049a4                CyXTAL_32KHZ_Stop
 .text.CyXTAL_32KHZ_ReadStatus
                0x000049e0       0x10 .\ARM_GCC_493\Debug\C-CAN.a(CyLib.o)
                0x000049e0                CyXTAL_32KHZ_ReadStatus
 .text.CyXTAL_32KHZ_SetPowerMode
                0x000049f0       0x90 .\ARM_GCC_493\Debug\C-CAN.a(CyLib.o)
                0x000049f0                CyXTAL_32KHZ_SetPowerMode
 .text.CyXTAL_Start
                0x00004a80       0xac .\ARM_GCC_493\Debug\C-CAN.a(CyLib.o)
                0x00004a80                CyXTAL_Start
 .text.CyXTAL_Stop
                0x00004b2c       0x10 .\ARM_GCC_493\Debug\C-CAN.a(CyLib.o)
                0x00004b2c                CyXTAL_Stop
 .text.CyXTAL_EnableErrStatus
                0x00004b3c       0x10 .\ARM_GCC_493\Debug\C-CAN.a(CyLib.o)
                0x00004b3c                CyXTAL_EnableErrStatus
 .text.CyXTAL_DisableErrStatus
                0x00004b4c       0x10 .\ARM_GCC_493\Debug\C-CAN.a(CyLib.o)
                0x00004b4c                CyXTAL_DisableErrStatus
 .text.CyXTAL_ReadStatus
                0x00004b5c        0xc .\ARM_GCC_493\Debug\C-CAN.a(CyLib.o)
                0x00004b5c                CyXTAL_ReadStatus
 .text.CyXTAL_EnableFaultRecovery
                0x00004b68       0x10 .\ARM_GCC_493\Debug\C-CAN.a(CyLib.o)
                0x00004b68                CyXTAL_EnableFaultRecovery
 .text.CyXTAL_DisableFaultRecovery
                0x00004b78       0x10 .\ARM_GCC_493\Debug\C-CAN.a(CyLib.o)
                0x00004b78                CyXTAL_DisableFaultRecovery
 .text.CyXTAL_SetStartup
                0x00004b88       0x18 .\ARM_GCC_493\Debug\C-CAN.a(CyLib.o)
                0x00004b88                CyXTAL_SetStartup
 .text.CyXTAL_SetFbVoltage
                0x00004ba0       0x18 .\ARM_GCC_493\Debug\C-CAN.a(CyLib.o)
                0x00004ba0                CyXTAL_SetFbVoltage
 .text.CyXTAL_SetWdVoltage
                0x00004bb8       0x18 .\ARM_GCC_493\Debug\C-CAN.a(CyLib.o)
                0x00004bb8                CyXTAL_SetWdVoltage
 .text.CyHalt   0x00004bd0        0x4 .\ARM_GCC_493\Debug\C-CAN.a(CyLib.o)
                0x00004bd0                CyHalt
 .text.CySoftwareReset
                0x00004bd4       0x10 .\ARM_GCC_493\Debug\C-CAN.a(CyLib.o)
                0x00004bd4                CySoftwareReset
 .text.CyDelay  0x00004be4       0x48 .\ARM_GCC_493\Debug\C-CAN.a(CyLib.o)
                0x00004be4                CyDelay
 .text.CyDelayUs
                0x00004c2c       0x10 .\ARM_GCC_493\Debug\C-CAN.a(CyLib.o)
                0x00004c2c                CyDelayUs
 .text.CyDelayFreq
                0x00004c3c       0x58 .\ARM_GCC_493\Debug\C-CAN.a(CyLib.o)
                0x00004c3c                CyDelayFreq
 .text.CyWdtStart
                0x00004c94       0x40 .\ARM_GCC_493\Debug\C-CAN.a(CyLib.o)
                0x00004c94                CyWdtStart
 .text.CyWdtClear
                0x00004cd4        0xc .\ARM_GCC_493\Debug\C-CAN.a(CyLib.o)
                0x00004cd4                CyWdtClear
 .text.CyVdLvDigitEnable
                0x00004ce0       0xb0 .\ARM_GCC_493\Debug\C-CAN.a(CyLib.o)
                0x00004ce0                CyVdLvDigitEnable
 .text.CyVdLvAnalogEnable
                0x00004d90       0xac .\ARM_GCC_493\Debug\C-CAN.a(CyLib.o)
                0x00004d90                CyVdLvAnalogEnable
 .text.CyVdLvDigitDisable
                0x00004e3c       0x58 .\ARM_GCC_493\Debug\C-CAN.a(CyLib.o)
                0x00004e3c                CyVdLvDigitDisable
 .text.CyVdLvAnalogDisable
                0x00004e94       0x44 .\ARM_GCC_493\Debug\C-CAN.a(CyLib.o)
                0x00004e94                CyVdLvAnalogDisable
 .text.CyVdHvAnalogEnable
                0x00004ed8       0x78 .\ARM_GCC_493\Debug\C-CAN.a(CyLib.o)
                0x00004ed8                CyVdHvAnalogEnable
 .text.CyVdHvAnalogDisable
                0x00004f50       0x38 .\ARM_GCC_493\Debug\C-CAN.a(CyLib.o)
                0x00004f50                CyVdHvAnalogDisable
 .text.CyVdStickyStatus
                0x00004f88       0x2c .\ARM_GCC_493\Debug\C-CAN.a(CyLib.o)
                0x00004f88                CyVdStickyStatus
 .text.CyVdRealTimeStatus
                0x00004fb4       0x1c .\ARM_GCC_493\Debug\C-CAN.a(CyLib.o)
                0x00004fb4                CyVdRealTimeStatus
 .text.CyDisableInts
                0x00004fd0       0x1c .\ARM_GCC_493\Debug\C-CAN.a(CyLib.o)
                0x00004fd0                CyDisableInts
 .text.CyEnableInts
                0x00004fec       0x18 .\ARM_GCC_493\Debug\C-CAN.a(CyLib.o)
                0x00004fec                CyEnableInts
 .text.CyFlushCache
                0x00005004       0x44 .\ARM_GCC_493\Debug\C-CAN.a(CyLib.o)
                0x00005004                CyFlushCache
 .text.CyIntSetSysVector
                0x00005048       0x1c .\ARM_GCC_493\Debug\C-CAN.a(CyLib.o)
                0x00005048                CyIntSetSysVector
 .text.CyIntGetSysVector
                0x00005064       0x18 .\ARM_GCC_493\Debug\C-CAN.a(CyLib.o)
                0x00005064                CyIntGetSysVector
 .text.CyIntSetVector
                0x0000507c       0x20 .\ARM_GCC_493\Debug\C-CAN.a(CyLib.o)
                0x0000507c                CyIntSetVector
 .text.CyIntGetVector
                0x0000509c       0x1c .\ARM_GCC_493\Debug\C-CAN.a(CyLib.o)
                0x0000509c                CyIntGetVector
 .text.CyIntSetPriority
                0x000050b8       0x20 .\ARM_GCC_493\Debug\C-CAN.a(CyLib.o)
                0x000050b8                CyIntSetPriority
 .text.CyIntGetPriority
                0x000050d8       0x18 .\ARM_GCC_493\Debug\C-CAN.a(CyLib.o)
                0x000050d8                CyIntGetPriority
 .text.CyIntGetState
                0x000050f0       0x1c .\ARM_GCC_493\Debug\C-CAN.a(CyLib.o)
                0x000050f0                CyIntGetState
 .text.CySysTickStart
                0x0000510c       0x8c .\ARM_GCC_493\Debug\C-CAN.a(CyLib.o)
                0x0000510c                CySysTickStart
 .text.CySysTickInit
                0x00005198       0x70 .\ARM_GCC_493\Debug\C-CAN.a(CyLib.o)
                0x00005198                CySysTickInit
 .text.CySysTickEnable
                0x00005208       0x18 .\ARM_GCC_493\Debug\C-CAN.a(CyLib.o)
                0x00005208                CySysTickEnable
 .text.CySysTickStop
                0x00005220       0x10 .\ARM_GCC_493\Debug\C-CAN.a(CyLib.o)
                0x00005220                CySysTickStop
 .text.CySysTickEnableInterrupt
                0x00005230       0x10 .\ARM_GCC_493\Debug\C-CAN.a(CyLib.o)
                0x00005230                CySysTickEnableInterrupt
 .text.CySysTickDisableInterrupt
                0x00005240       0x10 .\ARM_GCC_493\Debug\C-CAN.a(CyLib.o)
                0x00005240                CySysTickDisableInterrupt
 .text.CySysTickSetReload
                0x00005250       0x10 .\ARM_GCC_493\Debug\C-CAN.a(CyLib.o)
                0x00005250                CySysTickSetReload
 .text.CySysTickGetReload
                0x00005260       0x10 .\ARM_GCC_493\Debug\C-CAN.a(CyLib.o)
                0x00005260                CySysTickGetReload
 .text.CySysTickGetValue
                0x00005270       0x10 .\ARM_GCC_493\Debug\C-CAN.a(CyLib.o)
                0x00005270                CySysTickGetValue
 .text.CySysTickSetClockSource
                0x00005280       0x18 .\ARM_GCC_493\Debug\C-CAN.a(CyLib.o)
                0x00005280                CySysTickSetClockSource
 .text.CySysTickGetCountFlag
                0x00005298       0x10 .\ARM_GCC_493\Debug\C-CAN.a(CyLib.o)
                0x00005298                CySysTickGetCountFlag
 .text.CySysTickClear
                0x000052a8        0xc .\ARM_GCC_493\Debug\C-CAN.a(CyLib.o)
                0x000052a8                CySysTickClear
 .text.CySysTickSetCallback
                0x000052b4       0x14 .\ARM_GCC_493\Debug\C-CAN.a(CyLib.o)
                0x000052b4                CySysTickSetCallback
 .text.CySysTickGetCallback
                0x000052c8        0xc .\ARM_GCC_493\Debug\C-CAN.a(CyLib.o)
                0x000052c8                CySysTickGetCallback
 .text.CyGetUniqueId
                0x000052d4       0x68 .\ARM_GCC_493\Debug\C-CAN.a(CyLib.o)
                0x000052d4                CyGetUniqueId
 .text          0x0000533c        0x0 .\ARM_GCC_493\Debug\C-CAN.a(cyPm.o)
 .text.CyPmHibSlpSaveSet
                0x0000533c      0x1c8 .\ARM_GCC_493\Debug\C-CAN.a(cyPm.o)
 .text.CyPmHibSlpRestore
                0x00005504      0x140 .\ARM_GCC_493\Debug\C-CAN.a(cyPm.o)
 .text.CyPmSaveClocks
                0x00005644      0x1e4 .\ARM_GCC_493\Debug\C-CAN.a(cyPm.o)
                0x00005644                CyPmSaveClocks
 .text.CyPmRestoreClocks
                0x00005828      0x240 .\ARM_GCC_493\Debug\C-CAN.a(cyPm.o)
                0x00005828                CyPmRestoreClocks
 .text.CyPmAltAct
                0x00005a68       0x78 .\ARM_GCC_493\Debug\C-CAN.a(cyPm.o)
                0x00005a68                CyPmAltAct
 .text.CyPmSleep
                0x00005ae0       0xf8 .\ARM_GCC_493\Debug\C-CAN.a(cyPm.o)
                0x00005ae0                CyPmSleep
 .text.CyPmHibernateEx
                0x00005bd8      0x28c .\ARM_GCC_493\Debug\C-CAN.a(cyPm.o)
                0x00005bd8                CyPmHibernateEx
 .text.CyPmHibernate
                0x00005e64        0x8 .\ARM_GCC_493\Debug\C-CAN.a(cyPm.o)
                0x00005e64                CyPmHibernate
 .text.CyPmReadStatus
                0x00005e6c       0x30 .\ARM_GCC_493\Debug\C-CAN.a(cyPm.o)
                0x00005e6c                CyPmReadStatus
 .text.CyPmCtwSetInterval
                0x00005e9c       0x54 .\ARM_GCC_493\Debug\C-CAN.a(cyPm.o)
                0x00005e9c                CyPmCtwSetInterval
 .text.CyPmOppsSet
                0x00005ef0       0x2c .\ARM_GCC_493\Debug\C-CAN.a(cyPm.o)
                0x00005ef0                CyPmOppsSet
 .text.CyPmFtwSetInterval
                0x00005f1c       0x54 .\ARM_GCC_493\Debug\C-CAN.a(cyPm.o)
                0x00005f1c                CyPmFtwSetInterval
 .text          0x00005f70        0x0 .\ARM_GCC_493\Debug\C-CAN.a(ADC_SAR_1.o)
 .text.ADC_SAR_1_Start
                0x00005f70      0x114 .\ARM_GCC_493\Debug\C-CAN.a(ADC_SAR_1.o)
                0x00005f70                ADC_SAR_1_Start
 .text.ADC_SAR_1_Init
                0x00006084       0x64 .\ARM_GCC_493\Debug\C-CAN.a(ADC_SAR_1.o)
                0x00006084                ADC_SAR_1_Init
 .text.ADC_SAR_1_Enable
                0x000060e8       0xa0 .\ARM_GCC_493\Debug\C-CAN.a(ADC_SAR_1.o)
                0x000060e8                ADC_SAR_1_Enable
 .text.ADC_SAR_1_Stop
                0x00006188       0x50 .\ARM_GCC_493\Debug\C-CAN.a(ADC_SAR_1.o)
                0x00006188                ADC_SAR_1_Stop
 .text.ADC_SAR_1_SetPower
                0x000061d8       0x18 .\ARM_GCC_493\Debug\C-CAN.a(ADC_SAR_1.o)
                0x000061d8                ADC_SAR_1_SetPower
 .text.ADC_SAR_1_SetResolution
                0x000061f0       0x78 .\ARM_GCC_493\Debug\C-CAN.a(ADC_SAR_1.o)
                0x000061f0                ADC_SAR_1_SetResolution
 .text.ADC_SAR_1_StartConvert
                0x00006268       0x18 .\ARM_GCC_493\Debug\C-CAN.a(ADC_SAR_1.o)
                0x00006268                ADC_SAR_1_StartConvert
 .text.ADC_SAR_1_StopConvert
                0x00006280       0x18 .\ARM_GCC_493\Debug\C-CAN.a(ADC_SAR_1.o)
                0x00006280                ADC_SAR_1_StopConvert
 .text.ADC_SAR_1_IsEndConversion
                0x00006298       0x2c .\ARM_GCC_493\Debug\C-CAN.a(ADC_SAR_1.o)
                0x00006298                ADC_SAR_1_IsEndConversion
 .text.ADC_SAR_1_GetResult8
                0x000062c4       0x18 .\ARM_GCC_493\Debug\C-CAN.a(ADC_SAR_1.o)
                0x000062c4                ADC_SAR_1_GetResult8
 .text.ADC_SAR_1_GetResult16
                0x000062dc       0x18 .\ARM_GCC_493\Debug\C-CAN.a(ADC_SAR_1.o)
                0x000062dc                ADC_SAR_1_GetResult16
 .text.ADC_SAR_1_SetOffset
                0x000062f4        0xc .\ARM_GCC_493\Debug\C-CAN.a(ADC_SAR_1.o)
                0x000062f4                ADC_SAR_1_SetOffset
 .text.ADC_SAR_1_SetGain
                0x00006300       0x10 .\ARM_GCC_493\Debug\C-CAN.a(ADC_SAR_1.o)
                0x00006300                ADC_SAR_1_SetGain
 .text.ADC_SAR_1_SetScaledGain
                0x00006310        0xc .\ARM_GCC_493\Debug\C-CAN.a(ADC_SAR_1.o)
                0x00006310                ADC_SAR_1_SetScaledGain
 .text.ADC_SAR_1_CountsTo_mVolts
                0x0000631c       0x4c .\ARM_GCC_493\Debug\C-CAN.a(ADC_SAR_1.o)
                0x0000631c                ADC_SAR_1_CountsTo_mVolts
 .text.ADC_SAR_1_CountsTo_uVolts
                0x00006368       0x48 .\ARM_GCC_493\Debug\C-CAN.a(ADC_SAR_1.o)
                0x00006368                ADC_SAR_1_CountsTo_uVolts
 .text.ADC_SAR_1_CountsTo_Volts
                0x000063b0       0x50 .\ARM_GCC_493\Debug\C-CAN.a(ADC_SAR_1.o)
                0x000063b0                ADC_SAR_1_CountsTo_Volts
 .text          0x00006400        0x0 .\ARM_GCC_493\Debug\C-CAN.a(ADC_SAR_1_INT.o)
 .text.ADC_SAR_1_ISR
                0x00006400        0x4 .\ARM_GCC_493\Debug\C-CAN.a(ADC_SAR_1_INT.o)
                0x00006400                ADC_SAR_1_ISR
 .text          0x00006404        0x0 .\ARM_GCC_493\Debug\C-CAN.a(ADC_SAR_1_theACLK.o)
 .text.ADC_SAR_1_theACLK_Start
                0x00006404       0x20 .\ARM_GCC_493\Debug\C-CAN.a(ADC_SAR_1_theACLK.o)
                0x00006404                ADC_SAR_1_theACLK_Start
 .text.ADC_SAR_1_theACLK_Stop
                0x00006424       0x20 .\ARM_GCC_493\Debug\C-CAN.a(ADC_SAR_1_theACLK.o)
                0x00006424                ADC_SAR_1_theACLK_Stop
 .text.ADC_SAR_1_theACLK_StopBlock
                0x00006444       0x78 .\ARM_GCC_493\Debug\C-CAN.a(ADC_SAR_1_theACLK.o)
                0x00006444                ADC_SAR_1_theACLK_StopBlock
 .text.ADC_SAR_1_theACLK_StandbyPower
                0x000064bc       0x1c .\ARM_GCC_493\Debug\C-CAN.a(ADC_SAR_1_theACLK.o)
                0x000064bc                ADC_SAR_1_theACLK_StandbyPower
 .text.ADC_SAR_1_theACLK_SetDividerRegister
                0x000064d8       0xe8 .\ARM_GCC_493\Debug\C-CAN.a(ADC_SAR_1_theACLK.o)
                0x000064d8                ADC_SAR_1_theACLK_SetDividerRegister
 .text.ADC_SAR_1_theACLK_GetDividerRegister
                0x000065c0        0xc .\ARM_GCC_493\Debug\C-CAN.a(ADC_SAR_1_theACLK.o)
                0x000065c0                ADC_SAR_1_theACLK_GetDividerRegister
 .text.ADC_SAR_1_theACLK_SetModeRegister
                0x000065cc       0x14 .\ARM_GCC_493\Debug\C-CAN.a(ADC_SAR_1_theACLK.o)
                0x000065cc                ADC_SAR_1_theACLK_SetModeRegister
 .text.ADC_SAR_1_theACLK_ClearModeRegister
                0x000065e0       0x14 .\ARM_GCC_493\Debug\C-CAN.a(ADC_SAR_1_theACLK.o)
                0x000065e0                ADC_SAR_1_theACLK_ClearModeRegister
 .text.ADC_SAR_1_theACLK_GetModeRegister
                0x000065f4       0x10 .\ARM_GCC_493\Debug\C-CAN.a(ADC_SAR_1_theACLK.o)
                0x000065f4                ADC_SAR_1_theACLK_GetModeRegister
 .text.ADC_SAR_1_theACLK_SetSourceRegister
                0x00006604       0x58 .\ARM_GCC_493\Debug\C-CAN.a(ADC_SAR_1_theACLK.o)
                0x00006604                ADC_SAR_1_theACLK_SetSourceRegister
 .text.ADC_SAR_1_theACLK_GetSourceRegister
                0x0000665c       0x10 .\ARM_GCC_493\Debug\C-CAN.a(ADC_SAR_1_theACLK.o)
                0x0000665c                ADC_SAR_1_theACLK_GetSourceRegister
 .text          0x0000666c        0x0 .\ARM_GCC_493\Debug\C-CAN.a(AMux_1.o)
 .text.AMux_1_Start
                0x0000666c       0x20 .\ARM_GCC_493\Debug\C-CAN.a(AMux_1.o)
                0x0000666c                AMux_1_Start
 .text.AMux_1_FastSelect
                0x0000668c       0x20 .\ARM_GCC_493\Debug\C-CAN.a(AMux_1.o)
                0x0000668c                AMux_1_FastSelect
 .text.AMux_1_DisconnectAll
                0x000066ac       0x18 .\ARM_GCC_493\Debug\C-CAN.a(AMux_1.o)
                0x000066ac                AMux_1_DisconnectAll
 .text          0x000066c4        0x0 .\ARM_GCC_493\Debug\C-CAN.a(CAN_1.o)
 .text.CAN_1_RxTxBuffersConfig
                0x000066c4      0x14c .\ARM_GCC_493\Debug\C-CAN.a(CAN_1.o)
                0x000066c4                CAN_1_RxTxBuffersConfig
 .text.CAN_1_Init
                0x00006810       0xf0 .\ARM_GCC_493\Debug\C-CAN.a(CAN_1.o)
                0x00006810                CAN_1_Init
 .text.CAN_1_Enable
                0x00006900       0x78 .\ARM_GCC_493\Debug\C-CAN.a(CAN_1.o)
                0x00006900                CAN_1_Enable
 .text.CAN_1_Start
                0x00006978       0x90 .\ARM_GCC_493\Debug\C-CAN.a(CAN_1.o)
                0x00006978                CAN_1_Start
 .text.CAN_1_Stop
                0x00006a08       0x5c .\ARM_GCC_493\Debug\C-CAN.a(CAN_1.o)
                0x00006a08                CAN_1_Stop
 .text.CAN_1_GlobalIntEnable
                0x00006a64       0x1c .\ARM_GCC_493\Debug\C-CAN.a(CAN_1.o)
                0x00006a64                CAN_1_GlobalIntEnable
 .text.CAN_1_GlobalIntDisable
                0x00006a80       0x18 .\ARM_GCC_493\Debug\C-CAN.a(CAN_1.o)
                0x00006a80                CAN_1_GlobalIntDisable
 .text.CAN_1_SetPreScaler
                0x00006a98       0x1c .\ARM_GCC_493\Debug\C-CAN.a(CAN_1.o)
                0x00006a98                CAN_1_SetPreScaler
 .text.CAN_1_SetArbiter
                0x00006ab4       0x2c .\ARM_GCC_493\Debug\C-CAN.a(CAN_1.o)
                0x00006ab4                CAN_1_SetArbiter
 .text.CAN_1_SetTsegSample
                0x00006ae0       0x64 .\ARM_GCC_493\Debug\C-CAN.a(CAN_1.o)
                0x00006ae0                CAN_1_SetTsegSample
 .text.CAN_1_SetRestartType
                0x00006b44       0x2c .\ARM_GCC_493\Debug\C-CAN.a(CAN_1.o)
                0x00006b44                CAN_1_SetRestartType
 .text.CAN_1_SetEdgeMode
                0x00006b70       0x2c .\ARM_GCC_493\Debug\C-CAN.a(CAN_1.o)
                0x00006b70                CAN_1_SetEdgeMode
 .text.CAN_1_SetOpMode
                0x00006b9c       0x68 .\ARM_GCC_493\Debug\C-CAN.a(CAN_1.o)
                0x00006b9c                CAN_1_SetOpMode
 .text.CAN_1_RXRegisterInit
                0x00006c04       0x60 .\ARM_GCC_493\Debug\C-CAN.a(CAN_1.o)
                0x00006c04                CAN_1_RXRegisterInit
 .text.CAN_1_SetIrqMask
                0x00006c64       0x14 .\ARM_GCC_493\Debug\C-CAN.a(CAN_1.o)
                0x00006c64                CAN_1_SetIrqMask
 .text.CAN_1_GetTXErrorFlag
                0x00006c78       0x10 .\ARM_GCC_493\Debug\C-CAN.a(CAN_1.o)
                0x00006c78                CAN_1_GetTXErrorFlag
 .text.CAN_1_GetRXErrorFlag
                0x00006c88       0x10 .\ARM_GCC_493\Debug\C-CAN.a(CAN_1.o)
                0x00006c88                CAN_1_GetRXErrorFlag
 .text.CAN_1_GetTXErrorCount
                0x00006c98        0xc .\ARM_GCC_493\Debug\C-CAN.a(CAN_1.o)
                0x00006c98                CAN_1_GetTXErrorCount
 .text.CAN_1_GetRXErrorCount
                0x00006ca4        0xc .\ARM_GCC_493\Debug\C-CAN.a(CAN_1.o)
                0x00006ca4                CAN_1_GetRXErrorCount
 .text.CAN_1_GetErrorState
                0x00006cb0       0x10 .\ARM_GCC_493\Debug\C-CAN.a(CAN_1.o)
                0x00006cb0                CAN_1_GetErrorState
 .text.CAN_1_RxBufConfig
                0x00006cc0       0x88 .\ARM_GCC_493\Debug\C-CAN.a(CAN_1.o)
                0x00006cc0                CAN_1_RxBufConfig
 .text.CAN_1_TxBufConfig
                0x00006d48       0x58 .\ARM_GCC_493\Debug\C-CAN.a(CAN_1.o)
                0x00006d48                CAN_1_TxBufConfig
 .text          0x00006da0        0x0 .\ARM_GCC_493\Debug\C-CAN.a(CAN_1_INT.o)
 .text.CAN_1_BusOffIsr
                0x00006da0       0x18 .\ARM_GCC_493\Debug\C-CAN.a(CAN_1_INT.o)
                0x00006da0                CAN_1_BusOffIsr
 .text.CAN_1_MsgRXIsr
                0x00006db8       0x44 .\ARM_GCC_493\Debug\C-CAN.a(CAN_1_INT.o)
                0x00006db8                CAN_1_MsgRXIsr
 .text.CAN_1_ISR
                0x00006dfc       0x60 .\ARM_GCC_493\Debug\C-CAN.a(CAN_1_INT.o)
                0x00006dfc                CAN_1_ISR
 .text          0x00006e5c        0x0 .\ARM_GCC_493\Debug\C-CAN.a(CAN_TIMER.o)
 .text.CAN_TIMER_Init
                0x00006e5c       0x54 .\ARM_GCC_493\Debug\C-CAN.a(CAN_TIMER.o)
                0x00006e5c                CAN_TIMER_Init
 .text.CAN_TIMER_Enable
                0x00006eb0       0x10 .\ARM_GCC_493\Debug\C-CAN.a(CAN_TIMER.o)
                0x00006eb0                CAN_TIMER_Enable
 .text.CAN_TIMER_Start
                0x00006ec0       0x70 .\ARM_GCC_493\Debug\C-CAN.a(CAN_TIMER.o)
                0x00006ec0                CAN_TIMER_Start
 .text.CAN_TIMER_Stop
                0x00006f30       0x10 .\ARM_GCC_493\Debug\C-CAN.a(CAN_TIMER.o)
                0x00006f30                CAN_TIMER_Stop
 .text.CAN_TIMER_SetInterruptMode
                0x00006f40        0xc .\ARM_GCC_493\Debug\C-CAN.a(CAN_TIMER.o)
                0x00006f40                CAN_TIMER_SetInterruptMode
 .text.CAN_TIMER_SoftwareCapture
                0x00006f4c        0xc .\ARM_GCC_493\Debug\C-CAN.a(CAN_TIMER.o)
                0x00006f4c                CAN_TIMER_SoftwareCapture
 .text.CAN_TIMER_ReadStatusRegister
                0x00006f58        0xc .\ARM_GCC_493\Debug\C-CAN.a(CAN_TIMER.o)
                0x00006f58                CAN_TIMER_ReadStatusRegister
 .text.CAN_TIMER_ReadControlRegister
                0x00006f64        0xc .\ARM_GCC_493\Debug\C-CAN.a(CAN_TIMER.o)
                0x00006f64                CAN_TIMER_ReadControlRegister
 .text.CAN_TIMER_WriteControlRegister
                0x00006f70        0xc .\ARM_GCC_493\Debug\C-CAN.a(CAN_TIMER.o)
                0x00006f70                CAN_TIMER_WriteControlRegister
 .text.CAN_TIMER_ReadPeriod
                0x00006f7c        0xc .\ARM_GCC_493\Debug\C-CAN.a(CAN_TIMER.o)
                0x00006f7c                CAN_TIMER_ReadPeriod
 .text.CAN_TIMER_WritePeriod
                0x00006f88        0xc .\ARM_GCC_493\Debug\C-CAN.a(CAN_TIMER.o)
                0x00006f88                CAN_TIMER_WritePeriod
 .text.CAN_TIMER_ReadCapture
                0x00006f94        0xc .\ARM_GCC_493\Debug\C-CAN.a(CAN_TIMER.o)
                0x00006f94                CAN_TIMER_ReadCapture
 .text.CAN_TIMER_WriteCounter
                0x00006fa0        0xc .\ARM_GCC_493\Debug\C-CAN.a(CAN_TIMER.o)
                0x00006fa0                CAN_TIMER_WriteCounter
 .text.CAN_TIMER_ReadCounter
                0x00006fac       0x14 .\ARM_GCC_493\Debug\C-CAN.a(CAN_TIMER.o)
                0x00006fac                CAN_TIMER_ReadCounter
 .text.CAN_TIMER_ClearFIFO
                0x00006fc0       0x1c .\ARM_GCC_493\Debug\C-CAN.a(CAN_TIMER.o)
                0x00006fc0                CAN_TIMER_ClearFIFO
 .text          0x00006fdc        0x0 .\ARM_GCC_493\Debug\C-CAN.a(CAN_ISR.o)
 .text.CAN_ISR_Interrupt
                0x00006fdc       0x10 .\ARM_GCC_493\Debug\C-CAN.a(CAN_ISR.o)
                0x00006fdc                CAN_ISR_Interrupt
 .text.CAN_ISR_Start
                0x00006fec       0x34 .\ARM_GCC_493\Debug\C-CAN.a(CAN_ISR.o)
                0x00006fec                CAN_ISR_Start
 .text.CAN_ISR_StartEx
                0x00007020       0x2c .\ARM_GCC_493\Debug\C-CAN.a(CAN_ISR.o)
                0x00007020                CAN_ISR_StartEx
 .text.CAN_ISR_Stop
                0x0000704c       0x1c .\ARM_GCC_493\Debug\C-CAN.a(CAN_ISR.o)
                0x0000704c                CAN_ISR_Stop
 .text.CAN_ISR_SetVector
                0x00007068        0xc .\ARM_GCC_493\Debug\C-CAN.a(CAN_ISR.o)
                0x00007068                CAN_ISR_SetVector
 .text.CAN_ISR_GetVector
                0x00007074        0xc .\ARM_GCC_493\Debug\C-CAN.a(CAN_ISR.o)
                0x00007074                CAN_ISR_GetVector
 .text.CAN_ISR_SetPriority
                0x00007080       0x10 .\ARM_GCC_493\Debug\C-CAN.a(CAN_ISR.o)
                0x00007080                CAN_ISR_SetPriority
 .text.CAN_ISR_GetPriority
                0x00007090        0xc .\ARM_GCC_493\Debug\C-CAN.a(CAN_ISR.o)
                0x00007090                CAN_ISR_GetPriority
 .text.CAN_ISR_Enable
                0x0000709c        0xc .\ARM_GCC_493\Debug\C-CAN.a(CAN_ISR.o)
                0x0000709c                CAN_ISR_Enable
 .text.CAN_ISR_GetState
                0x000070a8       0x10 .\ARM_GCC_493\Debug\C-CAN.a(CAN_ISR.o)
                0x000070a8                CAN_ISR_GetState
 .text.CAN_ISR_Disable
                0x000070b8        0xc .\ARM_GCC_493\Debug\C-CAN.a(CAN_ISR.o)
                0x000070b8                CAN_ISR_Disable
 .text.CAN_ISR_SetPending
                0x000070c4        0xc .\ARM_GCC_493\Debug\C-CAN.a(CAN_ISR.o)
                0x000070c4                CAN_ISR_SetPending
 .text.CAN_ISR_ClearPending
                0x000070d0        0xc .\ARM_GCC_493\Debug\C-CAN.a(CAN_ISR.o)
                0x000070d0                CAN_ISR_ClearPending
 .text          0x000070dc        0x0 .\ARM_GCC_493\Debug\C-CAN.a(Encoder_Left.o)
 .text.Encoder_Left_Init
                0x000070dc       0x74 .\ARM_GCC_493\Debug\C-CAN.a(Encoder_Left.o)
                0x000070dc                Encoder_Left_Init
 .text.Encoder_Left_Enable
                0x00007150       0x10 .\ARM_GCC_493\Debug\C-CAN.a(Encoder_Left.o)
                0x00007150                Encoder_Left_Enable
 .text.Encoder_Left_Start
                0x00007160       0x8c .\ARM_GCC_493\Debug\C-CAN.a(Encoder_Left.o)
                0x00007160                Encoder_Left_Start
 .text.Encoder_Left_Stop
                0x000071ec       0x10 .\ARM_GCC_493\Debug\C-CAN.a(Encoder_Left.o)
                0x000071ec                Encoder_Left_Stop
 .text.Encoder_Left_SetInterruptMode
                0x000071fc        0xc .\ARM_GCC_493\Debug\C-CAN.a(Encoder_Left.o)
                0x000071fc                Encoder_Left_SetInterruptMode
 .text.Encoder_Left_ReadStatusRegister
                0x00007208        0xc .\ARM_GCC_493\Debug\C-CAN.a(Encoder_Left.o)
                0x00007208                Encoder_Left_ReadStatusRegister
 .text.Encoder_Left_ReadControlRegister
                0x00007214        0xc .\ARM_GCC_493\Debug\C-CAN.a(Encoder_Left.o)
                0x00007214                Encoder_Left_ReadControlRegister
 .text.Encoder_Left_WriteControlRegister
                0x00007220        0xc .\ARM_GCC_493\Debug\C-CAN.a(Encoder_Left.o)
                0x00007220                Encoder_Left_WriteControlRegister
 .text.Encoder_Left_WriteCounter
                0x0000722c        0xc .\ARM_GCC_493\Debug\C-CAN.a(Encoder_Left.o)
                0x0000722c                Encoder_Left_WriteCounter
 .text.Encoder_Left_ReadCounter
                0x00007238       0x14 .\ARM_GCC_493\Debug\C-CAN.a(Encoder_Left.o)
                0x00007238                Encoder_Left_ReadCounter
 .text.Encoder_Left_ReadCapture
                0x0000724c        0xc .\ARM_GCC_493\Debug\C-CAN.a(Encoder_Left.o)
                0x0000724c                Encoder_Left_ReadCapture
 .text.Encoder_Left_WritePeriod
                0x00007258        0xc .\ARM_GCC_493\Debug\C-CAN.a(Encoder_Left.o)
                0x00007258                Encoder_Left_WritePeriod
 .text.Encoder_Left_ReadPeriod
                0x00007264        0xc .\ARM_GCC_493\Debug\C-CAN.a(Encoder_Left.o)
                0x00007264                Encoder_Left_ReadPeriod
 .text.Encoder_Left_WriteCompare
                0x00007270        0xc .\ARM_GCC_493\Debug\C-CAN.a(Encoder_Left.o)
                0x00007270                Encoder_Left_WriteCompare
 .text.Encoder_Left_ReadCompare
                0x0000727c        0xc .\ARM_GCC_493\Debug\C-CAN.a(Encoder_Left.o)
                0x0000727c                Encoder_Left_ReadCompare
 .text.Encoder_Left_ClearFIFO
                0x00007288       0x1c .\ARM_GCC_493\Debug\C-CAN.a(Encoder_Left.o)
                0x00007288                Encoder_Left_ClearFIFO
 .text          0x000072a4        0x0 .\ARM_GCC_493\Debug\C-CAN.a(Encoder_Right.o)
 .text.Encoder_Right_Init
                0x000072a4       0x74 .\ARM_GCC_493\Debug\C-CAN.a(Encoder_Right.o)
                0x000072a4                Encoder_Right_Init
 .text.Encoder_Right_Enable
                0x00007318       0x10 .\ARM_GCC_493\Debug\C-CAN.a(Encoder_Right.o)
                0x00007318                Encoder_Right_Enable
 .text.Encoder_Right_Start
                0x00007328       0x8c .\ARM_GCC_493\Debug\C-CAN.a(Encoder_Right.o)
                0x00007328                Encoder_Right_Start
 .text.Encoder_Right_Stop
                0x000073b4       0x10 .\ARM_GCC_493\Debug\C-CAN.a(Encoder_Right.o)
                0x000073b4                Encoder_Right_Stop
 .text.Encoder_Right_SetInterruptMode
                0x000073c4        0xc .\ARM_GCC_493\Debug\C-CAN.a(Encoder_Right.o)
                0x000073c4                Encoder_Right_SetInterruptMode
 .text.Encoder_Right_ReadStatusRegister
                0x000073d0        0xc .\ARM_GCC_493\Debug\C-CAN.a(Encoder_Right.o)
                0x000073d0                Encoder_Right_ReadStatusRegister
 .text.Encoder_Right_ReadControlRegister
                0x000073dc        0xc .\ARM_GCC_493\Debug\C-CAN.a(Encoder_Right.o)
                0x000073dc                Encoder_Right_ReadControlRegister
 .text.Encoder_Right_WriteControlRegister
                0x000073e8        0xc .\ARM_GCC_493\Debug\C-CAN.a(Encoder_Right.o)
                0x000073e8                Encoder_Right_WriteControlRegister
 .text.Encoder_Right_WriteCounter
                0x000073f4        0xc .\ARM_GCC_493\Debug\C-CAN.a(Encoder_Right.o)
                0x000073f4                Encoder_Right_WriteCounter
 .text.Encoder_Right_ReadCounter
                0x00007400       0x14 .\ARM_GCC_493\Debug\C-CAN.a(Encoder_Right.o)
                0x00007400                Encoder_Right_ReadCounter
 .text.Encoder_Right_ReadCapture
                0x00007414        0xc .\ARM_GCC_493\Debug\C-CAN.a(Encoder_Right.o)
                0x00007414                Encoder_Right_ReadCapture
 .text.Encoder_Right_WritePeriod
                0x00007420        0xc .\ARM_GCC_493\Debug\C-CAN.a(Encoder_Right.o)
                0x00007420                Encoder_Right_WritePeriod
 .text.Encoder_Right_ReadPeriod
                0x0000742c        0xc .\ARM_GCC_493\Debug\C-CAN.a(Encoder_Right.o)
                0x0000742c                Encoder_Right_ReadPeriod
 .text.Encoder_Right_WriteCompare
                0x00007438        0xc .\ARM_GCC_493\Debug\C-CAN.a(Encoder_Right.o)
                0x00007438                Encoder_Right_WriteCompare
 .text.Encoder_Right_ReadCompare
                0x00007444        0xc .\ARM_GCC_493\Debug\C-CAN.a(Encoder_Right.o)
                0x00007444                Encoder_Right_ReadCompare
 .text.Encoder_Right_ClearFIFO
                0x00007450       0x1c .\ARM_GCC_493\Debug\C-CAN.a(Encoder_Right.o)
                0x00007450                Encoder_Right_ClearFIFO
 .text          0x0000746c        0x0 .\ARM_GCC_493\Debug\C-CAN.a(leftEncTimer.o)
 .text.leftEncTimer_Init
                0x0000746c       0x74 .\ARM_GCC_493\Debug\C-CAN.a(leftEncTimer.o)
                0x0000746c                leftEncTimer_Init
 .text.leftEncTimer_Enable
                0x000074e0       0x10 .\ARM_GCC_493\Debug\C-CAN.a(leftEncTimer.o)
                0x000074e0                leftEncTimer_Enable
 .text.leftEncTimer_Start
                0x000074f0       0x8c .\ARM_GCC_493\Debug\C-CAN.a(leftEncTimer.o)
                0x000074f0                leftEncTimer_Start
 .text.leftEncTimer_Stop
                0x0000757c       0x10 .\ARM_GCC_493\Debug\C-CAN.a(leftEncTimer.o)
                0x0000757c                leftEncTimer_Stop
 .text.leftEncTimer_SetInterruptMode
                0x0000758c        0xc .\ARM_GCC_493\Debug\C-CAN.a(leftEncTimer.o)
                0x0000758c                leftEncTimer_SetInterruptMode
 .text.leftEncTimer_ReadStatusRegister
                0x00007598        0xc .\ARM_GCC_493\Debug\C-CAN.a(leftEncTimer.o)
                0x00007598                leftEncTimer_ReadStatusRegister
 .text.leftEncTimer_ReadControlRegister
                0x000075a4        0xc .\ARM_GCC_493\Debug\C-CAN.a(leftEncTimer.o)
                0x000075a4                leftEncTimer_ReadControlRegister
 .text.leftEncTimer_WriteControlRegister
                0x000075b0        0xc .\ARM_GCC_493\Debug\C-CAN.a(leftEncTimer.o)
                0x000075b0                leftEncTimer_WriteControlRegister
 .text.leftEncTimer_WriteCounter
                0x000075bc        0xc .\ARM_GCC_493\Debug\C-CAN.a(leftEncTimer.o)
                0x000075bc                leftEncTimer_WriteCounter
 .text.leftEncTimer_ReadCounter
                0x000075c8       0x14 .\ARM_GCC_493\Debug\C-CAN.a(leftEncTimer.o)
                0x000075c8                leftEncTimer_ReadCounter
 .text.leftEncTimer_ReadCapture
                0x000075dc        0xc .\ARM_GCC_493\Debug\C-CAN.a(leftEncTimer.o)
                0x000075dc                leftEncTimer_ReadCapture
 .text.leftEncTimer_WritePeriod
                0x000075e8        0xc .\ARM_GCC_493\Debug\C-CAN.a(leftEncTimer.o)
                0x000075e8                leftEncTimer_WritePeriod
 .text.leftEncTimer_ReadPeriod
                0x000075f4        0xc .\ARM_GCC_493\Debug\C-CAN.a(leftEncTimer.o)
                0x000075f4                leftEncTimer_ReadPeriod
 .text.leftEncTimer_WriteCompare
                0x00007600        0xc .\ARM_GCC_493\Debug\C-CAN.a(leftEncTimer.o)
                0x00007600                leftEncTimer_WriteCompare
 .text.leftEncTimer_ReadCompare
                0x0000760c        0xc .\ARM_GCC_493\Debug\C-CAN.a(leftEncTimer.o)
                0x0000760c                leftEncTimer_ReadCompare
 .text.leftEncTimer_ClearFIFO
                0x00007618       0x1c .\ARM_GCC_493\Debug\C-CAN.a(leftEncTimer.o)
                0x00007618                leftEncTimer_ClearFIFO
 .text          0x00007634        0x0 .\ARM_GCC_493\Debug\C-CAN.a(rightEncTimer.o)
 .text.rightEncTimer_Init
                0x00007634       0x74 .\ARM_GCC_493\Debug\C-CAN.a(rightEncTimer.o)
                0x00007634                rightEncTimer_Init
 .text.rightEncTimer_Enable
                0x000076a8       0x10 .\ARM_GCC_493\Debug\C-CAN.a(rightEncTimer.o)
                0x000076a8                rightEncTimer_Enable
 .text.rightEncTimer_Start
                0x000076b8       0x8c .\ARM_GCC_493\Debug\C-CAN.a(rightEncTimer.o)
                0x000076b8                rightEncTimer_Start
 .text.rightEncTimer_Stop
                0x00007744       0x10 .\ARM_GCC_493\Debug\C-CAN.a(rightEncTimer.o)
                0x00007744                rightEncTimer_Stop
 .text.rightEncTimer_SetInterruptMode
                0x00007754        0xc .\ARM_GCC_493\Debug\C-CAN.a(rightEncTimer.o)
                0x00007754                rightEncTimer_SetInterruptMode
 .text.rightEncTimer_ReadStatusRegister
                0x00007760        0xc .\ARM_GCC_493\Debug\C-CAN.a(rightEncTimer.o)
                0x00007760                rightEncTimer_ReadStatusRegister
 .text.rightEncTimer_ReadControlRegister
                0x0000776c        0xc .\ARM_GCC_493\Debug\C-CAN.a(rightEncTimer.o)
                0x0000776c                rightEncTimer_ReadControlRegister
 .text.rightEncTimer_WriteControlRegister
                0x00007778        0xc .\ARM_GCC_493\Debug\C-CAN.a(rightEncTimer.o)
                0x00007778                rightEncTimer_WriteControlRegister
 .text.rightEncTimer_WriteCounter
                0x00007784        0xc .\ARM_GCC_493\Debug\C-CAN.a(rightEncTimer.o)
                0x00007784                rightEncTimer_WriteCounter
 .text.rightEncTimer_ReadCounter
                0x00007790       0x14 .\ARM_GCC_493\Debug\C-CAN.a(rightEncTimer.o)
                0x00007790                rightEncTimer_ReadCounter
 .text.rightEncTimer_ReadCapture
                0x000077a4        0xc .\ARM_GCC_493\Debug\C-CAN.a(rightEncTimer.o)
                0x000077a4                rightEncTimer_ReadCapture
 .text.rightEncTimer_WritePeriod
                0x000077b0        0xc .\ARM_GCC_493\Debug\C-CAN.a(rightEncTimer.o)
                0x000077b0                rightEncTimer_WritePeriod
 .text.rightEncTimer_ReadPeriod
                0x000077bc        0xc .\ARM_GCC_493\Debug\C-CAN.a(rightEncTimer.o)
                0x000077bc                rightEncTimer_ReadPeriod
 .text.rightEncTimer_WriteCompare
                0x000077c8        0xc .\ARM_GCC_493\Debug\C-CAN.a(rightEncTimer.o)
                0x000077c8                rightEncTimer_WriteCompare
 .text.rightEncTimer_ReadCompare
                0x000077d4        0xc .\ARM_GCC_493\Debug\C-CAN.a(rightEncTimer.o)
                0x000077d4                rightEncTimer_ReadCompare
 .text.rightEncTimer_ClearFIFO
                0x000077e0       0x1c .\ARM_GCC_493\Debug\C-CAN.a(rightEncTimer.o)
                0x000077e0                rightEncTimer_ClearFIFO
 .text          0x000077fc        0x0 .\ARM_GCC_493\Debug\C-CAN.a(CyFlash.o)
 .text.CyFlash_Start
                0x000077fc       0x50 .\ARM_GCC_493\Debug\C-CAN.a(CyFlash.o)
                0x000077fc                CyFlash_Start
 .text.CyFlash_Stop
                0x0000784c       0x2c .\ARM_GCC_493\Debug\C-CAN.a(CyFlash.o)
                0x0000784c                CyFlash_Stop
 .text.CySetTemp
                0x00007878       0xa4 .\ARM_GCC_493\Debug\C-CAN.a(CyFlash.o)
                0x00007878                CySetTemp
 .text.CySetFlashEEBuffer
                0x0000791c       0x34 .\ARM_GCC_493\Debug\C-CAN.a(CyFlash.o)
                0x0000791c                CySetFlashEEBuffer
 .text.CyWriteRowData
                0x00007950       0xd0 .\ARM_GCC_493\Debug\C-CAN.a(CyFlash.o)
                0x00007950                CyWriteRowData
 .text.CyWriteRowFull
                0x00007a20       0xcc .\ARM_GCC_493\Debug\C-CAN.a(CyFlash.o)
                0x00007a20                CyWriteRowFull
 .text.CyFlash_SetWaitCycles
                0x00007aec       0x90 .\ARM_GCC_493\Debug\C-CAN.a(CyFlash.o)
                0x00007aec                CyFlash_SetWaitCycles
 .text.CyEEPROM_Start
                0x00007b7c       0x50 .\ARM_GCC_493\Debug\C-CAN.a(CyFlash.o)
                0x00007b7c                CyEEPROM_Start
 .text.CyEEPROM_Stop
                0x00007bcc       0x2c .\ARM_GCC_493\Debug\C-CAN.a(CyFlash.o)
                0x00007bcc                CyEEPROM_Stop
 .text.CyEEPROM_ReadReserve
                0x00007bf8       0x18 .\ARM_GCC_493\Debug\C-CAN.a(CyFlash.o)
                0x00007bf8                CyEEPROM_ReadReserve
 .text.CyEEPROM_ReadRelease
                0x00007c10       0x10 .\ARM_GCC_493\Debug\C-CAN.a(CyFlash.o)
                0x00007c10                CyEEPROM_ReadRelease
 .text          0x00007c20        0x0 .\ARM_GCC_493\Debug\C-CAN.a(CySpc.o)
 .text.CySpcStart
                0x00007c20       0x2c .\ARM_GCC_493\Debug\C-CAN.a(CySpc.o)
                0x00007c20                CySpcStart
 .text.CySpcStop
                0x00007c4c       0x2c .\ARM_GCC_493\Debug\C-CAN.a(CySpc.o)
                0x00007c4c                CySpcStop
 .text.CySpcReadData
                0x00007c78       0x40 .\ARM_GCC_493\Debug\C-CAN.a(CySpc.o)
                0x00007c78                CySpcReadData
 .text.CySpcLoadMultiByte
                0x00007cb8       0x6c .\ARM_GCC_493\Debug\C-CAN.a(CySpc.o)
                0x00007cb8                CySpcLoadMultiByte
 .text.CySpcLoadRow
                0x00007d24       0x50 .\ARM_GCC_493\Debug\C-CAN.a(CySpc.o)
                0x00007d24                CySpcLoadRow
 .text.CySpcLoadRowFull
                0x00007d74       0x74 .\ARM_GCC_493\Debug\C-CAN.a(CySpc.o)
                0x00007d74                CySpcLoadRowFull
 .text.CySpcWriteRow
                0x00007de8       0x44 .\ARM_GCC_493\Debug\C-CAN.a(CySpc.o)
                0x00007de8                CySpcWriteRow
 .text.CySpcEraseSector
                0x00007e2c       0x3c .\ARM_GCC_493\Debug\C-CAN.a(CySpc.o)
                0x00007e2c                CySpcEraseSector
 .text.CySpcGetTemp
                0x00007e68       0x38 .\ARM_GCC_493\Debug\C-CAN.a(CySpc.o)
                0x00007e68                CySpcGetTemp
 .text.CySpcLock
                0x00007ea0       0x44 .\ARM_GCC_493\Debug\C-CAN.a(CySpc.o)
                0x00007ea0                CySpcLock
 .text.CySpcUnlock
                0x00007ee4       0x34 .\ARM_GCC_493\Debug\C-CAN.a(CySpc.o)
                0x00007ee4                CySpcUnlock
 .text.CySpcGetAlgorithm
                0x00007f18       0x28 .\ARM_GCC_493\Debug\C-CAN.a(CySpc.o)
                0x00007f18                CySpcGetAlgorithm
 .text          0x00007f40      0x21c c:/program files (x86)/cypress/psoc creator/3.3/psoc creator/import/gnu/arm/4.9.3/bin/../lib/gcc/arm-none-eabi/4.9.3/armv7-m\libgcc.a(_arm_addsubsf3.o)
                0x00007f40                __aeabi_frsub
                0x00007f48                __subsf3
                0x00007f48                __aeabi_fsub
                0x00007f4c                __aeabi_fadd
                0x00007f4c                __addsf3
                0x000080ac                __aeabi_ui2f
                0x000080ac                __floatunsisf
                0x000080b4                __aeabi_i2f
                0x000080b4                __floatsisf
                0x000080d0                __aeabi_ul2f
                0x000080d0                __floatundisf
                0x000080e0                __aeabi_l2f
                0x000080e0                __floatdisf
 .text          0x0000815c      0x2a0 c:/program files (x86)/cypress/psoc creator/3.3/psoc creator/import/gnu/arm/4.9.3/bin/../lib/gcc/arm-none-eabi/4.9.3/armv7-m\libgcc.a(_arm_muldivsf3.o)
                0x0000815c                __mulsf3
                0x0000815c                __aeabi_fmul
                0x000082c4                __aeabi_fdiv
                0x000082c4                __divsf3
 .text          0x000083fc       0x4c c:/program files (x86)/cypress/psoc creator/3.3/psoc creator/import/gnu/arm/4.9.3/bin/../lib/gcc/arm-none-eabi/4.9.3/armv7-m\libgcc.a(_arm_fixsfsi.o)
                0x000083fc                __aeabi_f2iz
                0x000083fc                __fixsfsi
 .text          0x00008448       0x38 c:/program files (x86)/cypress/psoc creator/3.3/psoc creator/import/gnu/arm/4.9.3/bin/../lib/gcc/arm-none-eabi/4.9.3/armv7-m\libgcc.a(_aeabi_ldivmod.o)
                0x00008448                __aeabi_ldivmod
 .text          0x00008480       0x60 c:/program files (x86)/cypress/psoc creator/3.3/psoc creator/import/gnu/arm/4.9.3/bin/../lib/gcc/arm-none-eabi/4.9.3/armv7-m\libgcc.a(bpabi.o)
                0x00008480                __gnu_ldivmod_helper
                0x000084b0                __gnu_uldivmod_helper
 .text          0x000084e0        0x4 c:/program files (x86)/cypress/psoc creator/3.3/psoc creator/import/gnu/arm/4.9.3/bin/../lib/gcc/arm-none-eabi/4.9.3/armv7-m\libgcc.a(_dvmd_tls.o)
                0x000084e0                __aeabi_idiv0
                0x000084e0                __aeabi_ldiv0
 .text          0x000084e4      0x2ac c:/program files (x86)/cypress/psoc creator/3.3/psoc creator/import/gnu/arm/4.9.3/bin/../lib/gcc/arm-none-eabi/4.9.3/armv7-m\libgcc.a(_divdi3.o)
                0x000084e4                __divdi3
 .text          0x00008790      0x270 c:/program files (x86)/cypress/psoc creator/3.3/psoc creator/import/gnu/arm/4.9.3/bin/../lib/gcc/arm-none-eabi/4.9.3/armv7-m\libgcc.a(_udivdi3.o)
                0x00008790                __udivdi3
 .text          0x00008a00        0x0 c:/program files (x86)/cypress/psoc creator/3.3/psoc creator/import/gnu/arm/4.9.3/bin/../lib/gcc/arm-none-eabi/4.9.3/../../../../arm-none-eabi/lib/armv7-m\libg_nano.a(lib_a-errno.o)
 .text.__errno  0x00008a00        0xc c:/program files (x86)/cypress/psoc creator/3.3/psoc creator/import/gnu/arm/4.9.3/bin/../lib/gcc/arm-none-eabi/4.9.3/../../../../arm-none-eabi/lib/armv7-m\libg_nano.a(lib_a-errno.o)
                0x00008a00                __errno
 .text          0x00008a0c        0x0 c:/program files (x86)/cypress/psoc creator/3.3/psoc creator/import/gnu/arm/4.9.3/bin/../lib/gcc/arm-none-eabi/4.9.3/../../../../arm-none-eabi/lib/armv7-m\libg_nano.a(lib_a-exit.o)
 .text.exit     0x00008a0c       0x28 c:/program files (x86)/cypress/psoc creator/3.3/psoc creator/import/gnu/arm/4.9.3/bin/../lib/gcc/arm-none-eabi/4.9.3/../../../../arm-none-eabi/lib/armv7-m\libg_nano.a(lib_a-exit.o)
                0x00008a0c                exit
 .text          0x00008a34        0x0 c:/program files (x86)/cypress/psoc creator/3.3/psoc creator/import/gnu/arm/4.9.3/bin/../lib/gcc/arm-none-eabi/4.9.3/../../../../arm-none-eabi/lib/armv7-m\libg_nano.a(lib_a-impure.o)
 .text          0x00008a34        0x0 c:/program files (x86)/cypress/psoc creator/3.3/psoc creator/import/gnu/arm/4.9.3/bin/../lib/gcc/arm-none-eabi/4.9.3/../../../../arm-none-eabi/lib/armv7-m\libg_nano.a(lib_a-init.o)
 .text.__libc_init_array
                0x00008a34       0x4c c:/program files (x86)/cypress/psoc creator/3.3/psoc creator/import/gnu/arm/4.9.3/bin/../lib/gcc/arm-none-eabi/4.9.3/../../../../arm-none-eabi/lib/armv7-m\libg_nano.a(lib_a-init.o)
                0x00008a34                __libc_init_array
 .text          0x00008a80        0x0 c:/program files (x86)/cypress/psoc creator/3.3/psoc creator/import/gnu/arm/4.9.3/bin/../lib/gcc/arm-none-eabi/4.9.3/../../../../arm-none-eabi/lib/armv7-m\libg_nano.a(lib_a-memcpy.o)
 .text.memcpy   0x00008a80       0x16 c:/program files (x86)/cypress/psoc creator/3.3/psoc creator/import/gnu/arm/4.9.3/bin/../lib/gcc/arm-none-eabi/4.9.3/../../../../arm-none-eabi/lib/armv7-m\libg_nano.a(lib_a-memcpy.o)
                0x00008a80                memcpy
 .text          0x00008a96        0x0 c:/program files (x86)/cypress/psoc creator/3.3/psoc creator/import/gnu/arm/4.9.3/bin/../lib/gcc/arm-none-eabi/4.9.3/../../../../arm-none-eabi/lib/armv7-m\libg_nano.a(lib_a-memset.o)
 .text.memset   0x00008a96       0x10 c:/program files (x86)/cypress/psoc creator/3.3/psoc creator/import/gnu/arm/4.9.3/bin/../lib/gcc/arm-none-eabi/4.9.3/../../../../arm-none-eabi/lib/armv7-m\libg_nano.a(lib_a-memset.o)
                0x00008a96                memset
 .text          0x00008aa6        0x0 c:/program files (x86)/cypress/psoc creator/3.3/psoc creator/import/gnu/arm/4.9.3/bin/../lib/gcc/arm-none-eabi/4.9.3/../../../../arm-none-eabi/lib/armv7-m\libg_nano.a(lib_a-sprintf.o)
 .text._sprintf_r
                0x00008aa6       0x40 c:/program files (x86)/cypress/psoc creator/3.3/psoc creator/import/gnu/arm/4.9.3/bin/../lib/gcc/arm-none-eabi/4.9.3/../../../../arm-none-eabi/lib/armv7-m\libg_nano.a(lib_a-sprintf.o)
                0x00008aa6                _sprintf_r
                0x00008aa6                _siprintf_r
 *fill*         0x00008ae6        0x2 
 .text.sprintf  0x00008ae8       0x48 c:/program files (x86)/cypress/psoc creator/3.3/psoc creator/import/gnu/arm/4.9.3/bin/../lib/gcc/arm-none-eabi/4.9.3/../../../../arm-none-eabi/lib/armv7-m\libg_nano.a(lib_a-sprintf.o)
                0x00008ae8                siprintf
                0x00008ae8                sprintf
 .text          0x00008b30        0x0 c:/program files (x86)/cypress/psoc creator/3.3/psoc creator/import/gnu/arm/4.9.3/bin/../lib/gcc/arm-none-eabi/4.9.3/../../../../arm-none-eabi/lib/armv7-m\libg_nano.a(lib_a-nano-svfprintf.o)
 .text.__ssputs_r
                0x00008b30       0xb2 c:/program files (x86)/cypress/psoc creator/3.3/psoc creator/import/gnu/arm/4.9.3/bin/../lib/gcc/arm-none-eabi/4.9.3/../../../../arm-none-eabi/lib/armv7-m\libg_nano.a(lib_a-nano-svfprintf.o)
                0x00008b30                __ssputs_r
 .text.__ssprint_r
                0x00008be2       0xfe c:/program files (x86)/cypress/psoc creator/3.3/psoc creator/import/gnu/arm/4.9.3/bin/../lib/gcc/arm-none-eabi/4.9.3/../../../../arm-none-eabi/lib/armv7-m\libg_nano.a(lib_a-nano-svfprintf.o)
                0x00008be2                __ssprint_r
 .text._svfprintf_r
                0x00008ce0      0x1e4 c:/program files (x86)/cypress/psoc creator/3.3/psoc creator/import/gnu/arm/4.9.3/bin/../lib/gcc/arm-none-eabi/4.9.3/../../../../arm-none-eabi/lib/armv7-m\libg_nano.a(lib_a-nano-svfprintf.o)
                0x00008ce0                _svfiprintf_r
                0x00008ce0                _svfprintf_r
 .text          0x00008ec4        0x0 c:/program files (x86)/cypress/psoc creator/3.3/psoc creator/import/gnu/arm/4.9.3/bin/../lib/gcc/arm-none-eabi/4.9.3/../../../../arm-none-eabi/lib/armv7-m\libg_nano.a(lib_a-nano-vfprintf_i.o)
 .text._printf_common
                0x00008ec4       0xea c:/program files (x86)/cypress/psoc creator/3.3/psoc creator/import/gnu/arm/4.9.3/bin/../lib/gcc/arm-none-eabi/4.9.3/../../../../arm-none-eabi/lib/armv7-m\libg_nano.a(lib_a-nano-vfprintf_i.o)
                0x00008ec4                _printf_common
 *fill*         0x00008fae        0x2 
 .text._printf_i
                0x00008fb0      0x240 c:/program files (x86)/cypress/psoc creator/3.3/psoc creator/import/gnu/arm/4.9.3/bin/../lib/gcc/arm-none-eabi/4.9.3/../../../../arm-none-eabi/lib/armv7-m\libg_nano.a(lib_a-nano-vfprintf_i.o)
                0x00008fb0                _printf_i
 .text          0x000091f0        0x0 c:/program files (x86)/cypress/psoc creator/3.3/psoc creator/import/gnu/arm/4.9.3/bin/../lib/gcc/arm-none-eabi/4.9.3/../../../../arm-none-eabi/lib/armv7-m\libg_nano.a(lib_a-memchr.o)
 .text.memchr   0x000091f0       0x1c c:/program files (x86)/cypress/psoc creator/3.3/psoc creator/import/gnu/arm/4.9.3/bin/../lib/gcc/arm-none-eabi/4.9.3/../../../../arm-none-eabi/lib/armv7-m\libg_nano.a(lib_a-memchr.o)
                0x000091f0                memchr
 .text          0x0000920c        0x0 c:/program files (x86)/cypress/psoc creator/3.3/psoc creator/import/gnu/arm/4.9.3/bin/../lib/gcc/arm-none-eabi/4.9.3/../../../../arm-none-eabi/lib/armv7-m\libg_nano.a(lib_a-memmove.o)
 .text.memmove  0x0000920c       0x36 c:/program files (x86)/cypress/psoc creator/3.3/psoc creator/import/gnu/arm/4.9.3/bin/../lib/gcc/arm-none-eabi/4.9.3/../../../../arm-none-eabi/lib/armv7-m\libg_nano.a(lib_a-memmove.o)
                0x0000920c                memmove
 .text          0x00009242        0x0 c:/program files (x86)/cypress/psoc creator/3.3/psoc creator/import/gnu/arm/4.9.3/bin/../lib/gcc/arm-none-eabi/4.9.3/../../../../arm-none-eabi/lib/armv7-m\libg_nano.a(lib_a-nano-freer.o)
 *fill*         0x00009242        0x2 
 .text._free_r  0x00009244       0x88 c:/program files (x86)/cypress/psoc creator/3.3/psoc creator/import/gnu/arm/4.9.3/bin/../lib/gcc/arm-none-eabi/4.9.3/../../../../arm-none-eabi/lib/armv7-m\libg_nano.a(lib_a-nano-freer.o)
                0x00009244                _free_r
 .text          0x000092cc        0x0 c:/program files (x86)/cypress/psoc creator/3.3/psoc creator/import/gnu/arm/4.9.3/bin/../lib/gcc/arm-none-eabi/4.9.3/../../../../arm-none-eabi/lib/armv7-m\libg_nano.a(lib_a-nano-mallocr.o)
 .text._malloc_r
                0x000092cc       0xac c:/program files (x86)/cypress/psoc creator/3.3/psoc creator/import/gnu/arm/4.9.3/bin/../lib/gcc/arm-none-eabi/4.9.3/../../../../arm-none-eabi/lib/armv7-m\libg_nano.a(lib_a-nano-mallocr.o)
                0x000092cc                _malloc_r
 .text          0x00009378        0x0 c:/program files (x86)/cypress/psoc creator/3.3/psoc creator/import/gnu/arm/4.9.3/bin/../lib/gcc/arm-none-eabi/4.9.3/../../../../arm-none-eabi/lib/armv7-m\libg_nano.a(lib_a-nano-reallocr.o)
 .text._realloc_r
                0x00009378       0x4c c:/program files (x86)/cypress/psoc creator/3.3/psoc creator/import/gnu/arm/4.9.3/bin/../lib/gcc/arm-none-eabi/4.9.3/../../../../arm-none-eabi/lib/armv7-m\libg_nano.a(lib_a-nano-reallocr.o)
                0x00009378                _realloc_r
 .text          0x000093c4        0x0 c:/program files (x86)/cypress/psoc creator/3.3/psoc creator/import/gnu/arm/4.9.3/bin/../lib/gcc/arm-none-eabi/4.9.3/../../../../arm-none-eabi/lib/armv7-m\libg_nano.a(lib_a-sbrkr.o)
 .text._sbrk_r  0x000093c4       0x20 c:/program files (x86)/cypress/psoc creator/3.3/psoc creator/import/gnu/arm/4.9.3/bin/../lib/gcc/arm-none-eabi/4.9.3/../../../../arm-none-eabi/lib/armv7-m\libg_nano.a(lib_a-sbrkr.o)
                0x000093c4                _sbrk_r
 .text          0x000093e4        0x0 c:/program files (x86)/cypress/psoc creator/3.3/psoc creator/import/gnu/arm/4.9.3/bin/../lib/gcc/arm-none-eabi/4.9.3/../../../../arm-none-eabi/lib/armv7-m\libg_nano.a(lib_a-nano-msizer.o)
 .text._malloc_usable_size_r
                0x000093e4       0x14 c:/program files (x86)/cypress/psoc creator/3.3/psoc creator/import/gnu/arm/4.9.3/bin/../lib/gcc/arm-none-eabi/4.9.3/../../../../arm-none-eabi/lib/armv7-m\libg_nano.a(lib_a-nano-msizer.o)
                0x000093e4                _malloc_usable_size_r
 .text          0x000093f8        0x0 c:/program files (x86)/cypress/psoc creator/3.3/psoc creator/import/gnu/arm/4.9.3/bin/../lib/gcc/arm-none-eabi/4.9.3/../../../../arm-none-eabi/lib/armv7-m\libg_nano.a(lib_a-reent.o)
 .text.cleanup_glue
                0x000093f8       0x1a c:/program files (x86)/cypress/psoc creator/3.3/psoc creator/import/gnu/arm/4.9.3/bin/../lib/gcc/arm-none-eabi/4.9.3/../../../../arm-none-eabi/lib/armv7-m\libg_nano.a(lib_a-reent.o)
                0x000093f8                cleanup_glue
 *fill*         0x00009412        0x2 
 .text._reclaim_reent
                0x00009414       0xb4 c:/program files (x86)/cypress/psoc creator/3.3/psoc creator/import/gnu/arm/4.9.3/bin/../lib/gcc/arm-none-eabi/4.9.3/../../../../arm-none-eabi/lib/armv7-m\libg_nano.a(lib_a-reent.o)
                0x00009414                _reclaim_reent
 .text          0x000094c8        0x0 c:/program files (x86)/cypress/psoc creator/3.3/psoc creator/import/gnu/arm/4.9.3/bin/../lib/gcc/arm-none-eabi/4.9.3/armv7-m/crtend.o
 .text          0x000094c8        0x0 c:/program files (x86)/cypress/psoc creator/3.3/psoc creator/import/gnu/arm/4.9.3/bin/../lib/gcc/arm-none-eabi/4.9.3/armv7-m/crtn.o
 *(.plt)
 *(.gnu.warning)
 *(.glue_7t)
 .glue_7t       0x00000000        0x0 linker stubs
 *(.glue_7)
 .glue_7        0x00000000        0x0 linker stubs
 *(.vfp11_veneer)
 .vfp11_veneer  0x00000000        0x0 linker stubs
 *(.bootloader)
 *(.ARM.extab* .gnu.linkonce.armextab.*)
 .ARM.extab     0x000094c8        0x0 c:/program files (x86)/cypress/psoc creator/3.3/psoc creator/import/gnu/arm/4.9.3/bin/../lib/gcc/arm-none-eabi/4.9.3/../../../../arm-none-eabi/lib/armv7-m/crt0.o
 .ARM.extab     0x000094c8        0x0 c:/program files (x86)/cypress/psoc creator/3.3/psoc creator/import/gnu/arm/4.9.3/bin/../lib/gcc/arm-none-eabi/4.9.3/armv7-m\libgcc.a(_divdi3.o)
 .ARM.extab     0x000094c8        0x0 c:/program files (x86)/cypress/psoc creator/3.3/psoc creator/import/gnu/arm/4.9.3/bin/../lib/gcc/arm-none-eabi/4.9.3/armv7-m\libgcc.a(_udivdi3.o)
 *(.gcc_except_table)

.v4_bx          0x000094c8        0x0
 .v4_bx         0x00000000        0x0 linker stubs

.iplt           0x000094c8        0x0
 .iplt          0x00000000        0x0 c:/program files (x86)/cypress/psoc creator/3.3/psoc creator/import/gnu/arm/4.9.3/bin/../lib/gcc/arm-none-eabi/4.9.3/armv7-m/crtbegin.o

.eh_frame_hdr
 *(.eh_frame_hdr)

.eh_frame       0x000094c8        0x4
 *(.eh_frame)
 .eh_frame      0x000094c8        0x0 c:/program files (x86)/cypress/psoc creator/3.3/psoc creator/import/gnu/arm/4.9.3/bin/../lib/gcc/arm-none-eabi/4.9.3/armv7-m/crtbegin.o
 .eh_frame      0x000094c8        0x4 c:/program files (x86)/cypress/psoc creator/3.3/psoc creator/import/gnu/arm/4.9.3/bin/../lib/gcc/arm-none-eabi/4.9.3/armv7-m/crtend.o
                0x000094cc                PROVIDE (__exidx_start, .)

.ARM.exidx      0x000094cc        0x8
 *(.ARM.exidx* .gnu.linkonce.armexidx.*)
 .ARM.exidx     0x000094cc        0x8 c:/program files (x86)/cypress/psoc creator/3.3/psoc creator/import/gnu/arm/4.9.3/bin/../lib/gcc/arm-none-eabi/4.9.3/../../../../arm-none-eabi/lib/armv7-m/crt0.o
 .ARM.exidx     0x000094d4        0x0 c:/program files (x86)/cypress/psoc creator/3.3/psoc creator/import/gnu/arm/4.9.3/bin/../lib/gcc/arm-none-eabi/4.9.3/armv7-m\libgcc.a(_divdi3.o)
                                  0x8 (size before relaxing)
 .ARM.exidx     0x000094d4        0x0 c:/program files (x86)/cypress/psoc creator/3.3/psoc creator/import/gnu/arm/4.9.3/bin/../lib/gcc/arm-none-eabi/4.9.3/armv7-m\libgcc.a(_udivdi3.o)
                                  0x8 (size before relaxing)
                0x000094d4                __exidx_end = .

.rodata         0x000094d4      0x204
 *(.rodata .rodata.* .gnu.linkonce.r.*)
 .rodata.str1.4
                0x000094d4       0x24 .\ARM_GCC_493\Debug\main.o
 .rodata        0x000094f8       0x5c .\ARM_GCC_493\Debug\C-CAN.a(cyfitter_cfg.o)
 .rodata        0x00009554       0x10 .\ARM_GCC_493\Debug\C-CAN.a(cyPm.o)
 .rodata        0x00009564      0x100 .\ARM_GCC_493\Debug\C-CAN.a(CAN_1.o)
 .rodata.str1.1
                0x00009664        0x2 c:/program files (x86)/cypress/psoc creator/3.3/psoc creator/import/gnu/arm/4.9.3/bin/../lib/gcc/arm-none-eabi/4.9.3/../../../../arm-none-eabi/lib/armv7-m\libg_nano.a(lib_a-impure.o)
 *fill*         0x00009666        0x2 
 .rodata._global_impure_ptr
                0x00009668        0x4 c:/program files (x86)/cypress/psoc creator/3.3/psoc creator/import/gnu/arm/4.9.3/bin/../lib/gcc/arm-none-eabi/4.9.3/../../../../arm-none-eabi/lib/armv7-m\libg_nano.a(lib_a-impure.o)
                0x00009668                _global_impure_ptr
 .rodata.str1.1
                0x0000966c       0x11 c:/program files (x86)/cypress/psoc creator/3.3/psoc creator/import/gnu/arm/4.9.3/bin/../lib/gcc/arm-none-eabi/4.9.3/../../../../arm-none-eabi/lib/armv7-m\libg_nano.a(lib_a-nano-svfprintf.o)
 .rodata.str1.1
                0x0000967d       0x22 c:/program files (x86)/cypress/psoc creator/3.3/psoc creator/import/gnu/arm/4.9.3/bin/../lib/gcc/arm-none-eabi/4.9.3/../../../../arm-none-eabi/lib/armv7-m\libg_nano.a(lib_a-nano-vfprintf_i.o)
                0x000096a0                . = ALIGN (0x4)
 *fill*         0x0000969f        0x1 
 *(.init)
 .init          0x000096a0        0x4 c:/program files (x86)/cypress/psoc creator/3.3/psoc creator/import/gnu/arm/4.9.3/bin/../lib/gcc/arm-none-eabi/4.9.3/armv7-m/crti.o
                0x000096a0                _init
 .init          0x000096a4        0x8 c:/program files (x86)/cypress/psoc creator/3.3/psoc creator/import/gnu/arm/4.9.3/bin/../lib/gcc/arm-none-eabi/4.9.3/armv7-m/crtn.o
                0x000096ac                . = ALIGN (0x4)
                0x000096ac                __preinit_array_start = .
 *(.preinit_array)
                0x000096ac                __preinit_array_end = .
                0x000096ac                . = ALIGN (0x4)
                0x000096ac                __init_array_start = .
 *(SORT(.init_array.*))
 *(.init_array)
 .init_array    0x000096ac        0x4 c:/program files (x86)/cypress/psoc creator/3.3/psoc creator/import/gnu/arm/4.9.3/bin/../lib/gcc/arm-none-eabi/4.9.3/armv7-m/crtbegin.o
 .init_array    0x000096b0        0x4 .\ARM_GCC_493\Debug\Cm3Start.o
                0x000096b4                __init_array_end = .
                0x000096b4                . = ALIGN (0x4)
 *(.fini)
 .fini          0x000096b4        0x4 c:/program files (x86)/cypress/psoc creator/3.3/psoc creator/import/gnu/arm/4.9.3/bin/../lib/gcc/arm-none-eabi/4.9.3/armv7-m/crti.o
                0x000096b4                _fini
 .fini          0x000096b8        0x8 c:/program files (x86)/cypress/psoc creator/3.3/psoc creator/import/gnu/arm/4.9.3/bin/../lib/gcc/arm-none-eabi/4.9.3/armv7-m/crtn.o
                0x000096c0                . = ALIGN (0x4)
                0x000096c0                __fini_array_start = .
 *(.fini_array)
 .fini_array    0x000096c0        0x4 c:/program files (x86)/cypress/psoc creator/3.3/psoc creator/import/gnu/arm/4.9.3/bin/../lib/gcc/arm-none-eabi/4.9.3/armv7-m/crtbegin.o
 *(SORT(.fini_array.*))
                0x000096c4                __fini_array_end = .
                0x000096c4                . = ALIGN (0x4)
 *crtbegin.o(.ctors)
 *(EXCLUDE_FILE(*crtend.o) .ctors)
 *(SORT(.ctors.*))
 *crtend.o(.ctors)
                0x000096c4                . = ALIGN (0x4)
 *crtbegin.o(.dtors)
 *(EXCLUDE_FILE(*crtend.o) .dtors)
 *(SORT(.dtors.*))
 *crtend.o(.dtors)
                0x000096c4                . = ALIGN (0x4)
                0x000096c4                __cy_regions = .
                0x000096c4        0x4 LONG 0x96d8 __cy_region_init_ram
                0x000096c8        0x4 LONG 0x1fff8108 __cy_region_start_data
                0x000096cc        0x4 LONG 0x88 __cy_region_init_size_ram
                0x000096d0        0x4 LONG 0x318 __cy_region_zero_size_ram
                0x000096d4                __cy_regions_end = .
                0x000096d8                . = ALIGN (0x8)
 *fill*         0x000096d4        0x4 
                0x000096d8                _etext = .

.ramvectors     0x1fff8000      0x100
                0x1fff8000                __cy_region_start_ram = .
 *(.ramvectors)
 .ramvectors    0x1fff8000      0x100 .\ARM_GCC_493\Debug\Cm3Start.o
                0x1fff8000                CyRamVectors

.noinit         0x1fff8100        0x5
 *(.noinit)
 .noinit        0x1fff8100        0x4 .\ARM_GCC_493\Debug\Cm3Start.o
 .noinit        0x1fff8104        0x1 .\ARM_GCC_493\Debug\C-CAN.a(CyLib.o)
                0x1fff8104                CyResetStatus

.data           0x1fff8108       0x88 load address 0x000096d8
                0x1fff8108                __cy_region_start_data = .
 *(.jcr)
 .jcr           0x1fff8108        0x0 c:/program files (x86)/cypress/psoc creator/3.3/psoc creator/import/gnu/arm/4.9.3/bin/../lib/gcc/arm-none-eabi/4.9.3/armv7-m/crtbegin.o
 .jcr           0x1fff8108        0x4 c:/program files (x86)/cypress/psoc creator/3.3/psoc creator/import/gnu/arm/4.9.3/bin/../lib/gcc/arm-none-eabi/4.9.3/armv7-m/crtend.o
 *(.got.plt)
 *(.got)
 *(.shdata)
 *(.data .data.* .gnu.linkonce.d.*)
 .data          0x1fff810c        0x0 c:/program files (x86)/cypress/psoc creator/3.3/psoc creator/import/gnu/arm/4.9.3/bin/../lib/gcc/arm-none-eabi/4.9.3/armv7-m/crti.o
 .data          0x1fff810c        0x4 c:/program files (x86)/cypress/psoc creator/3.3/psoc creator/import/gnu/arm/4.9.3/bin/../lib/gcc/arm-none-eabi/4.9.3/armv7-m/crtbegin.o
                0x1fff810c                __dso_handle
 .data          0x1fff8110        0x0 c:/program files (x86)/cypress/psoc creator/3.3/psoc creator/import/gnu/arm/4.9.3/bin/../lib/gcc/arm-none-eabi/4.9.3/../../../../arm-none-eabi/lib/armv7-m/crt0.o
 .data          0x1fff8110        0x0 .\ARM_GCC_493\Debug\main.o
 .data          0x1fff8110        0x0 .\ARM_GCC_493\Debug\cymetadata.o
 .data          0x1fff8110        0x4 .\ARM_GCC_493\Debug\Cm3Start.o
 .data          0x1fff8114        0x0 .\ARM_GCC_493\Debug\cybootloader.o
 .data          0x1fff8114        0x0 .\ARM_GCC_493\Debug\C-CAN.a(cyfitter_cfg.o)
 .data          0x1fff8114        0x0 .\ARM_GCC_493\Debug\C-CAN.a(UART_1.o)
 .data          0x1fff8114        0x0 .\ARM_GCC_493\Debug\C-CAN.a(UART_1_IntClock.o)
 .data          0x1fff8114        0x0 .\ARM_GCC_493\Debug\C-CAN.a(CyBootAsmGnu.o)
 .data          0x1fff8114       0x10 .\ARM_GCC_493\Debug\C-CAN.a(CyLib.o)
                0x1fff8114                cydelay_freq_mhz
                0x1fff8118                cydelay_32k_ms
                0x1fff811c                cydelay_freq_khz
                0x1fff8120                cydelay_freq_hz
 .data          0x1fff8124        0x0 .\ARM_GCC_493\Debug\C-CAN.a(cyPm.o)
 .data          0x1fff8124        0x0 .\ARM_GCC_493\Debug\C-CAN.a(ADC_SAR_1.o)
 .data          0x1fff8124        0x0 .\ARM_GCC_493\Debug\C-CAN.a(ADC_SAR_1_INT.o)
 .data          0x1fff8124        0x0 .\ARM_GCC_493\Debug\C-CAN.a(ADC_SAR_1_theACLK.o)
 .data          0x1fff8124        0x1 .\ARM_GCC_493\Debug\C-CAN.a(AMux_1.o)
 .data          0x1fff8125        0x0 .\ARM_GCC_493\Debug\C-CAN.a(CAN_1.o)
 .data          0x1fff8125        0x0 .\ARM_GCC_493\Debug\C-CAN.a(CAN_1_INT.o)
 .data          0x1fff8125        0x0 .\ARM_GCC_493\Debug\C-CAN.a(CAN_TIMER.o)
 .data          0x1fff8125        0x0 .\ARM_GCC_493\Debug\C-CAN.a(CAN_ISR.o)
 .data          0x1fff8125        0x0 .\ARM_GCC_493\Debug\C-CAN.a(Encoder_Left.o)
 .data          0x1fff8125        0x0 .\ARM_GCC_493\Debug\C-CAN.a(Encoder_Right.o)
 .data          0x1fff8125        0x0 .\ARM_GCC_493\Debug\C-CAN.a(leftEncTimer.o)
 .data          0x1fff8125        0x0 .\ARM_GCC_493\Debug\C-CAN.a(rightEncTimer.o)
 .data          0x1fff8125        0x0 .\ARM_GCC_493\Debug\C-CAN.a(CyFlash.o)
 .data          0x1fff8125        0x0 .\ARM_GCC_493\Debug\C-CAN.a(CySpc.o)
 .data          0x1fff8125        0x0 c:/program files (x86)/cypress/psoc creator/3.3/psoc creator/import/gnu/arm/4.9.3/bin/../lib/gcc/arm-none-eabi/4.9.3/armv7-m\libgcc.a(_arm_addsubsf3.o)
 .data          0x1fff8125        0x0 c:/program files (x86)/cypress/psoc creator/3.3/psoc creator/import/gnu/arm/4.9.3/bin/../lib/gcc/arm-none-eabi/4.9.3/armv7-m\libgcc.a(_arm_muldivsf3.o)
 .data          0x1fff8125        0x0 c:/program files (x86)/cypress/psoc creator/3.3/psoc creator/import/gnu/arm/4.9.3/bin/../lib/gcc/arm-none-eabi/4.9.3/armv7-m\libgcc.a(_arm_fixsfsi.o)
 .data          0x1fff8125        0x0 c:/program files (x86)/cypress/psoc creator/3.3/psoc creator/import/gnu/arm/4.9.3/bin/../lib/gcc/arm-none-eabi/4.9.3/armv7-m\libgcc.a(_aeabi_ldivmod.o)
 .data          0x1fff8125        0x0 c:/program files (x86)/cypress/psoc creator/3.3/psoc creator/import/gnu/arm/4.9.3/bin/../lib/gcc/arm-none-eabi/4.9.3/armv7-m\libgcc.a(bpabi.o)
 .data          0x1fff8125        0x0 c:/program files (x86)/cypress/psoc creator/3.3/psoc creator/import/gnu/arm/4.9.3/bin/../lib/gcc/arm-none-eabi/4.9.3/armv7-m\libgcc.a(_dvmd_tls.o)
 .data          0x1fff8125        0x0 c:/program files (x86)/cypress/psoc creator/3.3/psoc creator/import/gnu/arm/4.9.3/bin/../lib/gcc/arm-none-eabi/4.9.3/armv7-m\libgcc.a(_divdi3.o)
 .data          0x1fff8125        0x0 c:/program files (x86)/cypress/psoc creator/3.3/psoc creator/import/gnu/arm/4.9.3/bin/../lib/gcc/arm-none-eabi/4.9.3/armv7-m\libgcc.a(_udivdi3.o)
 .data          0x1fff8125        0x0 c:/program files (x86)/cypress/psoc creator/3.3/psoc creator/import/gnu/arm/4.9.3/bin/../lib/gcc/arm-none-eabi/4.9.3/../../../../arm-none-eabi/lib/armv7-m\libg_nano.a(lib_a-errno.o)
 .data          0x1fff8125        0x0 c:/program files (x86)/cypress/psoc creator/3.3/psoc creator/import/gnu/arm/4.9.3/bin/../lib/gcc/arm-none-eabi/4.9.3/../../../../arm-none-eabi/lib/armv7-m\libg_nano.a(lib_a-exit.o)
 .data          0x1fff8125        0x0 c:/program files (x86)/cypress/psoc creator/3.3/psoc creator/import/gnu/arm/4.9.3/bin/../lib/gcc/arm-none-eabi/4.9.3/../../../../arm-none-eabi/lib/armv7-m\libg_nano.a(lib_a-impure.o)
 *fill*         0x1fff8125        0x3 
 .data.impure_data
                0x1fff8128       0x60 c:/program files (x86)/cypress/psoc creator/3.3/psoc creator/import/gnu/arm/4.9.3/bin/../lib/gcc/arm-none-eabi/4.9.3/../../../../arm-none-eabi/lib/armv7-m\libg_nano.a(lib_a-impure.o)
 .data._impure_ptr
                0x1fff8188        0x4 c:/program files (x86)/cypress/psoc creator/3.3/psoc creator/import/gnu/arm/4.9.3/bin/../lib/gcc/arm-none-eabi/4.9.3/../../../../arm-none-eabi/lib/armv7-m\libg_nano.a(lib_a-impure.o)
                0x1fff8188                _impure_ptr
 .data          0x1fff818c        0x0 c:/program files (x86)/cypress/psoc creator/3.3/psoc creator/import/gnu/arm/4.9.3/bin/../lib/gcc/arm-none-eabi/4.9.3/../../../../arm-none-eabi/lib/armv7-m\libg_nano.a(lib_a-init.o)
 .data          0x1fff818c        0x0 c:/program files (x86)/cypress/psoc creator/3.3/psoc creator/import/gnu/arm/4.9.3/bin/../lib/gcc/arm-none-eabi/4.9.3/../../../../arm-none-eabi/lib/armv7-m\libg_nano.a(lib_a-memcpy.o)
 .data          0x1fff818c        0x0 c:/program files (x86)/cypress/psoc creator/3.3/psoc creator/import/gnu/arm/4.9.3/bin/../lib/gcc/arm-none-eabi/4.9.3/../../../../arm-none-eabi/lib/armv7-m\libg_nano.a(lib_a-memset.o)
 .data          0x1fff818c        0x0 c:/program files (x86)/cypress/psoc creator/3.3/psoc creator/import/gnu/arm/4.9.3/bin/../lib/gcc/arm-none-eabi/4.9.3/../../../../arm-none-eabi/lib/armv7-m\libg_nano.a(lib_a-sprintf.o)
 .data          0x1fff818c        0x0 c:/program files (x86)/cypress/psoc creator/3.3/psoc creator/import/gnu/arm/4.9.3/bin/../lib/gcc/arm-none-eabi/4.9.3/../../../../arm-none-eabi/lib/armv7-m\libg_nano.a(lib_a-nano-svfprintf.o)
 .data          0x1fff818c        0x0 c:/program files (x86)/cypress/psoc creator/3.3/psoc creator/import/gnu/arm/4.9.3/bin/../lib/gcc/arm-none-eabi/4.9.3/../../../../arm-none-eabi/lib/armv7-m\libg_nano.a(lib_a-nano-vfprintf_i.o)
 .data          0x1fff818c        0x0 c:/program files (x86)/cypress/psoc creator/3.3/psoc creator/import/gnu/arm/4.9.3/bin/../lib/gcc/arm-none-eabi/4.9.3/../../../../arm-none-eabi/lib/armv7-m\libg_nano.a(lib_a-memchr.o)
 .data          0x1fff818c        0x0 c:/program files (x86)/cypress/psoc creator/3.3/psoc creator/import/gnu/arm/4.9.3/bin/../lib/gcc/arm-none-eabi/4.9.3/../../../../arm-none-eabi/lib/armv7-m\libg_nano.a(lib_a-memmove.o)
 .data          0x1fff818c        0x0 c:/program files (x86)/cypress/psoc creator/3.3/psoc creator/import/gnu/arm/4.9.3/bin/../lib/gcc/arm-none-eabi/4.9.3/../../../../arm-none-eabi/lib/armv7-m\libg_nano.a(lib_a-nano-freer.o)
 .data          0x1fff818c        0x0 c:/program files (x86)/cypress/psoc creator/3.3/psoc creator/import/gnu/arm/4.9.3/bin/../lib/gcc/arm-none-eabi/4.9.3/../../../../arm-none-eabi/lib/armv7-m\libg_nano.a(lib_a-nano-mallocr.o)
 .data          0x1fff818c        0x0 c:/program files (x86)/cypress/psoc creator/3.3/psoc creator/import/gnu/arm/4.9.3/bin/../lib/gcc/arm-none-eabi/4.9.3/../../../../arm-none-eabi/lib/armv7-m\libg_nano.a(lib_a-nano-reallocr.o)
 .data          0x1fff818c        0x0 c:/program files (x86)/cypress/psoc creator/3.3/psoc creator/import/gnu/arm/4.9.3/bin/../lib/gcc/arm-none-eabi/4.9.3/../../../../arm-none-eabi/lib/armv7-m\libg_nano.a(lib_a-sbrkr.o)
 .data          0x1fff818c        0x0 c:/program files (x86)/cypress/psoc creator/3.3/psoc creator/import/gnu/arm/4.9.3/bin/../lib/gcc/arm-none-eabi/4.9.3/../../../../arm-none-eabi/lib/armv7-m\libg_nano.a(lib_a-nano-msizer.o)
 .data          0x1fff818c        0x0 c:/program files (x86)/cypress/psoc creator/3.3/psoc creator/import/gnu/arm/4.9.3/bin/../lib/gcc/arm-none-eabi/4.9.3/../../../../arm-none-eabi/lib/armv7-m\libg_nano.a(lib_a-reent.o)
 .data          0x1fff818c        0x0 c:/program files (x86)/cypress/psoc creator/3.3/psoc creator/import/gnu/arm/4.9.3/bin/../lib/gcc/arm-none-eabi/4.9.3/armv7-m/crtend.o
 .data          0x1fff818c        0x0 c:/program files (x86)/cypress/psoc creator/3.3/psoc creator/import/gnu/arm/4.9.3/bin/../lib/gcc/arm-none-eabi/4.9.3/armv7-m/crtn.o
                0x1fff8190                . = ALIGN (0x8)
 *fill*         0x1fff818c        0x4 
 *(.ram)
                0x1fff8190                _edata = .

.igot.plt       0x1fff8190        0x0 load address 0x00009760
 .igot.plt      0x00000000        0x0 c:/program files (x86)/cypress/psoc creator/3.3/psoc creator/import/gnu/arm/4.9.3/bin/../lib/gcc/arm-none-eabi/4.9.3/armv7-m/crtbegin.o

.bss            0x1fff8190      0x318 load address 0x00009760
                0x1fff8190                PROVIDE (__bss_start__, .)
 *(.shbss)
 *(.bss .bss.* .gnu.linkonce.b.*)
 .bss           0x1fff8190        0x0 c:/program files (x86)/cypress/psoc creator/3.3/psoc creator/import/gnu/arm/4.9.3/bin/../lib/gcc/arm-none-eabi/4.9.3/armv7-m/crti.o
 .bss           0x1fff8190       0x1c c:/program files (x86)/cypress/psoc creator/3.3/psoc creator/import/gnu/arm/4.9.3/bin/../lib/gcc/arm-none-eabi/4.9.3/armv7-m/crtbegin.o
 .bss           0x1fff81ac        0x0 c:/program files (x86)/cypress/psoc creator/3.3/psoc creator/import/gnu/arm/4.9.3/bin/../lib/gcc/arm-none-eabi/4.9.3/../../../../arm-none-eabi/lib/armv7-m/crt0.o
 .bss           0x1fff81ac        0x4 .\ARM_GCC_493\Debug\main.o
                0x1fff81ac                timer
 .bss           0x1fff81b0        0x0 .\ARM_GCC_493\Debug\cymetadata.o
 .bss           0x1fff81b0        0x0 .\ARM_GCC_493\Debug\Cm3Start.o
 .bss           0x1fff81b0        0x0 .\ARM_GCC_493\Debug\cybootloader.o
 .bss           0x1fff81b0        0x8 .\ARM_GCC_493\Debug\C-CAN.a(cyfitter_cfg.o)
 .bss           0x1fff81b8        0x2 .\ARM_GCC_493\Debug\C-CAN.a(UART_1.o)
                0x1fff81b8                UART_1_initVar
 .bss           0x1fff81ba        0x0 .\ARM_GCC_493\Debug\C-CAN.a(UART_1_IntClock.o)
 .bss           0x1fff81ba        0x0 .\ARM_GCC_493\Debug\C-CAN.a(CyBootAsmGnu.o)
 *fill*         0x1fff81ba        0x2 
 .bss           0x1fff81bc       0x1c .\ARM_GCC_493\Debug\C-CAN.a(CyLib.o)
                0x1fff81d4                CySysTickInitVar
 .bss           0x1fff81d8       0x44 .\ARM_GCC_493\Debug\C-CAN.a(cyPm.o)
 .bss           0x1fff821c        0x1 .\ARM_GCC_493\Debug\C-CAN.a(ADC_SAR_1.o)
                0x1fff821c                ADC_SAR_1_initVar