Archive member included because of file (symbol)

.\ARM_GCC_493\Debug\C-CAN.a(cyfitter_cfg.o)
                              .\ARM_GCC_493\Debug\Cm3Start.o (cyfitter_cfg)
.\ARM_GCC_493\Debug\C-CAN.a(UART_1.o)
                              .\ARM_GCC_493\Debug\main.o (UART_1_Start)
.\ARM_GCC_493\Debug\C-CAN.a(UART_1_IntClock.o)
                              .\ARM_GCC_493\Debug\C-CAN.a(UART_1.o) (UART_1_IntClock_Start)
.\ARM_GCC_493\Debug\C-CAN.a(CyBootAsmGnu.o)
                              .\ARM_GCC_493\Debug\C-CAN.a(cyfitter_cfg.o) (CyDelayCycles)
.\ARM_GCC_493\Debug\C-CAN.a(CyLib.o)
                              .\ARM_GCC_493\Debug\Cm3Start.o (CyHalt)
.\ARM_GCC_493\Debug\C-CAN.a(cyPm.o)
                              .\ARM_GCC_493\Debug\C-CAN.a(CyLib.o) (CyPmReadStatus)
.\ARM_GCC_493\Debug\C-CAN.a(ADC_SAR_1.o)
                              .\ARM_GCC_493\Debug\main.o (ADC_SAR_1_Start)
.\ARM_GCC_493\Debug\C-CAN.a(ADC_SAR_1_INT.o)
                              .\ARM_GCC_493\Debug\C-CAN.a(ADC_SAR_1.o) (ADC_SAR_1_ISR)
.\ARM_GCC_493\Debug\C-CAN.a(ADC_SAR_1_theACLK.o)
                              .\ARM_GCC_493\Debug\C-CAN.a(ADC_SAR_1.o) (ADC_SAR_1_theACLK_SetModeRegister)
.\ARM_GCC_493\Debug\C-CAN.a(AMux_1.o)
                              .\ARM_GCC_493\Debug\main.o (AMux_1_Start)
.\ARM_GCC_493\Debug\C-CAN.a(CAN_1.o)
                              .\ARM_GCC_493\Debug\main.o (CAN_1_Start)
.\ARM_GCC_493\Debug\C-CAN.a(CAN_1_INT.o)
                              .\ARM_GCC_493\Debug\C-CAN.a(CAN_1.o) (CAN_1_ISR)
.\ARM_GCC_493\Debug\C-CAN.a(CAN_TIMER.o)
                              .\ARM_GCC_493\Debug\main.o (CAN_TIMER_Start)
.\ARM_GCC_493\Debug\C-CAN.a(CAN_ISR.o)
                              .\ARM_GCC_493\Debug\main.o (CAN_ISR_Start)
.\ARM_GCC_493\Debug\C-CAN.a(Encoder_Left.o)
                              .\ARM_GCC_493\Debug\main.o (Encoder_Left_Start)
.\ARM_GCC_493\Debug\C-CAN.a(Encoder_Right.o)
                              .\ARM_GCC_493\Debug\main.o (Encoder_Right_Start)
.\ARM_GCC_493\Debug\C-CAN.a(leftEncTimer.o)
                              .\ARM_GCC_493\Debug\main.o (leftEncTimer_Start)
.\ARM_GCC_493\Debug\C-CAN.a(rightEncTimer.o)
                              .\ARM_GCC_493\Debug\main.o (rightEncTimer_Start)
.\ARM_GCC_493\Debug\C-CAN.a(CyFlash.o)
                              .\ARM_GCC_493\Debug\C-CAN.a(cyPm.o) (CyFlash_SetWaitCycles)
.\ARM_GCC_493\Debug\C-CAN.a(CySpc.o)
                              .\ARM_GCC_493\Debug\C-CAN.a(CyFlash.o) (CySpcStart)
c:/program files (x86)/cypress/psoc creator/3.3/psoc creator/import/gnu/arm/4.9.3/bin/../lib/gcc/arm-none-eabi/4.9.3/armv7-m\libgcc.a(_arm_addsubsf3.o)
                              .\ARM_GCC_493\Debug\main.o (__aeabi_fsub)
c:/program files (x86)/cypress/psoc creator/3.3/psoc creator/import/gnu/arm/4.9.3/bin/../lib/gcc/arm-none-eabi/4.9.3/armv7-m\libgcc.a(_arm_muldivsf3.o)
                              .\ARM_GCC_493\Debug\main.o (__aeabi_fmul)
c:/program files (x86)/cypress/psoc creator/3.3/psoc creator/import/gnu/arm/4.9.3/bin/../lib/gcc/arm-none-eabi/4.9.3/armv7-m\libgcc.a(_arm_fixsfsi.o)
                              .\ARM_GCC_493\Debug\main.o (__aeabi_f2iz)
c:/program files (x86)/cypress/psoc creator/3.3/psoc creator/import/gnu/arm/4.9.3/bin/../lib/gcc/arm-none-eabi/4.9.3/armv7-m\libgcc.a(_aeabi_ldivmod.o)
                              .\ARM_GCC_493\Debug\C-CAN.a(ADC_SAR_1.o) (__aeabi_ldivmod)
c:/program files (x86)/cypress/psoc creator/3.3/psoc creator/import/gnu/arm/4.9.3/bin/../lib/gcc/arm-none-eabi/4.9.3/armv7-m\libgcc.a(bpabi.o)
                              c:/program files (x86)/cypress/psoc creator/3.3/psoc creator/import/gnu/arm/4.9.3/bin/../lib/gcc/arm-none-eabi/4.9.3/armv7-m\libgcc.a(_aeabi_ldivmod.o) (__gnu_ldivmod_helper)
c:/program files (x86)/cypress/psoc creator/3.3/psoc creator/import/gnu/arm/4.9.3/bin/../lib/gcc/arm-none-eabi/4.9.3/armv7-m\libgcc.a(_dvmd_tls.o)
                              c:/program files (x86)/cypress/psoc creator/3.3/psoc creator/import/gnu/arm/4.9.3/bin/../lib/gcc/arm-none-eabi/4.9.3/armv7-m\libgcc.a(_aeabi_ldivmod.o) (__aeabi_ldiv0)
c:/program files (x86)/cypress/psoc creator/3.3/psoc creator/import/gnu/arm/4.9.3/bin/../lib/gcc/arm-none-eabi/4.9.3/armv7-m\libgcc.a(_divdi3.o)
                              c:/program files (x86)/cypress/psoc creator/3.3/psoc creator/import/gnu/arm/4.9.3/bin/../lib/gcc/arm-none-eabi/4.9.3/armv7-m\libgcc.a(bpabi.o) (__divdi3)
c:/program files (x86)/cypress/psoc creator/3.3/psoc creator/import/gnu/arm/4.9.3/bin/../lib/gcc/arm-none-eabi/4.9.3/armv7-m\libgcc.a(_udivdi3.o)
                              c:/program files (x86)/cypress/psoc creator/3.3/psoc creator/import/gnu/arm/4.9.3/bin/../lib/gcc/arm-none-eabi/4.9.3/armv7-m\libgcc.a(bpabi.o) (__udivdi3)
c:/program files (x86)/cypress/psoc creator/3.3/psoc creator/import/gnu/arm/4.9.3/bin/../lib/gcc/arm-none-eabi/4.9.3/../../../../arm-none-eabi/lib/armv7-m\libg_nano.a(lib_a-errno.o)
[...]
Memory Configuration

Name             Origin             Length             Attributes
rom              0x00000000         0x00040000         xr
ram              0x1fff8000         0x00010000         xrw
*default*        0x00000000         0xffffffff

Linker script and memory map

LOAD c:/program files (x86)/cypress/psoc creator/3.3/psoc creator/import/gnu/arm/4.9.3/bin/../lib/gcc/arm-none-eabi/4.9.3/armv7-m/crti.o
LOAD c:/program files (x86)/cypress/psoc creator/3.3/psoc creator/import/gnu/arm/4.9.3/bin/../lib/gcc/arm-none-eabi/4.9.3/armv7-m/crtbegin.o
LOAD c:/program files (x86)/cypress/psoc creator/3.3/psoc creator/import/gnu/arm/4.9.3/bin/../lib/gcc/arm-none-eabi/4.9.3/../../../../arm-none-eabi/lib/armv7-m/crt0.o
START GROUP
LOAD .\ARM_GCC_493\Debug\main.o
LOAD .\ARM_GCC_493\Debug\cymetadata.o
LOAD .\ARM_GCC_493\Debug\Cm3Start.o
LOAD .\ARM_GCC_493\Debug\C-CAN.a
LOAD C:\Program Files (x86)\Cypress\PSoC Creator\3.3\PSoC Creator\psoc\content\cycomponentlibrary\CyComponentLibrary.cylib\CortexM3\ARM_GCC_493\Debug\CyComponentLibrary.a
END GROUP
START GROUP
LOAD c:/program files (x86)/cypress/psoc creator/3.3/psoc creator/import/gnu/arm/4.9.3/bin/../lib/gcc/arm-none-eabi/4.9.3/armv7-m\libgcc.a
LOAD c:/program files (x86)/cypress/psoc creator/3.3/psoc creator/import/gnu/arm/4.9.3/bin/../lib/gcc/arm-none-eabi/4.9.3/../../../../arm-none-eabi/lib/armv7-m\libg_nano.a
LOAD c:/program files (x86)/cypress/psoc creator/3.3/psoc creator/import/gnu/arm/4.9.3/bin/../lib/gcc/arm-none-eabi/4.9.3/../../../../arm-none-eabi/lib/armv7-m\libc_nano.a
END GROUP
START GROUP
LOAD c:/program files (x86)/cypress/psoc creator/3.3/psoc creator/import/gnu/arm/4.9.3/bin/../lib/gcc/arm-none-eabi/4.9.3/armv7-m\libgcc.a
LOAD c:/program files (x86)/cypress/psoc creator/3.3/psoc creator/import/gnu/arm/4.9.3/bin/../lib/gcc/arm-none-eabi/4.9.3/../../../../arm-none-eabi/lib/armv7-m\libc_nano.a
END GROUP
LOAD c:/program files (x86)/cypress/psoc creator/3.3/psoc creator/import/gnu/arm/4.9.3/bin/../lib/gcc/arm-none-eabi/4.9.3/armv7-m/crtend.o
LOAD c:/program files (x86)/cypress/psoc creator/3.3/psoc creator/import/gnu/arm/4.9.3/bin/../lib/gcc/arm-none-eabi/4.9.3/armv7-m/crtn.o
START GROUP
LOAD c:/program files (x86)/cypress/psoc creator/3.3/psoc creator/import/gnu/arm/4.9.3/bin/../lib/gcc/arm-none-eabi/4.9.3/armv7-m\libgcc.a
LOAD c:/program files (x86)/cypress/psoc creator/3.3/psoc creator/import/gnu/arm/4.9.3/bin/../lib/gcc/arm-none-eabi/4.9.3/../../../../arm-none-eabi/lib/armv7-m\libc.a
LOAD c:/program files (x86)/cypress/psoc creator/3.3/psoc creator/import/gnu/arm/4.9.3/bin/../lib/gcc/arm-none-eabi/4.9.3/../../../../arm-none-eabi/lib/armv7-m\libnosys.a
END GROUP
                0x00000000                CY_APPL_ORIGIN = 0x0
                0x00000100                CY_FLASH_ROW_SIZE = 0x100
                0x00000020                CY_ECC_ROW_SIZE = 0x20
                0x00000000                CY_EE_IN_BTLDR = 0x0
                0x00000000                CY_APPL_LOADABLE = 0x0
                0x00000800                CY_EE_SIZE = 0x800
                0x00000001                CY_APPL_NUM = 0x1
                0x00000001                CY_APPL_MAX = 0x1
                0x00000040                CY_METADATA_SIZE = 0x40
                0x00000000                CY_APPL_LOADABLE = 0x0
                0x00000000                CY_CHECKSUM_EXCLUDE_SIZE = ALIGN (0x0, CY_FLASH_ROW_SIZE)
                0x1fff8268                PROVIDE (__cy_heap_start, _end)
                0x00000001                PROVIDE (__cy_region_num, ((__cy_regions_end - __cy_regions) / 0x10))
                0x20008000                PROVIDE (__cy_stack, (ORIGIN (ram) + 0x10000))
                0x20007800                PROVIDE (__cy_heap_end, (__cy_stack - 0x800))

.cybootloader   0x00000000        0x0
 *(.cybootloader)
                0x00000000                appl1_start = CY_APPL_ORIGIN?CY_APPL_ORIGIN:ALIGN (CY_FLASH_ROW_SIZE)
                0x0001ff00                appl2_start = (appl1_start + ALIGN ((((0x40000 - appl1_start) - (0x2 * CY_FLASH_ROW_SIZE)) / 0x2), CY_FLASH_ROW_SIZE))
                0x00000000                appl_start = (CY_APPL_NUM == 0x1)?appl1_start:appl2_start
                0x00000000                ecc_offset = ((appl_start / CY_FLASH_ROW_SIZE) * CY_ECC_ROW_SIZE)
                0x00000000                ee_offset = (CY_APPL_LOADABLE && ! (CY_EE_IN_BTLDR))?((CY_EE_SIZE / CY_APPL_MAX) * (CY_APPL_NUM - 0x1)):0x0
                0x00000800                ee_size = (CY_APPL_LOADABLE && ! (CY_EE_IN_BTLDR))?(CY_EE_SIZE / CY_APPL_MAX):CY_EE_SIZE
                0x00000000                PROVIDE (CY_ECC_OFFSET, ecc_offset)

.text           0x00000000     0x6440
 CREATE_OBJECT_SYMBOLS
                0x00000000                PROVIDE (__cy_interrupt_vector, RomVectors)
 *(.romvectors)
 .romvectors    0x00000000       0x10 .\ARM_GCC_493\Debug\Cm3Start.o
                0x00000000                RomVectors
                0x00000001                ASSERT ((. != __cy_interrupt_vector), No interrupt vector)
                0x00000001                ASSERT (CY_APPL_ORIGIN?(SIZEOF (.cybootloader) <= CY_APPL_ORIGIN):0x1, Wrong image location)
                0x00000010                PROVIDE (__cy_reset, Reset)
 *(.text.Reset)
 .text.Reset    0x00000010       0x18 .\ARM_GCC_493\Debug\Cm3Start.o
                0x00000010                Reset
                0x00000001                ASSERT ((. != __cy_reset), No reset code)
 *(.dma_init)
                0x00000001                ASSERT ((((appl_start + .) <= 0x10000) || 0x1), DMA Init must be within the first 64k of flash)
 *(.text .text.* .gnu.linkonce.t.*)
 .text          0x00000028        0x0 c:/program files (x86)/cypress/psoc creator/3.3/psoc creator/import/gnu/arm/4.9.3/bin/../lib/gcc/arm-none-eabi/4.9.3/armv7-m/crti.o
 .text          0x00000028       0x5c c:/program files (x86)/cypress/psoc creator/3.3/psoc creator/import/gnu/arm/4.9.3/bin/../lib/gcc/arm-none-eabi/4.9.3/armv7-m/crtbegin.o
 .text          0x00000084       0x74 c:/program files (x86)/cypress/psoc creator/3.3/psoc creator/import/gnu/arm/4.9.3/bin/../lib/gcc/arm-none-eabi/4.9.3/../../../../arm-none-eabi/lib/armv7-m/crt0.o
                0x00000084                _start
                0x00000084                _mainCRTStartup
 .text          0x000000f8        0x0 .\ARM_GCC_493\Debug\main.o
 .text.CAN_1_SendMsg
                0x000000f8      0x180 .\ARM_GCC_493\Debug\main.o
                0x000000f8                CAN_1_SendMsg
 .text.CAN_1_TxCancel
                0x00000278       0x1c .\ARM_GCC_493\Debug\main.o
                0x00000278                CAN_1_TxCancel
 .text.CAN_1_SendMsg0
                0x00000294       0x64 .\ARM_GCC_493\Debug\main.o
                0x00000294                CAN_1_SendMsg0
 .text.CAN_1_ReceiveMsg
                0x000002f8       0x18 .\ARM_GCC_493\Debug\main.o
                0x000002f8                CAN_1_ReceiveMsg
 .text.GetSample
                0x00000310       0x74 .\ARM_GCC_493\Debug\main.o
                0x00000310                GetSample
 .text.GetRPM   0x00000384      0x120 .\ARM_GCC_493\Debug\main.o
                0x00000384                GetRPM
 .text.startup.main
                0x000004a4      0x260 .\ARM_GCC_493\Debug\main.o
                0x000004a4                main
 .text          0x00000704        0x0 .\ARM_GCC_493\Debug\cymetadata.o
 .text          0x00000704        0x0 .\ARM_GCC_493\Debug\Cm3Start.o
 .text.IntDefaultHandler
                0x00000704        0x4 .\ARM_GCC_493\Debug\Cm3Start.o
                0x00000704                IntDefaultHandler
 .text._exit    0x00000708        0xc .\ARM_GCC_493\Debug\Cm3Start.o
                0x00000708                _exit
 .text._sbrk    0x00000714       0x30 .\ARM_GCC_493\Debug\Cm3Start.o
                0x00000714                _sbrk
 .text.Start_c  0x00000744       0x58 .\ARM_GCC_493\Debug\Cm3Start.o
                0x00000744                Start_c
 .text.startup.initialize_psoc
                0x0000079c       0x74 .\ARM_GCC_493\Debug\Cm3Start.o
                0x0000079c                initialize_psoc
 .text          0x00000810        0x0 .\ARM_GCC_493\Debug\C-CAN.a(cyfitter_cfg.o)
 .text.SetAnalogRoutingPumps
                0x00000810       0x20 .\ARM_GCC_493\Debug\C-CAN.a(cyfitter_cfg.o)
                0x00000810                SetAnalogRoutingPumps
 .text.AMux_1_Set
                0x00000830       0x58 .\ARM_GCC_493\Debug\C-CAN.a(cyfitter_cfg.o)
                0x00000830                AMux_1_Set
 .text.AMux_1_Unset
                0x00000888       0x60 .\ARM_GCC_493\Debug\C-CAN.a(cyfitter_cfg.o)
                0x00000888                AMux_1_Unset
 .text.cyfitter_cfg
                0x000008e8      0x2f4 .\ARM_GCC_493\Debug\C-CAN.a(cyfitter_cfg.o)
                0x000008e8                cyfitter_cfg
 .text          0x00000bdc        0x0 .\ARM_GCC_493\Debug\C-CAN.a(UART_1.o)
 .text.UART_1_Start
                0x00000bdc       0x8c .\ARM_GCC_493\Debug\C-CAN.a(UART_1.o)
                0x00000bdc                UART_1_Start
 .text.UART_1_Init
                0x00000c68       0x3c .\ARM_GCC_493\Debug\C-CAN.a(UART_1.o)
                0x00000c68                UART_1_Init
 .text.UART_1_Enable
                0x00000ca4       0x40 .\ARM_GCC_493\Debug\C-CAN.a(UART_1.o)
                0x00000ca4                UART_1_Enable
 .text.UART_1_Stop
                0x00000ce4       0x40 .\ARM_GCC_493\Debug\C-CAN.a(UART_1.o)
                0x00000ce4                UART_1_Stop
 .text.UART_1_ReadControlRegister
                0x00000d24        0x4 .\ARM_GCC_493\Debug\C-CAN.a(UART_1.o)
                0x00000d24                UART_1_ReadControlRegister
 .text.UART_1_WriteControlRegister
                0x00000d28        0x4 .\ARM_GCC_493\Debug\C-CAN.a(UART_1.o)
                0x00000d28                UART_1_WriteControlRegister
 .text.UART_1_SetRxInterruptMode
                0x00000d2c        0xc .\ARM_GCC_493\Debug\C-CAN.a(UART_1.o)
                0x00000d2c                UART_1_SetRxInterruptMode
 .text.UART_1_ReadRxData
                0x00000d38        0xc .\ARM_GCC_493\Debug\C-CAN.a(UART_1.o)
                0x00000d38                UART_1_ReadRxData
 .text.UART_1_ReadRxStatus
                0x00000d44       0x10 .\ARM_GCC_493\Debug\C-CAN.a(UART_1.o)
                0x00000d44                UART_1_ReadRxStatus
 .text.UART_1_GetChar
                0x00000d54       0x28 .\ARM_GCC_493\Debug\C-CAN.a(UART_1.o)
                0x00000d54                UART_1_GetChar
 .text.UART_1_GetByte
                0x00000d7c       0x1c .\ARM_GCC_493\Debug\C-CAN.a(UART_1.o)
                0x00000d7c                UART_1_GetByte
 .text.UART_1_GetRxBufferSize
                0x00000d98       0x10 .\ARM_GCC_493\Debug\C-CAN.a(UART_1.o)
                0x00000d98                UART_1_GetRxBufferSize
 .text.UART_1_ClearRxBuffer
                0x00000da8       0x24 .\ARM_GCC_493\Debug\C-CAN.a(UART_1.o)
                0x00000da8                UART_1_ClearRxBuffer
 .text.UART_1_SetRxAddressMode
                0x00000dcc        0x4 .\ARM_GCC_493\Debug\C-CAN.a(UART_1.o)
                0x00000dcc                UART_1_SetRxAddressMode
 .text.UART_1_SetRxAddress1
                0x00000dd0        0xc .\ARM_GCC_493\Debug\C-CAN.a(UART_1.o)
                0x00000dd0                UART_1_SetRxAddress1
 .text.UART_1_SetRxAddress2
                0x00000ddc        0xc .\ARM_GCC_493\Debug\C-CAN.a(UART_1.o)
                0x00000ddc                UART_1_SetRxAddress2
 .text.UART_1_SetTxInterruptMode
                0x00000de8        0xc .\ARM_GCC_493\Debug\C-CAN.a(UART_1.o)
                0x00000de8                UART_1_SetTxInterruptMode
 .text.UART_1_WriteTxData
                0x00000df4       0x14 .\ARM_GCC_493\Debug\C-CAN.a(UART_1.o)
                0x00000df4                UART_1_WriteTxData
 .text.UART_1_ReadTxStatus
                0x00000e08        0xc .\ARM_GCC_493\Debug\C-CAN.a(UART_1.o)
                0x00000e08                UART_1_ReadTxStatus
 .text.UART_1_PutChar
                0x00000e14       0x18 .\ARM_GCC_493\Debug\C-CAN.a(UART_1.o)
                0x00000e14                UART_1_PutChar
 .text.UART_1_PutString
                0x00000e2c       0x34 .\ARM_GCC_493\Debug\C-CAN.a(UART_1.o)
                0x00000e2c                UART_1_PutString
 .text.UART_1_PutArray
                0x00000e60       0x38 .\ARM_GCC_493\Debug\C-CAN.a(UART_1.o)
                0x00000e60                UART_1_PutArray
 .text.UART_1_PutCRLF
                0x00000e98       0x3c .\ARM_GCC_493\Debug\C-CAN.a(UART_1.o)
                0x00000e98                UART_1_PutCRLF
 .text.UART_1_GetTxBufferSize
                0x00000ed4       0x1c .\ARM_GCC_493\Debug\C-CAN.a(UART_1.o)
                0x00000ed4                UART_1_GetTxBufferSize
 .text.UART_1_ClearTxBuffer
                0x00000ef0       0x24 .\ARM_GCC_493\Debug\C-CAN.a(UART_1.o)
                0x00000ef0                UART_1_ClearTxBuffer
 .text.UART_1_SendBreak
                0x00000f14       0x5c .\ARM_GCC_493\Debug\C-CAN.a(UART_1.o)
                0x00000f14                UART_1_SendBreak
 .text.UART_1_SetTxAddressMode
                0x00000f70        0x4 .\ARM_GCC_493\Debug\C-CAN.a(UART_1.o)
                0x00000f70                UART_1_SetTxAddressMode
 .text          0x00000f74        0x0 .\ARM_GCC_493\Debug\C-CAN.a(UART_1_IntClock.o)
 .text.UART_1_IntClock_Start
                0x00000f74       0x20 .\ARM_GCC_493\Debug\C-CAN.a(UART_1_IntClock.o)
                0x00000f74                UART_1_IntClock_Start
 .text.UART_1_IntClock_Stop
                0x00000f94       0x20 .\ARM_GCC_493\Debug\C-CAN.a(UART_1_IntClock.o)
                0x00000f94                UART_1_IntClock_Stop
 .text.UART_1_IntClock_StopBlock
                0x00000fb4       0x78 .\ARM_GCC_493\Debug\C-CAN.a(UART_1_IntClock.o)
                0x00000fb4                UART_1_IntClock_StopBlock
 .text.UART_1_IntClock_StandbyPower
                0x0000102c       0x1c .\ARM_GCC_493\Debug\C-CAN.a(UART_1_IntClock.o)
                0x0000102c                UART_1_IntClock_StandbyPower
 .text.UART_1_IntClock_SetDividerRegister
                0x00001048       0xe8 .\ARM_GCC_493\Debug\C-CAN.a(UART_1_IntClock.o)
                0x00001048                UART_1_IntClock_SetDividerRegister
 .text.UART_1_IntClock_GetDividerRegister
                0x00001130        0xc .\ARM_GCC_493\Debug\C-CAN.a(UART_1_IntClock.o)
                0x00001130                UART_1_IntClock_GetDividerRegister
 .text.UART_1_IntClock_SetModeRegister
                0x0000113c       0x14 .\ARM_GCC_493\Debug\C-CAN.a(UART_1_IntClock.o)
                0x0000113c                UART_1_IntClock_SetModeRegister
 .text.UART_1_IntClock_ClearModeRegister
                0x00001150       0x14 .\ARM_GCC_493\Debug\C-CAN.a(UART_1_IntClock.o)
                0x00001150                UART_1_IntClock_ClearModeRegister
 .text.UART_1_IntClock_GetModeRegister
                0x00001164       0x10 .\ARM_GCC_493\Debug\C-CAN.a(UART_1_IntClock.o)
                0x00001164                UART_1_IntClock_GetModeRegister
 .text.UART_1_IntClock_SetSourceRegister
                0x00001174       0x58 .\ARM_GCC_493\Debug\C-CAN.a(UART_1_IntClock.o)
                0x00001174                UART_1_IntClock_SetSourceRegister
 .text.UART_1_IntClock_GetSourceRegister
                0x000011cc       0x10 .\ARM_GCC_493\Debug\C-CAN.a(UART_1_IntClock.o)
                0x000011cc                UART_1_IntClock_GetSourceRegister
 *fill*         0x000011dc        0x4 
 .text          0x000011e0       0x58 .\ARM_GCC_493\Debug\C-CAN.a(CyBootAsmGnu.o)
                0x000011e0                CyDelayCycles
                0x0000121e                CyEnterCriticalSection
                0x00001226                CyExitCriticalSection
 .text          0x00001238        0x0 .\ARM_GCC_493\Debug\C-CAN.a(CyLib.o)
 .text.CyIMO_SetTrimValue
                0x00001238       0xf4 .\ARM_GCC_493\Debug\C-CAN.a(CyLib.o)
 .text.CySysTickServiceCallbacks
                0x0000132c       0x28 .\ARM_GCC_493\Debug\C-CAN.a(CyLib.o)
 .text.CyPLL_OUT_Start
                0x00001354       0x78 .\ARM_GCC_493\Debug\C-CAN.a(CyLib.o)
                0x00001354                CyPLL_OUT_Start
 .text.CyPLL_OUT_Stop
                0x000013cc       0x10 .\ARM_GCC_493\Debug\C-CAN.a(CyLib.o)
                0x000013cc                CyPLL_OUT_Stop
 .text.CyPLL_OUT_SetPQ
                0x000013dc       0x50 .\ARM_GCC_493\Debug\C-CAN.a(CyLib.o)
                0x000013dc                CyPLL_OUT_SetPQ
 .text.CyPLL_OUT_SetSource
                0x0000142c       0x28 .\ARM_GCC_493\Debug\C-CAN.a(CyLib.o)
                0x0000142c                CyPLL_OUT_SetSource
 .text.CyIMO_Start
                0x00001454       0x6c .\ARM_GCC_493\Debug\C-CAN.a(CyLib.o)
                0x00001454                CyIMO_Start
 .text.CyIMO_Stop
                0x000014c0       0x20 .\ARM_GCC_493\Debug\C-CAN.a(CyLib.o)
                0x000014c0                CyIMO_Stop
 .text.CyIMO_SetFreq
                0x000014e0      0x130 .\ARM_GCC_493\Debug\C-CAN.a(CyLib.o)
                0x000014e0                CyIMO_SetFreq
 .text.CyIMO_SetSource
                0x00001610       0x50 .\ARM_GCC_493\Debug\C-CAN.a(CyLib.o)
                0x00001610                CyIMO_SetSource
 .text.CyIMO_EnableDoubler
                0x00001660       0x10 .\ARM_GCC_493\Debug\C-CAN.a(CyLib.o)
                0x00001660                CyIMO_EnableDoubler
 .text.CyIMO_DisableDoubler
                0x00001670       0x10 .\ARM_GCC_493\Debug\C-CAN.a(CyLib.o)
                0x00001670                CyIMO_DisableDoubler
 .text.CyMasterClk_SetSource
                0x00001680       0x18 .\ARM_GCC_493\Debug\C-CAN.a(CyLib.o)
                0x00001680                CyMasterClk_SetSource
 .text.CyMasterClk_SetDivider
                0x00001698        0xc .\ARM_GCC_493\Debug\C-CAN.a(CyLib.o)
                0x00001698                CyMasterClk_SetDivider
 .text.CyBusClk_SetDivider
                0x000016a4      0x110 .\ARM_GCC_493\Debug\C-CAN.a(CyLib.o)
                0x000016a4                CyBusClk_SetDivider
 .text.CyUsbClk_SetSource
                0x000017b4       0x18 .\ARM_GCC_493\Debug\C-CAN.a(CyLib.o)
                0x000017b4                CyUsbClk_SetSource
 .text.CyILO_Start1K
                0x000017cc       0x10 .\ARM_GCC_493\Debug\C-CAN.a(CyLib.o)
                0x000017cc                CyILO_Start1K
 .text.CyILO_Stop1K
                0x000017dc       0x10 .\ARM_GCC_493\Debug\C-CAN.a(CyLib.o)
                0x000017dc                CyILO_Stop1K
 .text.CyILO_Start100K
                0x000017ec       0x10 .\ARM_GCC_493\Debug\C-CAN.a(CyLib.o)
                0x000017ec                CyILO_Start100K
 .text.CyILO_Stop100K
                0x000017fc       0x10 .\ARM_GCC_493\Debug\C-CAN.a(CyLib.o)
                0x000017fc                CyILO_Stop100K
 .text.CyILO_Enable33K
                0x0000180c       0x10 .\ARM_GCC_493\Debug\C-CAN.a(CyLib.o)
                0x0000180c                CyILO_Enable33K
 .text.CyILO_Disable33K
                0x0000181c       0x10 .\ARM_GCC_493\Debug\C-CAN.a(CyLib.o)
                0x0000181c                CyILO_Disable33K
 .text.CyILO_SetSource
                0x0000182c       0x18 .\ARM_GCC_493\Debug\C-CAN.a(CyLib.o)
                0x0000182c                CyILO_SetSource
 .text.CyILO_SetPowerMode
                0x00001844       0x24 .\ARM_GCC_493\Debug\C-CAN.a(CyLib.o)
                0x00001844                CyILO_SetPowerMode
 .text.CyXTAL_32KHZ_Start
                0x00001868       0xb4 .\ARM_GCC_493\Debug\C-CAN.a(CyLib.o)
                0x00001868                CyXTAL_32KHZ_Start
 .text.CyXTAL_32KHZ_Stop
                0x0000191c       0x3c .\ARM_GCC_493\Debug\C-CAN.a(CyLib.o)
                0x0000191c                CyXTAL_32KHZ_Stop
 .text.CyXTAL_32KHZ_ReadStatus
                0x00001958       0x10 .\ARM_GCC_493\Debug\C-CAN.a(CyLib.o)
                0x00001958                CyXTAL_32KHZ_ReadStatus
 .text.CyXTAL_32KHZ_SetPowerMode
                0x00001968       0x90 .\ARM_GCC_493\Debug\C-CAN.a(CyLib.o)
                0x00001968                CyXTAL_32KHZ_SetPowerMode
 .text.CyXTAL_Start
                0x000019f8       0xac .\ARM_GCC_493\Debug\C-CAN.a(CyLib.o)
                0x000019f8                CyXTAL_Start
 .text.CyXTAL_Stop
                0x00001aa4       0x10 .\ARM_GCC_493\Debug\C-CAN.a(CyLib.o)
                0x00001aa4                CyXTAL_Stop
 .text.CyXTAL_EnableErrStatus
                0x00001ab4       0x10 .\ARM_GCC_493\Debug\C-CAN.a(CyLib.o)
                0x00001ab4                CyXTAL_EnableErrStatus
 .text.CyXTAL_DisableErrStatus
                0x00001ac4       0x10 .\ARM_GCC_493\Debug\C-CAN.a(CyLib.o)
                0x00001ac4                CyXTAL_DisableErrStatus
 .text.CyXTAL_ReadStatus
                0x00001ad4        0xc .\ARM_GCC_493\Debug\C-CAN.a(CyLib.o)
                0x00001ad4                CyXTAL_ReadStatus
 .text.CyXTAL_EnableFaultRecovery
                0x00001ae0       0x10 .\ARM_GCC_493\Debug\C-CAN.a(CyLib.o)
                0x00001ae0                CyXTAL_EnableFaultRecovery
 .text.CyXTAL_DisableFaultRecovery
                0x00001af0       0x10 .\ARM_GCC_493\Debug\C-CAN.a(CyLib.o)
                0x00001af0                CyXTAL_DisableFaultRecovery
 .text.CyXTAL_SetStartup
                0x00001b00       0x18 .\ARM_GCC_493\Debug\C-CAN.a(CyLib.o)
                0x00001b00                CyXTAL_SetStartup
 .text.CyXTAL_SetFbVoltage
                0x00001b18       0x18 .\ARM_GCC_493\Debug\C-CAN.a(CyLib.o)
                0x00001b18                CyXTAL_SetFbVoltage
 .text.CyXTAL_SetWdVoltage
                0x00001b30       0x18 .\ARM_GCC_493\Debug\C-CAN.a(CyLib.o)
                0x00001b30                CyXTAL_SetWdVoltage
 .text.CyHalt   0x00001b48        0x4 .\ARM_GCC_493\Debug\C-CAN.a(CyLib.o)
                0x00001b48                CyHalt
 .text.CySoftwareReset
                0x00001b4c       0x10 .\ARM_GCC_493\Debug\C-CAN.a(CyLib.o)
                0x00001b4c                CySoftwareReset
 .text.CyDelay  0x00001b5c       0x48 .\ARM_GCC_493\Debug\C-CAN.a(CyLib.o)
                0x00001b5c                CyDelay
 .text.CyDelayUs
                0x00001ba4       0x10 .\ARM_GCC_493\Debug\C-CAN.a(CyLib.o)
                0x00001ba4                CyDelayUs
 .text.CyDelayFreq
                0x00001bb4       0x58 .\ARM_GCC_493\Debug\C-CAN.a(CyLib.o)
                0x00001bb4                CyDelayFreq
 .text.CyWdtStart
                0x00001c0c       0x40 .\ARM_GCC_493\Debug\C-CAN.a(CyLib.o)
                0x00001c0c                CyWdtStart
 .text.CyWdtClear
                0x00001c4c        0xc .\ARM_GCC_493\Debug\C-CAN.a(CyLib.o)
                0x00001c4c                CyWdtClear
 .text.CyVdLvDigitEnable
                0x00001c58       0xb0 .\ARM_GCC_493\Debug\C-CAN.a(CyLib.o)
                0x00001c58                CyVdLvDigitEnable
 .text.CyVdLvAnalogEnable
                0x00001d08       0xac .\ARM_GCC_493\Debug\C-CAN.a(CyLib.o)
                0x00001d08                CyVdLvAnalogEnable
 .text.CyVdLvDigitDisable
                0x00001db4       0x58 .\ARM_GCC_493\Debug\C-CAN.a(CyLib.o)
                0x00001db4                CyVdLvDigitDisable
 .text.CyVdLvAnalogDisable
                0x00001e0c       0x44 .\ARM_GCC_493\Debug\C-CAN.a(CyLib.o)
                0x00001e0c                CyVdLvAnalogDisable
 .text.CyVdHvAnalogEnable
                0x00001e50       0x78 .\ARM_GCC_493\Debug\C-CAN.a(CyLib.o)
                0x00001e50                CyVdHvAnalogEnable
 .text.CyVdHvAnalogDisable
                0x00001ec8       0x38 .\ARM_GCC_493\Debug\C-CAN.a(CyLib.o)
                0x00001ec8                CyVdHvAnalogDisable
 .text.CyVdStickyStatus
                0x00001f00       0x2c .\ARM_GCC_493\Debug\C-CAN.a(CyLib.o)
                0x00001f00                CyVdStickyStatus
 .text.CyVdRealTimeStatus
                0x00001f2c       0x1c .\ARM_GCC_493\Debug\C-CAN.a(CyLib.o)
                0x00001f2c                CyVdRealTimeStatus
 .text.CyDisableInts
                0x00001f48       0x1c .\ARM_GCC_493\Debug\C-CAN.a(CyLib.o)
                0x00001f48                CyDisableInts
 .text.CyEnableInts
                0x00001f64       0x18 .\ARM_GCC_493\Debug\C-CAN.a(CyLib.o)
                0x00001f64                CyEnableInts
 .text.CyFlushCache
                0x00001f7c       0x44 .\ARM_GCC_493\Debug\C-CAN.a(CyLib.o)
                0x00001f7c                CyFlushCache
 .text.CyIntSetSysVector
                0x00001fc0       0x1c .\ARM_GCC_493\Debug\C-CAN.a(CyLib.o)
                0x00001fc0                CyIntSetSysVector
 .text.CyIntGetSysVector
                0x00001fdc       0x18 .\ARM_GCC_493\Debug\C-CAN.a(CyLib.o)
                0x00001fdc                CyIntGetSysVector
 .text.CyIntSetVector
                0x00001ff4       0x20 .\ARM_GCC_493\Debug\C-CAN.a(CyLib.o)
                0x00001ff4                CyIntSetVector
 .text.CyIntGetVector
                0x00002014       0x1c .\ARM_GCC_493\Debug\C-CAN.a(CyLib.o)
                0x00002014                CyIntGetVector
 .text.CyIntSetPriority
                0x00002030       0x20 .\ARM_GCC_493\Debug\C-CAN.a(CyLib.o)
                0x00002030                CyIntSetPriority
 .text.CyIntGetPriority
                0x00002050       0x18 .\ARM_GCC_493\Debug\C-CAN.a(CyLib.o)
                0x00002050                CyIntGetPriority
 .text.CyIntGetState
                0x00002068       0x1c .\ARM_GCC_493\Debug\C-CAN.a(CyLib.o)
                0x00002068                CyIntGetState
 .text.CySysTickStart
                0x00002084       0x8c .\ARM_GCC_493\Debug\C-CAN.a(CyLib.o)
                0x00002084                CySysTickStart
 .text.CySysTickInit
                0x00002110       0x70 .\ARM_GCC_493\Debug\C-CAN.a(CyLib.o)
                0x00002110                CySysTickInit
 .text.CySysTickEnable
                0x00002180       0x18 .\ARM_GCC_493\Debug\C-CAN.a(CyLib.o)
                0x00002180                CySysTickEnable
 .text.CySysTickStop
                0x00002198       0x10 .\ARM_GCC_493\Debug\C-CAN.a(CyLib.o)
                0x00002198                CySysTickStop
 .text.CySysTickEnableInterrupt
                0x000021a8       0x10 .\ARM_GCC_493\Debug\C-CAN.a(CyLib.o)
                0x000021a8                CySysTickEnableInterrupt
 .text.CySysTickDisableInterrupt
                0x000021b8       0x10 .\ARM_GCC_493\Debug\C-CAN.a(CyLib.o)
                0x000021b8                CySysTickDisableInterrupt
 .text.CySysTickSetReload
                0x000021c8       0x10 .\ARM_GCC_493\Debug\C-CAN.a(CyLib.o)
                0x000021c8                CySysTickSetReload
 .text.CySysTickGetReload
                0x000021d8       0x10 .\ARM_GCC_493\Debug\C-CAN.a(CyLib.o)
                0x000021d8                CySysTickGetReload
 .text.CySysTickGetValue
                0x000021e8       0x10 .\ARM_GCC_493\Debug\C-CAN.a(CyLib.o)
                0x000021e8                CySysTickGetValue
 .text.CySysTickSetClockSource
                0x000021f8       0x18 .\ARM_GCC_493\Debug\C-CAN.a(CyLib.o)
                0x000021f8                CySysTickSetClockSource
 .text.CySysTickGetCountFlag
                0x00002210       0x10 .\ARM_GCC_493\Debug\C-CAN.a(CyLib.o)
                0x00002210                CySysTickGetCountFlag
 .text.CySysTickClear
                0x00002220        0xc .\ARM_GCC_493\Debug\C-CAN.a(CyLib.o)
                0x00002220                CySysTickClear
 .text.CySysTickSetCallback
                0x0000222c       0x14 .\ARM_GCC_493\Debug\C-CAN.a(CyLib.o)
                0x0000222c                CySysTickSetCallback
 .text.CySysTickGetCallback
                0x00002240        0xc .\ARM_GCC_493\Debug\C-CAN.a(CyLib.o)
                0x00002240                CySysTickGetCallback
 .text.CyGetUniqueId
                0x0000224c       0x68 .\ARM_GCC_493\Debug\C-CAN.a(CyLib.o)
                0x0000224c                CyGetUniqueId
 .text          0x000022b4        0x0 .\ARM_GCC_493\Debug\C-CAN.a(cyPm.o)
 .text.CyPmHibSlpSaveSet
                0x000022b4      0x1c8 .\ARM_GCC_493\Debug\C-CAN.a(cyPm.o)
 .text.CyPmHibSlpRestore
                0x0000247c      0x140 .\ARM_GCC_493\Debug\C-CAN.a(cyPm.o)
 .text.CyPmSaveClocks
                0x000025bc      0x1e4 .\ARM_GCC_493\Debug\C-CAN.a(cyPm.o)
                0x000025bc                CyPmSaveClocks
 .text.CyPmRestoreClocks
                0x000027a0      0x240 .\ARM_GCC_493\Debug\C-CAN.a(cyPm.o)
                0x000027a0                CyPmRestoreClocks
 .text.CyPmAltAct
                0x000029e0       0x78 .\ARM_GCC_493\Debug\C-CAN.a(cyPm.o)
                0x000029e0                CyPmAltAct
 .text.CyPmSleep
                0x00002a58       0xf8 .\ARM_GCC_493\Debug\C-CAN.a(cyPm.o)
                0x00002a58                CyPmSleep
 .text.CyPmHibernateEx
                0x00002b50      0x28c .\ARM_GCC_493\Debug\C-CAN.a(cyPm.o)
                0x00002b50                CyPmHibernateEx
 .text.CyPmHibernate
                0x00002ddc        0x8 .\ARM_GCC_493\Debug\C-CAN.a(cyPm.o)
                0x00002ddc                CyPmHibernate
 .text.CyPmReadStatus
                0x00002de4       0x30 .\ARM_GCC_493\Debug\C-CAN.a(cyPm.o)
                0x00002de4                CyPmReadStatus
 .text.CyPmCtwSetInterval
                0x00002e14       0x54 .\ARM_GCC_493\Debug\C-CAN.a(cyPm.o)
                0x00002e14                CyPmCtwSetInterval
 .text.CyPmOppsSet
                0x00002e68       0x2c .\ARM_GCC_493\Debug\C-CAN.a(cyPm.o)
                0x00002e68                CyPmOppsSet
 .text.CyPmFtwSetInterval
                0x00002e94       0x54 .\ARM_GCC_493\Debug\C-CAN.a(cyPm.o)
                0x00002e94                CyPmFtwSetInterval
 .text          0x00002ee8        0x0 .\ARM_GCC_493\Debug\C-CAN.a(ADC_SAR_1.o)
 .text.ADC_SAR_1_Start
                0x00002ee8      0x114 .\ARM_GCC_493\Debug\C-CAN.a(ADC_SAR_1.o)
                0x00002ee8                ADC_SAR_1_Start
 .text.ADC_SAR_1_Init
                0x00002ffc       0x64 .\ARM_GCC_493\Debug\C-CAN.a(ADC_SAR_1.o)
                0x00002ffc                ADC_SAR_1_Init
 .text.ADC_SAR_1_Enable
                0x00003060       0xa0 .\ARM_GCC_493\Debug\C-CAN.a(ADC_SAR_1.o)
                0x00003060                ADC_SAR_1_Enable
 .text.ADC_SAR_1_Stop
                0x00003100       0x50 .\ARM_GCC_493\Debug\C-CAN.a(ADC_SAR_1.o)
                0x00003100                ADC_SAR_1_Stop
 .text.ADC_SAR_1_SetPower
                0x00003150       0x18 .\ARM_GCC_493\Debug\C-CAN.a(ADC_SAR_1.o)
                0x00003150                ADC_SAR_1_SetPower
 .text.ADC_SAR_1_SetResolution
                0x00003168       0x78 .\ARM_GCC_493\Debug\C-CAN.a(ADC_SAR_1.o)
                0x00003168                ADC_SAR_1_SetResolution
 .text.ADC_SAR_1_StartConvert
                0x000031e0       0x18 .\ARM_GCC_493\Debug\C-CAN.a(ADC_SAR_1.o)
                0x000031e0                ADC_SAR_1_StartConvert
 .text.ADC_SAR_1_StopConvert
                0x000031f8       0x18 .\ARM_GCC_493\Debug\C-CAN.a(ADC_SAR_1.o)
                0x000031f8                ADC_SAR_1_StopConvert
 .text.ADC_SAR_1_IsEndConversion
                0x00003210       0x2c .\ARM_GCC_493\Debug\C-CAN.a(ADC_SAR_1.o)
                0x00003210                ADC_SAR_1_IsEndConversion
 .text.ADC_SAR_1_GetResult8
                0x0000323c       0x18 .\ARM_GCC_493\Debug\C-CAN.a(ADC_SAR_1.o)
                0x0000323c                ADC_SAR_1_GetResult8
 .text.ADC_SAR_1_GetResult16
                0x00003254       0x18 .\ARM_GCC_493\Debug\C-CAN.a(ADC_SAR_1.o)
                0x00003254                ADC_SAR_1_GetResult16
 .text.ADC_SAR_1_SetOffset
                0x0000326c        0xc .\ARM_GCC_493\Debug\C-CAN.a(ADC_SAR_1.o)
                0x0000326c                ADC_SAR_1_SetOffset
 .text.ADC_SAR_1_SetGain
                0x00003278       0x10 .\ARM_GCC_493\Debug\C-CAN.a(ADC_SAR_1.o)
                0x00003278                ADC_SAR_1_SetGain
 .text.ADC_SAR_1_SetScaledGain
                0x00003288        0xc .\ARM_GCC_493\Debug\C-CAN.a(ADC_SAR_1.o)
                0x00003288                ADC_SAR_1_SetScaledGain
 .text.ADC_SAR_1_CountsTo_mVolts
                0x00003294       0x4c .\ARM_GCC_493\Debug\C-CAN.a(ADC_SAR_1.o)
                0x00003294                ADC_SAR_1_CountsTo_mVolts
 .text.ADC_SAR_1_CountsTo_uVolts
                0x000032e0       0x48 .\ARM_GCC_493\Debug\C-CAN.a(ADC_SAR_1.o)
                0x000032e0                ADC_SAR_1_CountsTo_uVolts
 .text.ADC_SAR_1_CountsTo_Volts
                0x00003328       0x50 .\ARM_GCC_493\Debug\C-CAN.a(ADC_SAR_1.o)
                0x00003328                ADC_SAR_1_CountsTo_Volts
 .text          0x00003378        0x0 .\ARM_GCC_493\Debug\C-CAN.a(ADC_SAR_1_INT.o)
 .text.ADC_SAR_1_ISR
                0x00003378        0x4 .\ARM_GCC_493\Debug\C-CAN.a(ADC_SAR_1_INT.o)
                0x00003378                ADC_SAR_1_ISR
 .text          0x0000337c        0x0 .\ARM_GCC_493\Debug\C-CAN.a(ADC_SAR_1_theACLK.o)
 .text.ADC_SAR_1_theACLK_Start
                0x0000337c       0x20 .\ARM_GCC_493\Debug\C-CAN.a(ADC_SAR_1_theACLK.o)
                0x0000337c                ADC_SAR_1_theACLK_Start
 .text.ADC_SAR_1_theACLK_Stop
                0x0000339c       0x20 .\ARM_GCC_493\Debug\C-CAN.a(ADC_SAR_1_theACLK.o)
                0x0000339c                ADC_SAR_1_theACLK_Stop
 .text.ADC_SAR_1_theACLK_StopBlock
                0x000033bc       0x78 .\ARM_GCC_493\Debug\C-CAN.a(ADC_SAR_1_theACLK.o)
                0x000033bc                ADC_SAR_1_theACLK_StopBlock
 .text.ADC_SAR_1_theACLK_StandbyPower
                0x00003434       0x1c .\ARM_GCC_493\Debug\C-CAN.a(ADC_SAR_1_theACLK.o)
                0x00003434                ADC_SAR_1_theACLK_StandbyPower
 .text.ADC_SAR_1_theACLK_SetDividerRegister
                0x00003450       0xe8 .\ARM_GCC_493\Debug\C-CAN.a(ADC_SAR_1_theACLK.o)
                0x00003450                ADC_SAR_1_theACLK_SetDividerRegister
 .text.ADC_SAR_1_theACLK_GetDividerRegister
                0x00003538        0xc .\ARM_GCC_493\Debug\C-CAN.a(ADC_SAR_1_theACLK.o)
                0x00003538                ADC_SAR_1_theACLK_GetDividerRegister
 .text.ADC_SAR_1_theACLK_SetModeRegister
                0x00003544       0x14 .\ARM_GCC_493\Debug\C-CAN.a(ADC_SAR_1_theACLK.o)
                0x00003544                ADC_SAR_1_theACLK_SetModeRegister
 .text.ADC_SAR_1_theACLK_ClearModeRegister
                0x00003558       0x14 .\ARM_GCC_493\Debug\C-CAN.a(ADC_SAR_1_theACLK.o)
                0x00003558                ADC_SAR_1_theACLK_ClearModeRegister
 .text.ADC_SAR_1_theACLK_GetModeRegister
                0x0000356c       0x10 .\ARM_GCC_493\Debug\C-CAN.a(ADC_SAR_1_theACLK.o)
                0x0000356c                ADC_SAR_1_theACLK_GetModeRegister
 .text.ADC_SAR_1_theACLK_SetSourceRegister
                0x0000357c       0x58 .\ARM_GCC_493\Debug\C-CAN.a(ADC_SAR_1_theACLK.o)
                0x0000357c                ADC_SAR_1_theACLK_SetSourceRegister
 .text.ADC_SAR_1_theACLK_GetSourceRegister
                0x000035d4       0x10 .\ARM_GCC_493\Debug\C-CAN.a(ADC_SAR_1_theACLK.o)
                0x000035d4                ADC_SAR_1_theACLK_GetSourceRegister
 .text          0x000035e4        0x0 .\ARM_GCC_493\Debug\C-CAN.a(AMux_1.o)
 .text.AMux_1_Start
                0x000035e4       0x20 .\ARM_GCC_493\Debug\C-CAN.a(AMux_1.o)
                0x000035e4                AMux_1_Start
 .text.AMux_1_FastSelect
                0x00003604       0x20 .\ARM_GCC_493\Debug\C-CAN.a(AMux_1.o)
                0x00003604                AMux_1_FastSelect
 .text.AMux_1_DisconnectAll
                0x00003624       0x18 .\ARM_GCC_493\Debug\C-CAN.a(AMux_1.o)
                0x00003624                AMux_1_DisconnectAll
 .text          0x0000363c        0x0 .\ARM_GCC_493\Debug\C-CAN.a(CAN_1.o)
 .text.CAN_1_RxTxBuffersConfig
                0x0000363c      0x14c .\ARM_GCC_493\Debug\C-CAN.a(CAN_1.o)
                0x0000363c                CAN_1_RxTxBuffersConfig
 .text.CAN_1_Init
                0x00003788       0xf0 .\ARM_GCC_493\Debug\C-CAN.a(CAN_1.o)
                0x00003788                CAN_1_Init
 .text.CAN_1_Enable
                0x00003878       0x78 .\ARM_GCC_493\Debug\C-CAN.a(CAN_1.o)
                0x00003878                CAN_1_Enable
 .text.CAN_1_Start
                0x000038f0       0x90 .\ARM_GCC_493\Debug\C-CAN.a(CAN_1.o)
                0x000038f0                CAN_1_Start
 .text.CAN_1_Stop
                0x00003980       0x5c .\ARM_GCC_493\Debug\C-CAN.a(CAN_1.o)
                0x00003980                CAN_1_Stop
 .text.CAN_1_GlobalIntEnable
                0x000039dc       0x1c .\ARM_GCC_493\Debug\C-CAN.a(CAN_1.o)
                0x000039dc                CAN_1_GlobalIntEnable
 .text.CAN_1_GlobalIntDisable
                0x000039f8       0x18 .\ARM_GCC_493\Debug\C-CAN.a(CAN_1.o)
                0x000039f8                CAN_1_GlobalIntDisable
 .text.CAN_1_SetPreScaler
                0x00003a10       0x1c .\ARM_GCC_493\Debug\C-CAN.a(CAN_1.o)
                0x00003a10                CAN_1_SetPreScaler
 .text.CAN_1_SetArbiter
                0x00003a2c       0x2c .\ARM_GCC_493\Debug\C-CAN.a(CAN_1.o)
                0x00003a2c                CAN_1_SetArbiter
 .text.CAN_1_SetTsegSample
                0x00003a58       0x64 .\ARM_GCC_493\Debug\C-CAN.a(CAN_1.o)
                0x00003a58                CAN_1_SetTsegSample
 .text.CAN_1_SetRestartType
                0x00003abc       0x2c .\ARM_GCC_493\Debug\C-CAN.a(CAN_1.o)
                0x00003abc                CAN_1_SetRestartType
 .text.CAN_1_SetEdgeMode
                0x00003ae8       0x2c .\ARM_GCC_493\Debug\C-CAN.a(CAN_1.o)
                0x00003ae8                CAN_1_SetEdgeMode
 .text.CAN_1_SetOpMode
                0x00003b14       0x68 .\ARM_GCC_493\Debug\C-CAN.a(CAN_1.o)
                0x00003b14                CAN_1_SetOpMode
 .text.CAN_1_RXRegisterInit
                0x00003b7c       0x60 .\ARM_GCC_493\Debug\C-CAN.a(CAN_1.o)
                0x00003b7c                CAN_1_RXRegisterInit
 .text.CAN_1_SetIrqMask
                0x00003bdc       0x14 .\ARM_GCC_493\Debug\C-CAN.a(CAN_1.o)
                0x00003bdc                CAN_1_SetIrqMask
 .text.CAN_1_GetTXErrorFlag
                0x00003bf0       0x10 .\ARM_GCC_493\Debug\C-CAN.a(CAN_1.o)
                0x00003bf0                CAN_1_GetTXErrorFlag
 .text.CAN_1_GetRXErrorFlag
                0x00003c00       0x10 .\ARM_GCC_493\Debug\C-CAN.a(CAN_1.o)
                0x00003c00                CAN_1_GetRXErrorFlag
 .text.CAN_1_GetTXErrorCount
                0x00003c10        0xc .\ARM_GCC_493\Debug\C-CAN.a(CAN_1.o)
                0x00003c10                CAN_1_GetTXErrorCount
 .text.CAN_1_GetRXErrorCount
                0x00003c1c        0xc .\ARM_GCC_493\Debug\C-CAN.a(CAN_1.o)
                0x00003c1c                CAN_1_GetRXErrorCount
 .text.CAN_1_GetErrorState
                0x00003c28       0x10 .\ARM_GCC_493\Debug\C-CAN.a(CAN_1.o)
                0x00003c28                CAN_1_GetErrorState
 .text.CAN_1_RxBufConfig
                0x00003c38       0x88 .\ARM_GCC_493\Debug\C-CAN.a(CAN_1.o)
                0x00003c38                CAN_1_RxBufConfig
 .text.CAN_1_TxBufConfig
                0x00003cc0       0x58 .\ARM_GCC_493\Debug\C-CAN.a(CAN_1.o)
                0x00003cc0                CAN_1_TxBufConfig
 .text          0x00003d18        0x0 .\ARM_GCC_493\Debug\C-CAN.a(CAN_1_INT.o)
 .text.CAN_1_BusOffIsr
                0x00003d18       0x18 .\ARM_GCC_493\Debug\C-CAN.a(CAN_1_INT.o)
                0x00003d18                CAN_1_BusOffIsr
 .text.CAN_1_MsgRXIsr
                0x00003d30       0x44 .\ARM_GCC_493\Debug\C-CAN.a(CAN_1_INT.o)
                0x00003d30                CAN_1_MsgRXIsr
 .text.CAN_1_ISR
                0x00003d74       0x60 .\ARM_GCC_493\Debug\C-CAN.a(CAN_1_INT.o)
                0x00003d74                CAN_1_ISR
 .text          0x00003dd4        0x0 .\ARM_GCC_493\Debug\C-CAN.a(CAN_TIMER.o)
 .text.CAN_TIMER_Init
                0x00003dd4       0x54 .\ARM_GCC_493\Debug\C-CAN.a(CAN_TIMER.o)
                0x00003dd4                CAN_TIMER_Init
 .text.CAN_TIMER_Enable
                0x00003e28       0x10 .\ARM_GCC_493\Debug\C-CAN.a(CAN_TIMER.o)
                0x00003e28                CAN_TIMER_Enable
 .text.CAN_TIMER_Start
                0x00003e38       0x70 .\ARM_GCC_493\Debug\C-CAN.a(CAN_TIMER.o)
                0x00003e38                CAN_TIMER_Start
 .text.CAN_TIMER_Stop
                0x00003ea8       0x10 .\ARM_GCC_493\Debug\C-CAN.a(CAN_TIMER.o)
                0x00003ea8                CAN_TIMER_Stop
 .text.CAN_TIMER_SetInterruptMode
                0x00003eb8        0xc .\ARM_GCC_493\Debug\C-CAN.a(CAN_TIMER.o)
                0x00003eb8                CAN_TIMER_SetInterruptMode
 .text.CAN_TIMER_SoftwareCapture
                0x00003ec4        0xc .\ARM_GCC_493\Debug\C-CAN.a(CAN_TIMER.o)
                0x00003ec4                CAN_TIMER_SoftwareCapture
 .text.CAN_TIMER_ReadStatusRegister
                0x00003ed0        0xc .\ARM_GCC_493\Debug\C-CAN.a(CAN_TIMER.o)
                0x00003ed0                CAN_TIMER_ReadStatusRegister
 .text.CAN_TIMER_ReadControlRegister
                0x00003edc        0xc .\ARM_GCC_493\Debug\C-CAN.a(CAN_TIMER.o)
                0x00003edc                CAN_TIMER_ReadControlRegister
 .text.CAN_TIMER_WriteControlRegister
                0x00003ee8        0xc .\ARM_GCC_493\Debug\C-CAN.a(CAN_TIMER.o)
                0x00003ee8                CAN_TIMER_WriteControlRegister
 .text.CAN_TIMER_ReadPeriod
                0x00003ef4        0xc .\ARM_GCC_493\Debug\C-CAN.a(CAN_TIMER.o)
                0x00003ef4                CAN_TIMER_ReadPeriod
 .text.CAN_TIMER_WritePeriod
                0x00003f00        0xc .\ARM_GCC_493\Debug\C-CAN.a(CAN_TIMER.o)
                0x00003f00                CAN_TIMER_WritePeriod
 .text.CAN_TIMER_ReadCapture
                0x00003f0c        0xc .\ARM_GCC_493\Debug\C-CAN.a(CAN_TIMER.o)
                0x00003f0c                CAN_TIMER_ReadCapture
 .text.CAN_TIMER_WriteCounter
                0x00003f18        0xc .\ARM_GCC_493\Debug\C-CAN.a(CAN_TIMER.o)
                0x00003f18                CAN_TIMER_WriteCounter
 .text.CAN_TIMER_ReadCounter
                0x00003f24       0x14 .\ARM_GCC_493\Debug\C-CAN.a(CAN_TIMER.o)
                0x00003f24                CAN_TIMER_ReadCounter
 .text.CAN_TIMER_ClearFIFO
                0x00003f38       0x1c .\ARM_GCC_493\Debug\C-CAN.a(CAN_TIMER.o)
                0x00003f38                CAN_TIMER_ClearFIFO
 .text          0x00003f54        0x0 .\ARM_GCC_493\Debug\C-CAN.a(CAN_ISR.o)
 .text.CAN_ISR_Interrupt
                0x00003f54       0x10 .\ARM_GCC_493\Debug\C-CAN.a(CAN_ISR.o)
                0x00003f54                CAN_ISR_Interrupt
 .text.CAN_ISR_Start
                0x00003f64       0x34 .\ARM_GCC_493\Debug\C-CAN.a(CAN_ISR.o)
                0x00003f64                CAN_ISR_Start
 .text.CAN_ISR_StartEx
                0x00003f98       0x2c .\ARM_GCC_493\Debug\C-CAN.a(CAN_ISR.o)
                0x00003f98                CAN_ISR_StartEx
 .text.CAN_ISR_Stop
                0x00003fc4       0x1c .\ARM_GCC_493\Debug\C-CAN.a(CAN_ISR.o)
                0x00003fc4                CAN_ISR_Stop
 .text.CAN_ISR_SetVector
                0x00003fe0        0xc .\ARM_GCC_493\Debug\C-CAN.a(CAN_ISR.o)
                0x00003fe0                CAN_ISR_SetVector
 .text.CAN_ISR_GetVector
                0x00003fec        0xc .\ARM_GCC_493\Debug\C-CAN.a(CAN_ISR.o)
                0x00003fec                CAN_ISR_GetVector
 .text.CAN_ISR_SetPriority
                0x00003ff8       0x10 .\ARM_GCC_493\Debug\C-CAN.a(CAN_ISR.o)
                0x00003ff8                CAN_ISR_SetPriority
 .text.CAN_ISR_GetPriority
                0x00004008        0xc .\ARM_GCC_493\Debug\C-CAN.a(CAN_ISR.o)
                0x00004008                CAN_ISR_GetPriority
 .text.CAN_ISR_Enable
                0x00004014        0xc .\ARM_GCC_493\Debug\C-CAN.a(CAN_ISR.o)
                0x00004014                CAN_ISR_Enable
 .text.CAN_ISR_GetState
                0x00004020       0x10 .\ARM_GCC_493\Debug\C-CAN.a(CAN_ISR.o)
                0x00004020                CAN_ISR_GetState
 .text.CAN_ISR_Disable
                0x00004030        0xc .\ARM_GCC_493\Debug\C-CAN.a(CAN_ISR.o)
                0x00004030                CAN_ISR_Disable
 .text.CAN_ISR_SetPending
                0x0000403c        0xc .\ARM_GCC_493\Debug\C-CAN.a(CAN_ISR.o)
                0x0000403c                CAN_ISR_SetPending
 .text.CAN_ISR_ClearPending
                0x00004048        0xc .\ARM_GCC_493\Debug\C-CAN.a(CAN_ISR.o)
                0x00004048                CAN_ISR_ClearPending
 .text          0x00004054        0x0 .\ARM_GCC_493\Debug\C-CAN.a(Encoder_Left.o)
 .text.Encoder_Left_Init
                0x00004054       0x74 .\ARM_GCC_493\Debug\C-CAN.a(Encoder_Left.o)
                0x00004054                Encoder_Left_Init
 .text.Encoder_Left_Enable
                0x000040c8       0x10 .\ARM_GCC_493\Debug\C-CAN.a(Encoder_Left.o)
                0x000040c8                Encoder_Left_Enable
 .text.Encoder_Left_Start
                0x000040d8       0x8c .\ARM_GCC_493\Debug\C-CAN.a(Encoder_Left.o)
                0x000040d8                Encoder_Left_Start
 .text.Encoder_Left_Stop
                0x00004164       0x10 .\ARM_GCC_493\Debug\C-CAN.a(Encoder_Left.o)
                0x00004164                Encoder_Left_Stop
 .text.Encoder_Left_SetInterruptMode
                0x00004174        0xc .\ARM_GCC_493\Debug\C-CAN.a(Encoder_Left.o)
                0x00004174                Encoder_Left_SetInterruptMode
 .text.Encoder_Left_ReadStatusRegister
                0x00004180        0xc .\ARM_GCC_493\Debug\C-CAN.a(Encoder_Left.o)
                0x00004180                Encoder_Left_ReadStatusRegister
 .text.Encoder_Left_ReadControlRegister
                0x0000418c        0xc .\ARM_GCC_493\Debug\C-CAN.a(Encoder_Left.o)
                0x0000418c                Encoder_Left_ReadControlRegister
 .text.Encoder_Left_WriteControlRegister
                0x00004198        0xc .\ARM_GCC_493\Debug\C-CAN.a(Encoder_Left.o)
                0x00004198                Encoder_Left_WriteControlRegister
 .text.Encoder_Left_WriteCounter
                0x000041a4        0xc .\ARM_GCC_493\Debug\C-CAN.a(Encoder_Left.o)
                0x000041a4                Encoder_Left_WriteCounter
 .text.Encoder_Left_ReadCounter
                0x000041b0       0x14 .\ARM_GCC_493\Debug\C-CAN.a(Encoder_Left.o)
                0x000041b0                Encoder_Left_ReadCounter
 .text.Encoder_Left_ReadCapture
                0x000041c4        0xc .\ARM_GCC_493\Debug\C-CAN.a(Encoder_Left.o)
                0x000041c4                Encoder_Left_ReadCapture
 .text.Encoder_Left_WritePeriod
                0x000041d0        0xc .\ARM_GCC_493\Debug\C-CAN.a(Encoder_Left.o)
                0x000041d0                Encoder_Left_WritePeriod
 .text.Encoder_Left_ReadPeriod
                0x000041dc        0xc .\ARM_GCC_493\Debug\C-CAN.a(Encoder_Left.o)
                0x000041dc                Encoder_Left_ReadPeriod
 .text.Encoder_Left_WriteCompare
                0x000041e8        0xc .\ARM_GCC_493\Debug\C-CAN.a(Encoder_Left.o)
                0x000041e8                Encoder_Left_WriteCompare
 .text.Encoder_Left_ReadCompare
                0x000041f4        0xc .\ARM_GCC_493\Debug\C-CAN.a(Encoder_Left.o)
                0x000041f4                Encoder_Left_ReadCompare
 .text.Encoder_Left_ClearFIFO
                0x00004200       0x1c .\ARM_GCC_493\Debug\C-CAN.a(Encoder_Left.o)
                0x00004200                Encoder_Left_ClearFIFO
 .text          0x0000421c        0x0 .\ARM_GCC_493\Debug\C-CAN.a(Encoder_Right.o)
 .text.Encoder_Right_Init
                0x0000421c       0x74 .\ARM_GCC_493\Debug\C-CAN.a(Encoder_Right.o)
                0x0000421c                Encoder_Right_Init
 .text.Encoder_Right_Enable
                0x00004290       0x10 .\ARM_GCC_493\Debug\C-CAN.a(Encoder_Right.o)
                0x00004290                Encoder_Right_Enable
 .text.Encoder_Right_Start
                0x000042a0       0x8c .\ARM_GCC_493\Debug\C-CAN.a(Encoder_Right.o)
                0x000042a0                Encoder_Right_Start
 .text.Encoder_Right_Stop
                0x0000432c       0x10 .\ARM_GCC_493\Debug\C-CAN.a(Encoder_Right.o)
                0x0000432c                Encoder_Right_Stop
 .text.Encoder_Right_SetInterruptMode
                0x0000433c        0xc .\ARM_GCC_493\Debug\C-CAN.a(Encoder_Right.o)
                0x0000433c                Encoder_Right_SetInterruptMode
 .text.Encoder_Right_ReadStatusRegister
                0x00004348        0xc .\ARM_GCC_493\Debug\C-CAN.a(Encoder_Right.o)
                0x00004348                Encoder_Right_ReadStatusRegister
 .text.Encoder_Right_ReadControlRegister
                0x00004354        0xc .\ARM_GCC_493\Debug\C-CAN.a(Encoder_Right.o)
                0x00004354                Encoder_Right_ReadControlRegister
 .text.Encoder_Right_WriteControlRegister
                0x00004360        0xc .\ARM_GCC_493\Debug\C-CAN.a(Encoder_Right.o)
                0x00004360                Encoder_Right_WriteControlRegister
 .text.Encoder_Right_WriteCounter
                0x0000436c        0xc .\ARM_GCC_493\Debug\C-CAN.a(Encoder_Right.o)
                0x0000436c                Encoder_Right_WriteCounter
 .text.Encoder_Right_ReadCounter
                0x00004378       0x14 .\ARM_GCC_493\Debug\C-CAN.a(Encoder_Right.o)
                0x00004378                Encoder_Right_ReadCounter
 .text.Encoder_Right_ReadCapture
                0x0000438c        0xc .\ARM_GCC_493\Debug\C-CAN.a(Encoder_Right.o)
                0x0000438c                Encoder_Right_ReadCapture
 .text.Encoder_Right_WritePeriod
                0x00004398        0xc .\ARM_GCC_493\Debug\C-CAN.a(Encoder_Right.o)
                0x00004398                Encoder_Right_WritePeriod
 .text.Encoder_Right_ReadPeriod
                0x000043a4        0xc .\ARM_GCC_493\Debug\C-CAN.a(Encoder_Right.o)
                0x000043a4                Encoder_Right_ReadPeriod
 .text.Encoder_Right_WriteCompare
                0x000043b0        0xc .\ARM_GCC_493\Debug\C-CAN.a(Encoder_Right.o)
                0x000043b0                Encoder_Right_WriteCompare
 .text.Encoder_Right_ReadCompare
                0x000043bc        0xc .\ARM_GCC_493\Debug\C-CAN.a(Encoder_Right.o)
                0x000043bc                Encoder_Right_ReadCompare
 .text.Encoder_Right_ClearFIFO
                0x000043c8       0x1c .\ARM_GCC_493\Debug\C-CAN.a(Encoder_Right.o)
                0x000043c8                Encoder_Right_ClearFIFO
 .text          0x000043e4        0x0 .\ARM_GCC_493\Debug\C-CAN.a(leftEncTimer.o)
 .text.leftEncTimer_Init
                0x000043e4       0x74 .\ARM_GCC_493\Debug\C-CAN.a(leftEncTimer.o)
                0x000043e4                leftEncTimer_Init
 .text.leftEncTimer_Enable
                0x00004458       0x10 .\ARM_GCC_493\Debug\C-CAN.a(leftEncTimer.o)
                0x00004458                leftEncTimer_Enable
 .text.leftEncTimer_Start
                0x00004468       0x8c .\ARM_GCC_493\Debug\C-CAN.a(leftEncTimer.o)
                0x00004468                leftEncTimer_Start
 .text.leftEncTimer_Stop
                0x000044f4       0x10 .\ARM_GCC_493\Debug\C-CAN.a(leftEncTimer.o)
                0x000044f4                leftEncTimer_Stop
 .text.leftEncTimer_SetInterruptMode
                0x00004504        0xc .\ARM_GCC_493\Debug\C-CAN.a(leftEncTimer.o)
                0x00004504                leftEncTimer_SetInterruptMode
 .text.leftEncTimer_ReadStatusRegister
                0x00004510        0xc .\ARM_GCC_493\Debug\C-CAN.a(leftEncTimer.o)
                0x00004510                leftEncTimer_ReadStatusRegister
 .text.leftEncTimer_ReadControlRegister
                0x0000451c        0xc .\ARM_GCC_493\Debug\C-CAN.a(leftEncTimer.o)
                0x0000451c                leftEncTimer_ReadControlRegister
 .text.leftEncTimer_WriteControlRegister
                0x00004528        0xc .\ARM_GCC_493\Debug\C-CAN.a(leftEncTimer.o)
                0x00004528                leftEncTimer_WriteControlRegister
 .text.leftEncTimer_WriteCounter
                0x00004534        0xc .\ARM_GCC_493\Debug\C-CAN.a(leftEncTimer.o)
                0x00004534                leftEncTimer_WriteCounter
 .text.leftEncTimer_ReadCounter
                0x00004540       0x14 .\ARM_GCC_493\Debug\C-CAN.a(leftEncTimer.o)
                0x00004540                leftEncTimer_ReadCounter
 .text.leftEncTimer_ReadCapture
                0x00004554        0xc .\ARM_GCC_493\Debug\C-CAN.a(leftEncTimer.o)
                0x00004554                leftEncTimer_ReadCapture
 .text.leftEncTimer_WritePeriod
                0x00004560        0xc .\ARM_GCC_493\Debug\C-CAN.a(leftEncTimer.o)
                0x00004560                leftEncTimer_WritePeriod
 .text.leftEncTimer_ReadPeriod
                0x0000456c        0xc .\ARM_GCC_493\Debug\C-CAN.a(leftEncTimer.o)
                0x0000456c                leftEncTimer_ReadPeriod
 .text.leftEncTimer_WriteCompare
                0x00004578        0xc .\ARM_GCC_493\Debug\C-CAN.a(leftEncTimer.o)
                0x00004578                leftEncTimer_WriteCompare
 .text.leftEncTimer_ReadCompare
                0x00004584        0xc .\ARM_GCC_493\Debug\C-CAN.a(leftEncTimer.o)
                0x00004584                leftEncTimer_ReadCompare
 .text.leftEncTimer_ClearFIFO
                0x00004590       0x1c .\ARM_GCC_493\Debug\C-CAN.a(leftEncTimer.o)
                0x00004590                leftEncTimer_ClearFIFO
 .text          0x000045ac        0x0 .\ARM_GCC_493\Debug\C-CAN.a(rightEncTimer.o)
 .text.rightEncTimer_Init
                0x000045ac       0x74 .\ARM_GCC_493\Debug\C-CAN.a(rightEncTimer.o)
                0x000045ac                rightEncTimer_Init
 .text.rightEncTimer_Enable
                0x00004620       0x10 .\ARM_GCC_493\Debug\C-CAN.a(rightEncTimer.o)
                0x00004620                rightEncTimer_Enable
 .text.rightEncTimer_Start
                0x00004630       0x8c .\ARM_GCC_493\Debug\C-CAN.a(rightEncTimer.o)
                0x00004630                rightEncTimer_Start
 .text.rightEncTimer_Stop
                0x000046bc       0x10 .\ARM_GCC_493\Debug\C-CAN.a(rightEncTimer.o)
                0x000046bc                rightEncTimer_Stop
 .text.rightEncTimer_SetInterruptMode
                0x000046cc        0xc .\ARM_GCC_493\Debug\C-CAN.a(rightEncTimer.o)
                0x000046cc                rightEncTimer_SetInterruptMode
 .text.rightEncTimer_ReadStatusRegister
                0x000046d8        0xc .\ARM_GCC_493\Debug\C-CAN.a(rightEncTimer.o)
                0x000046d8                rightEncTimer_ReadStatusRegister
 .text.rightEncTimer_ReadControlRegister
                0x000046e4        0xc .\ARM_GCC_493\Debug\C-CAN.a(rightEncTimer.o)
                0x000046e4                rightEncTimer_ReadControlRegister
 .text.rightEncTimer_WriteControlRegister
                0x000046f0        0xc .\ARM_GCC_493\Debug\C-CAN.a(rightEncTimer.o)
                0x000046f0                rightEncTimer_WriteControlRegister
 .text.rightEncTimer_WriteCounter
                0x000046fc        0xc .\ARM_GCC_493\Debug\C-CAN.a(rightEncTimer.o)
                0x000046fc                rightEncTimer_WriteCounter
 .text.rightEncTimer_ReadCounter
                0x00004708       0x14 .\ARM_GCC_493\Debug\C-CAN.a(rightEncTimer.o)
                0x00004708                rightEncTimer_ReadCounter
 .text.rightEncTimer_ReadCapture
                0x0000471c        0xc .\ARM_GCC_493\Debug\C-CAN.a(rightEncTimer.o)
                0x0000471c                rightEncTimer_ReadCapture
 .text.rightEncTimer_WritePeriod
                0x00004728        0xc .\ARM_GCC_493\Debug\C-CAN.a(rightEncTimer.o)
                0x00004728                rightEncTimer_WritePeriod
 .text.rightEncTimer_ReadPeriod
                0x00004734        0xc .\ARM_GCC_493\Debug\C-CAN.a(rightEncTimer.o)
                0x00004734                rightEncTimer_ReadPeriod
 .text.rightEncTimer_WriteCompare
                0x00004740        0xc .\ARM_GCC_493\Debug\C-CAN.a(rightEncTimer.o)
                0x00004740                rightEncTimer_WriteCompare
 .text.rightEncTimer_ReadCompare
                0x0000474c        0xc .\ARM_GCC_493\Debug\C-CAN.a(rightEncTimer.o)
                0x0000474c                rightEncTimer_ReadCompare
 .text.rightEncTimer_ClearFIFO
                0x00004758       0x1c .\ARM_GCC_493\Debug\C-CAN.a(rightEncTimer.o)
                0x00004758                rightEncTimer_ClearFIFO
 .text          0x00004774        0x0 .\ARM_GCC_493\Debug\C-CAN.a(CyFlash.o)
 .text.CyFlash_Start
                0x00004774       0x50 .\ARM_GCC_493\Debug\C-CAN.a(CyFlash.o)
                0x00004774                CyFlash_Start
 .text.CyFlash_Stop
                0x000047c4       0x2c .\ARM_GCC_493\Debug\C-CAN.a(CyFlash.o)
                0x000047c4                CyFlash_Stop
 .text.CySetTemp
                0x000047f0       0xa4 .\ARM_GCC_493\Debug\C-CAN.a(CyFlash.o)
                0x000047f0                CySetTemp
 .text.CySetFlashEEBuffer
                0x00004894       0x34 .\ARM_GCC_493\Debug\C-CAN.a(CyFlash.o)
                0x00004894                CySetFlashEEBuffer
 .text.CyWriteRowData
                0x000048c8       0xd0 .\ARM_GCC_493\Debug\C-CAN.a(CyFlash.o)
                0x000048c8                CyWriteRowData
 .text.CyWriteRowFull
                0x00004998       0xcc .\ARM_GCC_493\Debug\C-CAN.a(CyFlash.o)
                0x00004998                CyWriteRowFull
 .text.CyFlash_SetWaitCycles
                0x00004a64       0x90 .\ARM_GCC_493\Debug\C-CAN.a(CyFlash.o)
                0x00004a64                CyFlash_SetWaitCycles
 .text.CyEEPROM_Start
                0x00004af4       0x50 .\ARM_GCC_493\Debug\C-CAN.a(CyFlash.o)
                0x00004af4                CyEEPROM_Start
 .text.CyEEPROM_Stop
                0x00004b44       0x2c .\ARM_GCC_493\Debug\C-CAN.a(CyFlash.o)
                0x00004b44                CyEEPROM_Stop
 .text.CyEEPROM_ReadReserve
                0x00004b70       0x18 .\ARM_GCC_493\Debug\C-CAN.a(CyFlash.o)
                0x00004b70                CyEEPROM_ReadReserve
 .text.CyEEPROM_ReadRelease
                0x00004b88       0x10 .\ARM_GCC_493\Debug\C-CAN.a(CyFlash.o)
                0x00004b88                CyEEPROM_ReadRelease
 .text          0x00004b98        0x0 .\ARM_GCC_493\Debug\C-CAN.a(CySpc.o)
 .text.CySpcStart
                0x00004b98       0x2c .\ARM_GCC_493\Debug\C-CAN.a(CySpc.o)
                0x00004b98                CySpcStart
 .text.CySpcStop
                0x00004bc4       0x2c .\ARM_GCC_493\Debug\C-CAN.a(CySpc.o)
                0x00004bc4                CySpcStop
 .text.CySpcReadData
                0x00004bf0       0x40 .\ARM_GCC_493\Debug\C-CAN.a(CySpc.o)
                0x00004bf0                CySpcReadData
 .text.CySpcLoadMultiByte
                0x00004c30       0x6c .\ARM_GCC_493\Debug\C-CAN.a(CySpc.o)
                0x00004c30                CySpcLoadMultiByte
 .text.CySpcLoadRow
                0x00004c9c       0x50 .\ARM_GCC_493\Debug\C-CAN.a(CySpc.o)
                0x00004c9c                CySpcLoadRow
 .text.CySpcLoadRowFull
                0x00004cec       0x74 .\ARM_GCC_493\Debug\C-CAN.a(CySpc.o)
                0x00004cec                CySpcLoadRowFull
 .text.CySpcWriteRow
                0x00004d60       0x44 .\ARM_GCC_493\Debug\C-CAN.a(CySpc.o)
                0x00004d60                CySpcWriteRow
 .text.CySpcEraseSector
                0x00004da4       0x3c .\ARM_GCC_493\Debug\C-CAN.a(CySpc.o)
                0x00004da4                CySpcEraseSector
 .text.CySpcGetTemp
                0x00004de0       0x38 .\ARM_GCC_493\Debug\C-CAN.a(CySpc.o)
                0x00004de0                CySpcGetTemp
 .text.CySpcLock
                0x00004e18       0x44 .\ARM_GCC_493\Debug\C-CAN.a(CySpc.o)
                0x00004e18                CySpcLock
 .text.CySpcUnlock
                0x00004e5c       0x34 .\ARM_GCC_493\Debug\C-CAN.a(CySpc.o)
                0x00004e5c                CySpcUnlock
 .text.CySpcGetAlgorithm
                0x00004e90       0x28 .\ARM_GCC_493\Debug\C-CAN.a(CySpc.o)
                0x00004e90                CySpcGetAlgorithm
 .text          0x00004eb8      0x21c c:/program files (x86)/cypress/psoc creator/3.3/psoc creator/import/gnu/arm/4.9.3/bin/../lib/gcc/arm-none-eabi/4.9.3/armv7-m\libgcc.a(_arm_addsubsf3.o)
                0x00004eb8                __aeabi_frsub
                0x00004ec0                __subsf3
                0x00004ec0                __aeabi_fsub
                0x00004ec4                __aeabi_fadd
                0x00004ec4                __addsf3
                0x00005024                __aeabi_ui2f
                0x00005024                __floatunsisf
                0x0000502c                __aeabi_i2f
                0x0000502c                __floatsisf
                0x00005048                __aeabi_ul2f
                0x00005048                __floatundisf
                0x00005058                __aeabi_l2f
                0x00005058                __floatdisf
 .text          0x000050d4      0x2a0 c:/program files (x86)/cypress/psoc creator/3.3/psoc creator/import/gnu/arm/4.9.3/bin/../lib/gcc/arm-none-eabi/4.9.3/armv7-m\libgcc.a(_arm_muldivsf3.o)
                0x000050d4                __mulsf3
                0x000050d4                __aeabi_fmul
                0x0000523c                __aeabi_fdiv
                0x0000523c                __divsf3
 .text          0x00005374       0x4c c:/program files (x86)/cypress/psoc creator/3.3/psoc creator/import/gnu/arm/4.9.3/bin/../lib/gcc/arm-none-eabi/4.9.3/armv7-m\libgcc.a(_arm_fixsfsi.o)
                0x00005374                __aeabi_f2iz
                0x00005374                __fixsfsi
 .text          0x000053c0       0x38 c:/program files (x86)/cypress/psoc creator/3.3/psoc creator/import/gnu/arm/4.9.3/bin/../lib/gcc/arm-none-eabi/4.9.3/armv7-m\libgcc.a(_aeabi_ldivmod.o)
                0x000053c0                __aeabi_ldivmod
 .text          0x000053f8       0x60 c:/program files (x86)/cypress/psoc creator/3.3/psoc creator/import/gnu/arm/4.9.3/bin/../lib/gcc/arm-none-eabi/4.9.3/armv7-m\libgcc.a(bpabi.o)
                0x000053f8                __gnu_ldivmod_helper
                0x00005428                __gnu_uldivmod_helper
 .text          0x00005458        0x4 c:/program files (x86)/cypress/psoc creator/3.3/psoc creator/import/gnu/arm/4.9.3/bin/../lib/gcc/arm-none-eabi/4.9.3/armv7-m\libgcc.a(_dvmd_tls.o)
                0x00005458                __aeabi_idiv0
                0x00005458                __aeabi_ldiv0
 .text          0x0000545c      0x2ac c:/program files (x86)/cypress/psoc creator/3.3/psoc creator/import/gnu/arm/4.9.3/bin/../lib/gcc/arm-none-eabi/4.9.3/armv7-m\libgcc.a(_divdi3.o)
                0x0000545c                __divdi3
 .text          0x00005708      0x270 c:/program files (x86)/cypress/psoc creator/3.3/psoc creator/import/gnu/arm/4.9.3/bin/../lib/gcc/arm-none-eabi/4.9.3/armv7-m\libgcc.a(_udivdi3.o)
                0x00005708                __udivdi3
 .text          0x00005978        0x0 c:/program files (x86)/cypress/psoc creator/3.3/psoc creator/import/gnu/arm/4.9.3/bin/../lib/gcc/arm-none-eabi/4.9.3/../../../../arm-none-eabi/lib/armv7-m\libg_nano.a(lib_a-errno.o)
 .text.__errno  0x00005978        0xc c:/program files (x86)/cypress/psoc creator/3.3/psoc creator/import/gnu/arm/4.9.3/bin/../lib/gcc/arm-none-eabi/4.9.3/../../../../arm-none-eabi/lib/armv7-m\libg_nano.a(lib_a-errno.o)
                0x00005978                __errno
 .text          0x00005984        0x0 c:/program files (x86)/cypress/psoc creator/3.3/psoc creator/import/gnu/arm/4.9.3/bin/../lib/gcc/arm-none-eabi/4.9.3/../../../../arm-none-eabi/lib/armv7-m\libg_nano.a(lib_a-exit.o)
 .text.exit     0x00005984       0x28 c:/program files (x86)/cypress/psoc creator/3.3/psoc creator/import/gnu/arm/4.9.3/bin/../lib/gcc/arm-none-eabi/4.9.3/../../../../arm-none-eabi/lib/armv7-m\libg_nano.a(lib_a-exit.o)
                0x00005984                exit
 .text          0x000059ac        0x0 c:/program files (x86)/cypress/psoc creator/3.3/psoc creator/import/gnu/arm/4.9.3/bin/../lib/gcc/arm-none-eabi/4.9.3/../../../../arm-none-eabi/lib/armv7-m\libg_nano.a(lib_a-impure.o)
 .text          0x000059ac        0x0 c:/program files (x86)/cypress/psoc creator/3.3/psoc creator/import/gnu/arm/4.9.3/bin/../lib/gcc/arm-none-eabi/4.9.3/../../../../arm-none-eabi/lib/armv7-m\libg_nano.a(lib_a-init.o)
 .text.__libc_init_array
                0x000059ac       0x4c c:/program files (x86)/cypress/psoc creator/3.3/psoc creator/import/gnu/arm/4.9.3/bin/../lib/gcc/arm-none-eabi/4.9.3/../../../../arm-none-eabi/lib/armv7-m\libg_nano.a(lib_a-init.o)
                0x000059ac                __libc_init_array
 .text          0x000059f8        0x0 c:/program files (x86)/cypress/psoc creator/3.3/psoc creator/import/gnu/arm/4.9.3/bin/../lib/gcc/arm-none-eabi/4.9.3/../../../../arm-none-eabi/lib/armv7-m\libg_nano.a(lib_a-memcpy.o)
 .text.memcpy   0x000059f8       0x16 c:/program files (x86)/cypress/psoc creator/3.3/psoc creator/import/gnu/arm/4.9.3/bin/../lib/gcc/arm-none-eabi/4.9.3/../../../../arm-none-eabi/lib/armv7-m\libg_nano.a(lib_a-memcpy.o)
                0x000059f8                memcpy
 .text          0x00005a0e        0x0 c:/program files (x86)/cypress/psoc creator/3.3/psoc creator/import/gnu/arm/4.9.3/bin/../lib/gcc/arm-none-eabi/4.9.3/../../../../arm-none-eabi/lib/armv7-m\libg_nano.a(lib_a-memset.o)
 .text.memset   0x00005a0e       0x10 c:/program files (x86)/cypress/psoc creator/3.3/psoc creator/import/gnu/arm/4.9.3/bin/../lib/gcc/arm-none-eabi/4.9.3/../../../../arm-none-eabi/lib/armv7-m\libg_nano.a(lib_a-memset.o)
                0x00005a0e                memset
 .text          0x00005a1e        0x0 c:/program files (x86)/cypress/psoc creator/3.3/psoc creator/import/gnu/arm/4.9.3/bin/../lib/gcc/arm-none-eabi/4.9.3/../../../../arm-none-eabi/lib/armv7-m\libg_nano.a(lib_a-sprintf.o)
 .text._sprintf_r
                0x00005a1e       0x40 c:/program files (x86)/cypress/psoc creator/3.3/psoc creator/import/gnu/arm/4.9.3/bin/../lib/gcc/arm-none-eabi/4.9.3/../../../../arm-none-eabi/lib/armv7-m\libg_nano.a(lib_a-sprintf.o)
                0x00005a1e                _sprintf_r
                0x00005a1e                _siprintf_r
 *fill*         0x00005a5e        0x2 
 .text.sprintf  0x00005a60       0x48 c:/program files (x86)/cypress/psoc creator/3.3/psoc creator/import/gnu/arm/4.9.3/bin/../lib/gcc/arm-none-eabi/4.9.3/../../../../arm-none-eabi/lib/armv7-m\libg_nano.a(lib_a-sprintf.o)
                0x00005a60                siprintf
                0x00005a60                sprintf
 .text          0x00005aa8        0x0 c:/program files (x86)/cypress/psoc creator/3.3/psoc creator/import/gnu/arm/4.9.3/bin/../lib/gcc/arm-none-eabi/4.9.3/../../../../arm-none-eabi/lib/armv7-m\libg_nano.a(lib_a-nano-svfprintf.o)
 .text.__ssputs_r
                0x00005aa8       0xb2 c:/program files (x86)/cypress/psoc creator/3.3/psoc creator/import/gnu/arm/4.9.3/bin/../lib/gcc/arm-none-eabi/4.9.3/../../../../arm-none-eabi/lib/armv7-m\libg_nano.a(lib_a-nano-svfprintf.o)
                0x00005aa8                __ssputs_r
 .text.__ssprint_r
                0x00005b5a       0xfe c:/program files (x86)/cypress/psoc creator/3.3/psoc creator/import/gnu/arm/4.9.3/bin/../lib/gcc/arm-none-eabi/4.9.3/../../../../arm-none-eabi/lib/armv7-m\libg_nano.a(lib_a-nano-svfprintf.o)
                0x00005b5a                __ssprint_r
 .text._svfprintf_r
                0x00005c58      0x1e4 c:/program files (x86)/cypress/psoc creator/3.3/psoc creator/import/gnu/arm/4.9.3/bin/../lib/gcc/arm-none-eabi/4.9.3/../../../../arm-none-eabi/lib/armv7-m\libg_nano.a(lib_a-nano-svfprintf.o)
                0x00005c58                _svfiprintf_r
                0x00005c58                _svfprintf_r
 .text          0x00005e3c        0x0 c:/program files (x86)/cypress/psoc creator/3.3/psoc creator/import/gnu/arm/4.9.3/bin/../lib/gcc/arm-none-eabi/4.9.3/../../../../arm-none-eabi/lib/armv7-m\libg_nano.a(lib_a-nano-vfprintf_i.o)
 .text._printf_common
                0x00005e3c       0xea c:/program files (x86)/cypress/psoc creator/3.3/psoc creator/import/gnu/arm/4.9.3/bin/../lib/gcc/arm-none-eabi/4.9.3/../../../../arm-none-eabi/lib/armv7-m\libg_nano.a(lib_a-nano-vfprintf_i.o)
                0x00005e3c                _printf_common
 *fill*         0x00005f26        0x2 
 .text._printf_i
                0x00005f28      0x240 c:/program files (x86)/cypress/psoc creator/3.3/psoc creator/import/gnu/arm/4.9.3/bin/../lib/gcc/arm-none-eabi/4.9.3/../../../../arm-none-eabi/lib/armv7-m\libg_nano.a(lib_a-nano-vfprintf_i.o)
                0x00005f28                _printf_i
 .text          0x00006168        0x0 c:/program files (x86)/cypress/psoc creator/3.3/psoc creator/import/gnu/arm/4.9.3/bin/../lib/gcc/arm-none-eabi/4.9.3/../../../../arm-none-eabi/lib/armv7-m\libg_nano.a(lib_a-memchr.o)
 .text.memchr   0x00006168       0x1c c:/program files (x86)/cypress/psoc creator/3.3/psoc creator/import/gnu/arm/4.9.3/bin/../lib/gcc/arm-none-eabi/4.9.3/../../../../arm-none-eabi/lib/armv7-m\libg_nano.a(lib_a-memchr.o)
                0x00006168                memchr
 .text          0x00006184        0x0 c:/program files (x86)/cypress/psoc creator/3.3/psoc creator/import/gnu/arm/4.9.3/bin/../lib/gcc/arm-none-eabi/4.9.3/../../../../arm-none-eabi/lib/armv7-m\libg_nano.a(lib_a-memmove.o)
 .text.memmove  0x00006184       0x36 c:/program files (x86)/cypress/psoc creator/3.3/psoc creator/import/gnu/arm/4.9.3/bin/../lib/gcc/arm-none-eabi/4.9.3/../../../../arm-none-eabi/lib/armv7-m\libg_nano.a(lib_a-memmove.o)
                0x00006184                memmove
 .text          0x000061ba        0x0 c:/program files (x86)/cypress/psoc creator/3.3/psoc creator/import/gnu/arm/4.9.3/bin/../lib/gcc/arm-none-eabi/4.9.3/../../../../arm-none-eabi/lib/armv7-m\libg_nano.a(lib_a-nano-freer.o)
 *fill*         0x000061ba        0x2 
 .text._free_r  0x000061bc       0x88 c:/program files (x86)/cypress/psoc creator/3.3/psoc creator/import/gnu/arm/4.9.3/bin/../lib/gcc/arm-none-eabi/4.9.3/../../../../arm-none-eabi/lib/armv7-m\libg_nano.a(lib_a-nano-freer.o)
                0x000061bc                _free_r
 .text          0x00006244        0x0 c:/program files (x86)/cypress/psoc creator/3.3/psoc creator/import/gnu/arm/4.9.3/bin/../lib/gcc/arm-none-eabi/4.9.3/../../../../arm-none-eabi/lib/armv7-m\libg_nano.a(lib_a-nano-mallocr.o)
 .text._malloc_r
                0x00006244       0xac c:/program files (x86)/cypress/psoc creator/3.3/psoc creator/import/gnu/arm/4.9.3/bin/../lib/gcc/arm-none-eabi/4.9.3/../../../../arm-none-eabi/lib/armv7-m\libg_nano.a(lib_a-nano-mallocr.o)
                0x00006244                _malloc_r
 .text          0x000062f0        0x0 c:/program files (x86)/cypress/psoc creator/3.3/psoc creator/import/gnu/arm/4.9.3/bin/../lib/gcc/arm-none-eabi/4.9.3/../../../../arm-none-eabi/lib/armv7-m\libg_nano.a(lib_a-nano-reallocr.o)
 .text._realloc_r
                0x000062f0       0x4c c:/program files (x86)/cypress/psoc creator/3.3/psoc creator/import/gnu/arm/4.9.3/bin/../lib/gcc/arm-none-eabi/4.9.3/../../../../arm-none-eabi/lib/armv7-m\libg_nano.a(lib_a-nano-reallocr.o)
                0x000062f0                _realloc_r
 .text          0x0000633c        0x0 c:/program files (x86)/cypress/psoc creator/3.3/psoc creator/import/gnu/arm/4.9.3/bin/../lib/gcc/arm-none-eabi/4.9.3/../../../../arm-none-eabi/lib/armv7-m\libg_nano.a(lib_a-sbrkr.o)
 .text._sbrk_r  0x0000633c       0x20 c:/program files (x86)/cypress/psoc creator/3.3/psoc creator/import/gnu/arm/4.9.3/bin/../lib/gcc/arm-none-eabi/4.9.3/../../../../arm-none-eabi/lib/armv7-m\libg_nano.a(lib_a-sbrkr.o)
                0x0000633c                _sbrk_r
 .text          0x0000635c        0x0 c:/program files (x86)/cypress/psoc creator/3.3/psoc creator/import/gnu/arm/4.9.3/bin/../lib/gcc/arm-none-eabi/4.9.3/../../../../arm-none-eabi/lib/armv7-m\libg_nano.a(lib_a-nano-msizer.o)
 .text._malloc_usable_size_r
                0x0000635c       0x14 c:/program files (x86)/cypress/psoc creator/3.3/psoc creator/import/gnu/arm/4.9.3/bin/../lib/gcc/arm-none-eabi/4.9.3/../../../../arm-none-eabi/lib/armv7-m\libg_nano.a(lib_a-nano-msizer.o)
                0x0000635c                _malloc_usable_size_r
 .text          0x00006370        0x0 c:/program files (x86)/cypress/psoc creator/3.3/psoc creator/import/gnu/arm/4.9.3/bin/../lib/gcc/arm-none-eabi/4.9.3/../../../../arm-none-eabi/lib/armv7-m\libg_nano.a(lib_a-reent.o)
 .text.cleanup_glue
                0x00006370       0x1a c:/program files (x86)/cypress/psoc creator/3.3/psoc creator/import/gnu/arm/4.9.3/bin/../lib/gcc/arm-none-eabi/4.9.3/../../../../arm-none-eabi/lib/armv7-m\libg_nano.a(lib_a-reent.o)
                0x00006370                cleanup_glue
 *fill*         0x0000638a        0x2 
 .text._reclaim_reent
                0x0000638c       0xb4 c:/program files (x86)/cypress/psoc creator/3.3/psoc creator/import/gnu/arm/4.9.3/bin/../lib/gcc/arm-none-eabi/4.9.3/../../../../arm-none-eabi/lib/armv7-m\libg_nano.a(lib_a-reent.o)
                0x0000638c                _reclaim_reent
 .text          0x00006440        0x0 c:/program files (x86)/cypress/psoc creator/3.3/psoc creator/import/gnu/arm/4.9.3/bin/../lib/gcc/arm-none-eabi/4.9.3/armv7-m/crtend.o
 .text          0x00006440        0x0 c:/program files (x86)/cypress/psoc creator/3.3/psoc creator/import/gnu/arm/4.9.3/bin/../lib/gcc/arm-none-eabi/4.9.3/armv7-m/crtn.o
 *(.plt)
 *(.gnu.warning)
 *(.glue_7t)
 .glue_7t       0x00000000        0x0 linker stubs
 *(.glue_7)
 .glue_7        0x00000000        0x0 linker stubs
 *(.vfp11_veneer)
 .vfp11_veneer  0x00000000        0x0 linker stubs
 *(.bootloader)
 *(.ARM.extab* .gnu.linkonce.armextab.*)
 .ARM.extab     0x00006440        0x0 c:/program files (x86)/cypress/psoc creator/3.3/psoc creator/import/gnu/arm/4.9.3/bin/../lib/gcc/arm-none-eabi/4.9.3/../../../../arm-none-eabi/lib/armv7-m/crt0.o
 .ARM.extab     0x00006440        0x0 c:/program files (x86)/cypress/psoc creator/3.3/psoc creator/import/gnu/arm/4.9.3/bin/../lib/gcc/arm-none-eabi/4.9.3/armv7-m\libgcc.a(_divdi3.o)
 .ARM.extab     0x00006440        0x0 c:/program files (x86)/cypress/psoc creator/3.3/psoc creator/import/gnu/arm/4.9.3/bin/../lib/gcc/arm-none-eabi/4.9.3/armv7-m\libgcc.a(_udivdi3.o)
 *(.gcc_except_table)

.v4_bx          0x00006440        0x0
 .v4_bx         0x00000000        0x0 linker stubs

.iplt           0x00006440        0x0
 .iplt          0x00000000        0x0 c:/program files (x86)/cypress/psoc creator/3.3/psoc creator/import/gnu/arm/4.9.3/bin/../lib/gcc/arm-none-eabi/4.9.3/armv7-m/crtbegin.o

.eh_frame_hdr
 *(.eh_frame_hdr)

.eh_frame       0x00006440        0x4
 *(.eh_frame)
 .eh_frame      0x00006440        0x0 c:/program files (x86)/cypress/psoc creator/3.3/psoc creator/import/gnu/arm/4.9.3/bin/../lib/gcc/arm-none-eabi/4.9.3/armv7-m/crtbegin.o
 .eh_frame      0x00006440        0x4 c:/program files (x86)/cypress/psoc creator/3.3/psoc creator/import/gnu/arm/4.9.3/bin/../lib/gcc/arm-none-eabi/4.9.3/armv7-m/crtend.o
                0x00006444                PROVIDE (__exidx_start, .)

.ARM.exidx      0x00006444        0x8
 *(.ARM.exidx* .gnu.linkonce.armexidx.*)
 .ARM.exidx     0x00006444        0x8 c:/program files (x86)/cypress/psoc creator/3.3/psoc creator/import/gnu/arm/4.9.3/bin/../lib/gcc/arm-none-eabi/4.9.3/../../../../arm-none-eabi/lib/armv7-m/crt0.o
 .ARM.exidx     0x0000644c        0x0 c:/program files (x86)/cypress/psoc creator/3.3/psoc creator/import/gnu/arm/4.9.3/bin/../lib/gcc/arm-none-eabi/4.9.3/armv7-m\libgcc.a(_divdi3.o)
                                  0x8 (size before relaxing)
 .ARM.exidx     0x0000644c        0x0 c:/program files (x86)/cypress/psoc creator/3.3/psoc creator/import/gnu/arm/4.9.3/bin/../lib/gcc/arm-none-eabi/4.9.3/armv7-m\libgcc.a(_udivdi3.o)
                                  0x8 (size before relaxing)
                0x0000644c                __exidx_end = .

.rodata         0x0000644c      0x1f4
 *(.rodata .rodata.* .gnu.linkonce.r.*)
 .rodata.str1.4
                0x0000644c       0x24 .\ARM_GCC_493\Debug\main.o
 .rodata        0x00006470       0x50 .\ARM_GCC_493\Debug\C-CAN.a(cyfitter_cfg.o)
 .rodata        0x000064c0       0x10 .\ARM_GCC_493\Debug\C-CAN.a(cyPm.o)
 .rodata        0x000064d0      0x100 .\ARM_GCC_493\Debug\C-CAN.a(CAN_1.o)
 .rodata.str1.1
                0x000065d0        0x2 c:/program files (x86)/cypress/psoc creator/3.3/psoc creator/import/gnu/arm/4.9.3/bin/../lib/gcc/arm-none-eabi/4.9.3/../../../../arm-none-eabi/lib/armv7-m\libg_nano.a(lib_a-impure.o)
 *fill*         0x000065d2        0x2 
 .rodata._global_impure_ptr
                0x000065d4        0x4 c:/program files (x86)/cypress/psoc creator/3.3/psoc creator/import/gnu/arm/4.9.3/bin/../lib/gcc/arm-none-eabi/4.9.3/../../../../arm-none-eabi/lib/armv7-m\libg_nano.a(lib_a-impure.o)
                0x000065d4                _global_impure_ptr
 .rodata.str1.1
                0x000065d8       0x11 c:/program files (x86)/cypress/psoc creator/3.3/psoc creator/import/gnu/arm/4.9.3/bin/../lib/gcc/arm-none-eabi/4.9.3/../../../../arm-none-eabi/lib/armv7-m\libg_nano.a(lib_a-nano-svfprintf.o)
 .rodata.str1.1
                0x000065e9       0x22 c:/program files (x86)/cypress/psoc creator/3.3/psoc creator/import/gnu/arm/4.9.3/bin/../lib/gcc/arm-none-eabi/4.9.3/../../../../arm-none-eabi/lib/armv7-m\libg_nano.a(lib_a-nano-vfprintf_i.o)
                0x0000660c                . = ALIGN (0x4)
 *fill*         0x0000660b        0x1 
 *(.init)
 .init          0x0000660c        0x4 c:/program files (x86)/cypress/psoc creator/3.3/psoc creator/import/gnu/arm/4.9.3/bin/../lib/gcc/arm-none-eabi/4.9.3/armv7-m/crti.o
                0x0000660c                _init
 .init          0x00006610        0x8 c:/program files (x86)/cypress/psoc creator/3.3/psoc creator/import/gnu/arm/4.9.3/bin/../lib/gcc/arm-none-eabi/4.9.3/armv7-m/crtn.o
                0x00006618                . = ALIGN (0x4)
                0x00006618                __preinit_array_start = .
 *(.preinit_array)
                0x00006618                __preinit_array_end = .
                0x00006618                . = ALIGN (0x4)
                0x00006618                __init_array_start = .
 *(SORT(.init_array.*))
 *(.init_array)
 .init_array    0x00006618        0x4 c:/program files (x86)/cypress/psoc creator/3.3/psoc creator/import/gnu/arm/4.9.3/bin/../lib/gcc/arm-none-eabi/4.9.3/armv7-m/crtbegin.o
 .init_array    0x0000661c        0x4 .\ARM_GCC_493\Debug\Cm3Start.o
                0x00006620                __init_array_end = .
                0x00006620                . = ALIGN (0x4)
 *(.fini)
 .fini          0x00006620        0x4 c:/program files (x86)/cypress/psoc creator/3.3/psoc creator/import/gnu/arm/4.9.3/bin/../lib/gcc/arm-none-eabi/4.9.3/armv7-m/crti.o
                0x00006620                _fini
 .fini          0x00006624        0x8 c:/program files (x86)/cypress/psoc creator/3.3/psoc creator/import/gnu/arm/4.9.3/bin/../lib/gcc/arm-none-eabi/4.9.3/armv7-m/crtn.o
                0x0000662c                . = ALIGN (0x4)
                0x0000662c                __fini_array_start = .
 *(.fini_array)
 .fini_array    0x0000662c        0x4 c:/program files (x86)/cypress/psoc creator/3.3/psoc creator/import/gnu/arm/4.9.3/bin/../lib/gcc/arm-none-eabi/4.9.3/armv7-m/crtbegin.o
 *(SORT(.fini_array.*))
                0x00006630                __fini_array_end = .
                0x00006630                . = ALIGN (0x4)
 *crtbegin.o(.ctors)
 *(EXCLUDE_FILE(*crtend.o) .ctors)
 *(SORT(.ctors.*))
 *crtend.o(.ctors)
                0x00006630                . = ALIGN (0x4)
 *crtbegin.o(.dtors)
 *(EXCLUDE_FILE(*crtend.o) .dtors)
 *(SORT(.dtors.*))
 *crtend.o(.dtors)
                0x00006630                . = ALIGN (0x4)
                0x00006630                __cy_regions = .
                0x00006630        0x4 LONG 0x6640 __cy_region_init_ram
                0x00006634        0x4 LONG 0x1fff8108 __cy_region_start_data
                0x00006638        0x4 LONG 0x88 __cy_region_init_size_ram
                0x0000663c        0x4 LONG 0xd8 __cy_region_zero_size_ram
                0x00006640                __cy_regions_end = .
                0x00006640                . = ALIGN (0x8)
                0x00006640                _etext = .

.cy_checksum_exclude
                0x00006640        0x0
 *(.cy_checksum_exclude)

.ramvectors     0x1fff8000      0x100
                0x1fff8000                __cy_region_start_ram = .
 *(.ramvectors)
 .ramvectors    0x1fff8000      0x100 .\ARM_GCC_493\Debug\Cm3Start.o
                0x1fff8000                CyRamVectors

.noinit         0x1fff8100        0x5
 *(.noinit)
 .noinit        0x1fff8100        0x4 .\ARM_GCC_493\Debug\Cm3Start.o
 .noinit        0x1fff8104        0x1 .\ARM_GCC_493\Debug\C-CAN.a(CyLib.o)
                0x1fff8104                CyResetStatus

.data           0x1fff8108       0x88 load address 0x00006640
                0x1fff8108                __cy_region_start_data = .
 *(.jcr)
 .jcr           0x1fff8108        0x0 c:/program files (x86)/cypress/psoc creator/3.3/psoc creator/import/gnu/arm/4.9.3/bin/../lib/gcc/arm-none-eabi/4.9.3/armv7-m/crtbegin.o
 .jcr           0x1fff8108        0x4 c:/program files (x86)/cypress/psoc creator/3.3/psoc creator/import/gnu/arm/4.9.3/bin/../lib/gcc/arm-none-eabi/4.9.3/armv7-m/crtend.o
 *(.got.plt)
 *(.got)
 *(.shdata)
 *(.data .data.* .gnu.linkonce.d.*)
 .data          0x1fff810c        0x0 c:/program files (x86)/cypress/psoc creator/3.3/psoc creator/import/gnu/arm/4.9.3/bin/../lib/gcc/arm-none-eabi/4.9.3/armv7-m/crti.o
 .data          0x1fff810c        0x4 c:/program files (x86)/cypress/psoc creator/3.3/psoc creator/import/gnu/arm/4.9.3/bin/../lib/gcc/arm-none-eabi/4.9.3/armv7-m/crtbegin.o
                0x1fff810c                __dso_handle
 .data          0x1fff8110        0x0 c:/program files (x86)/cypress/psoc creator/3.3/psoc creator/import/gnu/arm/4.9.3/bin/../lib/gcc/arm-none-eabi/4.9.3/../../../../arm-none-eabi/lib/armv7-m/crt0.o
 .data          0x1fff8110        0x0 .\ARM_GCC_493\Debug\main.o
 .data          0x1fff8110        0x0 .\ARM_GCC_493\Debug\cymetadata.o
 .data          0x1fff8110        0x4 .\ARM_GCC_493\Debug\Cm3Start.o
 .data          0x1fff8114        0x0 .\ARM_GCC_493\Debug\C-CAN.a(cyfitter_cfg.o)
 .data          0x1fff8114        0x0 .\ARM_GCC_493\Debug\C-CAN.a(UART_1.o)
 .data          0x1fff8114        0x0 .\ARM_GCC_493\Debug\C-CAN.a(UART_1_IntClock.o)
 .data          0x1fff8114        0x0 .\ARM_GCC_493\Debug\C-CAN.a(CyBootAsmGnu.o)
 .data          0x1fff8114       0x10 .\ARM_GCC_493\Debug\C-CAN.a(CyLib.o)
                0x1fff8114                cydelay_freq_mhz
                0x1fff8118                cydelay_32k_ms
                0x1fff811c                cydelay_freq_khz
                0x1fff8120                cydelay_freq_hz
 .data          0x1fff8124        0x0 .\ARM_GCC_493\Debug\C-CAN.a(cyPm.o)
 .data          0x1fff8124        0x0 .\ARM_GCC_493\Debug\C-CAN.a(ADC_SAR_1.o)
 .data          0x1fff8124        0x0 .\ARM_GCC_493\Debug\C-CAN.a(ADC_SAR_1_INT.o)
 .data          0x1fff8124        0x0 .\ARM_GCC_493\Debug\C-CAN.a(ADC_SAR_1_theACLK.o)
 .data          0x1fff8124        0x1 .\ARM_GCC_493\Debug\C-CAN.a(AMux_1.o)
 .data          0x1fff8125        0x0 .\ARM_GCC_493\Debug\C-CAN.a(CAN_1.o)
 .data          0x1fff8125        0x0 .\ARM_GCC_493\Debug\C-CAN.a(CAN_1_INT.o)
 .data          0x1fff8125        0x0 .\ARM_GCC_493\Debug\C-CAN.a(CAN_TIMER.o)
 .data          0x1fff8125        0x0 .\ARM_GCC_493\Debug\C-CAN.a(CAN_ISR.o)
 .data          0x1fff8125        0x0 .\ARM_GCC_493\Debug\C-CAN.a(Encoder_Left.o)
 .data          0x1fff8125        0x0 .\ARM_GCC_493\Debug\C-CAN.a(Encoder_Right.o)
 .data          0x1fff8125        0x0 .\ARM_GCC_493\Debug\C-CAN.a(leftEncTimer.o)
 .data          0x1fff8125        0x0 .\ARM_GCC_493\Debug\C-CAN.a(rightEncTimer.o)
 .data          0x1fff8125        0x0 .\ARM_GCC_493\Debug\C-CAN.a(CyFlash.o)
 .data          0x1fff8125        0x0 .\ARM_GCC_493\Debug\C-CAN.a(CySpc.o)
 .data          0x1fff8125        0x0 c:/program files (x86)/cypress/psoc creator/3.3/psoc creator/import/gnu/arm/4.9.3/bin/../lib/gcc/arm-none-eabi/4.9.3/armv7-m\libgcc.a(_arm_addsubsf3.o)
 .data          0x1fff8125        0x0 c:/program files (x86)/cypress/psoc creator/3.3/psoc creator/import/gnu/arm/4.9.3/bin/../lib/gcc/arm-none-eabi/4.9.3/armv7-m\libgcc.a(_arm_muldivsf3.o)
 .data          0x1fff8125        0x0 c:/program files (x86)/cypress/psoc creator/3.3/psoc creator/import/gnu/arm/4.9.3/bin/../lib/gcc/arm-none-eabi/4.9.3/armv7-m\libgcc.a(_arm_fixsfsi.o)
 .data          0x1fff8125        0x0 c:/program files (x86)/cypress/psoc creator/3.3/psoc creator/import/gnu/arm/4.9.3/bin/../lib/gcc/arm-none-eabi/4.9.3/armv7-m\libgcc.a(_aeabi_ldivmod.o)
 .data          0x1fff8125        0x0 c:/program files (x86)/cypress/psoc creator/3.3/psoc creator/import/gnu/arm/4.9.3/bin/../lib/gcc/arm-none-eabi/4.9.3/armv7-m\libgcc.a(bpabi.o)
 .data          0x1fff8125        0x0 c:/program files (x86)/cypress/psoc creator/3.3/psoc creator/import/gnu/arm/4.9.3/bin/../lib/gcc/arm-none-eabi/4.9.3/armv7-m\libgcc.a(_dvmd_tls.o)
 .data          0x1fff8125        0x0 c:/program files (x86)/cypress/psoc creator/3.3/psoc creator/import/gnu/arm/4.9.3/bin/../lib/gcc/arm-none-eabi/4.9.3/armv7-m\libgcc.a(_divdi3.o)
 .data          0x1fff8125        0x0 c:/program files (x86)/cypress/psoc creator/3.3/psoc creator/import/gnu/arm/4.9.3/bin/../lib/gcc/arm-none-eabi/4.9.3/armv7-m\libgcc.a(_udivdi3.o)
 .data          0x1fff8125        0x0 c:/program files (x86)/cypress/psoc creator/3.3/psoc creator/import/gnu/arm/4.9.3/bin/../lib/gcc/arm-none-eabi/4.9.3/../../../../arm-none-eabi/lib/armv7-m\libg_nano.a(lib_a-errno.o)
 .data          0x1fff8125        0x0 c:/program files (x86)/cypress/psoc creator/3.3/psoc creator/import/gnu/arm/4.9.3/bin/../lib/gcc/arm-none-eabi/4.9.3/../../../../arm-none-eabi/lib/armv7-m\libg_nano.a(lib_a-exit.o)
 .data          0x1fff8125        0x0 c:/program files (x86)/cypress/psoc creator/3.3/psoc creator/import/gnu/arm/4.9.3/bin/../lib/gcc/arm-none-eabi/4.9.3/../../../../arm-none-eabi/lib/armv7-m\libg_nano.a(lib_a-impure.o)
 *fill*         0x1fff8125        0x3 
 .data.impure_data
                0x1fff8128       0x60 c:/program files (x86)/cypress/psoc creator/3.3/psoc creator/import/gnu/arm/4.9.3/bin/../lib/gcc/arm-none-eabi/4.9.3/../../../../arm-none-eabi/lib/armv7-m\libg_nano.a(lib_a-impure.o)
 .data._impure_ptr
                0x1fff8188        0x4 c:/program files (x86)/cypress/psoc creator/3.3/psoc creator/import/gnu/arm/4.9.3/bin/../lib/gcc/arm-none-eabi/4.9.3/../../../../arm-none-eabi/lib/armv7-m\libg_nano.a(lib_a-impure.o)
                0x1fff8188                _impure_ptr
 .data          0x1fff818c        0x0 c:/program files (x86)/cypress/psoc creator/3.3/psoc creator/import/gnu/arm/4.9.3/bin/../lib/gcc/arm-none-eabi/4.9.3/../../../../arm-none-eabi/lib/armv7-m\libg_nano.a(lib_a-init.o)
 .data          0x1fff818c        0x0 c:/program files (x86)/cypress/psoc creator/3.3/psoc creator/import/gnu/arm/4.9.3/bin/../lib/gcc/arm-none-eabi/4.9.3/../../../../arm-none-eabi/lib/armv7-m\libg_nano.a(lib_a-memcpy.o)
 .data          0x1fff818c        0x0 c:/program files (x86)/cypress/psoc creator/3.3/psoc creator/import/gnu/arm/4.9.3/bin/../lib/gcc/arm-none-eabi/4.9.3/../../../../arm-none-eabi/lib/armv7-m\libg_nano.a(lib_a-memset.o)
 .data          0x1fff818c        0x0 c:/program files (x86)/cypress/psoc creator/3.3/psoc creator/import/gnu/arm/4.9.3/bin/../lib/gcc/arm-none-eabi/4.9.3/../../../../arm-none-eabi/lib/armv7-m\libg_nano.a(lib_a-sprintf.o)
 .data          0x1fff818c        0x0 c:/program files (x86)/cypress/psoc creator/3.3/psoc creator/import/gnu/arm/4.9.3/bin/../lib/gcc/arm-none-eabi/4.9.3/../../../../arm-none-eabi/lib/armv7-m\libg_nano.a(lib_a-nano-svfprintf.o)
 .data          0x1fff818c        0x0 c:/program files (x86)/cypress/psoc creator/3.3/psoc creator/import/gnu/arm/4.9.3/bin/../lib/gcc/arm-none-eabi/4.9.3/../../../../arm-none-eabi/lib/armv7-m\libg_nano.a(lib_a-nano-vfprintf_i.o)
 .data          0x1fff818c        0x0 c:/program files (x86)/cypress/psoc creator/3.3/psoc creator/import/gnu/arm/4.9.3/bin/../lib/gcc/arm-none-eabi/4.9.3/../../../../arm-none-eabi/lib/armv7-m\libg_nano.a(lib_a-memchr.o)
 .data          0x1fff818c        0x0 c:/program files (x86)/cypress/psoc creator/3.3/psoc creator/import/gnu/arm/4.9.3/bin/../lib/gcc/arm-none-eabi/4.9.3/../../../../arm-none-eabi/lib/armv7-m\libg_nano.a(lib_a-memmove.o)
 .data          0x1fff818c        0x0 c:/program files (x86)/cypress/psoc creator/3.3/psoc creator/import/gnu/arm/4.9.3/bin/../lib/gcc/arm-none-eabi/4.9.3/../../../../arm-none-eabi/lib/armv7-m\libg_nano.a(lib_a-nano-freer.o)
 .data          0x1fff818c        0x0 c:/program files (x86)/cypress/psoc creator/3.3/psoc creator/import/gnu/arm/4.9.3/bin/../lib/gcc/arm-none-eabi/4.9.3/../../../../arm-none-eabi/lib/armv7-m\libg_nano.a(lib_a-nano-mallocr.o)
 .data          0x1fff818c        0x0 c:/program files (x86)/cypress/psoc creator/3.3/psoc creator/import/gnu/arm/4.9.3/bin/../lib/gcc/arm-none-eabi/4.9.3/../../../../arm-none-eabi/lib/armv7-m\libg_nano.a(lib_a-nano-reallocr.o)
 .data          0x1fff818c        0x0 c:/program files (x86)/cypress/psoc creator/3.3/psoc creator/import/gnu/arm/4.9.3/bin/../lib/gcc/arm-none-eabi/4.9.3/../../../../arm-none-eabi/lib/armv7-m\libg_nano.a(lib_a-sbrkr.o)
 .data          0x1fff818c        0x0 c:/program files (x86)/cypress/psoc creator/3.3/psoc creator/import/gnu/arm/4.9.3/bin/../lib/gcc/arm-none-eabi/4.9.3/../../../../arm-none-eabi/lib/armv7-m\libg_nano.a(lib_a-nano-msizer.o)
 .data          0x1fff818c        0x0 c:/program files (x86)/cypress/psoc creator/3.3/psoc creator/import/gnu/arm/4.9.3/bin/../lib/gcc/arm-none-eabi/4.9.3/../../../../arm-none-eabi/lib/armv7-m\libg_nano.a(lib_a-reent.o)
 .data          0x1fff818c        0x0 c:/program files (x86)/cypress/psoc creator/3.3/psoc creator/import/gnu/arm/4.9.3/bin/../lib/gcc/arm-none-eabi/4.9.3/armv7-m/crtend.o
 .data          0x1fff818c        0x0 c:/program files (x86)/cypress/psoc creator/3.3/psoc creator/import/gnu/arm/4.9.3/bin/../lib/gcc/arm-none-eabi/4.9.3/armv7-m/crtn.o
                0x1fff8190                . = ALIGN (0x8)
 *fill*         0x1fff818c        0x4 
 *(.ram)
                0x1fff8190                _edata = .

.igot.plt       0x1fff8190        0x0 load address 0x000066c8
 .igot.plt      0x00000000        0x0 c:/program files (x86)/cypress/psoc creator/3.3/psoc creator/import/gnu/arm/4.9.3/bin/../lib/gcc/arm-none-eabi/4.9.3/armv7-m/crtbegin.o

.bss            0x1fff8190       0xd8 load address 0x000066c8
                0x1fff8190                PROVIDE (__bss_start__, .)
 *(.shbss)
 *(.bss .bss.* .gnu.linkonce.b.*)
 .bss           0x1fff8190        0x0 c:/program files (x86)/cypress/psoc creator/3.3/psoc creator/import/gnu/arm/4.9.3/bin/../lib/gcc/arm-none-eabi/4.9.3/armv7-m/crti.o
 .bss           0x1fff8190       0x1c c:/program files (x86)/cypress/psoc creator/3.3/psoc creator/import/gnu/arm/4.9.3/bin/../lib/gcc/arm-none-eabi/4.9.3/armv7-m/crtbegin.o
 .bss           0x1fff81ac        0x0 c:/program files (x86)/cypress/psoc creator/3.3/psoc creator/import/gnu/arm/4.9.3/bin/../lib/gcc/arm-none-eabi/4.9.3/../../../../arm-none-eabi/lib/armv7-m/crt0.o
 .bss           0x1fff81ac        0x4 .\ARM_GCC_493\Debug\main.o
                0x1fff81ac                time
 .bss           0x1fff81b0        0x0 .\ARM_GCC_493\Debug\cymetadata.o
 .bss           0x1fff81b0        0x0 .\ARM_GCC_493\Debug\Cm3Start.o
 .bss           0x1fff81b0        0x8 .\ARM_GCC_493\Debug\C-CAN.a(cyfitter_cfg.o)
 .bss           0x1fff81b8        0x2 .\ARM_GCC_493\Debug\C-CAN.a(UART_1.o)
                0x1fff81b8                UART_1_initVar
 .bss           0x1fff81ba        0x0 .\ARM_GCC_493\Debug\C-CAN.a(UART_1_IntClock.o)
 .bss           0x1fff81ba        0x0 .\ARM_GCC_493\Debug\C-CAN.a(CyBootAsmGnu.o)
 *fill*         0x1fff81ba        0x2 
 .bss           0x1fff81bc       0x1c .\ARM_GCC_493\Debug\C-CAN.a(CyLib.o)
                0x1fff81d4                CySysTickInitVar
 .bss           0x1fff81d8       0x44 .\ARM_GCC_493\Debug\C-CAN.a(cyPm.o)
 .bss           0x1fff821c        0x1 .\ARM_GCC_493\Debug\C-CAN.a(ADC_SAR_1.o)
                0x1fff821c                ADC_SAR_1_initVar
 .bss           0x1fff821d        0x0 .\ARM_GCC_493\Debug\C-CAN.a(ADC_SAR_1_INT.o)
 .bss           0x1fff821d        0x0 .\ARM_GCC_493\Debug\C-CAN.a(ADC_SAR_1_theACLK.o)
 .bss           0x1fff821d        0x0 .\ARM_GCC_493\Debug\C-CAN.a(AMux_1.o)
 .bss           0x1fff821d        0x1 .\ARM_GCC_493\Debug\C-CAN.a(CAN_1.o)
                0x1fff821d                CAN_1_initVar
 .bss           0x1fff821e        0x0 .\ARM_GCC_493\Debug\C-CAN.a(CAN_1_INT.o)
 .bss           0x1fff821e        0x1 .\ARM_GCC_493\Debug\C-CAN.a(CAN_TIMER.o)
                0x1fff821e                CAN_TIMER_initVar
 .bss           0x1fff821f        0x0 .\ARM_GCC_493\Debug\C-CAN.a(CAN_ISR.o)
 .bss           0x1fff821f        0x1 .\ARM_GCC_493\Debug\C-CAN.a(Encoder_Left.o)
                0x1fff821f                Encoder_Left_initVar
 .bss           0x1fff8220        0x1 .\ARM_GCC_493\Debug\C-CAN.a(Encoder_Right.o)
                0x1fff8220                Encoder_Right_initVar
 .bss           0x1fff8221        0x1 .\ARM_GCC_493\Debug\C-CAN.a(leftEncTimer.o)
                0x1fff8221                leftEncTimer_initVar
 .bss           0x1fff8222        0x1 .\ARM_GCC_493\Debug\C-CAN.a(rightEncTimer.o)
                0x1fff8222                rightEncTimer_initVar
 *fill*         0x1fff8223        0x1 
 .bss           0x1fff8224        0x4 .\ARM_GCC_493\Debug\C-CAN.a(CyFlash.o)
 .bss           0x1fff8228        0x8 .\ARM_GCC_493\Debug\C-CAN.a(CySpc.o)
                0x1fff8228                SpcLockState
 .bss           0x1fff8230        0x0 c:/program files (x86)/cypress/psoc creator/3.3/psoc creator/import/gnu/arm/4.9.3/bin/../lib/gcc/arm-none-eabi/4.9.3/armv7-m\libgcc.a(_arm_addsubsf3.o)