Archive member included because of file (symbol)

.\ARM_GCC_493\Debug\C-CAN.a(cyfitter_cfg.o)
                              .\ARM_GCC_493\Debug\Cm3Start.o (cyfitter_cfg)
.\ARM_GCC_493\Debug\C-CAN.a(UART_1.o)
                              .\ARM_GCC_493\Debug\main.o (UART_1_Start)
.\ARM_GCC_493\Debug\C-CAN.a(UART_1_INT.o)
                              .\ARM_GCC_493\Debug\C-CAN.a(UART_1.o) (UART_1_RXISR)
.\ARM_GCC_493\Debug\C-CAN.a(UART_1_IntClock.o)
                              .\ARM_GCC_493\Debug\C-CAN.a(UART_1.o) (UART_1_IntClock_Start)
.\ARM_GCC_493\Debug\C-CAN.a(CyBootAsmGnu.o)
                              .\ARM_GCC_493\Debug\C-CAN.a(cyfitter_cfg.o) (CyDelayCycles)
.\ARM_GCC_493\Debug\C-CAN.a(CyLib.o)
                              .\ARM_GCC_493\Debug\Cm3Start.o (CyResetStatus)
.\ARM_GCC_493\Debug\C-CAN.a(cyPm.o)
                              .\ARM_GCC_493\Debug\C-CAN.a(CyLib.o) (CyPmReadStatus)
.\ARM_GCC_493\Debug\C-CAN.a(ADC_SAR_1.o)
                              .\ARM_GCC_493\Debug\main.o (ADC_SAR_1_Start)
.\ARM_GCC_493\Debug\C-CAN.a(ADC_SAR_1_INT.o)
                              .\ARM_GCC_493\Debug\C-CAN.a(ADC_SAR_1.o) (ADC_SAR_1_ISR)
.\ARM_GCC_493\Debug\C-CAN.a(ADC_SAR_1_theACLK.o)
                              .\ARM_GCC_493\Debug\C-CAN.a(ADC_SAR_1.o) (ADC_SAR_1_theACLK_SetModeRegister)
.\ARM_GCC_493\Debug\C-CAN.a(AMux_1.o)
                              .\ARM_GCC_493\Debug\main.o (AMux_1_Start)
.\ARM_GCC_493\Debug\C-CAN.a(CAN_1.o)
                              .\ARM_GCC_493\Debug\main.o (CAN_1_Start)
.\ARM_GCC_493\Debug\C-CAN.a(CAN_1_INT.o)
                              .\ARM_GCC_493\Debug\C-CAN.a(CAN_1.o) (CAN_1_ISR)
.\ARM_GCC_493\Debug\C-CAN.a(Encoder_Left.o)
                              .\ARM_GCC_493\Debug\C-CAN.o (Encoder_Left_WriteCounter)
.\ARM_GCC_493\Debug\C-CAN.a(Encoder_Right.o)
                              .\ARM_GCC_493\Debug\C-CAN.o (Encoder_Right_WriteCounter)
.\ARM_GCC_493\Debug\C-CAN.a(leftEncTimer.o)
                              .\ARM_GCC_493\Debug\C-CAN.o (leftEncTimer_WriteCounter)
.\ARM_GCC_493\Debug\C-CAN.a(rightEncTimer.o)
                              .\ARM_GCC_493\Debug\C-CAN.o (rightEncTimer_WriteCounter)
.\ARM_GCC_493\Debug\C-CAN.a(CyFlash.o)
                              .\ARM_GCC_493\Debug\C-CAN.a(cyPm.o) (CyFlash_SetWaitCycles)
.\ARM_GCC_493\Debug\C-CAN.a(CySpc.o)
                              .\ARM_GCC_493\Debug\C-CAN.a(CyFlash.o) (CySpcStart)
c:/program files (x86)/cypress/psoc creator/3.3/psoc creator/import/gnu/arm/4.9.3/bin/../lib/gcc/arm-none-eabi/4.9.3/armv7-m\libgcc.a(_arm_addsubsf3.o)
                              .\ARM_GCC_493\Debug\C-CAN.o (__aeabi_fadd)
c:/program files (x86)/cypress/psoc creator/3.3/psoc creator/import/gnu/arm/4.9.3/bin/../lib/gcc/arm-none-eabi/4.9.3/armv7-m\libgcc.a(_arm_muldivsf3.o)
                              .\ARM_GCC_493\Debug\C-CAN.o (__aeabi_fmul)
c:/program files (x86)/cypress/psoc creator/3.3/psoc creator/import/gnu/arm/4.9.3/bin/../lib/gcc/arm-none-eabi/4.9.3/armv7-m\libgcc.a(_aeabi_ldivmod.o)
                              .\ARM_GCC_493\Debug\C-CAN.a(ADC_SAR_1.o) (__aeabi_ldivmod)
c:/program files (x86)/cypress/psoc creator/3.3/psoc creator/import/gnu/arm/4.9.3/bin/../lib/gcc/arm-none-eabi/4.9.3/armv7-m\libgcc.a(bpabi.o)
                              c:/program files (x86)/cypress/psoc creator/3.3/psoc creator/import/gnu/arm/4.9.3/bin/../lib/gcc/arm-none-eabi/4.9.3/armv7-m\libgcc.a(_aeabi_ldivmod.o) (__gnu_ldivmod_helper)
c:/program files (x86)/cypress/psoc creator/3.3/psoc creator/import/gnu/arm/4.9.3/bin/../lib/gcc/arm-none-eabi/4.9.3/armv7-m\libgcc.a(_dvmd_tls.o)
                              c:/program files (x86)/cypress/psoc creator/3.3/psoc creator/import/gnu/arm/4.9.3/bin/../lib/gcc/arm-none-eabi/4.9.3/armv7-m\libgcc.a(_aeabi_ldivmod.o) (__aeabi_ldiv0)
c:/program files (x86)/cypress/psoc creator/3.3/psoc creator/import/gnu/arm/4.9.3/bin/../lib/gcc/arm-none-eabi/4.9.3/armv7-m\libgcc.a(_divdi3.o)
                              c:/program files (x86)/cypress/psoc creator/3.3/psoc creator/import/gnu/arm/4.9.3/bin/../lib/gcc/arm-none-eabi/4.9.3/armv7-m\libgcc.a(bpabi.o) (__divdi3)
c:/program files (x86)/cypress/psoc creator/3.3/psoc creator/import/gnu/arm/4.9.3/bin/../lib/gcc/arm-none-eabi/4.9.3/armv7-m\libgcc.a(_udivdi3.o)
                              c:/program files (x86)/cypress/psoc creator/3.3/psoc creator/import/gnu/arm/4.9.3/bin/../lib/gcc/arm-none-eabi/4.9.3/armv7-m\libgcc.a(bpabi.o) (__udivdi3)
c:/program files (x86)/cypress/psoc creator/3.3/psoc creator/import/gnu/arm/4.9.3/bin/../lib/gcc/arm-none-eabi/4.9.3/../../../../arm-none-eabi/lib/armv7-m\libg_nano.a(lib_a-errno.o)
                              .\ARM_GCC_493\Debug\Cm3Start.o (__errno)
c:/program files (x86)/cypress/psoc creator/3.3/psoc creator/import/gnu/arm/4.9.3/bin/../lib/gcc/arm-none-eabi/4.9.3/../../../../arm-none-eabi/lib/armv7-m\libg_nano.a(lib_a-exit.o)
[...]
Memory Configuration

Name             Origin             Length             Attributes
rom              0x00000000         0x00040000         xr
ram              0x1fff8000         0x00010000         xrw
*default*        0x00000000         0xffffffff

Linker script and memory map

LOAD c:/program files (x86)/cypress/psoc creator/3.3/psoc creator/import/gnu/arm/4.9.3/bin/../lib/gcc/arm-none-eabi/4.9.3/armv7-m/crti.o
LOAD c:/program files (x86)/cypress/psoc creator/3.3/psoc creator/import/gnu/arm/4.9.3/bin/../lib/gcc/arm-none-eabi/4.9.3/armv7-m/crtbegin.o
LOAD c:/program files (x86)/cypress/psoc creator/3.3/psoc creator/import/gnu/arm/4.9.3/bin/../lib/gcc/arm-none-eabi/4.9.3/../../../../arm-none-eabi/lib/armv7-m/crt0.o
START GROUP
LOAD .\ARM_GCC_493\Debug\main.o
LOAD .\ARM_GCC_493\Debug\C-CAN.o
LOAD .\ARM_GCC_493\Debug\cymetadata.o
LOAD .\ARM_GCC_493\Debug\Cm3Start.o
LOAD .\ARM_GCC_493\Debug\cybootloader.o
LOAD .\ARM_GCC_493\Debug\C-CAN.a
LOAD C:\Program Files (x86)\Cypress\PSoC Creator\3.3\PSoC Creator\psoc\content\cycomponentlibrary\CyComponentLibrary.cylib\CortexM3\ARM_GCC_493\Debug\CyComponentLibrary.a
END GROUP
START GROUP
LOAD c:/program files (x86)/cypress/psoc creator/3.3/psoc creator/import/gnu/arm/4.9.3/bin/../lib/gcc/arm-none-eabi/4.9.3/armv7-m\libgcc.a
LOAD c:/program files (x86)/cypress/psoc creator/3.3/psoc creator/import/gnu/arm/4.9.3/bin/../lib/gcc/arm-none-eabi/4.9.3/../../../../arm-none-eabi/lib/armv7-m\libg_nano.a
LOAD c:/program files (x86)/cypress/psoc creator/3.3/psoc creator/import/gnu/arm/4.9.3/bin/../lib/gcc/arm-none-eabi/4.9.3/../../../../arm-none-eabi/lib/armv7-m\libc_nano.a
END GROUP
START GROUP
LOAD c:/program files (x86)/cypress/psoc creator/3.3/psoc creator/import/gnu/arm/4.9.3/bin/../lib/gcc/arm-none-eabi/4.9.3/armv7-m\libgcc.a
LOAD c:/program files (x86)/cypress/psoc creator/3.3/psoc creator/import/gnu/arm/4.9.3/bin/../lib/gcc/arm-none-eabi/4.9.3/../../../../arm-none-eabi/lib/armv7-m\libc_nano.a
END GROUP
LOAD c:/program files (x86)/cypress/psoc creator/3.3/psoc creator/import/gnu/arm/4.9.3/bin/../lib/gcc/arm-none-eabi/4.9.3/armv7-m/crtend.o
LOAD c:/program files (x86)/cypress/psoc creator/3.3/psoc creator/import/gnu/arm/4.9.3/bin/../lib/gcc/arm-none-eabi/4.9.3/armv7-m/crtn.o
START GROUP
LOAD c:/program files (x86)/cypress/psoc creator/3.3/psoc creator/import/gnu/arm/4.9.3/bin/../lib/gcc/arm-none-eabi/4.9.3/armv7-m\libgcc.a
LOAD c:/program files (x86)/cypress/psoc creator/3.3/psoc creator/import/gnu/arm/4.9.3/bin/../lib/gcc/arm-none-eabi/4.9.3/../../../../arm-none-eabi/lib/armv7-m\libc.a
LOAD c:/program files (x86)/cypress/psoc creator/3.3/psoc creator/import/gnu/arm/4.9.3/bin/../lib/gcc/arm-none-eabi/4.9.3/../../../../arm-none-eabi/lib/armv7-m\libnosys.a
END GROUP
                0x00000000                CY_APPL_ORIGIN = 0x0
                0x00000100                CY_FLASH_ROW_SIZE = 0x100
                0x00000020                CY_ECC_ROW_SIZE = 0x20
                0x00000000                CY_EE_IN_BTLDR = 0x0
                0x00000001                CY_APPL_LOADABLE = 0x1
                0x00000800                CY_EE_SIZE = 0x800
                0x00000001                CY_APPL_NUM = 0x1
                0x00000001                CY_APPL_MAX = 0x1
                0x00000040                CY_METADATA_SIZE = 0x40
                0x00000001                CY_APPL_LOADABLE = 0x1
                0x00000000                CY_CHECKSUM_EXCLUDE_SIZE = ALIGN (0x0, CY_FLASH_ROW_SIZE)
                0x1fff8840                PROVIDE (__cy_heap_start, _end)
                0x00000001                PROVIDE (__cy_region_num, ((__cy_regions_end - __cy_regions) / 0x10))
                0x20008000                PROVIDE (__cy_stack, (ORIGIN (ram) + 0x10000))
                0x20007800                PROVIDE (__cy_heap_end, (__cy_stack - 0x800))

.cybootloader   0x00000000     0x2c00
 *(.cybootloader)
 .cybootloader  0x00000000     0x2c00 .\ARM_GCC_493\Debug\cybootloader.o
                0x00000000                cy_bootloader
                0x00002c00                appl1_start = CY_APPL_ORIGIN?CY_APPL_ORIGIN:ALIGN (CY_FLASH_ROW_SIZE)
                0x00021500                appl2_start = (appl1_start + ALIGN ((((0x40000 - appl1_start) - (0x2 * CY_FLASH_ROW_SIZE)) / 0x2), CY_FLASH_ROW_SIZE))
                0x00002c00                appl_start = (CY_APPL_NUM == 0x1)?appl1_start:appl2_start
                0x00000580                ecc_offset = ((appl_start / CY_FLASH_ROW_SIZE) * CY_ECC_ROW_SIZE)
                0x00000000                ee_offset = (CY_APPL_LOADABLE && ! (CY_EE_IN_BTLDR))?((CY_EE_SIZE / CY_APPL_MAX) * (CY_APPL_NUM - 0x1)):0x0
                0x00000800                ee_size = (CY_APPL_LOADABLE && ! (CY_EE_IN_BTLDR))?(CY_EE_SIZE / CY_APPL_MAX):CY_EE_SIZE
                0x00000580                PROVIDE (CY_ECC_OFFSET, ecc_offset)

.text           0x00002c00     0x7fca
 CREATE_OBJECT_SYMBOLS
                0x00002c00                PROVIDE (__cy_interrupt_vector, RomVectors)
 *(.romvectors)
 .romvectors    0x00002c00       0x10 .\ARM_GCC_493\Debug\Cm3Start.o
                0x00002c00                RomVectors
                0x00000001                ASSERT ((. != __cy_interrupt_vector), No interrupt vector)
                0x00000001                ASSERT (CY_APPL_ORIGIN?(SIZEOF (.cybootloader) <= CY_APPL_ORIGIN):0x1, Wrong image location)
                0x00002c10                PROVIDE (__cy_reset, Reset)
 *(.text.Reset)
 .text.Reset    0x00002c10        0x8 .\ARM_GCC_493\Debug\Cm3Start.o
                0x00002c10                Reset
                0x00000001                ASSERT ((. != __cy_reset), No reset code)
 *(.dma_init)
                0x00000001                ASSERT ((((appl_start + .) <= 0x10000) || 0x1), DMA Init must be within the first 64k of flash)
 *(.text .text.* .gnu.linkonce.t.*)
 .text          0x00002c18        0x0 c:/program files (x86)/cypress/psoc creator/3.3/psoc creator/import/gnu/arm/4.9.3/bin/../lib/gcc/arm-none-eabi/4.9.3/armv7-m/crti.o
 .text          0x00002c18       0x5c c:/program files (x86)/cypress/psoc creator/3.3/psoc creator/import/gnu/arm/4.9.3/bin/../lib/gcc/arm-none-eabi/4.9.3/armv7-m/crtbegin.o
 .text          0x00002c74       0x74 c:/program files (x86)/cypress/psoc creator/3.3/psoc creator/import/gnu/arm/4.9.3/bin/../lib/gcc/arm-none-eabi/4.9.3/../../../../arm-none-eabi/lib/armv7-m/crt0.o
                0x00002c74                _start
                0x00002c74                _mainCRTStartup
 .text          0x00002ce8        0x0 .\ARM_GCC_493\Debug\main.o
 .text.NVIC_SetPriority
                0x00002ce8       0x54 .\ARM_GCC_493\Debug\main.o
 .text.SysTick_Config
                0x00002d3c       0x44 .\ARM_GCC_493\Debug\main.o
 .text.CAN_1_SendMsg
                0x00002d80      0x180 .\ARM_GCC_493\Debug\main.o
                0x00002d80                CAN_1_SendMsg
 .text.CAN_1_TxCancel
                0x00002f00       0x44 .\ARM_GCC_493\Debug\main.o
                0x00002f00                CAN_1_TxCancel
 .text.CAN_1_SendMsg0
                0x00002f44       0x8c .\ARM_GCC_493\Debug\main.o
                0x00002f44                CAN_1_SendMsg0
 .text.CAN_1_ReceiveMsg
                0x00002fd0       0x48 .\ARM_GCC_493\Debug\main.o
                0x00002fd0                CAN_1_ReceiveMsg
 .text.SysTick_ISR
                0x00003018      0x158 .\ARM_GCC_493\Debug\main.o
                0x00003018                SysTick_ISR
 .text.main     0x00003170      0x220 .\ARM_GCC_493\Debug\main.o
                0x00003170                main
 .text          0x00003390        0x0 .\ARM_GCC_493\Debug\C-CAN.o
 .text.GetSample
                0x00003390       0xd8 .\ARM_GCC_493\Debug\C-CAN.o
                0x00003390                GetSample
 .text.GetRPM   0x00003468      0x1dc .\ARM_GCC_493\Debug\C-CAN.o
                0x00003468                GetRPM
 .text.SensorSet
                0x00003644       0x4c .\ARM_GCC_493\Debug\C-CAN.o
                0x00003644                SensorSet
 .text.PotInit  0x00003690       0x58 .\ARM_GCC_493\Debug\C-CAN.o
                0x00003690                PotInit
 .text.EncoderInit
                0x000036e8       0x5c .\ARM_GCC_493\Debug\C-CAN.o
                0x000036e8                EncoderInit
 .text.Config   0x00003744        0xc .\ARM_GCC_493\Debug\C-CAN.o
                0x00003744                Config
 .text.CAN_Send
                0x00003750       0x5c .\ARM_GCC_493\Debug\C-CAN.o
                0x00003750                CAN_Send
 .text.SetFlag  0x000037ac       0x20 .\ARM_GCC_493\Debug\C-CAN.o
                0x000037ac                SetFlag
 .text.GetRate  0x000037cc       0x24 .\ARM_GCC_493\Debug\C-CAN.o
                0x000037cc                GetRate
 .text.SensorEnable
                0x000037f0       0x20 .\ARM_GCC_493\Debug\C-CAN.o
                0x000037f0                SensorEnable
 .text.EnableSave
                0x00003810       0x28 .\ARM_GCC_493\Debug\C-CAN.o
                0x00003810                EnableSave
 .text.EnableRestore
                0x00003838       0x28 .\ARM_GCC_493\Debug\C-CAN.o
                0x00003838                EnableRestore
 .text          0x00003860        0x0 .\ARM_GCC_493\Debug\cymetadata.o
 .text          0x00003860        0x0 .\ARM_GCC_493\Debug\Cm3Start.o
 .text.IntDefaultHandler
                0x00003860        0x8 .\ARM_GCC_493\Debug\Cm3Start.o
                0x00003860                IntDefaultHandler
 .text._exit    0x00003868       0x14 .\ARM_GCC_493\Debug\Cm3Start.o
                0x00003868                _exit
 .text._sbrk    0x0000387c       0x50 .\ARM_GCC_493\Debug\Cm3Start.o
                0x0000387c                _sbrk
 .text.Start_c  0x000038cc       0x98 .\ARM_GCC_493\Debug\Cm3Start.o
                0x000038cc                Start_c
 .text.initialize_psoc
                0x00003964       0x8c .\ARM_GCC_493\Debug\Cm3Start.o
                0x00003964                initialize_psoc
 .text          0x000039f0        0x0 .\ARM_GCC_493\Debug\cybootloader.o
 .text          0x000039f0        0x0 .\ARM_GCC_493\Debug\C-CAN.a(cyfitter_cfg.o)
 .text.CYMEMZERO
                0x000039f0       0x1c .\ARM_GCC_493\Debug\C-CAN.a(cyfitter_cfg.o)
 .text.CYCONFIGCPY
                0x00003a0c       0x1c .\ARM_GCC_493\Debug\C-CAN.a(cyfitter_cfg.o)
 .text.CYCONFIGCPYCODE
                0x00003a28       0x1c .\ARM_GCC_493\Debug\C-CAN.a(cyfitter_cfg.o)
 .text.CyClockStartupError
                0x00003a44        0xc .\ARM_GCC_493\Debug\C-CAN.a(cyfitter_cfg.o)
 .text.cfg_write_bytes32
                0x00003a50       0x74 .\ARM_GCC_493\Debug\C-CAN.a(cyfitter_cfg.o)
 .text.ClockSetup
                0x00003ac4      0x150 .\ARM_GCC_493\Debug\C-CAN.a(cyfitter_cfg.o)
 .text.AnalogSetDefault
                0x00003c14       0xb0 .\ARM_GCC_493\Debug\C-CAN.a(cyfitter_cfg.o)
 .text.SetAnalogRoutingPumps
                0x00003cc4       0x3c .\ARM_GCC_493\Debug\C-CAN.a(cyfitter_cfg.o)
                0x00003cc4                SetAnalogRoutingPumps
 .text.AMux_1_Set
                0x00003d00       0xb8 .\ARM_GCC_493\Debug\C-CAN.a(cyfitter_cfg.o)
                0x00003d00                AMux_1_Set
 .text.AMux_1_Unset
                0x00003db8       0xc4 .\ARM_GCC_493\Debug\C-CAN.a(cyfitter_cfg.o)
                0x00003db8                AMux_1_Unset
 .text.cyfitter_cfg
                0x00003e7c      0x1a4 .\ARM_GCC_493\Debug\C-CAN.a(cyfitter_cfg.o)
                0x00003e7c                cyfitter_cfg
 .text          0x00004020        0x0 .\ARM_GCC_493\Debug\C-CAN.a(UART_1.o)
 .text.UART_1_Start
                0x00004020       0x20 .\ARM_GCC_493\Debug\C-CAN.a(UART_1.o)
                0x00004020                UART_1_Start
 .text.UART_1_Init
                0x00004040       0x6c .\ARM_GCC_493\Debug\C-CAN.a(UART_1.o)
                0x00004040                UART_1_Init
 .text.UART_1_Enable
                0x000040ac       0x78 .\ARM_GCC_493\Debug\C-CAN.a(UART_1.o)
                0x000040ac                UART_1_Enable
 .text.UART_1_Stop
                0x00004124       0x6c .\ARM_GCC_493\Debug\C-CAN.a(UART_1.o)
                0x00004124                UART_1_Stop
 .text.UART_1_ReadControlRegister
                0x00004190       0x10 .\ARM_GCC_493\Debug\C-CAN.a(UART_1.o)
                0x00004190                UART_1_ReadControlRegister
 .text.UART_1_WriteControlRegister
                0x000041a0       0x14 .\ARM_GCC_493\Debug\C-CAN.a(UART_1.o)
                0x000041a0                UART_1_WriteControlRegister
 .text.UART_1_SetRxInterruptMode
                0x000041b4       0x20 .\ARM_GCC_493\Debug\C-CAN.a(UART_1.o)
                0x000041b4                UART_1_SetRxInterruptMode
 .text.UART_1_ReadRxData
                0x000041d4       0x94 .\ARM_GCC_493\Debug\C-CAN.a(UART_1.o)
                0x000041d4                UART_1_ReadRxData
 .text.UART_1_ReadRxStatus
                0x00004268       0x40 .\ARM_GCC_493\Debug\C-CAN.a(UART_1.o)
                0x00004268                UART_1_ReadRxStatus
 .text.UART_1_GetChar
                0x000042a8       0xb8 .\ARM_GCC_493\Debug\C-CAN.a(UART_1.o)
                0x000042a8                UART_1_GetChar
 .text.UART_1_GetByte
                0x00004360       0x44 .\ARM_GCC_493\Debug\C-CAN.a(UART_1.o)
                0x00004360                UART_1_GetByte
 .text.UART_1_GetRxBufferSize
                0x000043a4       0x90 .\ARM_GCC_493\Debug\C-CAN.a(UART_1.o)
                0x000043a4                UART_1_GetRxBufferSize
 .text.UART_1_ClearRxBuffer
                0x00004434       0x7c .\ARM_GCC_493\Debug\C-CAN.a(UART_1.o)
                0x00004434                UART_1_ClearRxBuffer
 .text.UART_1_SetRxAddressMode
                0x000044b0       0x14 .\ARM_GCC_493\Debug\C-CAN.a(UART_1.o)
                0x000044b0                UART_1_SetRxAddressMode
 .text.UART_1_SetRxAddress1
                0x000044c4       0x20 .\ARM_GCC_493\Debug\C-CAN.a(UART_1.o)
                0x000044c4                UART_1_SetRxAddress1
 .text.UART_1_SetRxAddress2
                0x000044e4       0x20 .\ARM_GCC_493\Debug\C-CAN.a(UART_1.o)
                0x000044e4                UART_1_SetRxAddress2
 .text.UART_1_SetTxInterruptMode
                0x00004504       0x20 .\ARM_GCC_493\Debug\C-CAN.a(UART_1.o)
                0x00004504                UART_1_SetTxInterruptMode
 .text.UART_1_WriteTxData
                0x00004524       0x94 .\ARM_GCC_493\Debug\C-CAN.a(UART_1.o)
                0x00004524                UART_1_WriteTxData
 .text.UART_1_ReadTxStatus
                0x000045b8       0x18 .\ARM_GCC_493\Debug\C-CAN.a(UART_1.o)
                0x000045b8                UART_1_ReadTxStatus
 .text.UART_1_PutChar
                0x000045d0       0xb8 .\ARM_GCC_493\Debug\C-CAN.a(UART_1.o)
                0x000045d0                UART_1_PutChar
 .text.UART_1_PutString
                0x00004688       0x40 .\ARM_GCC_493\Debug\C-CAN.a(UART_1.o)
                0x00004688                UART_1_PutString
 .text.UART_1_PutArray
                0x000046c8       0x40 .\ARM_GCC_493\Debug\C-CAN.a(UART_1.o)
                0x000046c8                UART_1_PutArray
 .text.UART_1_PutCRLF
                0x00004708       0x30 .\ARM_GCC_493\Debug\C-CAN.a(UART_1.o)
                0x00004708                UART_1_PutCRLF
 .text.UART_1_GetTxBufferSize
                0x00004738       0x74 .\ARM_GCC_493\Debug\C-CAN.a(UART_1.o)
                0x00004738                UART_1_GetTxBufferSize
 .text.UART_1_ClearTxBuffer
                0x000047ac       0x68 .\ARM_GCC_493\Debug\C-CAN.a(UART_1.o)
                0x000047ac                UART_1_ClearTxBuffer
 .text.UART_1_SendBreak
                0x00004814       0x9c .\ARM_GCC_493\Debug\C-CAN.a(UART_1.o)
                0x00004814                UART_1_SendBreak
 .text.UART_1_SetTxAddressMode
                0x000048b0       0x14 .\ARM_GCC_493\Debug\C-CAN.a(UART_1.o)
                0x000048b0                UART_1_SetTxAddressMode
 .text          0x000048c4        0x0 .\ARM_GCC_493\Debug\C-CAN.a(UART_1_INT.o)
 .text.UART_1_RXISR
                0x000048c4       0xd8 .\ARM_GCC_493\Debug\C-CAN.a(UART_1_INT.o)
                0x000048c4                UART_1_RXISR
 .text.UART_1_TXISR
                0x0000499c       0x70 .\ARM_GCC_493\Debug\C-CAN.a(UART_1_INT.o)
                0x0000499c                UART_1_TXISR
 .text          0x00004a0c        0x0 .\ARM_GCC_493\Debug\C-CAN.a(UART_1_IntClock.o)
 .text.UART_1_IntClock_Start
                0x00004a0c       0x34 .\ARM_GCC_493\Debug\C-CAN.a(UART_1_IntClock.o)
                0x00004a0c                UART_1_IntClock_Start
 .text.UART_1_IntClock_Stop
                0x00004a40       0x34 .\ARM_GCC_493\Debug\C-CAN.a(UART_1_IntClock.o)
                0x00004a40                UART_1_IntClock_Stop
 .text.UART_1_IntClock_StopBlock
                0x00004a74       0xb0 .\ARM_GCC_493\Debug\C-CAN.a(UART_1_IntClock.o)
                0x00004a74                UART_1_IntClock_StopBlock
 .text.UART_1_IntClock_StandbyPower
                0x00004b24       0x40 .\ARM_GCC_493\Debug\C-CAN.a(UART_1_IntClock.o)
                0x00004b24                UART_1_IntClock_StandbyPower
 .text.UART_1_IntClock_SetDividerRegister
                0x00004b64      0x160 .\ARM_GCC_493\Debug\C-CAN.a(UART_1_IntClock.o)
                0x00004b64                UART_1_IntClock_SetDividerRegister
 .text.UART_1_IntClock_GetDividerRegister
                0x00004cc4       0x18 .\ARM_GCC_493\Debug\C-CAN.a(UART_1_IntClock.o)
                0x00004cc4                UART_1_IntClock_GetDividerRegister
 .text.UART_1_IntClock_SetModeRegister
                0x00004cdc       0x34 .\ARM_GCC_493\Debug\C-CAN.a(UART_1_IntClock.o)
                0x00004cdc                UART_1_IntClock_SetModeRegister
 .text.UART_1_IntClock_ClearModeRegister
                0x00004d10       0x34 .\ARM_GCC_493\Debug\C-CAN.a(UART_1_IntClock.o)
                0x00004d10                UART_1_IntClock_ClearModeRegister
 .text.UART_1_IntClock_GetModeRegister
                0x00004d44       0x20 .\ARM_GCC_493\Debug\C-CAN.a(UART_1_IntClock.o)
                0x00004d44                UART_1_IntClock_GetModeRegister
 .text.UART_1_IntClock_SetSourceRegister
                0x00004d64       0xbc .\ARM_GCC_493\Debug\C-CAN.a(UART_1_IntClock.o)
                0x00004d64                UART_1_IntClock_SetSourceRegister
 .text.UART_1_IntClock_GetSourceRegister
                0x00004e20       0x20 .\ARM_GCC_493\Debug\C-CAN.a(UART_1_IntClock.o)
                0x00004e20                UART_1_IntClock_GetSourceRegister
 .text          0x00004e40       0x58 .\ARM_GCC_493\Debug\C-CAN.a(CyBootAsmGnu.o)
                0x00004e40                CyDelayCycles
                0x00004e7e                CyEnterCriticalSection
                0x00004e86                CyExitCriticalSection
 .text          0x00004e98        0x0 .\ARM_GCC_493\Debug\C-CAN.a(CyLib.o)
 .text.CyPLL_OUT_Start
                0x00004e98       0xb0 .\ARM_GCC_493\Debug\C-CAN.a(CyLib.o)
                0x00004e98                CyPLL_OUT_Start
 .text.CyPLL_OUT_Stop
                0x00004f48       0x20 .\ARM_GCC_493\Debug\C-CAN.a(CyLib.o)
                0x00004f48                CyPLL_OUT_Stop
 .text.CyPLL_OUT_SetPQ
                0x00004f68       0x90 .\ARM_GCC_493\Debug\C-CAN.a(CyLib.o)
                0x00004f68                CyPLL_OUT_SetPQ
 .text.CyPLL_OUT_SetSource
                0x00004ff8       0x54 .\ARM_GCC_493\Debug\C-CAN.a(CyLib.o)
                0x00004ff8                CyPLL_OUT_SetSource
 .text.CyIMO_Start
                0x0000504c       0x94 .\ARM_GCC_493\Debug\C-CAN.a(CyLib.o)
                0x0000504c                CyIMO_Start
 .text.CyIMO_Stop
                0x000050e0       0x34 .\ARM_GCC_493\Debug\C-CAN.a(CyLib.o)
                0x000050e0                CyIMO_Stop
 .text.CyUSB_PowerOnCheck
                0x00005114       0x60 .\ARM_GCC_493\Debug\C-CAN.a(CyLib.o)
 .text.CyIMO_SetTrimValue
                0x00005174      0x108 .\ARM_GCC_493\Debug\C-CAN.a(CyLib.o)
 .text.CyIMO_SetFreq
                0x0000527c      0x1ac .\ARM_GCC_493\Debug\C-CAN.a(CyLib.o)
                0x0000527c                CyIMO_SetFreq
 .text.CyIMO_SetSource
                0x00005428       0x8c .\ARM_GCC_493\Debug\C-CAN.a(CyLib.o)
                0x00005428                CyIMO_SetSource
 .text.CyIMO_EnableDoubler
                0x000054b4       0x20 .\ARM_GCC_493\Debug\C-CAN.a(CyLib.o)
                0x000054b4                CyIMO_EnableDoubler
 .text.CyIMO_DisableDoubler
                0x000054d4       0x20 .\ARM_GCC_493\Debug\C-CAN.a(CyLib.o)
                0x000054d4                CyIMO_DisableDoubler
 .text.CyMasterClk_SetSource
                0x000054f4       0x34 .\ARM_GCC_493\Debug\C-CAN.a(CyLib.o)
                0x000054f4                CyMasterClk_SetSource
 .text.CyMasterClk_SetDivider
                0x00005528       0x20 .\ARM_GCC_493\Debug\C-CAN.a(CyLib.o)
                0x00005528                CyMasterClk_SetDivider
 .text.CyBusClk_Internal_SetDivider
                0x00005548       0x78 .\ARM_GCC_493\Debug\C-CAN.a(CyLib.o)
 .text.CyBusClk_SetDivider
                0x000055c0       0xb4 .\ARM_GCC_493\Debug\C-CAN.a(CyLib.o)
                0x000055c0                CyBusClk_SetDivider
 .text.CyUsbClk_SetSource
                0x00005674       0x34 .\ARM_GCC_493\Debug\C-CAN.a(CyLib.o)
                0x00005674                CyUsbClk_SetSource
 .text.CyILO_Start1K
                0x000056a8       0x20 .\ARM_GCC_493\Debug\C-CAN.a(CyLib.o)
                0x000056a8                CyILO_Start1K
 .text.CyILO_Stop1K
                0x000056c8       0x20 .\ARM_GCC_493\Debug\C-CAN.a(CyLib.o)
                0x000056c8                CyILO_Stop1K
 .text.CyILO_Start100K
                0x000056e8       0x20 .\ARM_GCC_493\Debug\C-CAN.a(CyLib.o)
                0x000056e8                CyILO_Start100K
 .text.CyILO_Stop100K
                0x00005708       0x20 .\ARM_GCC_493\Debug\C-CAN.a(CyLib.o)
                0x00005708                CyILO_Stop100K
 .text.CyILO_Enable33K
                0x00005728       0x20 .\ARM_GCC_493\Debug\C-CAN.a(CyLib.o)
                0x00005728                CyILO_Enable33K
 .text.CyILO_Disable33K
                0x00005748       0x20 .\ARM_GCC_493\Debug\C-CAN.a(CyLib.o)
                0x00005748                CyILO_Disable33K
 .text.CyILO_SetSource
                0x00005768       0x38 .\ARM_GCC_493\Debug\C-CAN.a(CyLib.o)
                0x00005768                CyILO_SetSource
 .text.CyILO_SetPowerMode
                0x000057a0       0x4c .\ARM_GCC_493\Debug\C-CAN.a(CyLib.o)
                0x000057a0                CyILO_SetPowerMode
 .text.CyXTAL_32KHZ_Start
                0x000057ec       0x84 .\ARM_GCC_493\Debug\C-CAN.a(CyLib.o)
                0x000057ec                CyXTAL_32KHZ_Start
 .text.CyXTAL_32KHZ_Stop
                0x00005870       0x50 .\ARM_GCC_493\Debug\C-CAN.a(CyLib.o)
                0x00005870                CyXTAL_32KHZ_Stop
 .text.CyXTAL_32KHZ_ReadStatus
                0x000058c0       0x20 .\ARM_GCC_493\Debug\C-CAN.a(CyLib.o)
                0x000058c0                CyXTAL_32KHZ_ReadStatus
 .text.CyXTAL_32KHZ_SetPowerMode
                0x000058e0       0xb4 .\ARM_GCC_493\Debug\C-CAN.a(CyLib.o)
                0x000058e0                CyXTAL_32KHZ_SetPowerMode
 .text.CyXTAL_Start
                0x00005994       0xd0 .\ARM_GCC_493\Debug\C-CAN.a(CyLib.o)
                0x00005994                CyXTAL_Start
 .text.CyXTAL_Stop
                0x00005a64       0x20 .\ARM_GCC_493\Debug\C-CAN.a(CyLib.o)
                0x00005a64                CyXTAL_Stop
 .text.CyXTAL_EnableErrStatus
                0x00005a84       0x20 .\ARM_GCC_493\Debug\C-CAN.a(CyLib.o)
                0x00005a84                CyXTAL_EnableErrStatus
 .text.CyXTAL_DisableErrStatus
                0x00005aa4       0x20 .\ARM_GCC_493\Debug\C-CAN.a(CyLib.o)
                0x00005aa4                CyXTAL_DisableErrStatus
 .text.CyXTAL_ReadStatus
                0x00005ac4       0x28 .\ARM_GCC_493\Debug\C-CAN.a(CyLib.o)
                0x00005ac4                CyXTAL_ReadStatus
 .text.CyXTAL_EnableFaultRecovery
                0x00005aec       0x20 .\ARM_GCC_493\Debug\C-CAN.a(CyLib.o)
                0x00005aec                CyXTAL_EnableFaultRecovery
 .text.CyXTAL_DisableFaultRecovery
                0x00005b0c       0x20 .\ARM_GCC_493\Debug\C-CAN.a(CyLib.o)
                0x00005b0c                CyXTAL_DisableFaultRecovery
 .text.CyXTAL_SetStartup
                0x00005b2c       0x34 .\ARM_GCC_493\Debug\C-CAN.a(CyLib.o)
                0x00005b2c                CyXTAL_SetStartup
 .text.CyXTAL_SetFbVoltage
                0x00005b60       0x34 .\ARM_GCC_493\Debug\C-CAN.a(CyLib.o)
                0x00005b60                CyXTAL_SetFbVoltage
 .text.CyXTAL_SetWdVoltage
                0x00005b94       0x38 .\ARM_GCC_493\Debug\C-CAN.a(CyLib.o)
                0x00005b94                CyXTAL_SetWdVoltage
 .text.CyHalt   0x00005bcc       0x18 .\ARM_GCC_493\Debug\C-CAN.a(CyLib.o)
                0x00005bcc                CyHalt
 .text.CySoftwareReset
                0x00005be4       0x20 .\ARM_GCC_493\Debug\C-CAN.a(CyLib.o)
                0x00005be4                CySoftwareReset
 .text.CyDelay  0x00005c04       0x44 .\ARM_GCC_493\Debug\C-CAN.a(CyLib.o)
                0x00005c04                CyDelay
 .text.CyDelayUs
                0x00005c48       0x24 .\ARM_GCC_493\Debug\C-CAN.a(CyLib.o)
                0x00005c48                CyDelayUs
 .text.CyDelayFreq
                0x00005c6c       0x7c .\ARM_GCC_493\Debug\C-CAN.a(CyLib.o)
                0x00005c6c                CyDelayFreq
 .text.CyWdtStart
                0x00005ce8       0x8c .\ARM_GCC_493\Debug\C-CAN.a(CyLib.o)
                0x00005ce8                CyWdtStart
 .text.CyWdtClear
                0x00005d74       0x18 .\ARM_GCC_493\Debug\C-CAN.a(CyLib.o)
                0x00005d74                CyWdtClear
 .text.CyVdLvDigitEnable
                0x00005d8c       0xcc .\ARM_GCC_493\Debug\C-CAN.a(CyLib.o)
                0x00005d8c                CyVdLvDigitEnable
 .text.CyVdLvAnalogEnable
                0x00005e58       0xc8 .\ARM_GCC_493\Debug\C-CAN.a(CyLib.o)
                0x00005e58                CyVdLvAnalogEnable
 .text.CyVdLvDigitDisable
                0x00005f20       0x48 .\ARM_GCC_493\Debug\C-CAN.a(CyLib.o)
                0x00005f20                CyVdLvDigitDisable
 .text.CyVdLvAnalogDisable
                0x00005f68       0x40 .\ARM_GCC_493\Debug\C-CAN.a(CyLib.o)
                0x00005f68                CyVdLvAnalogDisable
 .text.CyVdHvAnalogEnable
                0x00005fa8       0x78 .\ARM_GCC_493\Debug\C-CAN.a(CyLib.o)
                0x00005fa8                CyVdHvAnalogEnable
 .text.CyVdHvAnalogDisable
                0x00006020       0x2c .\ARM_GCC_493\Debug\C-CAN.a(CyLib.o)
                0x00006020                CyVdHvAnalogDisable
 .text.CyVdStickyStatus
                0x0000604c       0x5c .\ARM_GCC_493\Debug\C-CAN.a(CyLib.o)
                0x0000604c                CyVdStickyStatus
 .text.CyVdRealTimeStatus
                0x000060a8       0x30 .\ARM_GCC_493\Debug\C-CAN.a(CyLib.o)
                0x000060a8                CyVdRealTimeStatus
 .text.CyDisableInts
                0x000060d8       0x34 .\ARM_GCC_493\Debug\C-CAN.a(CyLib.o)
                0x000060d8                CyDisableInts
 .text.CyEnableInts
                0x0000610c       0x28 .\ARM_GCC_493\Debug\C-CAN.a(CyLib.o)
                0x0000610c                CyEnableInts
 .text.CyFlushCache
                0x00006134       0x58 .\ARM_GCC_493\Debug\C-CAN.a(CyLib.o)
                0x00006134                CyFlushCache
 .text.CyIntSetSysVector
                0x0000618c       0x4c .\ARM_GCC_493\Debug\C-CAN.a(CyLib.o)
                0x0000618c                CyIntSetSysVector
 .text.CyIntGetSysVector
                0x000061d8       0x38 .\ARM_GCC_493\Debug\C-CAN.a(CyLib.o)
                0x000061d8                CyIntGetSysVector
 .text.CyIntSetVector
                0x00006210       0x50 .\ARM_GCC_493\Debug\C-CAN.a(CyLib.o)
                0x00006210                CyIntSetVector
 .text.CyIntGetVector
                0x00006260       0x38 .\ARM_GCC_493\Debug\C-CAN.a(CyLib.o)
                0x00006260                CyIntGetVector
 .text.CyIntSetPriority
                0x00006298       0x44 .\ARM_GCC_493\Debug\C-CAN.a(CyLib.o)
                0x00006298                CyIntSetPriority
 .text.CyIntGetPriority
                0x000062dc       0x38 .\ARM_GCC_493\Debug\C-CAN.a(CyLib.o)
                0x000062dc                CyIntGetPriority
 .text.CyIntGetState
                0x00006314       0x44 .\ARM_GCC_493\Debug\C-CAN.a(CyLib.o)
                0x00006314                CyIntGetState
 .text.CySysTickStart
                0x00006358       0x20 .\ARM_GCC_493\Debug\C-CAN.a(CyLib.o)
                0x00006358                CySysTickStart
 .text.CySysTickInit
                0x00006378       0x68 .\ARM_GCC_493\Debug\C-CAN.a(CyLib.o)
                0x00006378                CySysTickInit
 .text.CySysTickEnable
                0x000063e0       0x1c .\ARM_GCC_493\Debug\C-CAN.a(CyLib.o)
                0x000063e0                CySysTickEnable
 .text.CySysTickStop
                0x000063fc       0x1c .\ARM_GCC_493\Debug\C-CAN.a(CyLib.o)
                0x000063fc                CySysTickStop
 .text.CySysTickEnableInterrupt
                0x00006418       0x1c .\ARM_GCC_493\Debug\C-CAN.a(CyLib.o)
                0x00006418                CySysTickEnableInterrupt
 .text.CySysTickDisableInterrupt
                0x00006434       0x1c .\ARM_GCC_493\Debug\C-CAN.a(CyLib.o)
                0x00006434                CySysTickDisableInterrupt
 .text.CySysTickSetReload
                0x00006450       0x20 .\ARM_GCC_493\Debug\C-CAN.a(CyLib.o)
                0x00006450                CySysTickSetReload
 .text.CySysTickGetReload
                0x00006470       0x1c .\ARM_GCC_493\Debug\C-CAN.a(CyLib.o)
                0x00006470                CySysTickGetReload
 .text.CySysTickGetValue
                0x0000648c       0x1c .\ARM_GCC_493\Debug\C-CAN.a(CyLib.o)
                0x0000648c                CySysTickGetValue
 .text.CySysTickSetClockSource
                0x000064a8       0x38 .\ARM_GCC_493\Debug\C-CAN.a(CyLib.o)
                0x000064a8                CySysTickSetClockSource
 .text.CySysTickGetCountFlag
                0x000064e0       0x1c .\ARM_GCC_493\Debug\C-CAN.a(CyLib.o)
                0x000064e0                CySysTickGetCountFlag
 .text.CySysTickClear
                0x000064fc       0x18 .\ARM_GCC_493\Debug\C-CAN.a(CyLib.o)
                0x000064fc                CySysTickClear
 .text.CySysTickSetCallback
                0x00006514       0x30 .\ARM_GCC_493\Debug\C-CAN.a(CyLib.o)
                0x00006514                CySysTickSetCallback
 .text.CySysTickGetCallback
                0x00006544       0x20 .\ARM_GCC_493\Debug\C-CAN.a(CyLib.o)
                0x00006544                CySysTickGetCallback
 .text.CySysTickServiceCallbacks
                0x00006564       0x44 .\ARM_GCC_493\Debug\C-CAN.a(CyLib.o)
 .text.CyGetUniqueId
                0x000065a8       0xc4 .\ARM_GCC_493\Debug\C-CAN.a(CyLib.o)
                0x000065a8                CyGetUniqueId
 .text          0x0000666c        0x0 .\ARM_GCC_493\Debug\C-CAN.a(cyPm.o)
 .text.CyPmSaveClocks
                0x0000666c      0x284 .\ARM_GCC_493\Debug\C-CAN.a(cyPm.o)
                0x0000666c                CyPmSaveClocks
 .text.CyPmRestoreClocks
                0x000068f0      0x300 .\ARM_GCC_493\Debug\C-CAN.a(cyPm.o)
                0x000068f0                CyPmRestoreClocks
 .text.CyPmAltAct
                0x00006bf0       0xb8 .\ARM_GCC_493\Debug\C-CAN.a(cyPm.o)
                0x00006bf0                CyPmAltAct
 .text.CyPmSleep
                0x00006ca8      0x170 .\ARM_GCC_493\Debug\C-CAN.a(cyPm.o)
                0x00006ca8                CyPmSleep
 .text.CyPmHibernate
                0x00006e18        0xc .\ARM_GCC_493\Debug\C-CAN.a(cyPm.o)
                0x00006e18                CyPmHibernate
 .text.CyPmHibernateEx
                0x00006e24      0x158 .\ARM_GCC_493\Debug\C-CAN.a(cyPm.o)
                0x00006e24                CyPmHibernateEx
 .text.CyPmReadStatus
                0x00006f7c       0x5c .\ARM_GCC_493\Debug\C-CAN.a(cyPm.o)
                0x00006f7c                CyPmReadStatus
 .text.CyPmHibSaveSet
                0x00006fd8       0xd4 .\ARM_GCC_493\Debug\C-CAN.a(cyPm.o)
 .text.CyPmHibRestore
                0x000070ac       0x68 .\ARM_GCC_493\Debug\C-CAN.a(cyPm.o)
 .text.CyPmCtwSetInterval
                0x00007114       0x90 .\ARM_GCC_493\Debug\C-CAN.a(cyPm.o)
                0x00007114                CyPmCtwSetInterval
 .text.CyPmOppsSet
                0x000071a4       0x40 .\ARM_GCC_493\Debug\C-CAN.a(cyPm.o)
                0x000071a4                CyPmOppsSet
 .text.CyPmFtwSetInterval
                0x000071e4       0x90 .\ARM_GCC_493\Debug\C-CAN.a(cyPm.o)
                0x000071e4                CyPmFtwSetInterval
 .text.CyPmHibSlpSaveSet
                0x00007274      0x280 .\ARM_GCC_493\Debug\C-CAN.a(cyPm.o)
 .text.CyPmHibSlpRestore
                0x000074f4      0x188 .\ARM_GCC_493\Debug\C-CAN.a(cyPm.o)
 .text.CyPmHviLviSaveDisable
                0x0000767c       0xd4 .\ARM_GCC_493\Debug\C-CAN.a(cyPm.o)
 .text.CyPmHviLviRestore
                0x00007750       0x54 .\ARM_GCC_493\Debug\C-CAN.a(cyPm.o)
 .text          0x000077a4        0x0 .\ARM_GCC_493\Debug\C-CAN.a(ADC_SAR_1.o)
 .text.ADC_SAR_1_Start
                0x000077a4       0x20 .\ARM_GCC_493\Debug\C-CAN.a(ADC_SAR_1.o)
                0x000077a4                ADC_SAR_1_Start
 .text.ADC_SAR_1_Init
                0x000077c4       0x44 .\ARM_GCC_493\Debug\C-CAN.a(ADC_SAR_1.o)
                0x000077c4                ADC_SAR_1_Init
 .text.ADC_SAR_1_Enable
                0x00007808       0xf4 .\ARM_GCC_493\Debug\C-CAN.a(ADC_SAR_1.o)
                0x00007808                ADC_SAR_1_Enable
 .text.ADC_SAR_1_Stop
                0x000078fc       0x80 .\ARM_GCC_493\Debug\C-CAN.a(ADC_SAR_1.o)
                0x000078fc                ADC_SAR_1_Stop
 .text.ADC_SAR_1_SetPower
                0x0000797c       0x40 .\ARM_GCC_493\Debug\C-CAN.a(ADC_SAR_1.o)
                0x0000797c                ADC_SAR_1_SetPower
 .text.ADC_SAR_1_SetResolution
                0x000079bc       0x50 .\ARM_GCC_493\Debug\C-CAN.a(ADC_SAR_1.o)
                0x000079bc                ADC_SAR_1_SetResolution
 .text.ADC_SAR_1_StartConvert
                0x00007a0c       0x30 .\ARM_GCC_493\Debug\C-CAN.a(ADC_SAR_1.o)
                0x00007a0c                ADC_SAR_1_StartConvert
 .text.ADC_SAR_1_StopConvert
                0x00007a3c       0x30 .\ARM_GCC_493\Debug\C-CAN.a(ADC_SAR_1.o)
                0x00007a3c                ADC_SAR_1_StopConvert
 .text.ADC_SAR_1_IsEndConversion
                0x00007a6c       0x40 .\ARM_GCC_493\Debug\C-CAN.a(ADC_SAR_1.o)
                0x00007a6c                ADC_SAR_1_IsEndConversion
 .text.ADC_SAR_1_GetResult8
                0x00007aac       0x2c .\ARM_GCC_493\Debug\C-CAN.a(ADC_SAR_1.o)
                0x00007aac                ADC_SAR_1_GetResult8
 .text.ADC_SAR_1_GetResult16
                0x00007ad8       0x34 .\ARM_GCC_493\Debug\C-CAN.a(ADC_SAR_1.o)
                0x00007ad8                ADC_SAR_1_GetResult16
 .text.ADC_SAR_1_SetOffset
                0x00007b0c       0x20 .\ARM_GCC_493\Debug\C-CAN.a(ADC_SAR_1.o)
                0x00007b0c                ADC_SAR_1_SetOffset
 .text.ADC_SAR_1_CalcGain
                0x00007b2c       0x80 .\ARM_GCC_493\Debug\C-CAN.a(ADC_SAR_1.o)
 .text.ADC_SAR_1_SetGain
                0x00007bac       0x2c .\ARM_GCC_493\Debug\C-CAN.a(ADC_SAR_1.o)
                0x00007bac                ADC_SAR_1_SetGain
 .text.ADC_SAR_1_SetScaledGain
                0x00007bd8       0x1c .\ARM_GCC_493\Debug\C-CAN.a(ADC_SAR_1.o)
                0x00007bd8                ADC_SAR_1_SetScaledGain
 .text.ADC_SAR_1_CountsTo_mVolts
                0x00007bf4       0x8c .\ARM_GCC_493\Debug\C-CAN.a(ADC_SAR_1.o)
                0x00007bf4                ADC_SAR_1_CountsTo_mVolts
 .text.ADC_SAR_1_CountsTo_uVolts
                0x00007c80       0x94 .\ARM_GCC_493\Debug\C-CAN.a(ADC_SAR_1.o)
                0x00007c80                ADC_SAR_1_CountsTo_uVolts
 .text.ADC_SAR_1_CountsTo_Volts
                0x00007d14       0x84 .\ARM_GCC_493\Debug\C-CAN.a(ADC_SAR_1.o)
                0x00007d14                ADC_SAR_1_CountsTo_Volts
 .text          0x00007d98        0x0 .\ARM_GCC_493\Debug\C-CAN.a(ADC_SAR_1_INT.o)
 .text.ADC_SAR_1_ISR
                0x00007d98        0xc .\ARM_GCC_493\Debug\C-CAN.a(ADC_SAR_1_INT.o)
                0x00007d98                ADC_SAR_1_ISR
 .text          0x00007da4        0x0 .\ARM_GCC_493\Debug\C-CAN.a(ADC_SAR_1_theACLK.o)
 .text.ADC_SAR_1_theACLK_Start
                0x00007da4       0x34 .\ARM_GCC_493\Debug\C-CAN.a(ADC_SAR_1_theACLK.o)
                0x00007da4                ADC_SAR_1_theACLK_Start
 .text.ADC_SAR_1_theACLK_Stop
                0x00007dd8       0x34 .\ARM_GCC_493\Debug\C-CAN.a(ADC_SAR_1_theACLK.o)
                0x00007dd8                ADC_SAR_1_theACLK_Stop
 .text.ADC_SAR_1_theACLK_StopBlock
                0x00007e0c       0xb0 .\ARM_GCC_493\Debug\C-CAN.a(ADC_SAR_1_theACLK.o)
                0x00007e0c                ADC_SAR_1_theACLK_StopBlock
 .text.ADC_SAR_1_theACLK_StandbyPower
                0x00007ebc       0x40 .\ARM_GCC_493\Debug\C-CAN.a(ADC_SAR_1_theACLK.o)
                0x00007ebc                ADC_SAR_1_theACLK_StandbyPower
 .text.ADC_SAR_1_theACLK_SetDividerRegister
                0x00007efc      0x160 .\ARM_GCC_493\Debug\C-CAN.a(ADC_SAR_1_theACLK.o)
                0x00007efc                ADC_SAR_1_theACLK_SetDividerRegister
 .text.ADC_SAR_1_theACLK_GetDividerRegister
                0x0000805c       0x18 .\ARM_GCC_493\Debug\C-CAN.a(ADC_SAR_1_theACLK.o)
                0x0000805c                ADC_SAR_1_theACLK_GetDividerRegister
 .text.ADC_SAR_1_theACLK_SetModeRegister
                0x00008074       0x34 .\ARM_GCC_493\Debug\C-CAN.a(ADC_SAR_1_theACLK.o)
                0x00008074                ADC_SAR_1_theACLK_SetModeRegister
 .text.ADC_SAR_1_theACLK_ClearModeRegister
                0x000080a8       0x34 .\ARM_GCC_493\Debug\C-CAN.a(ADC_SAR_1_theACLK.o)
                0x000080a8                ADC_SAR_1_theACLK_ClearModeRegister
 .text.ADC_SAR_1_theACLK_GetModeRegister
                0x000080dc       0x20 .\ARM_GCC_493\Debug\C-CAN.a(ADC_SAR_1_theACLK.o)
                0x000080dc                ADC_SAR_1_theACLK_GetModeRegister
 .text.ADC_SAR_1_theACLK_SetSourceRegister
                0x000080fc       0xbc .\ARM_GCC_493\Debug\C-CAN.a(ADC_SAR_1_theACLK.o)
                0x000080fc                ADC_SAR_1_theACLK_SetSourceRegister
 .text.ADC_SAR_1_theACLK_GetSourceRegister
                0x000081b8       0x20 .\ARM_GCC_493\Debug\C-CAN.a(ADC_SAR_1_theACLK.o)
                0x000081b8                ADC_SAR_1_theACLK_GetSourceRegister
 .text          0x000081d8        0x0 .\ARM_GCC_493\Debug\C-CAN.a(AMux_1.o)
 .text.AMux_1_Start
                0x000081d8       0x30 .\ARM_GCC_493\Debug\C-CAN.a(AMux_1.o)
                0x000081d8                AMux_1_Start
 .text.AMux_1_FastSelect
                0x00008208       0x34 .\ARM_GCC_493\Debug\C-CAN.a(AMux_1.o)
                0x00008208                AMux_1_FastSelect
 .text.AMux_1_DisconnectAll
                0x0000823c       0x24 .\ARM_GCC_493\Debug\C-CAN.a(AMux_1.o)
                0x0000823c                AMux_1_DisconnectAll
 .text          0x00008260        0x0 .\ARM_GCC_493\Debug\C-CAN.a(CAN_1.o)
 .text.CAN_1_RxTxBuffersConfig
                0x00008260       0x80 .\ARM_GCC_493\Debug\C-CAN.a(CAN_1.o)
                0x00008260                CAN_1_RxTxBuffersConfig
 .text.CAN_1_Init
                0x000082e0      0x128 .\ARM_GCC_493\Debug\C-CAN.a(CAN_1.o)
                0x000082e0                CAN_1_Init
 .text.CAN_1_Enable
                0x00008408       0xa4 .\ARM_GCC_493\Debug\C-CAN.a(CAN_1.o)
                0x00008408                CAN_1_Enable
 .text.CAN_1_Start
                0x000084ac       0x3c .\ARM_GCC_493\Debug\C-CAN.a(CAN_1.o)
                0x000084ac                CAN_1_Start
 .text.CAN_1_Stop
                0x000084e8       0x94 .\ARM_GCC_493\Debug\C-CAN.a(CAN_1.o)
                0x000084e8                CAN_1_Stop
 .text.CAN_1_GlobalIntEnable
                0x0000857c       0x40 .\ARM_GCC_493\Debug\C-CAN.a(CAN_1.o)
                0x0000857c                CAN_1_GlobalIntEnable
 .text.CAN_1_GlobalIntDisable
                0x000085bc       0x40 .\ARM_GCC_493\Debug\C-CAN.a(CAN_1.o)
                0x000085bc                CAN_1_GlobalIntDisable
 .text.CAN_1_SetPreScaler
                0x000085fc       0x44 .\ARM_GCC_493\Debug\C-CAN.a(CAN_1.o)
                0x000085fc                CAN_1_SetPreScaler
 .text.CAN_1_SetArbiter
                0x00008640       0x6c .\ARM_GCC_493\Debug\C-CAN.a(CAN_1.o)
                0x00008640                CAN_1_SetArbiter
 .text.CAN_1_SetTsegSample
                0x000086ac       0xd4 .\ARM_GCC_493\Debug\C-CAN.a(CAN_1.o)
                0x000086ac                CAN_1_SetTsegSample
 .text.CAN_1_SetRestartType
                0x00008780       0x6c .\ARM_GCC_493\Debug\C-CAN.a(CAN_1.o)
                0x00008780                CAN_1_SetRestartType
 .text.CAN_1_SetEdgeMode
                0x000087ec       0x6c .\ARM_GCC_493\Debug\C-CAN.a(CAN_1.o)
                0x000087ec                CAN_1_SetEdgeMode
 .text.CAN_1_SetOpMode
                0x00008858       0xc8 .\ARM_GCC_493\Debug\C-CAN.a(CAN_1.o)
                0x00008858                CAN_1_SetOpMode
 .text.CAN_1_RXRegisterInit
                0x00008920       0xa4 .\ARM_GCC_493\Debug\C-CAN.a(CAN_1.o)
                0x00008920                CAN_1_RXRegisterInit
 .text.CAN_1_SetIrqMask
                0x000089c4       0x38 .\ARM_GCC_493\Debug\C-CAN.a(CAN_1.o)
                0x000089c4                CAN_1_SetIrqMask
 .text.CAN_1_GetTXErrorFlag
                0x000089fc       0x28 .\ARM_GCC_493\Debug\C-CAN.a(CAN_1.o)
                0x000089fc                CAN_1_GetTXErrorFlag
 .text.CAN_1_GetRXErrorFlag
                0x00008a24       0x28 .\ARM_GCC_493\Debug\C-CAN.a(CAN_1.o)
                0x00008a24                CAN_1_GetRXErrorFlag
 .text.CAN_1_GetTXErrorCount
                0x00008a4c       0x18 .\ARM_GCC_493\Debug\C-CAN.a(CAN_1.o)
                0x00008a4c                CAN_1_GetTXErrorCount
 .text.CAN_1_GetRXErrorCount
                0x00008a64       0x18 .\ARM_GCC_493\Debug\C-CAN.a(CAN_1.o)
                0x00008a64                CAN_1_GetRXErrorCount
 .text.CAN_1_GetErrorState
                0x00008a7c       0x20 .\ARM_GCC_493\Debug\C-CAN.a(CAN_1.o)
                0x00008a7c                CAN_1_GetErrorState
 .text.CAN_1_RxBufConfig
                0x00008a9c       0xec .\ARM_GCC_493\Debug\C-CAN.a(CAN_1.o)
                0x00008a9c                CAN_1_RxBufConfig
 .text.CAN_1_TxBufConfig
                0x00008b88       0x88 .\ARM_GCC_493\Debug\C-CAN.a(CAN_1.o)
                0x00008b88                CAN_1_TxBufConfig
 .text          0x00008c10        0x0 .\ARM_GCC_493\Debug\C-CAN.a(CAN_1_INT.o)
 .text.CAN_1_BusOffIsr
                0x00008c10       0x18 .\ARM_GCC_493\Debug\C-CAN.a(CAN_1_INT.o)
                0x00008c10                CAN_1_BusOffIsr
 .text.CAN_1_MsgRXIsr
                0x00008c28       0x68 .\ARM_GCC_493\Debug\C-CAN.a(CAN_1_INT.o)
                0x00008c28                CAN_1_MsgRXIsr
 .text.CAN_1_ISR
                0x00008c90       0x30 .\ARM_GCC_493\Debug\C-CAN.a(CAN_1_INT.o)
                0x00008c90                CAN_1_ISR
 .text          0x00008cc0        0x0 .\ARM_GCC_493\Debug\C-CAN.a(Encoder_Left.o)
 .text.Encoder_Left_Init
                0x00008cc0       0x80 .\ARM_GCC_493\Debug\C-CAN.a(Encoder_Left.o)
                0x00008cc0                Encoder_Left_Init
 .text.Encoder_Left_Enable
                0x00008d40       0x20 .\ARM_GCC_493\Debug\C-CAN.a(Encoder_Left.o)
                0x00008d40                Encoder_Left_Enable
 .text.Encoder_Left_Start
                0x00008d60       0x20 .\ARM_GCC_493\Debug\C-CAN.a(Encoder_Left.o)
                0x00008d60                Encoder_Left_Start
 .text.Encoder_Left_Stop
                0x00008d80       0x20 .\ARM_GCC_493\Debug\C-CAN.a(Encoder_Left.o)
                0x00008d80                Encoder_Left_Stop
 .text.Encoder_Left_SetInterruptMode
                0x00008da0       0x20 .\ARM_GCC_493\Debug\C-CAN.a(Encoder_Left.o)
                0x00008da0                Encoder_Left_SetInterruptMode
 .text.Encoder_Left_ReadStatusRegister
                0x00008dc0       0x18 .\ARM_GCC_493\Debug\C-CAN.a(Encoder_Left.o)
                0x00008dc0                Encoder_Left_ReadStatusRegister
 .text.Encoder_Left_ReadControlRegister
                0x00008dd8       0x18 .\ARM_GCC_493\Debug\C-CAN.a(Encoder_Left.o)
                0x00008dd8                Encoder_Left_ReadControlRegister
 .text.Encoder_Left_WriteControlRegister
                0x00008df0       0x20 .\ARM_GCC_493\Debug\C-CAN.a(Encoder_Left.o)
                0x00008df0                Encoder_Left_WriteControlRegister
 .text.Encoder_Left_WriteCounter
                0x00008e10       0x20 .\ARM_GCC_493\Debug\C-CAN.a(Encoder_Left.o)
                0x00008e10                Encoder_Left_WriteCounter
 .text.Encoder_Left_ReadCounter
                0x00008e30       0x20 .\ARM_GCC_493\Debug\C-CAN.a(Encoder_Left.o)
                0x00008e30                Encoder_Left_ReadCounter
 .text.Encoder_Left_ReadCapture
                0x00008e50       0x18 .\ARM_GCC_493\Debug\C-CAN.a(Encoder_Left.o)
                0x00008e50                Encoder_Left_ReadCapture
 .text.Encoder_Left_WritePeriod
                0x00008e68       0x20 .\ARM_GCC_493\Debug\C-CAN.a(Encoder_Left.o)
                0x00008e68                Encoder_Left_WritePeriod
 .text.Encoder_Left_ReadPeriod
                0x00008e88       0x18 .\ARM_GCC_493\Debug\C-CAN.a(Encoder_Left.o)
                0x00008e88                Encoder_Left_ReadPeriod
 .text.Encoder_Left_WriteCompare
                0x00008ea0       0x20 .\ARM_GCC_493\Debug\C-CAN.a(Encoder_Left.o)
                0x00008ea0                Encoder_Left_WriteCompare
 .text.Encoder_Left_ReadCompare
                0x00008ec0       0x18 .\ARM_GCC_493\Debug\C-CAN.a(Encoder_Left.o)
                0x00008ec0                Encoder_Left_ReadCompare
 .text.Encoder_Left_ClearFIFO
                0x00008ed8       0x1c .\ARM_GCC_493\Debug\C-CAN.a(Encoder_Left.o)
                0x00008ed8                Encoder_Left_ClearFIFO
 .text          0x00008ef4        0x0 .\ARM_GCC_493\Debug\C-CAN.a(Encoder_Right.o)
 .text.Encoder_Right_Init
                0x00008ef4       0x80 .\ARM_GCC_493\Debug\C-CAN.a(Encoder_Right.o)
                0x00008ef4                Encoder_Right_Init
 .text.Encoder_Right_Enable
                0x00008f74       0x20 .\ARM_GCC_493\Debug\C-CAN.a(Encoder_Right.o)
                0x00008f74                Encoder_Right_Enable
 .text.Encoder_Right_Start
                0x00008f94       0x20 .\ARM_GCC_493\Debug\C-CAN.a(Encoder_Right.o)
                0x00008f94                Encoder_Right_Start
 .text.Encoder_Right_Stop
                0x00008fb4       0x20 .\ARM_GCC_493\Debug\C-CAN.a(Encoder_Right.o)
                0x00008fb4                Encoder_Right_Stop
 .text.Encoder_Right_SetInterruptMode
                0x00008fd4       0x20 .\ARM_GCC_493\Debug\C-CAN.a(Encoder_Right.o)
                0x00008fd4                Encoder_Right_SetInterruptMode
 .text.Encoder_Right_ReadStatusRegister
                0x00008ff4       0x18 .\ARM_GCC_493\Debug\C-CAN.a(Encoder_Right.o)
                0x00008ff4                Encoder_Right_ReadStatusRegister
 .text.Encoder_Right_ReadControlRegister
                0x0000900c       0x18 .\ARM_GCC_493\Debug\C-CAN.a(Encoder_Right.o)
                0x0000900c                Encoder_Right_ReadControlRegister
 .text.Encoder_Right_WriteControlRegister
                0x00009024       0x20 .\ARM_GCC_493\Debug\C-CAN.a(Encoder_Right.o)
                0x00009024                Encoder_Right_WriteControlRegister
 .text.Encoder_Right_WriteCounter
                0x00009044       0x20 .\ARM_GCC_493\Debug\C-CAN.a(Encoder_Right.o)
                0x00009044                Encoder_Right_WriteCounter
 .text.Encoder_Right_ReadCounter
                0x00009064       0x20 .\ARM_GCC_493\Debug\C-CAN.a(Encoder_Right.o)
                0x00009064                Encoder_Right_ReadCounter
 .text.Encoder_Right_ReadCapture
                0x00009084       0x18 .\ARM_GCC_493\Debug\C-CAN.a(Encoder_Right.o)
                0x00009084                Encoder_Right_ReadCapture
 .text.Encoder_Right_WritePeriod
                0x0000909c       0x20 .\ARM_GCC_493\Debug\C-CAN.a(Encoder_Right.o)
                0x0000909c                Encoder_Right_WritePeriod
 .text.Encoder_Right_ReadPeriod
                0x000090bc       0x18 .\ARM_GCC_493\Debug\C-CAN.a(Encoder_Right.o)
                0x000090bc                Encoder_Right_ReadPeriod
 .text.Encoder_Right_WriteCompare
                0x000090d4       0x20 .\ARM_GCC_493\Debug\C-CAN.a(Encoder_Right.o)
                0x000090d4                Encoder_Right_WriteCompare
 .text.Encoder_Right_ReadCompare
                0x000090f4       0x18 .\ARM_GCC_493\Debug\C-CAN.a(Encoder_Right.o)
                0x000090f4                Encoder_Right_ReadCompare
 .text.Encoder_Right_ClearFIFO
                0x0000910c       0x1c .\ARM_GCC_493\Debug\C-CAN.a(Encoder_Right.o)
                0x0000910c                Encoder_Right_ClearFIFO
 .text          0x00009128        0x0 .\ARM_GCC_493\Debug\C-CAN.a(leftEncTimer.o)
 .text.leftEncTimer_Init
                0x00009128       0x80 .\ARM_GCC_493\Debug\C-CAN.a(leftEncTimer.o)
                0x00009128                leftEncTimer_Init
 .text.leftEncTimer_Enable
                0x000091a8       0x20 .\ARM_GCC_493\Debug\C-CAN.a(leftEncTimer.o)
                0x000091a8                leftEncTimer_Enable
 .text.leftEncTimer_Start
                0x000091c8       0x20 .\ARM_GCC_493\Debug\C-CAN.a(leftEncTimer.o)
                0x000091c8                leftEncTimer_Start
 .text.leftEncTimer_Stop
                0x000091e8       0x20 .\ARM_GCC_493\Debug\C-CAN.a(leftEncTimer.o)
                0x000091e8                leftEncTimer_Stop
 .text.leftEncTimer_SetInterruptMode
                0x00009208       0x20 .\ARM_GCC_493\Debug\C-CAN.a(leftEncTimer.o)
                0x00009208                leftEncTimer_SetInterruptMode
 .text.leftEncTimer_ReadStatusRegister
                0x00009228       0x18 .\ARM_GCC_493\Debug\C-CAN.a(leftEncTimer.o)
                0x00009228                leftEncTimer_ReadStatusRegister
 .text.leftEncTimer_ReadControlRegister
                0x00009240       0x18 .\ARM_GCC_493\Debug\C-CAN.a(leftEncTimer.o)
                0x00009240                leftEncTimer_ReadControlRegister
 .text.leftEncTimer_WriteControlRegister
                0x00009258       0x20 .\ARM_GCC_493\Debug\C-CAN.a(leftEncTimer.o)
                0x00009258                leftEncTimer_WriteControlRegister
 .text.leftEncTimer_WriteCounter
                0x00009278       0x20 .\ARM_GCC_493\Debug\C-CAN.a(leftEncTimer.o)
                0x00009278                leftEncTimer_WriteCounter
 .text.leftEncTimer_ReadCounter
                0x00009298       0x20 .\ARM_GCC_493\Debug\C-CAN.a(leftEncTimer.o)
                0x00009298                leftEncTimer_ReadCounter
 .text.leftEncTimer_ReadCapture
                0x000092b8       0x18 .\ARM_GCC_493\Debug\C-CAN.a(leftEncTimer.o)
                0x000092b8                leftEncTimer_ReadCapture
 .text.leftEncTimer_WritePeriod
                0x000092d0       0x20 .\ARM_GCC_493\Debug\C-CAN.a(leftEncTimer.o)
                0x000092d0                leftEncTimer_WritePeriod
 .text.leftEncTimer_ReadPeriod
                0x000092f0       0x18 .\ARM_GCC_493\Debug\C-CAN.a(leftEncTimer.o)
                0x000092f0                leftEncTimer_ReadPeriod
 .text.leftEncTimer_WriteCompare
                0x00009308       0x20 .\ARM_GCC_493\Debug\C-CAN.a(leftEncTimer.o)
                0x00009308                leftEncTimer_WriteCompare
 .text.leftEncTimer_ReadCompare
                0x00009328       0x18 .\ARM_GCC_493\Debug\C-CAN.a(leftEncTimer.o)
                0x00009328                leftEncTimer_ReadCompare
 .text.leftEncTimer_ClearFIFO
                0x00009340       0x1c .\ARM_GCC_493\Debug\C-CAN.a(leftEncTimer.o)
                0x00009340                leftEncTimer_ClearFIFO
 .text          0x0000935c        0x0 .\ARM_GCC_493\Debug\C-CAN.a(rightEncTimer.o)
 .text.rightEncTimer_Init
                0x0000935c       0x80 .\ARM_GCC_493\Debug\C-CAN.a(rightEncTimer.o)
                0x0000935c                rightEncTimer_Init
 .text.rightEncTimer_Enable
                0x000093dc       0x20 .\ARM_GCC_493\Debug\C-CAN.a(rightEncTimer.o)
                0x000093dc                rightEncTimer_Enable
 .text.rightEncTimer_Start
                0x000093fc       0x20 .\ARM_GCC_493\Debug\C-CAN.a(rightEncTimer.o)
                0x000093fc                rightEncTimer_Start
 .text.rightEncTimer_Stop
                0x0000941c       0x20 .\ARM_GCC_493\Debug\C-CAN.a(rightEncTimer.o)
                0x0000941c                rightEncTimer_Stop
 .text.rightEncTimer_SetInterruptMode
                0x0000943c       0x20 .\ARM_GCC_493\Debug\C-CAN.a(rightEncTimer.o)
                0x0000943c                rightEncTimer_SetInterruptMode
 .text.rightEncTimer_ReadStatusRegister
                0x0000945c       0x18 .\ARM_GCC_493\Debug\C-CAN.a(rightEncTimer.o)
                0x0000945c                rightEncTimer_ReadStatusRegister
 .text.rightEncTimer_ReadControlRegister
                0x00009474       0x18 .\ARM_GCC_493\Debug\C-CAN.a(rightEncTimer.o)
                0x00009474                rightEncTimer_ReadControlRegister
 .text.rightEncTimer_WriteControlRegister
                0x0000948c       0x20 .\ARM_GCC_493\Debug\C-CAN.a(rightEncTimer.o)
                0x0000948c                rightEncTimer_WriteControlRegister
 .text.rightEncTimer_WriteCounter
                0x000094ac       0x20 .\ARM_GCC_493\Debug\C-CAN.a(rightEncTimer.o)
                0x000094ac                rightEncTimer_WriteCounter
 .text.rightEncTimer_ReadCounter
                0x000094cc       0x20 .\ARM_GCC_493\Debug\C-CAN.a(rightEncTimer.o)
                0x000094cc                rightEncTimer_ReadCounter
 .text.rightEncTimer_ReadCapture
                0x000094ec       0x18 .\ARM_GCC_493\Debug\C-CAN.a(rightEncTimer.o)
                0x000094ec                rightEncTimer_ReadCapture
 .text.rightEncTimer_WritePeriod
                0x00009504       0x20 .\ARM_GCC_493\Debug\C-CAN.a(rightEncTimer.o)
                0x00009504                rightEncTimer_WritePeriod
 .text.rightEncTimer_ReadPeriod
                0x00009524       0x18 .\ARM_GCC_493\Debug\C-CAN.a(rightEncTimer.o)
                0x00009524                rightEncTimer_ReadPeriod
 .text.rightEncTimer_WriteCompare
                0x0000953c       0x20 .\ARM_GCC_493\Debug\C-CAN.a(rightEncTimer.o)
                0x0000953c                rightEncTimer_WriteCompare
 .text.rightEncTimer_ReadCompare
                0x0000955c       0x18 .\ARM_GCC_493\Debug\C-CAN.a(rightEncTimer.o)
                0x0000955c                rightEncTimer_ReadCompare
 .text.rightEncTimer_ClearFIFO
                0x00009574       0x1c .\ARM_GCC_493\Debug\C-CAN.a(rightEncTimer.o)
                0x00009574                rightEncTimer_ClearFIFO
 .text          0x00009590        0x0 .\ARM_GCC_493\Debug\C-CAN.a(CyFlash.o)
 .text.CyFlash_Start
                0x00009590       0x8c .\ARM_GCC_493\Debug\C-CAN.a(CyFlash.o)
                0x00009590                CyFlash_Start
 .text.CyFlash_Stop
                0x0000961c       0x44 .\ARM_GCC_493\Debug\C-CAN.a(CyFlash.o)
                0x0000961c                CyFlash_Stop
 .text.CySetTempInt
                0x00009660       0x7c .\ARM_GCC_493\Debug\C-CAN.a(CyFlash.o)
 .text.CyFlashGetSpcAlgorithm
                0x000096dc       0x70 .\ARM_GCC_493\Debug\C-CAN.a(CyFlash.o)
 .text.CySetTemp
                0x0000974c       0x24 .\ARM_GCC_493\Debug\C-CAN.a(CyFlash.o)
                0x0000974c                CySetTemp
 .text.CySetFlashEEBuffer
                0x00009770       0x54 .\ARM_GCC_493\Debug\C-CAN.a(CyFlash.o)
                0x00009770                CySetFlashEEBuffer
 .text.CyWriteRowData
                0x000097c4       0x3c .\ARM_GCC_493\Debug\C-CAN.a(CyFlash.o)
                0x000097c4                CyWriteRowData
 .text.CyWriteRowFull
                0x00009800      0x158 .\ARM_GCC_493\Debug\C-CAN.a(CyFlash.o)
                0x00009800                CyWriteRowFull
 .text.CyFlash_SetWaitCycles
                0x00009958       0xbc .\ARM_GCC_493\Debug\C-CAN.a(CyFlash.o)
                0x00009958                CyFlash_SetWaitCycles
 .text.CyEEPROM_Start
                0x00009a14       0x8c .\ARM_GCC_493\Debug\C-CAN.a(CyFlash.o)
                0x00009a14                CyEEPROM_Start
 .text.CyEEPROM_Stop
                0x00009aa0       0x44 .\ARM_GCC_493\Debug\C-CAN.a(CyFlash.o)
                0x00009aa0                CyEEPROM_Stop
 .text.CyEEPROM_ReadReserve
                0x00009ae4       0x30 .\ARM_GCC_493\Debug\C-CAN.a(CyFlash.o)
                0x00009ae4                CyEEPROM_ReadReserve
 .text.CyEEPROM_ReadRelease
                0x00009b14       0x20 .\ARM_GCC_493\Debug\C-CAN.a(CyFlash.o)
                0x00009b14                CyEEPROM_ReadRelease
 .text          0x00009b34        0x0 .\ARM_GCC_493\Debug\C-CAN.a(CySpc.o)
 .text.CySpcStart
                0x00009b34       0x44 .\ARM_GCC_493\Debug\C-CAN.a(CySpc.o)
                0x00009b34                CySpcStart
 .text.CySpcStop
                0x00009b78       0x44 .\ARM_GCC_493\Debug\C-CAN.a(CySpc.o)
                0x00009b78                CySpcStop
 .text.CySpcReadData
                0x00009bbc       0x58 .\ARM_GCC_493\Debug\C-CAN.a(CySpc.o)
                0x00009bbc                CySpcReadData
 .text.CySpcLoadMultiByte
                0x00009c14       0xd4 .\ARM_GCC_493\Debug\C-CAN.a(CySpc.o)
                0x00009c14                CySpcLoadMultiByte
 .text.CySpcLoadRow
                0x00009ce8       0x8c .\ARM_GCC_493\Debug\C-CAN.a(CySpc.o)
                0x00009ce8                CySpcLoadRow
 .text.CySpcLoadRowFull
                0x00009d74       0xd0 .\ARM_GCC_493\Debug\C-CAN.a(CySpc.o)
                0x00009d74                CySpcLoadRowFull
 .text.CySpcWriteRow
                0x00009e44       0x98 .\ARM_GCC_493\Debug\C-CAN.a(CySpc.o)
                0x00009e44                CySpcWriteRow
 .text.CySpcEraseSector
                0x00009edc       0x70 .\ARM_GCC_493\Debug\C-CAN.a(CySpc.o)
                0x00009edc                CySpcEraseSector
 .text.CySpcGetTemp
                0x00009f4c       0x64 .\ARM_GCC_493\Debug\C-CAN.a(CySpc.o)
                0x00009f4c                CySpcGetTemp
 .text.CySpcLock
                0x00009fb0       0x68 .\ARM_GCC_493\Debug\C-CAN.a(CySpc.o)
                0x00009fb0                CySpcLock
 .text.CySpcUnlock
                0x0000a018       0x50 .\ARM_GCC_493\Debug\C-CAN.a(CySpc.o)
                0x0000a018                CySpcUnlock
 .text.CySpcGetAlgorithm
                0x0000a068       0x48 .\ARM_GCC_493\Debug\C-CAN.a(CySpc.o)
                0x0000a068                CySpcGetAlgorithm
 .text          0x0000a0b0      0x21c c:/program files (x86)/cypress/psoc creator/3.3/psoc creator/import/gnu/arm/4.9.3/bin/../lib/gcc/arm-none-eabi/4.9.3/armv7-m\libgcc.a(_arm_addsubsf3.o)
                0x0000a0b0                __aeabi_frsub
                0x0000a0b8                __subsf3
                0x0000a0b8                __aeabi_fsub
                0x0000a0bc                __aeabi_fadd
                0x0000a0bc                __addsf3
                0x0000a21c                __aeabi_ui2f
                0x0000a21c                __floatunsisf
                0x0000a224                __aeabi_i2f
                0x0000a224                __floatsisf
                0x0000a240                __aeabi_ul2f
                0x0000a240                __floatundisf
                0x0000a250                __aeabi_l2f
                0x0000a250                __floatdisf
 .text          0x0000a2cc      0x2a0 c:/program files (x86)/cypress/psoc creator/3.3/psoc creator/import/gnu/arm/4.9.3/bin/../lib/gcc/arm-none-eabi/4.9.3/armv7-m\libgcc.a(_arm_muldivsf3.o)
                0x0000a2cc                __mulsf3
                0x0000a2cc                __aeabi_fmul
                0x0000a434                __aeabi_fdiv
                0x0000a434                __divsf3
 .text          0x0000a56c       0x38 c:/program files (x86)/cypress/psoc creator/3.3/psoc creator/import/gnu/arm/4.9.3/bin/../lib/gcc/arm-none-eabi/4.9.3/armv7-m\libgcc.a(_aeabi_ldivmod.o)
                0x0000a56c                __aeabi_ldivmod
 .text          0x0000a5a4       0x60 c:/program files (x86)/cypress/psoc creator/3.3/psoc creator/import/gnu/arm/4.9.3/bin/../lib/gcc/arm-none-eabi/4.9.3/armv7-m\libgcc.a(bpabi.o)
                0x0000a5a4                __gnu_ldivmod_helper
                0x0000a5d4                __gnu_uldivmod_helper
 .text          0x0000a604        0x4 c:/program files (x86)/cypress/psoc creator/3.3/psoc creator/import/gnu/arm/4.9.3/bin/../lib/gcc/arm-none-eabi/4.9.3/armv7-m\libgcc.a(_dvmd_tls.o)
                0x0000a604                __aeabi_idiv0
                0x0000a604                __aeabi_ldiv0
 .text          0x0000a608      0x2ac c:/program files (x86)/cypress/psoc creator/3.3/psoc creator/import/gnu/arm/4.9.3/bin/../lib/gcc/arm-none-eabi/4.9.3/armv7-m\libgcc.a(_divdi3.o)
                0x0000a608                __divdi3
 .text          0x0000a8b4      0x270 c:/program files (x86)/cypress/psoc creator/3.3/psoc creator/import/gnu/arm/4.9.3/bin/../lib/gcc/arm-none-eabi/4.9.3/armv7-m\libgcc.a(_udivdi3.o)
                0x0000a8b4                __udivdi3
 .text          0x0000ab24        0x0 c:/program files (x86)/cypress/psoc creator/3.3/psoc creator/import/gnu/arm/4.9.3/bin/../lib/gcc/arm-none-eabi/4.9.3/../../../../arm-none-eabi/lib/armv7-m\libg_nano.a(lib_a-errno.o)
 .text.__errno  0x0000ab24        0xc c:/program files (x86)/cypress/psoc creator/3.3/psoc creator/import/gnu/arm/4.9.3/bin/../lib/gcc/arm-none-eabi/4.9.3/../../../../arm-none-eabi/lib/armv7-m\libg_nano.a(lib_a-errno.o)
                0x0000ab24                __errno
 .text          0x0000ab30        0x0 c:/program files (x86)/cypress/psoc creator/3.3/psoc creator/import/gnu/arm/4.9.3/bin/../lib/gcc/arm-none-eabi/4.9.3/../../../../arm-none-eabi/lib/armv7-m\libg_nano.a(lib_a-exit.o)
 .text.exit     0x0000ab30       0x28 c:/program files (x86)/cypress/psoc creator/3.3/psoc creator/import/gnu/arm/4.9.3/bin/../lib/gcc/arm-none-eabi/4.9.3/../../../../arm-none-eabi/lib/armv7-m\libg_nano.a(lib_a-exit.o)
                0x0000ab30                exit
 .text          0x0000ab58        0x0 c:/program files (x86)/cypress/psoc creator/3.3/psoc creator/import/gnu/arm/4.9.3/bin/../lib/gcc/arm-none-eabi/4.9.3/../../../../arm-none-eabi/lib/armv7-m\libg_nano.a(lib_a-impure.o)
 .text          0x0000ab58        0x0 c:/program files (x86)/cypress/psoc creator/3.3/psoc creator/import/gnu/arm/4.9.3/bin/../lib/gcc/arm-none-eabi/4.9.3/../../../../arm-none-eabi/lib/armv7-m\libg_nano.a(lib_a-init.o)
 .text.__libc_init_array
                0x0000ab58       0x4c c:/program files (x86)/cypress/psoc creator/3.3/psoc creator/import/gnu/arm/4.9.3/bin/../lib/gcc/arm-none-eabi/4.9.3/../../../../arm-none-eabi/lib/armv7-m\libg_nano.a(lib_a-init.o)
                0x0000ab58                __libc_init_array
 .text          0x0000aba4        0x0 c:/program files (x86)/cypress/psoc creator/3.3/psoc creator/import/gnu/arm/4.9.3/bin/../lib/gcc/arm-none-eabi/4.9.3/../../../../arm-none-eabi/lib/armv7-m\libg_nano.a(lib_a-memcpy.o)
 .text.memcpy   0x0000aba4       0x16 c:/program files (x86)/cypress/psoc creator/3.3/psoc creator/import/gnu/arm/4.9.3/bin/../lib/gcc/arm-none-eabi/4.9.3/../../../../arm-none-eabi/lib/armv7-m\libg_nano.a(lib_a-memcpy.o)
                0x0000aba4                memcpy
 .text          0x0000abba        0x0 c:/program files (x86)/cypress/psoc creator/3.3/psoc creator/import/gnu/arm/4.9.3/bin/../lib/gcc/arm-none-eabi/4.9.3/../../../../arm-none-eabi/lib/armv7-m\libg_nano.a(lib_a-memset.o)
 .text.memset   0x0000abba       0x10 c:/program files (x86)/cypress/psoc creator/3.3/psoc creator/import/gnu/arm/4.9.3/bin/../lib/gcc/arm-none-eabi/4.9.3/../../../../arm-none-eabi/lib/armv7-m\libg_nano.a(lib_a-memset.o)
                0x0000abba                memset
 .text          0x0000abca        0x0 c:/program files (x86)/cypress/psoc creator/3.3/psoc creator/import/gnu/arm/4.9.3/bin/../lib/gcc/arm-none-eabi/4.9.3/armv7-m/crtend.o
 .text          0x0000abca        0x0 c:/program files (x86)/cypress/psoc creator/3.3/psoc creator/import/gnu/arm/4.9.3/bin/../lib/gcc/arm-none-eabi/4.9.3/armv7-m/crtn.o
 *(.plt)
 *(.gnu.warning)
 *(.glue_7t)
 .glue_7t       0x00000000        0x0 linker stubs
 *(.glue_7)
 .glue_7        0x00000000        0x0 linker stubs
 *(.vfp11_veneer)
 .vfp11_veneer  0x00000000        0x0 linker stubs
 *(.bootloader)
 *(.ARM.extab* .gnu.linkonce.armextab.*)
 .ARM.extab     0x0000abca        0x0 c:/program files (x86)/cypress/psoc creator/3.3/psoc creator/import/gnu/arm/4.9.3/bin/../lib/gcc/arm-none-eabi/4.9.3/../../../../arm-none-eabi/lib/armv7-m/crt0.o
 .ARM.extab     0x0000abca        0x0 c:/program files (x86)/cypress/psoc creator/3.3/psoc creator/import/gnu/arm/4.9.3/bin/../lib/gcc/arm-none-eabi/4.9.3/armv7-m\libgcc.a(_divdi3.o)
 .ARM.extab     0x0000abca        0x0 c:/program files (x86)/cypress/psoc creator/3.3/psoc creator/import/gnu/arm/4.9.3/bin/../lib/gcc/arm-none-eabi/4.9.3/armv7-m\libgcc.a(_udivdi3.o)
 *(.gcc_except_table)

.v4_bx          0x0000abcc        0x0
 .v4_bx         0x00000000        0x0 linker stubs

.iplt           0x0000abcc        0x0
 .iplt          0x00000000        0x0 c:/program files (x86)/cypress/psoc creator/3.3/psoc creator/import/gnu/arm/4.9.3/bin/../lib/gcc/arm-none-eabi/4.9.3/armv7-m/crtbegin.o

.eh_frame_hdr
 *(.eh_frame_hdr)

.eh_frame       0x0000abcc        0x4
 *(.eh_frame)
 .eh_frame      0x0000abcc        0x0 c:/program files (x86)/cypress/psoc creator/3.3/psoc creator/import/gnu/arm/4.9.3/bin/../lib/gcc/arm-none-eabi/4.9.3/armv7-m/crtbegin.o
 .eh_frame      0x0000abcc        0x4 c:/program files (x86)/cypress/psoc creator/3.3/psoc creator/import/gnu/arm/4.9.3/bin/../lib/gcc/arm-none-eabi/4.9.3/armv7-m/crtend.o
                0x0000abd0                PROVIDE (__exidx_start, .)

.ARM.exidx      0x0000abd0        0x8
 *(.ARM.exidx* .gnu.linkonce.armexidx.*)
 .ARM.exidx     0x0000abd0        0x8 c:/program files (x86)/cypress/psoc creator/3.3/psoc creator/import/gnu/arm/4.9.3/bin/../lib/gcc/arm-none-eabi/4.9.3/../../../../arm-none-eabi/lib/armv7-m/crt0.o
 .ARM.exidx     0x0000abd8        0x0 c:/program files (x86)/cypress/psoc creator/3.3/psoc creator/import/gnu/arm/4.9.3/bin/../lib/gcc/arm-none-eabi/4.9.3/armv7-m\libgcc.a(_divdi3.o)
                                  0x8 (size before relaxing)
 .ARM.exidx     0x0000abd8        0x0 c:/program files (x86)/cypress/psoc creator/3.3/psoc creator/import/gnu/arm/4.9.3/bin/../lib/gcc/arm-none-eabi/4.9.3/armv7-m\libgcc.a(_udivdi3.o)
                                  0x8 (size before relaxing)
                0x0000abd8                __exidx_end = .

.rodata         0x0000abd8      0x268
 *(.rodata .rodata.* .gnu.linkonce.r.*)
 .rodata        0x0000abd8       0x34 .\ARM_GCC_493\Debug\main.o
 .rodata        0x0000ac0c       0x88 .\ARM_GCC_493\Debug\C-CAN.a(cyfitter_cfg.o)
 .rodata        0x0000ac94       0x10 .\ARM_GCC_493\Debug\C-CAN.a(cyPm.o)
 .rodata        0x0000aca4      0x160 .\ARM_GCC_493\Debug\C-CAN.a(CAN_1.o)
 .rodata.str1.1
                0x0000ae04        0x2 c:/program files (x86)/cypress/psoc creator/3.3/psoc creator/import/gnu/arm/4.9.3/bin/../lib/gcc/arm-none-eabi/4.9.3/../../../../arm-none-eabi/lib/armv7-m\libg_nano.a(lib_a-impure.o)
 *fill*         0x0000ae06        0x2 
 .rodata._global_impure_ptr
                0x0000ae08        0x4 c:/program files (x86)/cypress/psoc creator/3.3/psoc creator/import/gnu/arm/4.9.3/bin/../lib/gcc/arm-none-eabi/4.9.3/../../../../arm-none-eabi/lib/armv7-m\libg_nano.a(lib_a-impure.o)
                0x0000ae08                _global_impure_ptr
                0x0000ae0c                . = ALIGN (0x4)
 *(.init)
 .init          0x0000ae0c        0x4 c:/program files (x86)/cypress/psoc creator/3.3/psoc creator/import/gnu/arm/4.9.3/bin/../lib/gcc/arm-none-eabi/4.9.3/armv7-m/crti.o
                0x0000ae0c                _init
 .init          0x0000ae10        0x8 c:/program files (x86)/cypress/psoc creator/3.3/psoc creator/import/gnu/arm/4.9.3/bin/../lib/gcc/arm-none-eabi/4.9.3/armv7-m/crtn.o
                0x0000ae18                . = ALIGN (0x4)
                0x0000ae18                __preinit_array_start = .
 *(.preinit_array)
                0x0000ae18                __preinit_array_end = .
                0x0000ae18                . = ALIGN (0x4)
                0x0000ae18                __init_array_start = .
 *(SORT(.init_array.*))
 *(.init_array)
 .init_array    0x0000ae18        0x4 c:/program files (x86)/cypress/psoc creator/3.3/psoc creator/import/gnu/arm/4.9.3/bin/../lib/gcc/arm-none-eabi/4.9.3/armv7-m/crtbegin.o
 .init_array    0x0000ae1c        0x4 .\ARM_GCC_493\Debug\Cm3Start.o
                0x0000ae20                __init_array_end = .
                0x0000ae20                . = ALIGN (0x4)
 *(.fini)
 .fini          0x0000ae20        0x4 c:/program files (x86)/cypress/psoc creator/3.3/psoc creator/import/gnu/arm/4.9.3/bin/../lib/gcc/arm-none-eabi/4.9.3/armv7-m/crti.o
                0x0000ae20                _fini
 .fini          0x0000ae24        0x8 c:/program files (x86)/cypress/psoc creator/3.3/psoc creator/import/gnu/arm/4.9.3/bin/../lib/gcc/arm-none-eabi/4.9.3/armv7-m/crtn.o
                0x0000ae2c                . = ALIGN (0x4)
                0x0000ae2c                __fini_array_start = .
 *(.fini_array)
 .fini_array    0x0000ae2c        0x4 c:/program files (x86)/cypress/psoc creator/3.3/psoc creator/import/gnu/arm/4.9.3/bin/../lib/gcc/arm-none-eabi/4.9.3/armv7-m/crtbegin.o
 *(SORT(.fini_array.*))
                0x0000ae30                __fini_array_end = .
                0x0000ae30                . = ALIGN (0x4)
 *crtbegin.o(.ctors)
 *(EXCLUDE_FILE(*crtend.o) .ctors)
 *(SORT(.ctors.*))
 *crtend.o(.ctors)
                0x0000ae30                . = ALIGN (0x4)
 *crtbegin.o(.dtors)
 *(EXCLUDE_FILE(*crtend.o) .dtors)
 *(SORT(.dtors.*))
 *crtend.o(.dtors)
                0x0000ae30                . = ALIGN (0x4)
                0x0000ae30                __cy_regions = .
                0x0000ae30        0x4 LONG 0xae40 __cy_region_init_ram
                0x0000ae34        0x4 LONG 0x1fff8108 __cy_region_start_data
                0x0000ae38        0x4 LONG 0x88 __cy_region_init_size_ram
                0x0000ae3c        0x4 LONG 0x6b0 __cy_region_zero_size_ram
                0x0000ae40                __cy_regions_end = .
                0x0000ae40                . = ALIGN (0x8)
                0x0000ae40                _etext = .

.ramvectors     0x1fff8000      0x100
                0x1fff8000                __cy_region_start_ram = .
 *(.ramvectors)
 .ramvectors    0x1fff8000      0x100 .\ARM_GCC_493\Debug\Cm3Start.o
                0x1fff8000                CyRamVectors

.noinit         0x1fff8100        0x5
 *(.noinit)
 .noinit        0x1fff8100        0x4 .\ARM_GCC_493\Debug\Cm3Start.o
 .noinit        0x1fff8104        0x1 .\ARM_GCC_493\Debug\C-CAN.a(CyLib.o)
                0x1fff8104                CyResetStatus

.data           0x1fff8108       0x88 load address 0x0000ae40
                0x1fff8108                __cy_region_start_data = .
 *(.jcr)
 .jcr           0x1fff8108        0x0 c:/program files (x86)/cypress/psoc creator/3.3/psoc creator/import/gnu/arm/4.9.3/bin/../lib/gcc/arm-none-eabi/4.9.3/armv7-m/crtbegin.o
 .jcr           0x1fff8108        0x4 c:/program files (x86)/cypress/psoc creator/3.3/psoc creator/import/gnu/arm/4.9.3/bin/../lib/gcc/arm-none-eabi/4.9.3/armv7-m/crtend.o
 *(.got.plt)
 *(.got)
 *(.shdata)
 *(.data .data.* .gnu.linkonce.d.*)
 .data          0x1fff810c        0x0 c:/program files (x86)/cypress/psoc creator/3.3/psoc creator/import/gnu/arm/4.9.3/bin/../lib/gcc/arm-none-eabi/4.9.3/armv7-m/crti.o
 .data          0x1fff810c        0x4 c:/program files (x86)/cypress/psoc creator/3.3/psoc creator/import/gnu/arm/4.9.3/bin/../lib/gcc/arm-none-eabi/4.9.3/armv7-m/crtbegin.o
                0x1fff810c                __dso_handle
 .data          0x1fff8110        0x0 c:/program files (x86)/cypress/psoc creator/3.3/psoc creator/import/gnu/arm/4.9.3/bin/../lib/gcc/arm-none-eabi/4.9.3/../../../../arm-none-eabi/lib/armv7-m/crt0.o
 .data          0x1fff8110        0x0 .\ARM_GCC_493\Debug\main.o
 .data          0x1fff8110        0x0 .\ARM_GCC_493\Debug\C-CAN.o
 .data          0x1fff8110        0x0 .\ARM_GCC_493\Debug\cymetadata.o
 .data          0x1fff8110        0x4 .\ARM_GCC_493\Debug\Cm3Start.o
 .data          0x1fff8114        0x0 .\ARM_GCC_493\Debug\cybootloader.o
 .data          0x1fff8114        0x0 .\ARM_GCC_493\Debug\C-CAN.a(cyfitter_cfg.o)
 .data          0x1fff8114        0x0 .\ARM_GCC_493\Debug\C-CAN.a(UART_1.o)
 .data          0x1fff8114        0x0 .\ARM_GCC_493\Debug\C-CAN.a(UART_1_INT.o)
 .data          0x1fff8114        0x0 .\ARM_GCC_493\Debug\C-CAN.a(UART_1_IntClock.o)
 .data          0x1fff8114        0x0 .\ARM_GCC_493\Debug\C-CAN.a(CyBootAsmGnu.o)
 .data          0x1fff8114       0x10 .\ARM_GCC_493\Debug\C-CAN.a(CyLib.o)
                0x1fff8114                cydelay_freq_hz
                0x1fff8118                cydelay_freq_khz
                0x1fff811c                cydelay_freq_mhz
                0x1fff8120                cydelay_32k_ms
 .data          0x1fff8124        0x0 .\ARM_GCC_493\Debug\C-CAN.a(cyPm.o)
 .data          0x1fff8124        0x0 .\ARM_GCC_493\Debug\C-CAN.a(ADC_SAR_1.o)
 .data          0x1fff8124        0x0 .\ARM_GCC_493\Debug\C-CAN.a(ADC_SAR_1_INT.o)
 .data          0x1fff8124        0x0 .\ARM_GCC_493\Debug\C-CAN.a(ADC_SAR_1_theACLK.o)
 .data          0x1fff8124        0x1 .\ARM_GCC_493\Debug\C-CAN.a(AMux_1.o)
 .data          0x1fff8125        0x0 .\ARM_GCC_493\Debug\C-CAN.a(CAN_1.o)
 .data          0x1fff8125        0x0 .\ARM_GCC_493\Debug\C-CAN.a(CAN_1_INT.o)
 .data          0x1fff8125        0x0 .\ARM_GCC_493\Debug\C-CAN.a(Encoder_Left.o)
 .data          0x1fff8125        0x0 .\ARM_GCC_493\Debug\C-CAN.a(Encoder_Right.o)
 .data          0x1fff8125        0x0 .\ARM_GCC_493\Debug\C-CAN.a(leftEncTimer.o)
 .data          0x1fff8125        0x0 .\ARM_GCC_493\Debug\C-CAN.a(rightEncTimer.o)
 .data          0x1fff8125        0x0 .\ARM_GCC_493\Debug\C-CAN.a(CyFlash.o)
 .data          0x1fff8125        0x0 .\ARM_GCC_493\Debug\C-CAN.a(CySpc.o)
 .data          0x1fff8125        0x0 c:/program files (x86)/cypress/psoc creator/3.3/psoc creator/import/gnu/arm/4.9.3/bin/../lib/gcc/arm-none-eabi/4.9.3/armv7-m\libgcc.a(_arm_addsubsf3.o)
 .data          0x1fff8125        0x0 c:/program files (x86)/cypress/psoc creator/3.3/psoc creator/import/gnu/arm/4.9.3/bin/../lib/gcc/arm-none-eabi/4.9.3/armv7-m\libgcc.a(_arm_muldivsf3.o)
 .data          0x1fff8125        0x0 c:/program files (x86)/cypress/psoc creator/3.3/psoc creator/import/gnu/arm/4.9.3/bin/../lib/gcc/arm-none-eabi/4.9.3/armv7-m\libgcc.a(_aeabi_ldivmod.o)
 .data          0x1fff8125        0x0 c:/program files (x86)/cypress/psoc creator/3.3/psoc creator/import/gnu/arm/4.9.3/bin/../lib/gcc/arm-none-eabi/4.9.3/armv7-m\libgcc.a(bpabi.o)
 .data          0x1fff8125        0x0 c:/program files (x86)/cypress/psoc creator/3.3/psoc creator/import/gnu/arm/4.9.3/bin/../lib/gcc/arm-none-eabi/4.9.3/armv7-m\libgcc.a(_dvmd_tls.o)
 .data          0x1fff8125        0x0 c:/program files (x86)/cypress/psoc creator/3.3/psoc creator/import/gnu/arm/4.9.3/bin/../lib/gcc/arm-none-eabi/4.9.3/armv7-m\libgcc.a(_divdi3.o)
 .data          0x1fff8125        0x0 c:/program files (x86)/cypress/psoc creator/3.3/psoc creator/import/gnu/arm/4.9.3/bin/../lib/gcc/arm-none-eabi/4.9.3/armv7-m\libgcc.a(_udivdi3.o)
 .data          0x1fff8125        0x0 c:/program files (x86)/cypress/psoc creator/3.3/psoc creator/import/gnu/arm/4.9.3/bin/../lib/gcc/arm-none-eabi/4.9.3/../../../../arm-none-eabi/lib/armv7-m\libg_nano.a(lib_a-errno.o)
 .data          0x1fff8125        0x0 c:/program files (x86)/cypress/psoc creator/3.3/psoc creator/import/gnu/arm/4.9.3/bin/../lib/gcc/arm-none-eabi/4.9.3/../../../../arm-none-eabi/lib/armv7-m\libg_nano.a(lib_a-exit.o)
 .data          0x1fff8125        0x0 c:/program files (x86)/cypress/psoc creator/3.3/psoc creator/import/gnu/arm/4.9.3/bin/../lib/gcc/arm-none-eabi/4.9.3/../../../../arm-none-eabi/lib/armv7-m\libg_nano.a(lib_a-impure.o)
 *fill*         0x1fff8125        0x3 
 .data.impure_data
                0x1fff8128       0x60 c:/program files (x86)/cypress/psoc creator/3.3/psoc creator/import/gnu/arm/4.9.3/bin/../lib/gcc/arm-none-eabi/4.9.3/../../../../arm-none-eabi/lib/armv7-m\libg_nano.a(lib_a-impure.o)
 .data._impure_ptr
                0x1fff8188        0x4 c:/program files (x86)/cypress/psoc creator/3.3/psoc creator/import/gnu/arm/4.9.3/bin/../lib/gcc/arm-none-eabi/4.9.3/../../../../arm-none-eabi/lib/armv7-m\libg_nano.a(lib_a-impure.o)
                0x1fff8188                _impure_ptr
 .data          0x1fff818c        0x0 c:/program files (x86)/cypress/psoc creator/3.3/psoc creator/import/gnu/arm/4.9.3/bin/../lib/gcc/arm-none-eabi/4.9.3/../../../../arm-none-eabi/lib/armv7-m\libg_nano.a(lib_a-init.o)
 .data          0x1fff818c        0x0 c:/program files (x86)/cypress/psoc creator/3.3/psoc creator/import/gnu/arm/4.9.3/bin/../lib/gcc/arm-none-eabi/4.9.3/../../../../arm-none-eabi/lib/armv7-m\libg_nano.a(lib_a-memcpy.o)
 .data          0x1fff818c        0x0 c:/program files (x86)/cypress/psoc creator/3.3/psoc creator/import/gnu/arm/4.9.3/bin/../lib/gcc/arm-none-eabi/4.9.3/../../../../arm-none-eabi/lib/armv7-m\libg_nano.a(lib_a-memset.o)
 .data          0x1fff818c        0x0 c:/program files (x86)/cypress/psoc creator/3.3/psoc creator/import/gnu/arm/4.9.3/bin/../lib/gcc/arm-none-eabi/4.9.3/armv7-m/crtend.o
 .data          0x1fff818c        0x0 c:/program files (x86)/cypress/psoc creator/3.3/psoc creator/import/gnu/arm/4.9.3/bin/../lib/gcc/arm-none-eabi/4.9.3/armv7-m/crtn.o
                0x1fff8190                . = ALIGN (0x8)
 *fill*         0x1fff818c        0x4 
 *(.ram)
                0x1fff8190                _edata = .

.igot.plt       0x1fff8190        0x0 load address 0x0000aec8
 .igot.plt      0x00000000        0x0 c:/program files (x86)/cypress/psoc creator/3.3/psoc creator/import/gnu/arm/4.9.3/bin/../lib/gcc/arm-none-eabi/4.9.3/armv7-m/crtbegin.o

.bss            0x1fff8190      0x6b0 load address 0x0000aec8
                0x1fff8190                PROVIDE (__bss_start__, .)
 *(.shbss)
 *(.bss .bss.* .gnu.linkonce.b.*)
 .bss           0x1fff8190        0x0 c:/program files (x86)/cypress/psoc creator/3.3/psoc creator/import/gnu/arm/4.9.3/bin/../lib/gcc/arm-none-eabi/4.9.3/armv7-m/crti.o
 .bss           0x1fff8190       0x1c c:/program files (x86)/cypress/psoc creator/3.3/psoc creator/import/gnu/arm/4.9.3/bin/../lib/gcc/arm-none-eabi/4.9.3/armv7-m/crtbegin.o
 .bss           0x1fff81ac        0x0 c:/program files (x86)/cypress/psoc creator/3.3/psoc creator/import/gnu/arm/4.9.3/bin/../lib/gcc/arm-none-eabi/4.9.3/../../../../arm-none-eabi/lib/armv7-m/crt0.o
 .bss           0x1fff81ac        0xc .\ARM_GCC_493\Debug\main.o
                0x1fff81b4                timer
 .bss           0x1fff81b8        0x8 .\ARM_GCC_493\Debug\C-CAN.o
 .bss           0x1fff81c0        0x0 .\ARM_GCC_493\Debug\cymetadata.o
 .bss           0x1fff81c0        0x0 .\ARM_GCC_493\Debug\Cm3Start.o
 .bss           0x1fff81c0        0x0 .\ARM_GCC_493\Debug\cybootloader.o
 .bss           0x1fff81c0        0x8 .\ARM_GCC_493\Debug\C-CAN.a(cyfitter_cfg.o)
 .bss           0x1fff81c8        0x9 .\ARM_GCC_493\Debug\C-CAN.a(UART_1.o)
                0x1fff81c8                UART_1_initVar
                0x1fff81c9                UART_1_txBufferRead
                0x1fff81ca                UART_1_txBufferWrite
                0x1fff81cb                UART_1_errorStatus
                0x1fff81cc                UART_1_rxBufferRead
                0x1fff81cd                UART_1_rxBufferWrite
                0x1fff81ce                UART_1_rxBufferLoopDetect
                0x1fff81cf                UART_1_rxBufferOverflow
 .bss           0x1fff81d1        0x0 .\ARM_GCC_493\Debug\C-CAN.a(UART_1_INT.o)
 .bss           0x1fff81d1        0x0 .\ARM_GCC_493\Debug\C-CAN.a(UART_1_IntClock.o)
 .bss           0x1fff81d1        0x0 .\ARM_GCC_493\Debug\C-CAN.a(CyBootAsmGnu.o)
 *fill*         0x1fff81d1        0x3 
 .bss           0x1fff81d4       0x1c .\ARM_GCC_493\Debug\C-CAN.a(CyLib.o)
                0x1fff81e8                CySysTickInitVar
 .bss           0x1fff81f0       0x44 .\ARM_GCC_493\Debug\C-CAN.a(cyPm.o)
 .bss           0x1fff8234        0x1 .\ARM_GCC_493\Debug\C-CAN.a(ADC_SAR_1.o)
                0x1fff8234                ADC_SAR_1_initVar
 .bss           0x1fff8235        0x0 .\ARM_GCC_493\Debug\C-CAN.a(ADC_SAR_1_INT.o)
 .bss           0x1fff8235        0x0 .\ARM_GCC_493\Debug\C-CAN.a(ADC_SAR_1_theACLK.o)
 .bss           0x1fff8235        0x0 .\ARM_GCC_493\Debug\C-CAN.a(AMux_1.o)
 .bss           0x1fff8235        0x1 .\ARM_GCC_493\Debug\C-CAN.a(CAN_1.o)
                0x1fff8235                CAN_1_initVar
 .bss           0x1fff8236        0x0 .\ARM_GCC_493\Debug\C-CAN.a(CAN_1_INT.o)
 .bss           0x1fff8236        0x1 .\ARM_GCC_493\Debug\C-CAN.a(Encoder_Left.o)
                0x1fff8236                Encoder_Left_initVar
 .bss           0x1fff8237        0x1 .\ARM_GCC_493\Debug\C-CAN.a(Encoder_Right.o)
                0x1fff8237                Encoder_Right_initVar
 .bss           0x1fff8238        0x1 .\ARM_GCC_493\Debug\C-CAN.a(leftEncTimer.o)
                0x1fff8238                leftEncTimer_initVar
 .bss           0x1fff8239        0x1 .\ARM_GCC_493\Debug\C-CAN.a(rightEncTimer.o)
                0x1fff8239                rightEncTimer_initVar
 *fill*         0x1fff823a        0x2 
 .bss           0x1fff823c        0x4 .\ARM_GCC_493\Debug\C-CAN.a(CyFlash.o)
 .bss           0x1fff8240        0x8 .\ARM_GCC_493\Debug\C-CAN.a(CySpc.o)
                0x1fff8240                SpcLockState
 .bss           0x1fff8248        0x0 c:/program files (x86)/cypress/psoc creator/3.3/psoc creator/import/gnu/arm/4.9.3/bin/../lib/gcc/arm-none-eabi/4.9.3/armv7-m\libgcc.a(_arm_addsubsf3.o)
 .bss           0x1fff8248        0x0 c:/program files (x86)/cypress/psoc creator/3.3/psoc creator/import/gnu/arm/4.9.3/bin/../lib/gcc/arm-none-eabi/4.9.3/armv7-m\libgcc.a(_arm_muldivsf3.o)
 .bss           0x1fff8248        0x0 c:/program files (x86)/cypress/psoc creator/3.3/psoc creator/import/gnu/arm/4.9.3/bin/../lib/gcc/arm-none-eabi/4.9.3/armv7-m\libgcc.a(_aeabi_ldivmod.o)
 .bss           0x1fff8248        0x0 c:/program files (x86)/cypress/psoc creator/3.3/psoc creator/import/gnu/arm/4.9.3/bin/../lib/gcc/arm-none-eabi/4.9.3/armv7-m\libgcc.a(bpabi.o)
 .bss           0x1fff8248        0x0 c:/program files (x86)/cypress/psoc creator/3.3/psoc creator/import/gnu/arm/4.9.3/bin/../lib/gcc/arm-none-eabi/4.9.3/armv7-m\libgcc.a(_dvmd_tls.o)
 .bss           0x1fff8248        0x0 c:/program files (x86)/cypress/psoc creator/3.3/psoc creator/import/gnu/arm/4.9.3/bin/../lib/gcc/arm-none-eabi/4.9.3/armv7-m\libgcc.a(_divdi3.o)
 .bss           0x1fff8248        0x0 c:/program files (x86)/cypress/psoc creator/3.3/psoc creator/import/gnu/arm/4.9.3/bin/../lib/gcc/arm-none-eabi/4.9.3/armv7-m\libgcc.a(_udivdi3.o)
 .bss           0x1fff8248        0x0 c:/program files (x86)/cypress/psoc creator/3.3/psoc creator/import/gnu/arm/4.9.3/bin/../lib/gcc/arm-none-eabi/4.9.3/../../../../arm-none-eabi/lib/armv7-m\libg_nano.a(lib_a-errno.o)
 .bss           0x1fff8248        0x0 c:/program files (x86)/cypress/psoc creator/3.3/psoc creator/import/gnu/arm/4.9.3/bin/../lib/gcc/arm-none-eabi/4.9.3/../../../../arm-none-eabi/lib/armv7-m\libg_nano.a(lib_a-exit.o)
 .bss           0x1fff8248        0x0 c:/program files (x86)/cypress/psoc creator/3.3/psoc creator/import/gnu/arm/4.9.3/bin/../lib/gcc/arm-none-eabi/4.9.3/../../../../arm-none-eabi/lib/armv7-m\libg_nano.a(lib_a-impure.o)
 .bss           0x1fff8248        0x0 c:/program files (x86)/cypress/psoc creator/3.3/psoc creator/import/gnu/arm/4.9.3/bin/../lib/gcc/arm-none-eabi/4.9.3/../../../../arm-none-eabi/lib/armv7-m\libg_nano.a(lib_a-init.o)
 .bss           0x1fff8248        0x0 c:/program files (x86)/cypress/psoc creator/3.3/psoc creator/import/gnu/arm/4.9.3/bin/../lib/gcc/arm-none-eabi/4.9.3/../../../../arm-none-eabi/lib/armv7-m\libg_nano.a(lib_a-memcpy.o)
 .bss           0x1fff8248        0x0 c:/program files (x86)/cypress/psoc creator/3.3/psoc creator/import/gnu/arm/4.9.3/bin/../lib/gcc/arm-none-eabi/4.9.3/../../../../arm-none-eabi/lib/armv7-m\libg_nano.a(lib_a-memset.o)
 .bss           0x1fff8248        0x0 c:/program files (x86)/cypress/psoc creator/3.3/psoc creator/import/gnu/arm/4.9.3/bin/../lib/gcc/arm-none-eabi/4.9.3/armv7-m/crtend.o
 .bss           0x1fff8248        0x0 c:/program files (x86)/cypress/psoc creator/3.3/psoc creator/import/gnu/arm/4.9.3/bin/../lib/gcc/arm-none-eabi/4.9.3/armv7-m/crtn.o
 *(COMMON)
 COMMON         0x1fff8248      0x541 .\ARM_GCC_493\Debug\main.o
                0x1fff8248                two
                0x1fff82ec                bIndex
                0x1fff82f0                right
                0x1fff8398                left
                0x1fff8440                TxMessage1
                0x1fff8448                RxMessage1
                0x1fff8450                RxFlag1
                0x1fff8454                zero
                0x1fff84f8                one
                0x1fff859c                three
                0x1fff8640                five
                0x1fff86e4                four
                0x1fff8788                RXDLC1
 *fill*         0x1fff8789        0x3 
 COMMON         0x1fff878c       0xa0 .\ARM_GCC_493\Debug\C-CAN.a(UART_1.o)
                0x1fff878c                UART_1_txBuffer
                0x1fff87dc                UART_1_rxBuffer
 COMMON         0x1fff882c        0xa .\ARM_GCC_493\Debug\C-CAN.a(ADC_SAR_1.o)
                0x1fff882c                ADC_SAR_1_countsPerVolt
                0x1fff882e                ADC_SAR_1_shift
                0x1fff8830                ADC_SAR_1_countsPer10Volt
                0x1fff8834                ADC_SAR_1_offset
 *fill*         0x1fff8836        0x2 
 COMMON         0x1fff8838        0x2 .\ARM_GCC_493\Debug\C-CAN.a(CyFlash.o)
                0x1fff8838                dieTemperature
                0x1fff8840                . = ALIGN (0x8)
 *fill*         0x1fff883a        0x6 
 *(.ram.b)
                0x1fff8840                _end = .
                0x1fff8840                __end = .
                0x1fff8840                PROVIDE (end, .)
                0x1fff8840                PROVIDE (__bss_end__, .)
                0x0000ae40                __cy_region_init_ram = LOADADDR (.data)
                0x00000088                __cy_region_init_size_ram = (_edata - ADDR (.data))
                0x000006b0                __cy_region_zero_size_ram = (_end - _edata)

.heap           0x1fff8840       0x80 load address 0x0000aec8
                0x1fff8840                . = _end
                0x1fff88c0                . = (. + 0x80)
 *fill*         0x1fff8840       0x80 
                0x1fff88c0                __cy_heap_limit = .

.stack          0x20007800      0x800
                0x20007800                __cy_stack_limit = .
                0x20008000                . = (. + 0x800)
 *fill*         0x20007800      0x800 
                0x00000001                ASSERT ((__cy_stack_limit >= __cy_heap_limit), region RAM overflowed with stack)

.cy_checksum_exclude
                0x0003ff00        0x0
 *(.cy_checksum_exclude)
                0x00000000                cy_checksum_exclude_size = (CY_APPL_LOADABLE == 0x1)?SIZEOF (.cy_checksum_exclude):0x0
                0x00000001                ASSERT ((cy_checksum_exclude_size <= CY_CHECKSUM_EXCLUDE_SIZE), CY_BOOT: Section .cy_checksum_exclude size exceedes specified limit.)

.cyloadermeta   0xf0000000       0x40
 *(.cyloadermeta)
 .cyloadermeta  0xf0000000       0x40 .\ARM_GCC_493\Debug\cybootloader.o
                0xf0000000                cy_meta_loader

.cyloadablemeta
                0x0003ffc0       0x40
 *(.cyloadablemeta)
 .cyloadablemeta
                0x0003ffc0       0x40 .\ARM_GCC_493\Debug\cymetadata.o
                0x0003ffc0                cy_meta_loadable

.cyconfigecc    0x80000580      0x7ec
 *(.cyconfigecc)
 .cyconfigecc   0x80000580      0x7ec .\ARM_GCC_493\Debug\cymetadata.o
                0x80000580                cy_meta_configecc

.cycustnvl      0x90000000        0x4
 *(.cycustnvl)
 .cycustnvl     0x90000000        0x4 .\ARM_GCC_493\Debug\cybootloader.o
                0x90000000                cy_meta_custnvl

.cywolatch      0x90100000        0x4
 *(.cywolatch)
 .cywolatch     0x90100000        0x4 .\ARM_GCC_493\Debug\cybootloader.o
                0x90100000                cy_meta_wonvl

.cyeeprom       0x90200000        0x0
 *(.cyeeprom)
                0x00000001                ASSERT ((. <= ((0x90200000 + ee_offset) + ee_size)), .cyeeprom data will not fit in EEPROM)

.cyflashprotect
                0x90400000      0x100
 *(.cyflashprotect)
 .cyflashprotect
                0x90400000      0x100 .\ARM_GCC_493\Debug\cybootloader.o
                0x90400000                cy_meta_flashprotect

.cymeta         0x90500000        0xc
 *(.cymeta)
 .cymeta        0x90500000        0xc .\ARM_GCC_493\Debug\cybootloader.o
                0x90500000                cy_metadata

.rel.dyn        0x00040000        0x0 load address 0x9050000c
 .rel.iplt      0x00000000        0x0 c:/program files (x86)/cypress/psoc creator/3.3/psoc creator/import/gnu/arm/4.9.3/bin/../lib/gcc/arm-none-eabi/4.9.3/armv7-m/crtbegin.o

.stab
 *(.stab)

.stabstr
 *(.stabstr)

.debug
 *(.debug)

.line
 *(.line)

.debug_srcinfo
 *(.debug_srcinfo)

.debug_sfnames
 *(.debug_sfnames)

.debug_aranges  0x00000000      0xc48
 *(.debug_aranges)
 .debug_aranges
                0x00000000       0x58 .\ARM_GCC_493\Debug\main.o
 .debug_aranges
                0x00000058       0x78 .\ARM_GCC_493\Debug\C-CAN.o
 .debug_aranges
                0x000000d0       0x18 .\ARM_GCC_493\Debug\cymetadata.o
 .debug_aranges
                0x000000e8       0x48 .\ARM_GCC_493\Debug\Cm3Start.o
 .debug_aranges
                0x00000130       0x18 .\ARM_GCC_493\Debug\cybootloader.o
 .debug_aranges
                0x00000148       0x70 .\ARM_GCC_493\Debug\C-CAN.a(cyfitter_cfg.o)
 .debug_aranges
                0x000001b8       0xf0 .\ARM_GCC_493\Debug\C-CAN.a(UART_1.o)
 .debug_aranges
                0x000002a8       0x28 .\ARM_GCC_493\Debug\C-CAN.a(UART_1_INT.o)
 .debug_aranges
                0x000002d0       0x70 .\ARM_GCC_493\Debug\C-CAN.a(UART_1_IntClock.o)
 .debug_aranges
                0x00000340       0x20 .\ARM_GCC_493\Debug\C-CAN.a(CyBootAsmGnu.o)
 .debug_aranges
                0x00000360      0x298 .\ARM_GCC_493\Debug\C-CAN.a(CyLib.o)
 .debug_aranges
                0x000005f8       0x98 .\ARM_GCC_493\Debug\C-CAN.a(cyPm.o)
 .debug_aranges
                0x00000690       0xa8 .\ARM_GCC_493\Debug\C-CAN.a(ADC_SAR_1.o)
 .debug_aranges
                0x00000738       0x20 .\ARM_GCC_493\Debug\C-CAN.a(ADC_SAR_1_INT.o)
 .debug_aranges
                0x00000758       0x70 .\ARM_GCC_493\Debug\C-CAN.a(ADC_SAR_1_theACLK.o)
 .debug_aranges
                0x000007c8       0x30 .\ARM_GCC_493\Debug\C-CAN.a(AMux_1.o)
 .debug_aranges
                0x000007f8       0xc8 .\ARM_GCC_493\Debug\C-CAN.a(CAN_1.o)
 .debug_aranges
                0x000008c0       0x30 .\ARM_GCC_493\Debug\C-CAN.a(CAN_1_INT.o)
 .debug_aranges
                0x000008f0       0x98 .\ARM_GCC_493\Debug\C-CAN.a(Encoder_Left.o)
 .debug_aranges
                0x00000988       0x98 .\ARM_GCC_493\Debug\C-CAN.a(Encoder_Right.o)
 .debug_aranges
                0x00000a20       0x98 .\ARM_GCC_493\Debug\C-CAN.a(leftEncTimer.o)
 .debug_aranges
                0x00000ab8       0x98 .\ARM_GCC_493\Debug\C-CAN.a(rightEncTimer.o)
 .debug_aranges
                0x00000b50       0x80 .\ARM_GCC_493\Debug\C-CAN.a(CyFlash.o)
 .debug_aranges
                0x00000bd0       0x78 .\ARM_GCC_493\Debug\C-CAN.a(CySpc.o)

.debug_pubnames
 *(.debug_pubnames)

.debug_info     0x00000000     0x5cd6
 *(.debug_info .gnu.linkonce.wi.*)
 .debug_info    0x00000000      0xa44 .\ARM_GCC_493\Debug\main.o
 .debug_info    0x00000a44      0x569 .\ARM_GCC_493\Debug\C-CAN.o
 .debug_info    0x00000fad       0xd9 .\ARM_GCC_493\Debug\cymetadata.o
 .debug_info    0x00001086      0x313 .\ARM_GCC_493\Debug\Cm3Start.o
 .debug_info    0x00001399      0x165 .\ARM_GCC_493\Debug\cybootloader.o
 .debug_info    0x000014fe      0x5d9 .\ARM_GCC_493\Debug\C-CAN.a(cyfitter_cfg.o)
 .debug_info    0x00001ad7      0x641 .\ARM_GCC_493\Debug\C-CAN.a(UART_1.o)
 .debug_info    0x00002118      0x17c .\ARM_GCC_493\Debug\C-CAN.a(UART_1_INT.o)
 .debug_info    0x00002294      0x25d .\ARM_GCC_493\Debug\C-CAN.a(UART_1_IntClock.o)
 .debug_info    0x000024f1       0x9f .\ARM_GCC_493\Debug\C-CAN.a(CyBootAsmGnu.o)
 .debug_info    0x00002590      0xe34 .\ARM_GCC_493\Debug\C-CAN.a(CyLib.o)
 .debug_info    0x000033c4      0x561 .\ARM_GCC_493\Debug\C-CAN.a(cyPm.o)
 .debug_info    0x00003925      0x478 .\ARM_GCC_493\Debug\C-CAN.a(ADC_SAR_1.o)
 .debug_info    0x00003d9d       0x92 .\ARM_GCC_493\Debug\C-CAN.a(ADC_SAR_1_INT.o)
 .debug_info    0x00003e2f      0x25d .\ARM_GCC_493\Debug\C-CAN.a(ADC_SAR_1_theACLK.o)
 .debug_info    0x0000408c       0xf7 .\ARM_GCC_493\Debug\C-CAN.a(AMux_1.o)
 .debug_info    0x00004183      0x781 .\ARM_GCC_493\Debug\C-CAN.a(CAN_1.o)