Archive member included because of file (symbol)

.\ARM_GCC_493\Debug\C-CAN.a(cyfitter_cfg.o)
                              .\ARM_GCC_493\Debug\Cm3Start.o (cyfitter_cfg)
.\ARM_GCC_493\Debug\C-CAN.a(UART_1.o)
                              .\ARM_GCC_493\Debug\main.o (UART_1_Start)
.\ARM_GCC_493\Debug\C-CAN.a(UART_1_IntClock.o)
                              .\ARM_GCC_493\Debug\C-CAN.a(UART_1.o) (UART_1_IntClock_Start)
.\ARM_GCC_493\Debug\C-CAN.a(CyBootAsmGnu.o)
                              .\ARM_GCC_493\Debug\C-CAN.a(cyfitter_cfg.o) (CyDelayCycles)
.\ARM_GCC_493\Debug\C-CAN.a(CyLib.o)
                              .\ARM_GCC_493\Debug\Cm3Start.o (CyHalt)
.\ARM_GCC_493\Debug\C-CAN.a(cyPm.o)
                              .\ARM_GCC_493\Debug\C-CAN.a(CyLib.o) (CyPmReadStatus)
.\ARM_GCC_493\Debug\C-CAN.a(ADC_SAR_1.o)
                              .\ARM_GCC_493\Debug\main.o (ADC_SAR_1_Start)
.\ARM_GCC_493\Debug\C-CAN.a(ADC_SAR_1_INT.o)
                              .\ARM_GCC_493\Debug\C-CAN.a(ADC_SAR_1.o) (ADC_SAR_1_ISR)
.\ARM_GCC_493\Debug\C-CAN.a(ADC_SAR_1_theACLK.o)
                              .\ARM_GCC_493\Debug\C-CAN.a(ADC_SAR_1.o) (ADC_SAR_1_theACLK_SetModeRegister)
.\ARM_GCC_493\Debug\C-CAN.a(AMux_1.o)
                              .\ARM_GCC_493\Debug\main.o (AMux_1_Start)
.\ARM_GCC_493\Debug\C-CAN.a(CAN_1.o)
                              .\ARM_GCC_493\Debug\main.o (CAN_1_Start)
.\ARM_GCC_493\Debug\C-CAN.a(CAN_1_INT.o)
                              .\ARM_GCC_493\Debug\C-CAN.a(CAN_1.o) (CAN_1_ISR)
.\ARM_GCC_493\Debug\C-CAN.a(CAN_TIMER.o)
                              .\ARM_GCC_493\Debug\main.o (CAN_TIMER_Start)
.\ARM_GCC_493\Debug\C-CAN.a(CAN_ISR.o)
                              .\ARM_GCC_493\Debug\main.o (CAN_ISR_Start)
.\ARM_GCC_493\Debug\C-CAN.a(Encoder_Left.o)
                              .\ARM_GCC_493\Debug\main.o (Encoder_Left_Start)
.\ARM_GCC_493\Debug\C-CAN.a(Encoder_Right.o)
                              .\ARM_GCC_493\Debug\main.o (Encoder_Right_Start)
.\ARM_GCC_493\Debug\C-CAN.a(leftEncTimer.o)
                              .\ARM_GCC_493\Debug\main.o (leftEncTimer_Start)
.\ARM_GCC_493\Debug\C-CAN.a(rightEncTimer.o)
                              .\ARM_GCC_493\Debug\main.o (rightEncTimer_Start)
.\ARM_GCC_493\Debug\C-CAN.a(CyFlash.o)
                              .\ARM_GCC_493\Debug\C-CAN.a(cyPm.o) (CyFlash_SetWaitCycles)
.\ARM_GCC_493\Debug\C-CAN.a(CySpc.o)
                              .\ARM_GCC_493\Debug\C-CAN.a(CyFlash.o) (CySpcStart)
c:/program files (x86)/cypress/psoc creator/3.3/psoc creator/import/gnu/arm/4.9.3/bin/../lib/gcc/arm-none-eabi/4.9.3/armv7-m\libgcc.a(_arm_addsubsf3.o)
                              .\ARM_GCC_493\Debug\main.o (__aeabi_fadd)
c:/program files (x86)/cypress/psoc creator/3.3/psoc creator/import/gnu/arm/4.9.3/bin/../lib/gcc/arm-none-eabi/4.9.3/armv7-m\libgcc.a(_arm_muldivsf3.o)
                              .\ARM_GCC_493\Debug\main.o (__aeabi_fmul)
c:/program files (x86)/cypress/psoc creator/3.3/psoc creator/import/gnu/arm/4.9.3/bin/../lib/gcc/arm-none-eabi/4.9.3/armv7-m\libgcc.a(_arm_fixsfsi.o)
                              .\ARM_GCC_493\Debug\main.o (__aeabi_f2iz)
c:/program files (x86)/cypress/psoc creator/3.3/psoc creator/import/gnu/arm/4.9.3/bin/../lib/gcc/arm-none-eabi/4.9.3/armv7-m\libgcc.a(_aeabi_ldivmod.o)
                              .\ARM_GCC_493\Debug\C-CAN.a(ADC_SAR_1.o) (__aeabi_ldivmod)
c:/program files (x86)/cypress/psoc creator/3.3/psoc creator/import/gnu/arm/4.9.3/bin/../lib/gcc/arm-none-eabi/4.9.3/armv7-m\libgcc.a(bpabi.o)
                              c:/program files (x86)/cypress/psoc creator/3.3/psoc creator/import/gnu/arm/4.9.3/bin/../lib/gcc/arm-none-eabi/4.9.3/armv7-m\libgcc.a(_aeabi_ldivmod.o) (__gnu_ldivmod_helper)
c:/program files (x86)/cypress/psoc creator/3.3/psoc creator/import/gnu/arm/4.9.3/bin/../lib/gcc/arm-none-eabi/4.9.3/armv7-m\libgcc.a(_dvmd_tls.o)
                              c:/program files (x86)/cypress/psoc creator/3.3/psoc creator/import/gnu/arm/4.9.3/bin/../lib/gcc/arm-none-eabi/4.9.3/armv7-m\libgcc.a(_aeabi_ldivmod.o) (__aeabi_ldiv0)
c:/program files (x86)/cypress/psoc creator/3.3/psoc creator/import/gnu/arm/4.9.3/bin/../lib/gcc/arm-none-eabi/4.9.3/armv7-m\libgcc.a(_divdi3.o)
                              c:/program files (x86)/cypress/psoc creator/3.3/psoc creator/import/gnu/arm/4.9.3/bin/../lib/gcc/arm-none-eabi/4.9.3/armv7-m\libgcc.a(bpabi.o) (__divdi3)
c:/program files (x86)/cypress/psoc creator/3.3/psoc creator/import/gnu/arm/4.9.3/bin/../lib/gcc/arm-none-eabi/4.9.3/armv7-m\libgcc.a(_udivdi3.o)
                              c:/program files (x86)/cypress/psoc creator/3.3/psoc creator/import/gnu/arm/4.9.3/bin/../lib/gcc/arm-none-eabi/4.9.3/armv7-m\libgcc.a(bpabi.o) (__udivdi3)
c:/program files (x86)/cypress/psoc creator/3.3/psoc creator/import/gnu/arm/4.9.3/bin/../lib/gcc/arm-none-eabi/4.9.3/../../../../arm-none-eabi/lib/armv7-m\libg_nano.a(lib_a-errno.o)
[...]
Memory Configuration

Name             Origin             Length             Attributes
rom              0x00000000         0x00040000         xr
ram              0x1fff8000         0x00010000         xrw
*default*        0x00000000         0xffffffff

Linker script and memory map

LOAD c:/program files (x86)/cypress/psoc creator/3.3/psoc creator/import/gnu/arm/4.9.3/bin/../lib/gcc/arm-none-eabi/4.9.3/armv7-m/crti.o
LOAD c:/program files (x86)/cypress/psoc creator/3.3/psoc creator/import/gnu/arm/4.9.3/bin/../lib/gcc/arm-none-eabi/4.9.3/armv7-m/crtbegin.o
LOAD c:/program files (x86)/cypress/psoc creator/3.3/psoc creator/import/gnu/arm/4.9.3/bin/../lib/gcc/arm-none-eabi/4.9.3/../../../../arm-none-eabi/lib/armv7-m/crt0.o
START GROUP
LOAD .\ARM_GCC_493\Debug\main.o
LOAD .\ARM_GCC_493\Debug\cymetadata.o
LOAD .\ARM_GCC_493\Debug\Cm3Start.o
LOAD .\ARM_GCC_493\Debug\cybootloader.o
LOAD .\ARM_GCC_493\Debug\C-CAN.a
LOAD C:\Program Files (x86)\Cypress\PSoC Creator\3.3\PSoC Creator\psoc\content\cycomponentlibrary\CyComponentLibrary.cylib\CortexM3\ARM_GCC_493\Debug\CyComponentLibrary.a
END GROUP
START GROUP
LOAD c:/program files (x86)/cypress/psoc creator/3.3/psoc creator/import/gnu/arm/4.9.3/bin/../lib/gcc/arm-none-eabi/4.9.3/armv7-m\libgcc.a
LOAD c:/program files (x86)/cypress/psoc creator/3.3/psoc creator/import/gnu/arm/4.9.3/bin/../lib/gcc/arm-none-eabi/4.9.3/../../../../arm-none-eabi/lib/armv7-m\libg_nano.a
LOAD c:/program files (x86)/cypress/psoc creator/3.3/psoc creator/import/gnu/arm/4.9.3/bin/../lib/gcc/arm-none-eabi/4.9.3/../../../../arm-none-eabi/lib/armv7-m\libc_nano.a
END GROUP
START GROUP
LOAD c:/program files (x86)/cypress/psoc creator/3.3/psoc creator/import/gnu/arm/4.9.3/bin/../lib/gcc/arm-none-eabi/4.9.3/armv7-m\libgcc.a
LOAD c:/program files (x86)/cypress/psoc creator/3.3/psoc creator/import/gnu/arm/4.9.3/bin/../lib/gcc/arm-none-eabi/4.9.3/../../../../arm-none-eabi/lib/armv7-m\libc_nano.a
END GROUP
LOAD c:/program files (x86)/cypress/psoc creator/3.3/psoc creator/import/gnu/arm/4.9.3/bin/../lib/gcc/arm-none-eabi/4.9.3/armv7-m/crtend.o
LOAD c:/program files (x86)/cypress/psoc creator/3.3/psoc creator/import/gnu/arm/4.9.3/bin/../lib/gcc/arm-none-eabi/4.9.3/armv7-m/crtn.o
START GROUP
LOAD c:/program files (x86)/cypress/psoc creator/3.3/psoc creator/import/gnu/arm/4.9.3/bin/../lib/gcc/arm-none-eabi/4.9.3/armv7-m\libgcc.a
LOAD c:/program files (x86)/cypress/psoc creator/3.3/psoc creator/import/gnu/arm/4.9.3/bin/../lib/gcc/arm-none-eabi/4.9.3/../../../../arm-none-eabi/lib/armv7-m\libc.a
LOAD c:/program files (x86)/cypress/psoc creator/3.3/psoc creator/import/gnu/arm/4.9.3/bin/../lib/gcc/arm-none-eabi/4.9.3/../../../../arm-none-eabi/lib/armv7-m\libnosys.a
END GROUP
                0x00000000                CY_APPL_ORIGIN = 0x0
                0x00000100                CY_FLASH_ROW_SIZE = 0x100
                0x00000020                CY_ECC_ROW_SIZE = 0x20
                0x00000000                CY_EE_IN_BTLDR = 0x0
                0x00000001                CY_APPL_LOADABLE = 0x1
                0x00000800                CY_EE_SIZE = 0x800
                0x00000001                CY_APPL_NUM = 0x1
                0x00000001                CY_APPL_MAX = 0x1
                0x00000040                CY_METADATA_SIZE = 0x40
                0x00000001                CY_APPL_LOADABLE = 0x1
                0x00000000                CY_CHECKSUM_EXCLUDE_SIZE = ALIGN (0x0, CY_FLASH_ROW_SIZE)
                0x1fff84b0                PROVIDE (__cy_heap_start, _end)
                0x00000001                PROVIDE (__cy_region_num, ((__cy_regions_end - __cy_regions) / 0x10))
                0x20008000                PROVIDE (__cy_stack, (ORIGIN (ram) + 0x10000))
                0x20007800                PROVIDE (__cy_heap_end, (__cy_stack - 0x800))

.cybootloader   0x00000000     0x2c00
 *(.cybootloader)
 .cybootloader  0x00000000     0x2c00 .\ARM_GCC_493\Debug\cybootloader.o
                0x00000000                cy_bootloader
                0x00002c00                appl1_start = CY_APPL_ORIGIN?CY_APPL_ORIGIN:ALIGN (CY_FLASH_ROW_SIZE)
                0x00021500                appl2_start = (appl1_start + ALIGN ((((0x40000 - appl1_start) - (0x2 * CY_FLASH_ROW_SIZE)) / 0x2), CY_FLASH_ROW_SIZE))
                0x00002c00                appl_start = (CY_APPL_NUM == 0x1)?appl1_start:appl2_start
                0x00000580                ecc_offset = ((appl_start / CY_FLASH_ROW_SIZE) * CY_ECC_ROW_SIZE)
                0x00000000                ee_offset = (CY_APPL_LOADABLE && ! (CY_EE_IN_BTLDR))?((CY_EE_SIZE / CY_APPL_MAX) * (CY_APPL_NUM - 0x1)):0x0
                0x00000800                ee_size = (CY_APPL_LOADABLE && ! (CY_EE_IN_BTLDR))?(CY_EE_SIZE / CY_APPL_MAX):CY_EE_SIZE
                0x00000580                PROVIDE (CY_ECC_OFFSET, ecc_offset)

.text           0x00002c00     0x6860
 CREATE_OBJECT_SYMBOLS
                0x00002c00                PROVIDE (__cy_interrupt_vector, RomVectors)
 *(.romvectors)
 .romvectors    0x00002c00       0x10 .\ARM_GCC_493\Debug\Cm3Start.o
                0x00002c00                RomVectors
                0x00000001                ASSERT ((. != __cy_interrupt_vector), No interrupt vector)
                0x00000001                ASSERT (CY_APPL_ORIGIN?(SIZEOF (.cybootloader) <= CY_APPL_ORIGIN):0x1, Wrong image location)
                0x00002c10                PROVIDE (__cy_reset, Reset)
 *(.text.Reset)
 .text.Reset    0x00002c10        0x8 .\ARM_GCC_493\Debug\Cm3Start.o
                0x00002c10                Reset
                0x00000001                ASSERT ((. != __cy_reset), No reset code)
 *(.dma_init)
                0x00000001                ASSERT ((((appl_start + .) <= 0x10000) || 0x1), DMA Init must be within the first 64k of flash)
 *(.text .text.* .gnu.linkonce.t.*)
 .text          0x00002c18        0x0 c:/program files (x86)/cypress/psoc creator/3.3/psoc creator/import/gnu/arm/4.9.3/bin/../lib/gcc/arm-none-eabi/4.9.3/armv7-m/crti.o
 .text          0x00002c18       0x5c c:/program files (x86)/cypress/psoc creator/3.3/psoc creator/import/gnu/arm/4.9.3/bin/../lib/gcc/arm-none-eabi/4.9.3/armv7-m/crtbegin.o
 .text          0x00002c74       0x74 c:/program files (x86)/cypress/psoc creator/3.3/psoc creator/import/gnu/arm/4.9.3/bin/../lib/gcc/arm-none-eabi/4.9.3/../../../../arm-none-eabi/lib/armv7-m/crt0.o
                0x00002c74                _start
                0x00002c74                _mainCRTStartup
 .text          0x00002ce8        0x0 .\ARM_GCC_493\Debug\main.o
 .text.SysTick_ISR
                0x00002ce8       0xb8 .\ARM_GCC_493\Debug\main.o
                0x00002ce8                SysTick_ISR
 .text.CAN_1_SendMsg
                0x00002da0      0x180 .\ARM_GCC_493\Debug\main.o
                0x00002da0                CAN_1_SendMsg
 .text.CAN_1_TxCancel
                0x00002f20       0x1c .\ARM_GCC_493\Debug\main.o
                0x00002f20                CAN_1_TxCancel
 .text.CAN_1_SendMsg0
                0x00002f3c       0x64 .\ARM_GCC_493\Debug\main.o
                0x00002f3c                CAN_1_SendMsg0
 .text.CAN_1_ReceiveMsg
                0x00002fa0       0x18 .\ARM_GCC_493\Debug\main.o
                0x00002fa0                CAN_1_ReceiveMsg
 .text.startup.main
                0x00002fb8      0x53c .\ARM_GCC_493\Debug\main.o
                0x00002fb8                main
 .text.GetSample
                0x000034f4       0x7c .\ARM_GCC_493\Debug\main.o
                0x000034f4                GetSample
 .text.GetRPM   0x00003570      0x118 .\ARM_GCC_493\Debug\main.o
                0x00003570                GetRPM
 .text.SensorSet
                0x00003688       0x1c .\ARM_GCC_493\Debug\main.o
                0x00003688                SensorSet
 .text.PotInit  0x000036a4       0x18 .\ARM_GCC_493\Debug\main.o
                0x000036a4                PotInit
 .text.EncoderInit
                0x000036bc       0x1c .\ARM_GCC_493\Debug\main.o
                0x000036bc                EncoderInit
 .text.CAN_Send
                0x000036d8       0x2c .\ARM_GCC_493\Debug\main.o
                0x000036d8                CAN_Send
 .text.SetFlag  0x00003704        0x8 .\ARM_GCC_493\Debug\main.o
                0x00003704                SetFlag
 .text.GetRate  0x0000370c       0x14 .\ARM_GCC_493\Debug\main.o
                0x0000370c                GetRate
 .text          0x00003720        0x0 .\ARM_GCC_493\Debug\cymetadata.o
 .text          0x00003720        0x0 .\ARM_GCC_493\Debug\Cm3Start.o
 .text.IntDefaultHandler
                0x00003720        0x4 .\ARM_GCC_493\Debug\Cm3Start.o
                0x00003720                IntDefaultHandler
 .text._exit    0x00003724        0xc .\ARM_GCC_493\Debug\Cm3Start.o
                0x00003724                _exit
 .text._sbrk    0x00003730       0x30 .\ARM_GCC_493\Debug\Cm3Start.o
                0x00003730                _sbrk
 .text.Start_c  0x00003760       0x58 .\ARM_GCC_493\Debug\Cm3Start.o
                0x00003760                Start_c
 .text.startup.initialize_psoc
                0x000037b8       0x74 .\ARM_GCC_493\Debug\Cm3Start.o
                0x000037b8                initialize_psoc
 .text          0x0000382c        0x0 .\ARM_GCC_493\Debug\cybootloader.o
 .text          0x0000382c        0x0 .\ARM_GCC_493\Debug\C-CAN.a(cyfitter_cfg.o)
 .text.SetAnalogRoutingPumps
                0x0000382c       0x20 .\ARM_GCC_493\Debug\C-CAN.a(cyfitter_cfg.o)
                0x0000382c                SetAnalogRoutingPumps
 .text.AMux_1_Set
                0x0000384c       0x58 .\ARM_GCC_493\Debug\C-CAN.a(cyfitter_cfg.o)
                0x0000384c                AMux_1_Set
 .text.AMux_1_Unset
                0x000038a4       0x60 .\ARM_GCC_493\Debug\C-CAN.a(cyfitter_cfg.o)
                0x000038a4                AMux_1_Unset
 .text.cyfitter_cfg
                0x00003904      0x2fc .\ARM_GCC_493\Debug\C-CAN.a(cyfitter_cfg.o)
                0x00003904                cyfitter_cfg
 .text          0x00003c00        0x0 .\ARM_GCC_493\Debug\C-CAN.a(UART_1.o)
 .text.UART_1_Start
                0x00003c00       0x8c .\ARM_GCC_493\Debug\C-CAN.a(UART_1.o)
                0x00003c00                UART_1_Start
 .text.UART_1_Init
                0x00003c8c       0x3c .\ARM_GCC_493\Debug\C-CAN.a(UART_1.o)
                0x00003c8c                UART_1_Init
 .text.UART_1_Enable
                0x00003cc8       0x40 .\ARM_GCC_493\Debug\C-CAN.a(UART_1.o)
                0x00003cc8                UART_1_Enable
 .text.UART_1_Stop
                0x00003d08       0x40 .\ARM_GCC_493\Debug\C-CAN.a(UART_1.o)
                0x00003d08                UART_1_Stop
 .text.UART_1_ReadControlRegister
                0x00003d48        0x4 .\ARM_GCC_493\Debug\C-CAN.a(UART_1.o)
                0x00003d48                UART_1_ReadControlRegister
 .text.UART_1_WriteControlRegister
                0x00003d4c        0x4 .\ARM_GCC_493\Debug\C-CAN.a(UART_1.o)
                0x00003d4c                UART_1_WriteControlRegister
 .text.UART_1_SetRxInterruptMode
                0x00003d50        0xc .\ARM_GCC_493\Debug\C-CAN.a(UART_1.o)
                0x00003d50                UART_1_SetRxInterruptMode
 .text.UART_1_ReadRxData
                0x00003d5c        0xc .\ARM_GCC_493\Debug\C-CAN.a(UART_1.o)
                0x00003d5c                UART_1_ReadRxData
 .text.UART_1_ReadRxStatus
                0x00003d68       0x10 .\ARM_GCC_493\Debug\C-CAN.a(UART_1.o)
                0x00003d68                UART_1_ReadRxStatus
 .text.UART_1_GetChar
                0x00003d78       0x28 .\ARM_GCC_493\Debug\C-CAN.a(UART_1.o)
                0x00003d78                UART_1_GetChar
 .text.UART_1_GetByte
                0x00003da0       0x1c .\ARM_GCC_493\Debug\C-CAN.a(UART_1.o)
                0x00003da0                UART_1_GetByte
 .text.UART_1_GetRxBufferSize
                0x00003dbc       0x10 .\ARM_GCC_493\Debug\C-CAN.a(UART_1.o)
                0x00003dbc                UART_1_GetRxBufferSize
 .text.UART_1_ClearRxBuffer
                0x00003dcc       0x24 .\ARM_GCC_493\Debug\C-CAN.a(UART_1.o)
                0x00003dcc                UART_1_ClearRxBuffer
 .text.UART_1_SetRxAddressMode
                0x00003df0        0x4 .\ARM_GCC_493\Debug\C-CAN.a(UART_1.o)
                0x00003df0                UART_1_SetRxAddressMode
 .text.UART_1_SetRxAddress1
                0x00003df4        0xc .\ARM_GCC_493\Debug\C-CAN.a(UART_1.o)
                0x00003df4                UART_1_SetRxAddress1
 .text.UART_1_SetRxAddress2
                0x00003e00        0xc .\ARM_GCC_493\Debug\C-CAN.a(UART_1.o)
                0x00003e00                UART_1_SetRxAddress2
 .text.UART_1_SetTxInterruptMode
                0x00003e0c        0xc .\ARM_GCC_493\Debug\C-CAN.a(UART_1.o)
                0x00003e0c                UART_1_SetTxInterruptMode
 .text.UART_1_WriteTxData
                0x00003e18       0x14 .\ARM_GCC_493\Debug\C-CAN.a(UART_1.o)
                0x00003e18                UART_1_WriteTxData
 .text.UART_1_ReadTxStatus
                0x00003e2c        0xc .\ARM_GCC_493\Debug\C-CAN.a(UART_1.o)
                0x00003e2c                UART_1_ReadTxStatus
 .text.UART_1_PutChar
                0x00003e38       0x18 .\ARM_GCC_493\Debug\C-CAN.a(UART_1.o)
                0x00003e38                UART_1_PutChar
 .text.UART_1_PutString
                0x00003e50       0x34 .\ARM_GCC_493\Debug\C-CAN.a(UART_1.o)
                0x00003e50                UART_1_PutString
 .text.UART_1_PutArray
                0x00003e84       0x38 .\ARM_GCC_493\Debug\C-CAN.a(UART_1.o)
                0x00003e84                UART_1_PutArray
 .text.UART_1_PutCRLF
                0x00003ebc       0x3c .\ARM_GCC_493\Debug\C-CAN.a(UART_1.o)
                0x00003ebc                UART_1_PutCRLF
 .text.UART_1_GetTxBufferSize
                0x00003ef8       0x1c .\ARM_GCC_493\Debug\C-CAN.a(UART_1.o)
                0x00003ef8                UART_1_GetTxBufferSize
 .text.UART_1_ClearTxBuffer
                0x00003f14       0x24 .\ARM_GCC_493\Debug\C-CAN.a(UART_1.o)
                0x00003f14                UART_1_ClearTxBuffer
 .text.UART_1_SendBreak
                0x00003f38       0x5c .\ARM_GCC_493\Debug\C-CAN.a(UART_1.o)
                0x00003f38                UART_1_SendBreak
 .text.UART_1_SetTxAddressMode
                0x00003f94        0x4 .\ARM_GCC_493\Debug\C-CAN.a(UART_1.o)
                0x00003f94                UART_1_SetTxAddressMode
 .text          0x00003f98        0x0 .\ARM_GCC_493\Debug\C-CAN.a(UART_1_IntClock.o)
 .text.UART_1_IntClock_Start
                0x00003f98       0x20 .\ARM_GCC_493\Debug\C-CAN.a(UART_1_IntClock.o)
                0x00003f98                UART_1_IntClock_Start
 .text.UART_1_IntClock_Stop
                0x00003fb8       0x20 .\ARM_GCC_493\Debug\C-CAN.a(UART_1_IntClock.o)
                0x00003fb8                UART_1_IntClock_Stop
 .text.UART_1_IntClock_StopBlock
                0x00003fd8       0x78 .\ARM_GCC_493\Debug\C-CAN.a(UART_1_IntClock.o)
                0x00003fd8                UART_1_IntClock_StopBlock
 .text.UART_1_IntClock_StandbyPower
                0x00004050       0x1c .\ARM_GCC_493\Debug\C-CAN.a(UART_1_IntClock.o)
                0x00004050                UART_1_IntClock_StandbyPower
 .text.UART_1_IntClock_SetDividerRegister
                0x0000406c       0xe8 .\ARM_GCC_493\Debug\C-CAN.a(UART_1_IntClock.o)
                0x0000406c                UART_1_IntClock_SetDividerRegister
 .text.UART_1_IntClock_GetDividerRegister
                0x00004154        0xc .\ARM_GCC_493\Debug\C-CAN.a(UART_1_IntClock.o)
                0x00004154                UART_1_IntClock_GetDividerRegister
 .text.UART_1_IntClock_SetModeRegister
                0x00004160       0x14 .\ARM_GCC_493\Debug\C-CAN.a(UART_1_IntClock.o)
                0x00004160                UART_1_IntClock_SetModeRegister
 .text.UART_1_IntClock_ClearModeRegister
                0x00004174       0x14 .\ARM_GCC_493\Debug\C-CAN.a(UART_1_IntClock.o)
                0x00004174                UART_1_IntClock_ClearModeRegister
 .text.UART_1_IntClock_GetModeRegister
                0x00004188       0x10 .\ARM_GCC_493\Debug\C-CAN.a(UART_1_IntClock.o)
                0x00004188                UART_1_IntClock_GetModeRegister
 .text.UART_1_IntClock_SetSourceRegister
                0x00004198       0x58 .\ARM_GCC_493\Debug\C-CAN.a(UART_1_IntClock.o)
                0x00004198                UART_1_IntClock_SetSourceRegister
 .text.UART_1_IntClock_GetSourceRegister
                0x000041f0       0x10 .\ARM_GCC_493\Debug\C-CAN.a(UART_1_IntClock.o)
                0x000041f0                UART_1_IntClock_GetSourceRegister
 .text          0x00004200       0x58 .\ARM_GCC_493\Debug\C-CAN.a(CyBootAsmGnu.o)
                0x00004200                CyDelayCycles
                0x0000423e                CyEnterCriticalSection
                0x00004246                CyExitCriticalSection
 .text          0x00004258        0x0 .\ARM_GCC_493\Debug\C-CAN.a(CyLib.o)
 .text.CyIMO_SetTrimValue
                0x00004258       0xf4 .\ARM_GCC_493\Debug\C-CAN.a(CyLib.o)
 .text.CySysTickServiceCallbacks
                0x0000434c       0x28 .\ARM_GCC_493\Debug\C-CAN.a(CyLib.o)
 .text.CyPLL_OUT_Start
                0x00004374       0x78 .\ARM_GCC_493\Debug\C-CAN.a(CyLib.o)
                0x00004374                CyPLL_OUT_Start
 .text.CyPLL_OUT_Stop
                0x000043ec       0x10 .\ARM_GCC_493\Debug\C-CAN.a(CyLib.o)
                0x000043ec                CyPLL_OUT_Stop
 .text.CyPLL_OUT_SetPQ
                0x000043fc       0x50 .\ARM_GCC_493\Debug\C-CAN.a(CyLib.o)
                0x000043fc                CyPLL_OUT_SetPQ
 .text.CyPLL_OUT_SetSource
                0x0000444c       0x28 .\ARM_GCC_493\Debug\C-CAN.a(CyLib.o)
                0x0000444c                CyPLL_OUT_SetSource
 .text.CyIMO_Start
                0x00004474       0x6c .\ARM_GCC_493\Debug\C-CAN.a(CyLib.o)
                0x00004474                CyIMO_Start
 .text.CyIMO_Stop
                0x000044e0       0x20 .\ARM_GCC_493\Debug\C-CAN.a(CyLib.o)
                0x000044e0                CyIMO_Stop
 .text.CyIMO_SetFreq
                0x00004500      0x130 .\ARM_GCC_493\Debug\C-CAN.a(CyLib.o)
                0x00004500                CyIMO_SetFreq
 .text.CyIMO_SetSource
                0x00004630       0x50 .\ARM_GCC_493\Debug\C-CAN.a(CyLib.o)
                0x00004630                CyIMO_SetSource
 .text.CyIMO_EnableDoubler
                0x00004680       0x10 .\ARM_GCC_493\Debug\C-CAN.a(CyLib.o)
                0x00004680                CyIMO_EnableDoubler
 .text.CyIMO_DisableDoubler
                0x00004690       0x10 .\ARM_GCC_493\Debug\C-CAN.a(CyLib.o)
                0x00004690                CyIMO_DisableDoubler
 .text.CyMasterClk_SetSource
                0x000046a0       0x18 .\ARM_GCC_493\Debug\C-CAN.a(CyLib.o)
                0x000046a0                CyMasterClk_SetSource
 .text.CyMasterClk_SetDivider
                0x000046b8        0xc .\ARM_GCC_493\Debug\C-CAN.a(CyLib.o)
                0x000046b8                CyMasterClk_SetDivider
 .text.CyBusClk_SetDivider
                0x000046c4      0x110 .\ARM_GCC_493\Debug\C-CAN.a(CyLib.o)
                0x000046c4                CyBusClk_SetDivider
 .text.CyUsbClk_SetSource
                0x000047d4       0x18 .\ARM_GCC_493\Debug\C-CAN.a(CyLib.o)
                0x000047d4                CyUsbClk_SetSource
 .text.CyILO_Start1K
                0x000047ec       0x10 .\ARM_GCC_493\Debug\C-CAN.a(CyLib.o)
                0x000047ec                CyILO_Start1K
 .text.CyILO_Stop1K
                0x000047fc       0x10 .\ARM_GCC_493\Debug\C-CAN.a(CyLib.o)
                0x000047fc                CyILO_Stop1K
 .text.CyILO_Start100K
                0x0000480c       0x10 .\ARM_GCC_493\Debug\C-CAN.a(CyLib.o)
                0x0000480c                CyILO_Start100K
 .text.CyILO_Stop100K
                0x0000481c       0x10 .\ARM_GCC_493\Debug\C-CAN.a(CyLib.o)
                0x0000481c                CyILO_Stop100K
 .text.CyILO_Enable33K
                0x0000482c       0x10 .\ARM_GCC_493\Debug\C-CAN.a(CyLib.o)
                0x0000482c                CyILO_Enable33K
 .text.CyILO_Disable33K
                0x0000483c       0x10 .\ARM_GCC_493\Debug\C-CAN.a(CyLib.o)
                0x0000483c                CyILO_Disable33K
 .text.CyILO_SetSource
                0x0000484c       0x18 .\ARM_GCC_493\Debug\C-CAN.a(CyLib.o)
                0x0000484c                CyILO_SetSource
 .text.CyILO_SetPowerMode
                0x00004864       0x24 .\ARM_GCC_493\Debug\C-CAN.a(CyLib.o)
                0x00004864                CyILO_SetPowerMode
 .text.CyXTAL_32KHZ_Start
                0x00004888       0xb4 .\ARM_GCC_493\Debug\C-CAN.a(CyLib.o)
                0x00004888                CyXTAL_32KHZ_Start
 .text.CyXTAL_32KHZ_Stop
                0x0000493c       0x3c .\ARM_GCC_493\Debug\C-CAN.a(CyLib.o)
                0x0000493c                CyXTAL_32KHZ_Stop
 .text.CyXTAL_32KHZ_ReadStatus
                0x00004978       0x10 .\ARM_GCC_493\Debug\C-CAN.a(CyLib.o)
                0x00004978                CyXTAL_32KHZ_ReadStatus
 .text.CyXTAL_32KHZ_SetPowerMode
                0x00004988       0x90 .\ARM_GCC_493\Debug\C-CAN.a(CyLib.o)
                0x00004988                CyXTAL_32KHZ_SetPowerMode
 .text.CyXTAL_Start
                0x00004a18       0xac .\ARM_GCC_493\Debug\C-CAN.a(CyLib.o)
                0x00004a18                CyXTAL_Start
 .text.CyXTAL_Stop
                0x00004ac4       0x10 .\ARM_GCC_493\Debug\C-CAN.a(CyLib.o)
                0x00004ac4                CyXTAL_Stop
 .text.CyXTAL_EnableErrStatus
                0x00004ad4       0x10 .\ARM_GCC_493\Debug\C-CAN.a(CyLib.o)
                0x00004ad4                CyXTAL_EnableErrStatus
 .text.CyXTAL_DisableErrStatus
                0x00004ae4       0x10 .\ARM_GCC_493\Debug\C-CAN.a(CyLib.o)
                0x00004ae4                CyXTAL_DisableErrStatus
 .text.CyXTAL_ReadStatus
                0x00004af4        0xc .\ARM_GCC_493\Debug\C-CAN.a(CyLib.o)
                0x00004af4                CyXTAL_ReadStatus
 .text.CyXTAL_EnableFaultRecovery
                0x00004b00       0x10 .\ARM_GCC_493\Debug\C-CAN.a(CyLib.o)
                0x00004b00                CyXTAL_EnableFaultRecovery
 .text.CyXTAL_DisableFaultRecovery
                0x00004b10       0x10 .\ARM_GCC_493\Debug\C-CAN.a(CyLib.o)
                0x00004b10                CyXTAL_DisableFaultRecovery
 .text.CyXTAL_SetStartup
                0x00004b20       0x18 .\ARM_GCC_493\Debug\C-CAN.a(CyLib.o)
                0x00004b20                CyXTAL_SetStartup
 .text.CyXTAL_SetFbVoltage
                0x00004b38       0x18 .\ARM_GCC_493\Debug\C-CAN.a(CyLib.o)
                0x00004b38                CyXTAL_SetFbVoltage
 .text.CyXTAL_SetWdVoltage
                0x00004b50       0x18 .\ARM_GCC_493\Debug\C-CAN.a(CyLib.o)
                0x00004b50                CyXTAL_SetWdVoltage
 .text.CyHalt   0x00004b68        0x4 .\ARM_GCC_493\Debug\C-CAN.a(CyLib.o)
                0x00004b68                CyHalt
 .text.CySoftwareReset
                0x00004b6c       0x10 .\ARM_GCC_493\Debug\C-CAN.a(CyLib.o)
                0x00004b6c                CySoftwareReset
 .text.CyDelay  0x00004b7c       0x48 .\ARM_GCC_493\Debug\C-CAN.a(CyLib.o)
                0x00004b7c                CyDelay
 .text.CyDelayUs
                0x00004bc4       0x10 .\ARM_GCC_493\Debug\C-CAN.a(CyLib.o)
                0x00004bc4                CyDelayUs
 .text.CyDelayFreq
                0x00004bd4       0x58 .\ARM_GCC_493\Debug\C-CAN.a(CyLib.o)
                0x00004bd4                CyDelayFreq
 .text.CyWdtStart
                0x00004c2c       0x40 .\ARM_GCC_493\Debug\C-CAN.a(CyLib.o)
                0x00004c2c                CyWdtStart
 .text.CyWdtClear
                0x00004c6c        0xc .\ARM_GCC_493\Debug\C-CAN.a(CyLib.o)
                0x00004c6c                CyWdtClear
 .text.CyVdLvDigitEnable
                0x00004c78       0xb0 .\ARM_GCC_493\Debug\C-CAN.a(CyLib.o)
                0x00004c78                CyVdLvDigitEnable
 .text.CyVdLvAnalogEnable
                0x00004d28       0xac .\ARM_GCC_493\Debug\C-CAN.a(CyLib.o)
                0x00004d28                CyVdLvAnalogEnable
 .text.CyVdLvDigitDisable
                0x00004dd4       0x58 .\ARM_GCC_493\Debug\C-CAN.a(CyLib.o)
                0x00004dd4                CyVdLvDigitDisable
 .text.CyVdLvAnalogDisable
                0x00004e2c       0x44 .\ARM_GCC_493\Debug\C-CAN.a(CyLib.o)
                0x00004e2c                CyVdLvAnalogDisable
 .text.CyVdHvAnalogEnable
                0x00004e70       0x78 .\ARM_GCC_493\Debug\C-CAN.a(CyLib.o)
                0x00004e70                CyVdHvAnalogEnable
 .text.CyVdHvAnalogDisable
                0x00004ee8       0x38 .\ARM_GCC_493\Debug\C-CAN.a(CyLib.o)
                0x00004ee8                CyVdHvAnalogDisable
 .text.CyVdStickyStatus
                0x00004f20       0x2c .\ARM_GCC_493\Debug\C-CAN.a(CyLib.o)
                0x00004f20                CyVdStickyStatus
 .text.CyVdRealTimeStatus
                0x00004f4c       0x1c .\ARM_GCC_493\Debug\C-CAN.a(CyLib.o)
                0x00004f4c                CyVdRealTimeStatus
 .text.CyDisableInts
                0x00004f68       0x1c .\ARM_GCC_493\Debug\C-CAN.a(CyLib.o)
                0x00004f68                CyDisableInts
 .text.CyEnableInts
                0x00004f84       0x18 .\ARM_GCC_493\Debug\C-CAN.a(CyLib.o)
                0x00004f84                CyEnableInts
 .text.CyFlushCache
                0x00004f9c       0x44 .\ARM_GCC_493\Debug\C-CAN.a(CyLib.o)
                0x00004f9c                CyFlushCache
 .text.CyIntSetSysVector
                0x00004fe0       0x1c .\ARM_GCC_493\Debug\C-CAN.a(CyLib.o)
                0x00004fe0                CyIntSetSysVector
 .text.CyIntGetSysVector
                0x00004ffc       0x18 .\ARM_GCC_493\Debug\C-CAN.a(CyLib.o)
                0x00004ffc                CyIntGetSysVector
 .text.CyIntSetVector
                0x00005014       0x20 .\ARM_GCC_493\Debug\C-CAN.a(CyLib.o)
                0x00005014                CyIntSetVector
 .text.CyIntGetVector
                0x00005034       0x1c .\ARM_GCC_493\Debug\C-CAN.a(CyLib.o)
                0x00005034                CyIntGetVector
 .text.CyIntSetPriority
                0x00005050       0x20 .\ARM_GCC_493\Debug\C-CAN.a(CyLib.o)
                0x00005050                CyIntSetPriority
 .text.CyIntGetPriority
                0x00005070       0x18 .\ARM_GCC_493\Debug\C-CAN.a(CyLib.o)
                0x00005070                CyIntGetPriority
 .text.CyIntGetState
                0x00005088       0x1c .\ARM_GCC_493\Debug\C-CAN.a(CyLib.o)
                0x00005088                CyIntGetState
 .text.CySysTickStart
                0x000050a4       0x8c .\ARM_GCC_493\Debug\C-CAN.a(CyLib.o)
                0x000050a4                CySysTickStart
 .text.CySysTickInit
                0x00005130       0x70 .\ARM_GCC_493\Debug\C-CAN.a(CyLib.o)
                0x00005130                CySysTickInit
 .text.CySysTickEnable
                0x000051a0       0x18 .\ARM_GCC_493\Debug\C-CAN.a(CyLib.o)
                0x000051a0                CySysTickEnable
 .text.CySysTickStop
                0x000051b8       0x10 .\ARM_GCC_493\Debug\C-CAN.a(CyLib.o)
                0x000051b8                CySysTickStop
 .text.CySysTickEnableInterrupt
                0x000051c8       0x10 .\ARM_GCC_493\Debug\C-CAN.a(CyLib.o)
                0x000051c8                CySysTickEnableInterrupt
 .text.CySysTickDisableInterrupt
                0x000051d8       0x10 .\ARM_GCC_493\Debug\C-CAN.a(CyLib.o)
                0x000051d8                CySysTickDisableInterrupt
 .text.CySysTickSetReload
                0x000051e8       0x10 .\ARM_GCC_493\Debug\C-CAN.a(CyLib.o)
                0x000051e8                CySysTickSetReload
 .text.CySysTickGetReload
                0x000051f8       0x10 .\ARM_GCC_493\Debug\C-CAN.a(CyLib.o)
                0x000051f8                CySysTickGetReload
 .text.CySysTickGetValue
                0x00005208       0x10 .\ARM_GCC_493\Debug\C-CAN.a(CyLib.o)
                0x00005208                CySysTickGetValue
 .text.CySysTickSetClockSource
                0x00005218       0x18 .\ARM_GCC_493\Debug\C-CAN.a(CyLib.o)
                0x00005218                CySysTickSetClockSource
 .text.CySysTickGetCountFlag
                0x00005230       0x10 .\ARM_GCC_493\Debug\C-CAN.a(CyLib.o)
                0x00005230                CySysTickGetCountFlag
 .text.CySysTickClear
                0x00005240        0xc .\ARM_GCC_493\Debug\C-CAN.a(CyLib.o)
                0x00005240                CySysTickClear
 .text.CySysTickSetCallback
                0x0000524c       0x14 .\ARM_GCC_493\Debug\C-CAN.a(CyLib.o)
                0x0000524c                CySysTickSetCallback
 .text.CySysTickGetCallback
                0x00005260        0xc .\ARM_GCC_493\Debug\C-CAN.a(CyLib.o)
                0x00005260                CySysTickGetCallback
 .text.CyGetUniqueId
                0x0000526c       0x68 .\ARM_GCC_493\Debug\C-CAN.a(CyLib.o)
                0x0000526c                CyGetUniqueId
 .text          0x000052d4        0x0 .\ARM_GCC_493\Debug\C-CAN.a(cyPm.o)
 .text.CyPmHibSlpSaveSet
                0x000052d4      0x1c8 .\ARM_GCC_493\Debug\C-CAN.a(cyPm.o)
 .text.CyPmHibSlpRestore
                0x0000549c      0x140 .\ARM_GCC_493\Debug\C-CAN.a(cyPm.o)
 .text.CyPmSaveClocks
                0x000055dc      0x1e4 .\ARM_GCC_493\Debug\C-CAN.a(cyPm.o)
                0x000055dc                CyPmSaveClocks
 .text.CyPmRestoreClocks
                0x000057c0      0x240 .\ARM_GCC_493\Debug\C-CAN.a(cyPm.o)
                0x000057c0                CyPmRestoreClocks
 .text.CyPmAltAct
                0x00005a00       0x78 .\ARM_GCC_493\Debug\C-CAN.a(cyPm.o)
                0x00005a00                CyPmAltAct
 .text.CyPmSleep
                0x00005a78       0xf8 .\ARM_GCC_493\Debug\C-CAN.a(cyPm.o)
                0x00005a78                CyPmSleep
 .text.CyPmHibernateEx
                0x00005b70      0x28c .\ARM_GCC_493\Debug\C-CAN.a(cyPm.o)
                0x00005b70                CyPmHibernateEx
 .text.CyPmHibernate
                0x00005dfc        0x8 .\ARM_GCC_493\Debug\C-CAN.a(cyPm.o)
                0x00005dfc                CyPmHibernate
 .text.CyPmReadStatus
                0x00005e04       0x30 .\ARM_GCC_493\Debug\C-CAN.a(cyPm.o)
                0x00005e04                CyPmReadStatus
 .text.CyPmCtwSetInterval
                0x00005e34       0x54 .\ARM_GCC_493\Debug\C-CAN.a(cyPm.o)
                0x00005e34                CyPmCtwSetInterval
 .text.CyPmOppsSet
                0x00005e88       0x2c .\ARM_GCC_493\Debug\C-CAN.a(cyPm.o)
                0x00005e88                CyPmOppsSet
 .text.CyPmFtwSetInterval
                0x00005eb4       0x54 .\ARM_GCC_493\Debug\C-CAN.a(cyPm.o)
                0x00005eb4                CyPmFtwSetInterval
 .text          0x00005f08        0x0 .\ARM_GCC_493\Debug\C-CAN.a(ADC_SAR_1.o)
 .text.ADC_SAR_1_Start
                0x00005f08      0x114 .\ARM_GCC_493\Debug\C-CAN.a(ADC_SAR_1.o)
                0x00005f08                ADC_SAR_1_Start
 .text.ADC_SAR_1_Init
                0x0000601c       0x64 .\ARM_GCC_493\Debug\C-CAN.a(ADC_SAR_1.o)
                0x0000601c                ADC_SAR_1_Init
 .text.ADC_SAR_1_Enable
                0x00006080       0xa0 .\ARM_GCC_493\Debug\C-CAN.a(ADC_SAR_1.o)
                0x00006080                ADC_SAR_1_Enable
 .text.ADC_SAR_1_Stop
                0x00006120       0x50 .\ARM_GCC_493\Debug\C-CAN.a(ADC_SAR_1.o)
                0x00006120                ADC_SAR_1_Stop
 .text.ADC_SAR_1_SetPower
                0x00006170       0x18 .\ARM_GCC_493\Debug\C-CAN.a(ADC_SAR_1.o)
                0x00006170                ADC_SAR_1_SetPower
 .text.ADC_SAR_1_SetResolution
                0x00006188       0x78 .\ARM_GCC_493\Debug\C-CAN.a(ADC_SAR_1.o)
                0x00006188                ADC_SAR_1_SetResolution
 .text.ADC_SAR_1_StartConvert
                0x00006200       0x18 .\ARM_GCC_493\Debug\C-CAN.a(ADC_SAR_1.o)
                0x00006200                ADC_SAR_1_StartConvert
 .text.ADC_SAR_1_StopConvert
                0x00006218       0x18 .\ARM_GCC_493\Debug\C-CAN.a(ADC_SAR_1.o)
                0x00006218                ADC_SAR_1_StopConvert
 .text.ADC_SAR_1_IsEndConversion
                0x00006230       0x2c .\ARM_GCC_493\Debug\C-CAN.a(ADC_SAR_1.o)
                0x00006230                ADC_SAR_1_IsEndConversion
 .text.ADC_SAR_1_GetResult8
                0x0000625c       0x18 .\ARM_GCC_493\Debug\C-CAN.a(ADC_SAR_1.o)
                0x0000625c                ADC_SAR_1_GetResult8
 .text.ADC_SAR_1_GetResult16
                0x00006274       0x18 .\ARM_GCC_493\Debug\C-CAN.a(ADC_SAR_1.o)
                0x00006274                ADC_SAR_1_GetResult16
 .text.ADC_SAR_1_SetOffset
                0x0000628c        0xc .\ARM_GCC_493\Debug\C-CAN.a(ADC_SAR_1.o)
                0x0000628c                ADC_SAR_1_SetOffset
 .text.ADC_SAR_1_SetGain
                0x00006298       0x10 .\ARM_GCC_493\Debug\C-CAN.a(ADC_SAR_1.o)
                0x00006298                ADC_SAR_1_SetGain
 .text.ADC_SAR_1_SetScaledGain
                0x000062a8        0xc .\ARM_GCC_493\Debug\C-CAN.a(ADC_SAR_1.o)
                0x000062a8                ADC_SAR_1_SetScaledGain
 .text.ADC_SAR_1_CountsTo_mVolts
                0x000062b4       0x4c .\ARM_GCC_493\Debug\C-CAN.a(ADC_SAR_1.o)
                0x000062b4                ADC_SAR_1_CountsTo_mVolts
 .text.ADC_SAR_1_CountsTo_uVolts
                0x00006300       0x48 .\ARM_GCC_493\Debug\C-CAN.a(ADC_SAR_1.o)
                0x00006300                ADC_SAR_1_CountsTo_uVolts
 .text.ADC_SAR_1_CountsTo_Volts
                0x00006348       0x50 .\ARM_GCC_493\Debug\C-CAN.a(ADC_SAR_1.o)
                0x00006348                ADC_SAR_1_CountsTo_Volts
 .text          0x00006398        0x0 .\ARM_GCC_493\Debug\C-CAN.a(ADC_SAR_1_INT.o)
 .text.ADC_SAR_1_ISR
                0x00006398        0x4 .\ARM_GCC_493\Debug\C-CAN.a(ADC_SAR_1_INT.o)
                0x00006398                ADC_SAR_1_ISR
 .text          0x0000639c        0x0 .\ARM_GCC_493\Debug\C-CAN.a(ADC_SAR_1_theACLK.o)
 .text.ADC_SAR_1_theACLK_Start
                0x0000639c       0x20 .\ARM_GCC_493\Debug\C-CAN.a(ADC_SAR_1_theACLK.o)
                0x0000639c                ADC_SAR_1_theACLK_Start
 .text.ADC_SAR_1_theACLK_Stop
                0x000063bc       0x20 .\ARM_GCC_493\Debug\C-CAN.a(ADC_SAR_1_theACLK.o)
                0x000063bc                ADC_SAR_1_theACLK_Stop
 .text.ADC_SAR_1_theACLK_StopBlock
                0x000063dc       0x78 .\ARM_GCC_493\Debug\C-CAN.a(ADC_SAR_1_theACLK.o)
                0x000063dc                ADC_SAR_1_theACLK_StopBlock
 .text.ADC_SAR_1_theACLK_StandbyPower
                0x00006454       0x1c .\ARM_GCC_493\Debug\C-CAN.a(ADC_SAR_1_theACLK.o)
                0x00006454                ADC_SAR_1_theACLK_StandbyPower
 .text.ADC_SAR_1_theACLK_SetDividerRegister
                0x00006470       0xe8 .\ARM_GCC_493\Debug\C-CAN.a(ADC_SAR_1_theACLK.o)
                0x00006470                ADC_SAR_1_theACLK_SetDividerRegister
 .text.ADC_SAR_1_theACLK_GetDividerRegister
                0x00006558        0xc .\ARM_GCC_493\Debug\C-CAN.a(ADC_SAR_1_theACLK.o)
                0x00006558                ADC_SAR_1_theACLK_GetDividerRegister
 .text.ADC_SAR_1_theACLK_SetModeRegister
                0x00006564       0x14 .\ARM_GCC_493\Debug\C-CAN.a(ADC_SAR_1_theACLK.o)
                0x00006564                ADC_SAR_1_theACLK_SetModeRegister
 .text.ADC_SAR_1_theACLK_ClearModeRegister
                0x00006578       0x14 .\ARM_GCC_493\Debug\C-CAN.a(ADC_SAR_1_theACLK.o)
                0x00006578                ADC_SAR_1_theACLK_ClearModeRegister
 .text.ADC_SAR_1_theACLK_GetModeRegister
                0x0000658c       0x10 .\ARM_GCC_493\Debug\C-CAN.a(ADC_SAR_1_theACLK.o)
                0x0000658c                ADC_SAR_1_theACLK_GetModeRegister
 .text.ADC_SAR_1_theACLK_SetSourceRegister
                0x0000659c       0x58 .\ARM_GCC_493\Debug\C-CAN.a(ADC_SAR_1_theACLK.o)
                0x0000659c                ADC_SAR_1_theACLK_SetSourceRegister
 .text.ADC_SAR_1_theACLK_GetSourceRegister
                0x000065f4       0x10 .\ARM_GCC_493\Debug\C-CAN.a(ADC_SAR_1_theACLK.o)
                0x000065f4                ADC_SAR_1_theACLK_GetSourceRegister
 .text          0x00006604        0x0 .\ARM_GCC_493\Debug\C-CAN.a(AMux_1.o)
 .text.AMux_1_Start
                0x00006604       0x20 .\ARM_GCC_493\Debug\C-CAN.a(AMux_1.o)
                0x00006604                AMux_1_Start
 .text.AMux_1_FastSelect
                0x00006624       0x20 .\ARM_GCC_493\Debug\C-CAN.a(AMux_1.o)
                0x00006624                AMux_1_FastSelect
 .text.AMux_1_DisconnectAll
                0x00006644       0x18 .\ARM_GCC_493\Debug\C-CAN.a(AMux_1.o)
                0x00006644                AMux_1_DisconnectAll
 .text          0x0000665c        0x0 .\ARM_GCC_493\Debug\C-CAN.a(CAN_1.o)
 .text.CAN_1_RxTxBuffersConfig
                0x0000665c      0x14c .\ARM_GCC_493\Debug\C-CAN.a(CAN_1.o)
                0x0000665c                CAN_1_RxTxBuffersConfig
 .text.CAN_1_Init
                0x000067a8       0xf0 .\ARM_GCC_493\Debug\C-CAN.a(CAN_1.o)
                0x000067a8                CAN_1_Init
 .text.CAN_1_Enable
                0x00006898       0x78 .\ARM_GCC_493\Debug\C-CAN.a(CAN_1.o)
                0x00006898                CAN_1_Enable
 .text.CAN_1_Start
                0x00006910       0x90 .\ARM_GCC_493\Debug\C-CAN.a(CAN_1.o)
                0x00006910                CAN_1_Start
 .text.CAN_1_Stop
                0x000069a0       0x5c .\ARM_GCC_493\Debug\C-CAN.a(CAN_1.o)
                0x000069a0                CAN_1_Stop
 .text.CAN_1_GlobalIntEnable
                0x000069fc       0x1c .\ARM_GCC_493\Debug\C-CAN.a(CAN_1.o)
                0x000069fc                CAN_1_GlobalIntEnable
 .text.CAN_1_GlobalIntDisable
                0x00006a18       0x18 .\ARM_GCC_493\Debug\C-CAN.a(CAN_1.o)
                0x00006a18                CAN_1_GlobalIntDisable
 .text.CAN_1_SetPreScaler
                0x00006a30       0x1c .\ARM_GCC_493\Debug\C-CAN.a(CAN_1.o)
                0x00006a30                CAN_1_SetPreScaler
 .text.CAN_1_SetArbiter
                0x00006a4c       0x2c .\ARM_GCC_493\Debug\C-CAN.a(CAN_1.o)
                0x00006a4c                CAN_1_SetArbiter
 .text.CAN_1_SetTsegSample
                0x00006a78       0x64 .\ARM_GCC_493\Debug\C-CAN.a(CAN_1.o)
                0x00006a78                CAN_1_SetTsegSample
 .text.CAN_1_SetRestartType
                0x00006adc       0x2c .\ARM_GCC_493\Debug\C-CAN.a(CAN_1.o)
                0x00006adc                CAN_1_SetRestartType
 .text.CAN_1_SetEdgeMode
                0x00006b08       0x2c .\ARM_GCC_493\Debug\C-CAN.a(CAN_1.o)
                0x00006b08                CAN_1_SetEdgeMode
 .text.CAN_1_SetOpMode
                0x00006b34       0x68 .\ARM_GCC_493\Debug\C-CAN.a(CAN_1.o)
                0x00006b34                CAN_1_SetOpMode
 .text.CAN_1_RXRegisterInit
                0x00006b9c       0x60 .\ARM_GCC_493\Debug\C-CAN.a(CAN_1.o)
                0x00006b9c                CAN_1_RXRegisterInit
 .text.CAN_1_SetIrqMask
                0x00006bfc       0x14 .\ARM_GCC_493\Debug\C-CAN.a(CAN_1.o)
                0x00006bfc                CAN_1_SetIrqMask
 .text.CAN_1_GetTXErrorFlag
                0x00006c10       0x10 .\ARM_GCC_493\Debug\C-CAN.a(CAN_1.o)
                0x00006c10                CAN_1_GetTXErrorFlag
 .text.CAN_1_GetRXErrorFlag
                0x00006c20       0x10 .\ARM_GCC_493\Debug\C-CAN.a(CAN_1.o)
                0x00006c20                CAN_1_GetRXErrorFlag
 .text.CAN_1_GetTXErrorCount
                0x00006c30        0xc .\ARM_GCC_493\Debug\C-CAN.a(CAN_1.o)
                0x00006c30                CAN_1_GetTXErrorCount
 .text.CAN_1_GetRXErrorCount
                0x00006c3c        0xc .\ARM_GCC_493\Debug\C-CAN.a(CAN_1.o)
                0x00006c3c                CAN_1_GetRXErrorCount
 .text.CAN_1_GetErrorState
                0x00006c48       0x10 .\ARM_GCC_493\Debug\C-CAN.a(CAN_1.o)
                0x00006c48                CAN_1_GetErrorState
 .text.CAN_1_RxBufConfig
                0x00006c58       0x88 .\ARM_GCC_493\Debug\C-CAN.a(CAN_1.o)
                0x00006c58                CAN_1_RxBufConfig
 .text.CAN_1_TxBufConfig
                0x00006ce0       0x58 .\ARM_GCC_493\Debug\C-CAN.a(CAN_1.o)
                0x00006ce0                CAN_1_TxBufConfig
 .text          0x00006d38        0x0 .\ARM_GCC_493\Debug\C-CAN.a(CAN_1_INT.o)
 .text.CAN_1_BusOffIsr
                0x00006d38       0x18 .\ARM_GCC_493\Debug\C-CAN.a(CAN_1_INT.o)
                0x00006d38                CAN_1_BusOffIsr
 .text.CAN_1_MsgRXIsr
                0x00006d50       0x44 .\ARM_GCC_493\Debug\C-CAN.a(CAN_1_INT.o)
                0x00006d50                CAN_1_MsgRXIsr
 .text.CAN_1_ISR
                0x00006d94       0x60 .\ARM_GCC_493\Debug\C-CAN.a(CAN_1_INT.o)
                0x00006d94                CAN_1_ISR
 .text          0x00006df4        0x0 .\ARM_GCC_493\Debug\C-CAN.a(CAN_TIMER.o)
 .text.CAN_TIMER_Init
                0x00006df4       0x54 .\ARM_GCC_493\Debug\C-CAN.a(CAN_TIMER.o)
                0x00006df4                CAN_TIMER_Init
 .text.CAN_TIMER_Enable
                0x00006e48       0x10 .\ARM_GCC_493\Debug\C-CAN.a(CAN_TIMER.o)
                0x00006e48                CAN_TIMER_Enable
 .text.CAN_TIMER_Start
                0x00006e58       0x70 .\ARM_GCC_493\Debug\C-CAN.a(CAN_TIMER.o)
                0x00006e58                CAN_TIMER_Start
 .text.CAN_TIMER_Stop
                0x00006ec8       0x10 .\ARM_GCC_493\Debug\C-CAN.a(CAN_TIMER.o)
                0x00006ec8                CAN_TIMER_Stop
 .text.CAN_TIMER_SetInterruptMode
                0x00006ed8        0xc .\ARM_GCC_493\Debug\C-CAN.a(CAN_TIMER.o)
                0x00006ed8                CAN_TIMER_SetInterruptMode
 .text.CAN_TIMER_SoftwareCapture
                0x00006ee4        0xc .\ARM_GCC_493\Debug\C-CAN.a(CAN_TIMER.o)
                0x00006ee4                CAN_TIMER_SoftwareCapture
 .text.CAN_TIMER_ReadStatusRegister
                0x00006ef0        0xc .\ARM_GCC_493\Debug\C-CAN.a(CAN_TIMER.o)
                0x00006ef0                CAN_TIMER_ReadStatusRegister
 .text.CAN_TIMER_ReadControlRegister
                0x00006efc        0xc .\ARM_GCC_493\Debug\C-CAN.a(CAN_TIMER.o)
                0x00006efc                CAN_TIMER_ReadControlRegister
 .text.CAN_TIMER_WriteControlRegister
                0x00006f08        0xc .\ARM_GCC_493\Debug\C-CAN.a(CAN_TIMER.o)
                0x00006f08                CAN_TIMER_WriteControlRegister
 .text.CAN_TIMER_ReadPeriod
                0x00006f14        0xc .\ARM_GCC_493\Debug\C-CAN.a(CAN_TIMER.o)
                0x00006f14                CAN_TIMER_ReadPeriod
 .text.CAN_TIMER_WritePeriod
                0x00006f20        0xc .\ARM_GCC_493\Debug\C-CAN.a(CAN_TIMER.o)
                0x00006f20                CAN_TIMER_WritePeriod
 .text.CAN_TIMER_ReadCapture
                0x00006f2c        0xc .\ARM_GCC_493\Debug\C-CAN.a(CAN_TIMER.o)
                0x00006f2c                CAN_TIMER_ReadCapture
 .text.CAN_TIMER_WriteCounter
                0x00006f38        0xc .\ARM_GCC_493\Debug\C-CAN.a(CAN_TIMER.o)
                0x00006f38                CAN_TIMER_WriteCounter
 .text.CAN_TIMER_ReadCounter
                0x00006f44       0x14 .\ARM_GCC_493\Debug\C-CAN.a(CAN_TIMER.o)
                0x00006f44                CAN_TIMER_ReadCounter
 .text.CAN_TIMER_ClearFIFO
                0x00006f58       0x1c .\ARM_GCC_493\Debug\C-CAN.a(CAN_TIMER.o)
                0x00006f58                CAN_TIMER_ClearFIFO
 .text          0x00006f74        0x0 .\ARM_GCC_493\Debug\C-CAN.a(CAN_ISR.o)
 .text.CAN_ISR_Interrupt
                0x00006f74       0x10 .\ARM_GCC_493\Debug\C-CAN.a(CAN_ISR.o)
                0x00006f74                CAN_ISR_Interrupt
 .text.CAN_ISR_Start
                0x00006f84       0x34 .\ARM_GCC_493\Debug\C-CAN.a(CAN_ISR.o)
                0x00006f84                CAN_ISR_Start
 .text.CAN_ISR_StartEx
                0x00006fb8       0x2c .\ARM_GCC_493\Debug\C-CAN.a(CAN_ISR.o)
                0x00006fb8                CAN_ISR_StartEx
 .text.CAN_ISR_Stop
                0x00006fe4       0x1c .\ARM_GCC_493\Debug\C-CAN.a(CAN_ISR.o)
                0x00006fe4                CAN_ISR_Stop
 .text.CAN_ISR_SetVector
                0x00007000        0xc .\ARM_GCC_493\Debug\C-CAN.a(CAN_ISR.o)
                0x00007000                CAN_ISR_SetVector
 .text.CAN_ISR_GetVector
                0x0000700c        0xc .\ARM_GCC_493\Debug\C-CAN.a(CAN_ISR.o)
                0x0000700c                CAN_ISR_GetVector
 .text.CAN_ISR_SetPriority
                0x00007018       0x10 .\ARM_GCC_493\Debug\C-CAN.a(CAN_ISR.o)
                0x00007018                CAN_ISR_SetPriority
 .text.CAN_ISR_GetPriority
                0x00007028        0xc .\ARM_GCC_493\Debug\C-CAN.a(CAN_ISR.o)
                0x00007028                CAN_ISR_GetPriority
 .text.CAN_ISR_Enable
                0x00007034        0xc .\ARM_GCC_493\Debug\C-CAN.a(CAN_ISR.o)
                0x00007034                CAN_ISR_Enable
 .text.CAN_ISR_GetState
                0x00007040       0x10 .\ARM_GCC_493\Debug\C-CAN.a(CAN_ISR.o)
                0x00007040                CAN_ISR_GetState
 .text.CAN_ISR_Disable
                0x00007050        0xc .\ARM_GCC_493\Debug\C-CAN.a(CAN_ISR.o)
                0x00007050                CAN_ISR_Disable
 .text.CAN_ISR_SetPending
                0x0000705c        0xc .\ARM_GCC_493\Debug\C-CAN.a(CAN_ISR.o)
                0x0000705c                CAN_ISR_SetPending
 .text.CAN_ISR_ClearPending
                0x00007068        0xc .\ARM_GCC_493\Debug\C-CAN.a(CAN_ISR.o)
                0x00007068                CAN_ISR_ClearPending
 .text          0x00007074        0x0 .\ARM_GCC_493\Debug\C-CAN.a(Encoder_Left.o)
 .text.Encoder_Left_Init
                0x00007074       0x74 .\ARM_GCC_493\Debug\C-CAN.a(Encoder_Left.o)
                0x00007074                Encoder_Left_Init
 .text.Encoder_Left_Enable
                0x000070e8       0x10 .\ARM_GCC_493\Debug\C-CAN.a(Encoder_Left.o)
                0x000070e8                Encoder_Left_Enable
 .text.Encoder_Left_Start
                0x000070f8       0x8c .\ARM_GCC_493\Debug\C-CAN.a(Encoder_Left.o)
                0x000070f8                Encoder_Left_Start
 .text.Encoder_Left_Stop
                0x00007184       0x10 .\ARM_GCC_493\Debug\C-CAN.a(Encoder_Left.o)
                0x00007184                Encoder_Left_Stop
 .text.Encoder_Left_SetInterruptMode
                0x00007194        0xc .\ARM_GCC_493\Debug\C-CAN.a(Encoder_Left.o)
                0x00007194                Encoder_Left_SetInterruptMode
 .text.Encoder_Left_ReadStatusRegister
                0x000071a0        0xc .\ARM_GCC_493\Debug\C-CAN.a(Encoder_Left.o)
                0x000071a0                Encoder_Left_ReadStatusRegister
 .text.Encoder_Left_ReadControlRegister
                0x000071ac        0xc .\ARM_GCC_493\Debug\C-CAN.a(Encoder_Left.o)
                0x000071ac                Encoder_Left_ReadControlRegister
 .text.Encoder_Left_WriteControlRegister
                0x000071b8        0xc .\ARM_GCC_493\Debug\C-CAN.a(Encoder_Left.o)
                0x000071b8                Encoder_Left_WriteControlRegister
 .text.Encoder_Left_WriteCounter
                0x000071c4        0xc .\ARM_GCC_493\Debug\C-CAN.a(Encoder_Left.o)
                0x000071c4                Encoder_Left_WriteCounter
 .text.Encoder_Left_ReadCounter
                0x000071d0       0x14 .\ARM_GCC_493\Debug\C-CAN.a(Encoder_Left.o)
                0x000071d0                Encoder_Left_ReadCounter
 .text.Encoder_Left_ReadCapture
                0x000071e4        0xc .\ARM_GCC_493\Debug\C-CAN.a(Encoder_Left.o)
                0x000071e4                Encoder_Left_ReadCapture
 .text.Encoder_Left_WritePeriod
                0x000071f0        0xc .\ARM_GCC_493\Debug\C-CAN.a(Encoder_Left.o)
                0x000071f0                Encoder_Left_WritePeriod
 .text.Encoder_Left_ReadPeriod
                0x000071fc        0xc .\ARM_GCC_493\Debug\C-CAN.a(Encoder_Left.o)
                0x000071fc                Encoder_Left_ReadPeriod
 .text.Encoder_Left_WriteCompare
                0x00007208        0xc .\ARM_GCC_493\Debug\C-CAN.a(Encoder_Left.o)
                0x00007208                Encoder_Left_WriteCompare
 .text.Encoder_Left_ReadCompare
                0x00007214        0xc .\ARM_GCC_493\Debug\C-CAN.a(Encoder_Left.o)
                0x00007214                Encoder_Left_ReadCompare
 .text.Encoder_Left_ClearFIFO
                0x00007220       0x1c .\ARM_GCC_493\Debug\C-CAN.a(Encoder_Left.o)
                0x00007220                Encoder_Left_ClearFIFO
 .text          0x0000723c        0x0 .\ARM_GCC_493\Debug\C-CAN.a(Encoder_Right.o)
 .text.Encoder_Right_Init
                0x0000723c       0x74 .\ARM_GCC_493\Debug\C-CAN.a(Encoder_Right.o)
                0x0000723c                Encoder_Right_Init
 .text.Encoder_Right_Enable
                0x000072b0       0x10 .\ARM_GCC_493\Debug\C-CAN.a(Encoder_Right.o)
                0x000072b0                Encoder_Right_Enable
 .text.Encoder_Right_Start
                0x000072c0       0x8c .\ARM_GCC_493\Debug\C-CAN.a(Encoder_Right.o)
                0x000072c0                Encoder_Right_Start
 .text.Encoder_Right_Stop
                0x0000734c       0x10 .\ARM_GCC_493\Debug\C-CAN.a(Encoder_Right.o)
                0x0000734c                Encoder_Right_Stop
 .text.Encoder_Right_SetInterruptMode
                0x0000735c        0xc .\ARM_GCC_493\Debug\C-CAN.a(Encoder_Right.o)
                0x0000735c                Encoder_Right_SetInterruptMode
 .text.Encoder_Right_ReadStatusRegister
                0x00007368        0xc .\ARM_GCC_493\Debug\C-CAN.a(Encoder_Right.o)
                0x00007368                Encoder_Right_ReadStatusRegister
 .text.Encoder_Right_ReadControlRegister
                0x00007374        0xc .\ARM_GCC_493\Debug\C-CAN.a(Encoder_Right.o)
                0x00007374                Encoder_Right_ReadControlRegister
 .text.Encoder_Right_WriteControlRegister
                0x00007380        0xc .\ARM_GCC_493\Debug\C-CAN.a(Encoder_Right.o)
                0x00007380                Encoder_Right_WriteControlRegister
 .text.Encoder_Right_WriteCounter
                0x0000738c        0xc .\ARM_GCC_493\Debug\C-CAN.a(Encoder_Right.o)
                0x0000738c                Encoder_Right_WriteCounter
 .text.Encoder_Right_ReadCounter
                0x00007398       0x14 .\ARM_GCC_493\Debug\C-CAN.a(Encoder_Right.o)
                0x00007398                Encoder_Right_ReadCounter
 .text.Encoder_Right_ReadCapture
                0x000073ac        0xc .\ARM_GCC_493\Debug\C-CAN.a(Encoder_Right.o)
                0x000073ac                Encoder_Right_ReadCapture
 .text.Encoder_Right_WritePeriod
                0x000073b8        0xc .\ARM_GCC_493\Debug\C-CAN.a(Encoder_Right.o)
                0x000073b8                Encoder_Right_WritePeriod
 .text.Encoder_Right_ReadPeriod
                0x000073c4        0xc .\ARM_GCC_493\Debug\C-CAN.a(Encoder_Right.o)
                0x000073c4                Encoder_Right_ReadPeriod
 .text.Encoder_Right_WriteCompare
                0x000073d0        0xc .\ARM_GCC_493\Debug\C-CAN.a(Encoder_Right.o)
                0x000073d0                Encoder_Right_WriteCompare
 .text.Encoder_Right_ReadCompare
                0x000073dc        0xc .\ARM_GCC_493\Debug\C-CAN.a(Encoder_Right.o)
                0x000073dc                Encoder_Right_ReadCompare
 .text.Encoder_Right_ClearFIFO
                0x000073e8       0x1c .\ARM_GCC_493\Debug\C-CAN.a(Encoder_Right.o)
                0x000073e8                Encoder_Right_ClearFIFO
 .text          0x00007404        0x0 .\ARM_GCC_493\Debug\C-CAN.a(leftEncTimer.o)
 .text.leftEncTimer_Init
                0x00007404       0x74 .\ARM_GCC_493\Debug\C-CAN.a(leftEncTimer.o)
                0x00007404                leftEncTimer_Init
 .text.leftEncTimer_Enable
                0x00007478       0x10 .\ARM_GCC_493\Debug\C-CAN.a(leftEncTimer.o)
                0x00007478                leftEncTimer_Enable
 .text.leftEncTimer_Start
                0x00007488       0x8c .\ARM_GCC_493\Debug\C-CAN.a(leftEncTimer.o)
                0x00007488                leftEncTimer_Start
 .text.leftEncTimer_Stop
                0x00007514       0x10 .\ARM_GCC_493\Debug\C-CAN.a(leftEncTimer.o)
                0x00007514                leftEncTimer_Stop
 .text.leftEncTimer_SetInterruptMode
                0x00007524        0xc .\ARM_GCC_493\Debug\C-CAN.a(leftEncTimer.o)
                0x00007524                leftEncTimer_SetInterruptMode
 .text.leftEncTimer_ReadStatusRegister
                0x00007530        0xc .\ARM_GCC_493\Debug\C-CAN.a(leftEncTimer.o)
                0x00007530                leftEncTimer_ReadStatusRegister
 .text.leftEncTimer_ReadControlRegister
                0x0000753c        0xc .\ARM_GCC_493\Debug\C-CAN.a(leftEncTimer.o)
                0x0000753c                leftEncTimer_ReadControlRegister
 .text.leftEncTimer_WriteControlRegister
                0x00007548        0xc .\ARM_GCC_493\Debug\C-CAN.a(leftEncTimer.o)
                0x00007548                leftEncTimer_WriteControlRegister
 .text.leftEncTimer_WriteCounter
                0x00007554        0xc .\ARM_GCC_493\Debug\C-CAN.a(leftEncTimer.o)
                0x00007554                leftEncTimer_WriteCounter
 .text.leftEncTimer_ReadCounter
                0x00007560       0x14 .\ARM_GCC_493\Debug\C-CAN.a(leftEncTimer.o)
                0x00007560                leftEncTimer_ReadCounter
 .text.leftEncTimer_ReadCapture
                0x00007574        0xc .\ARM_GCC_493\Debug\C-CAN.a(leftEncTimer.o)
                0x00007574                leftEncTimer_ReadCapture
 .text.leftEncTimer_WritePeriod
                0x00007580        0xc .\ARM_GCC_493\Debug\C-CAN.a(leftEncTimer.o)
                0x00007580                leftEncTimer_WritePeriod
 .text.leftEncTimer_ReadPeriod
                0x0000758c        0xc .\ARM_GCC_493\Debug\C-CAN.a(leftEncTimer.o)
                0x0000758c                leftEncTimer_ReadPeriod
 .text.leftEncTimer_WriteCompare
                0x00007598        0xc .\ARM_GCC_493\Debug\C-CAN.a(leftEncTimer.o)
                0x00007598                leftEncTimer_WriteCompare
 .text.leftEncTimer_ReadCompare
                0x000075a4        0xc .\ARM_GCC_493\Debug\C-CAN.a(leftEncTimer.o)
                0x000075a4                leftEncTimer_ReadCompare
 .text.leftEncTimer_ClearFIFO
                0x000075b0       0x1c .\ARM_GCC_493\Debug\C-CAN.a(leftEncTimer.o)
                0x000075b0                leftEncTimer_ClearFIFO
 .text          0x000075cc        0x0 .\ARM_GCC_493\Debug\C-CAN.a(rightEncTimer.o)
 .text.rightEncTimer_Init
                0x000075cc       0x74 .\ARM_GCC_493\Debug\C-CAN.a(rightEncTimer.o)
                0x000075cc                rightEncTimer_Init
 .text.rightEncTimer_Enable
                0x00007640       0x10 .\ARM_GCC_493\Debug\C-CAN.a(rightEncTimer.o)
                0x00007640                rightEncTimer_Enable
 .text.rightEncTimer_Start
                0x00007650       0x8c .\ARM_GCC_493\Debug\C-CAN.a(rightEncTimer.o)
                0x00007650                rightEncTimer_Start
 .text.rightEncTimer_Stop
                0x000076dc       0x10 .\ARM_GCC_493\Debug\C-CAN.a(rightEncTimer.o)
                0x000076dc                rightEncTimer_Stop
 .text.rightEncTimer_SetInterruptMode
                0x000076ec        0xc .\ARM_GCC_493\Debug\C-CAN.a(rightEncTimer.o)
                0x000076ec                rightEncTimer_SetInterruptMode
 .text.rightEncTimer_ReadStatusRegister
                0x000076f8        0xc .\ARM_GCC_493\Debug\C-CAN.a(rightEncTimer.o)
                0x000076f8                rightEncTimer_ReadStatusRegister
 .text.rightEncTimer_ReadControlRegister
                0x00007704        0xc .\ARM_GCC_493\Debug\C-CAN.a(rightEncTimer.o)
                0x00007704                rightEncTimer_ReadControlRegister
 .text.rightEncTimer_WriteControlRegister
                0x00007710        0xc .\ARM_GCC_493\Debug\C-CAN.a(rightEncTimer.o)
                0x00007710                rightEncTimer_WriteControlRegister
 .text.rightEncTimer_WriteCounter
                0x0000771c        0xc .\ARM_GCC_493\Debug\C-CAN.a(rightEncTimer.o)
                0x0000771c                rightEncTimer_WriteCounter
 .text.rightEncTimer_ReadCounter
                0x00007728       0x14 .\ARM_GCC_493\Debug\C-CAN.a(rightEncTimer.o)
                0x00007728                rightEncTimer_ReadCounter
 .text.rightEncTimer_ReadCapture
                0x0000773c        0xc .\ARM_GCC_493\Debug\C-CAN.a(rightEncTimer.o)
                0x0000773c                rightEncTimer_ReadCapture
 .text.rightEncTimer_WritePeriod
                0x00007748        0xc .\ARM_GCC_493\Debug\C-CAN.a(rightEncTimer.o)
                0x00007748                rightEncTimer_WritePeriod
 .text.rightEncTimer_ReadPeriod
                0x00007754        0xc .\ARM_GCC_493\Debug\C-CAN.a(rightEncTimer.o)
                0x00007754                rightEncTimer_ReadPeriod
 .text.rightEncTimer_WriteCompare
                0x00007760        0xc .\ARM_GCC_493\Debug\C-CAN.a(rightEncTimer.o)
                0x00007760                rightEncTimer_WriteCompare
 .text.rightEncTimer_ReadCompare
                0x0000776c        0xc .\ARM_GCC_493\Debug\C-CAN.a(rightEncTimer.o)
                0x0000776c                rightEncTimer_ReadCompare
 .text.rightEncTimer_ClearFIFO
                0x00007778       0x1c .\ARM_GCC_493\Debug\C-CAN.a(rightEncTimer.o)
                0x00007778                rightEncTimer_ClearFIFO
 .text          0x00007794        0x0 .\ARM_GCC_493\Debug\C-CAN.a(CyFlash.o)
 .text.CyFlash_Start
                0x00007794       0x50 .\ARM_GCC_493\Debug\C-CAN.a(CyFlash.o)
                0x00007794                CyFlash_Start
 .text.CyFlash_Stop
                0x000077e4       0x2c .\ARM_GCC_493\Debug\C-CAN.a(CyFlash.o)
                0x000077e4                CyFlash_Stop
 .text.CySetTemp
                0x00007810       0xa4 .\ARM_GCC_493\Debug\C-CAN.a(CyFlash.o)
                0x00007810                CySetTemp
 .text.CySetFlashEEBuffer
                0x000078b4       0x34 .\ARM_GCC_493\Debug\C-CAN.a(CyFlash.o)
                0x000078b4                CySetFlashEEBuffer
 .text.CyWriteRowData
                0x000078e8       0xd0 .\ARM_GCC_493\Debug\C-CAN.a(CyFlash.o)
                0x000078e8                CyWriteRowData
 .text.CyWriteRowFull
                0x000079b8       0xcc .\ARM_GCC_493\Debug\C-CAN.a(CyFlash.o)
                0x000079b8                CyWriteRowFull
 .text.CyFlash_SetWaitCycles
                0x00007a84       0x90 .\ARM_GCC_493\Debug\C-CAN.a(CyFlash.o)
                0x00007a84                CyFlash_SetWaitCycles
 .text.CyEEPROM_Start
                0x00007b14       0x50 .\ARM_GCC_493\Debug\C-CAN.a(CyFlash.o)
                0x00007b14                CyEEPROM_Start
 .text.CyEEPROM_Stop
                0x00007b64       0x2c .\ARM_GCC_493\Debug\C-CAN.a(CyFlash.o)
                0x00007b64                CyEEPROM_Stop
 .text.CyEEPROM_ReadReserve
                0x00007b90       0x18 .\ARM_GCC_493\Debug\C-CAN.a(CyFlash.o)
                0x00007b90                CyEEPROM_ReadReserve
 .text.CyEEPROM_ReadRelease
                0x00007ba8       0x10 .\ARM_GCC_493\Debug\C-CAN.a(CyFlash.o)
                0x00007ba8                CyEEPROM_ReadRelease
 .text          0x00007bb8        0x0 .\ARM_GCC_493\Debug\C-CAN.a(CySpc.o)
 .text.CySpcStart
                0x00007bb8       0x2c .\ARM_GCC_493\Debug\C-CAN.a(CySpc.o)
                0x00007bb8                CySpcStart
 .text.CySpcStop
                0x00007be4       0x2c .\ARM_GCC_493\Debug\C-CAN.a(CySpc.o)
                0x00007be4                CySpcStop
 .text.CySpcReadData
                0x00007c10       0x40 .\ARM_GCC_493\Debug\C-CAN.a(CySpc.o)
                0x00007c10                CySpcReadData
 .text.CySpcLoadMultiByte
                0x00007c50       0x6c .\ARM_GCC_493\Debug\C-CAN.a(CySpc.o)
                0x00007c50                CySpcLoadMultiByte
 .text.CySpcLoadRow
                0x00007cbc       0x50 .\ARM_GCC_493\Debug\C-CAN.a(CySpc.o)
                0x00007cbc                CySpcLoadRow
 .text.CySpcLoadRowFull
                0x00007d0c       0x74 .\ARM_GCC_493\Debug\C-CAN.a(CySpc.o)
                0x00007d0c                CySpcLoadRowFull
 .text.CySpcWriteRow
                0x00007d80       0x44 .\ARM_GCC_493\Debug\C-CAN.a(CySpc.o)
                0x00007d80                CySpcWriteRow
 .text.CySpcEraseSector
                0x00007dc4       0x3c .\ARM_GCC_493\Debug\C-CAN.a(CySpc.o)
                0x00007dc4                CySpcEraseSector
 .text.CySpcGetTemp
                0x00007e00       0x38 .\ARM_GCC_493\Debug\C-CAN.a(CySpc.o)
                0x00007e00                CySpcGetTemp
 .text.CySpcLock
                0x00007e38       0x44 .\ARM_GCC_493\Debug\C-CAN.a(CySpc.o)
                0x00007e38                CySpcLock
 .text.CySpcUnlock
                0x00007e7c       0x34 .\ARM_GCC_493\Debug\C-CAN.a(CySpc.o)
                0x00007e7c                CySpcUnlock
 .text.CySpcGetAlgorithm
                0x00007eb0       0x28 .\ARM_GCC_493\Debug\C-CAN.a(CySpc.o)
                0x00007eb0                CySpcGetAlgorithm
 .text          0x00007ed8      0x21c c:/program files (x86)/cypress/psoc creator/3.3/psoc creator/import/gnu/arm/4.9.3/bin/../lib/gcc/arm-none-eabi/4.9.3/armv7-m\libgcc.a(_arm_addsubsf3.o)
                0x00007ed8                __aeabi_frsub
                0x00007ee0                __subsf3
                0x00007ee0                __aeabi_fsub
                0x00007ee4                __aeabi_fadd
                0x00007ee4                __addsf3
                0x00008044                __aeabi_ui2f
                0x00008044                __floatunsisf
                0x0000804c                __aeabi_i2f
                0x0000804c                __floatsisf
                0x00008068                __aeabi_ul2f
                0x00008068                __floatundisf
                0x00008078                __aeabi_l2f
                0x00008078                __floatdisf
 .text          0x000080f4      0x2a0 c:/program files (x86)/cypress/psoc creator/3.3/psoc creator/import/gnu/arm/4.9.3/bin/../lib/gcc/arm-none-eabi/4.9.3/armv7-m\libgcc.a(_arm_muldivsf3.o)
                0x000080f4                __mulsf3
                0x000080f4                __aeabi_fmul
                0x0000825c                __aeabi_fdiv
                0x0000825c                __divsf3
 .text          0x00008394       0x4c c:/program files (x86)/cypress/psoc creator/3.3/psoc creator/import/gnu/arm/4.9.3/bin/../lib/gcc/arm-none-eabi/4.9.3/armv7-m\libgcc.a(_arm_fixsfsi.o)
                0x00008394                __aeabi_f2iz
                0x00008394                __fixsfsi
 .text          0x000083e0       0x38 c:/program files (x86)/cypress/psoc creator/3.3/psoc creator/import/gnu/arm/4.9.3/bin/../lib/gcc/arm-none-eabi/4.9.3/armv7-m\libgcc.a(_aeabi_ldivmod.o)
                0x000083e0                __aeabi_ldivmod
 .text          0x00008418       0x60 c:/program files (x86)/cypress/psoc creator/3.3/psoc creator/import/gnu/arm/4.9.3/bin/../lib/gcc/arm-none-eabi/4.9.3/armv7-m\libgcc.a(bpabi.o)
                0x00008418                __gnu_ldivmod_helper
                0x00008448                __gnu_uldivmod_helper
 .text          0x00008478        0x4 c:/program files (x86)/cypress/psoc creator/3.3/psoc creator/import/gnu/arm/4.9.3/bin/../lib/gcc/arm-none-eabi/4.9.3/armv7-m\libgcc.a(_dvmd_tls.o)
                0x00008478                __aeabi_idiv0
                0x00008478                __aeabi_ldiv0
 .text          0x0000847c      0x2ac c:/program files (x86)/cypress/psoc creator/3.3/psoc creator/import/gnu/arm/4.9.3/bin/../lib/gcc/arm-none-eabi/4.9.3/armv7-m\libgcc.a(_divdi3.o)
                0x0000847c                __divdi3
 .text          0x00008728      0x270 c:/program files (x86)/cypress/psoc creator/3.3/psoc creator/import/gnu/arm/4.9.3/bin/../lib/gcc/arm-none-eabi/4.9.3/armv7-m\libgcc.a(_udivdi3.o)
                0x00008728                __udivdi3
 .text          0x00008998        0x0 c:/program files (x86)/cypress/psoc creator/3.3/psoc creator/import/gnu/arm/4.9.3/bin/../lib/gcc/arm-none-eabi/4.9.3/../../../../arm-none-eabi/lib/armv7-m\libg_nano.a(lib_a-errno.o)
 .text.__errno  0x00008998        0xc c:/program files (x86)/cypress/psoc creator/3.3/psoc creator/import/gnu/arm/4.9.3/bin/../lib/gcc/arm-none-eabi/4.9.3/../../../../arm-none-eabi/lib/armv7-m\libg_nano.a(lib_a-errno.o)
                0x00008998                __errno
 .text          0x000089a4        0x0 c:/program files (x86)/cypress/psoc creator/3.3/psoc creator/import/gnu/arm/4.9.3/bin/../lib/gcc/arm-none-eabi/4.9.3/../../../../arm-none-eabi/lib/armv7-m\libg_nano.a(lib_a-exit.o)
 .text.exit     0x000089a4       0x28 c:/program files (x86)/cypress/psoc creator/3.3/psoc creator/import/gnu/arm/4.9.3/bin/../lib/gcc/arm-none-eabi/4.9.3/../../../../arm-none-eabi/lib/armv7-m\libg_nano.a(lib_a-exit.o)
                0x000089a4                exit
 .text          0x000089cc        0x0 c:/program files (x86)/cypress/psoc creator/3.3/psoc creator/import/gnu/arm/4.9.3/bin/../lib/gcc/arm-none-eabi/4.9.3/../../../../arm-none-eabi/lib/armv7-m\libg_nano.a(lib_a-impure.o)
 .text          0x000089cc        0x0 c:/program files (x86)/cypress/psoc creator/3.3/psoc creator/import/gnu/arm/4.9.3/bin/../lib/gcc/arm-none-eabi/4.9.3/../../../../arm-none-eabi/lib/armv7-m\libg_nano.a(lib_a-init.o)
 .text.__libc_init_array
                0x000089cc       0x4c c:/program files (x86)/cypress/psoc creator/3.3/psoc creator/import/gnu/arm/4.9.3/bin/../lib/gcc/arm-none-eabi/4.9.3/../../../../arm-none-eabi/lib/armv7-m\libg_nano.a(lib_a-init.o)
                0x000089cc                __libc_init_array
 .text          0x00008a18        0x0 c:/program files (x86)/cypress/psoc creator/3.3/psoc creator/import/gnu/arm/4.9.3/bin/../lib/gcc/arm-none-eabi/4.9.3/../../../../arm-none-eabi/lib/armv7-m\libg_nano.a(lib_a-memcpy.o)
 .text.memcpy   0x00008a18       0x16 c:/program files (x86)/cypress/psoc creator/3.3/psoc creator/import/gnu/arm/4.9.3/bin/../lib/gcc/arm-none-eabi/4.9.3/../../../../arm-none-eabi/lib/armv7-m\libg_nano.a(lib_a-memcpy.o)
                0x00008a18                memcpy
 .text          0x00008a2e        0x0 c:/program files (x86)/cypress/psoc creator/3.3/psoc creator/import/gnu/arm/4.9.3/bin/../lib/gcc/arm-none-eabi/4.9.3/../../../../arm-none-eabi/lib/armv7-m\libg_nano.a(lib_a-memset.o)
 .text.memset   0x00008a2e       0x10 c:/program files (x86)/cypress/psoc creator/3.3/psoc creator/import/gnu/arm/4.9.3/bin/../lib/gcc/arm-none-eabi/4.9.3/../../../../arm-none-eabi/lib/armv7-m\libg_nano.a(lib_a-memset.o)
                0x00008a2e                memset
 .text          0x00008a3e        0x0 c:/program files (x86)/cypress/psoc creator/3.3/psoc creator/import/gnu/arm/4.9.3/bin/../lib/gcc/arm-none-eabi/4.9.3/../../../../arm-none-eabi/lib/armv7-m\libg_nano.a(lib_a-sprintf.o)
 .text._sprintf_r
                0x00008a3e       0x40 c:/program files (x86)/cypress/psoc creator/3.3/psoc creator/import/gnu/arm/4.9.3/bin/../lib/gcc/arm-none-eabi/4.9.3/../../../../arm-none-eabi/lib/armv7-m\libg_nano.a(lib_a-sprintf.o)
                0x00008a3e                _sprintf_r
                0x00008a3e                _siprintf_r
 *fill*         0x00008a7e        0x2 
 .text.sprintf  0x00008a80       0x48 c:/program files (x86)/cypress/psoc creator/3.3/psoc creator/import/gnu/arm/4.9.3/bin/../lib/gcc/arm-none-eabi/4.9.3/../../../../arm-none-eabi/lib/armv7-m\libg_nano.a(lib_a-sprintf.o)
                0x00008a80                siprintf
                0x00008a80                sprintf
 .text          0x00008ac8        0x0 c:/program files (x86)/cypress/psoc creator/3.3/psoc creator/import/gnu/arm/4.9.3/bin/../lib/gcc/arm-none-eabi/4.9.3/../../../../arm-none-eabi/lib/armv7-m\libg_nano.a(lib_a-nano-svfprintf.o)
 .text.__ssputs_r
                0x00008ac8       0xb2 c:/program files (x86)/cypress/psoc creator/3.3/psoc creator/import/gnu/arm/4.9.3/bin/../lib/gcc/arm-none-eabi/4.9.3/../../../../arm-none-eabi/lib/armv7-m\libg_nano.a(lib_a-nano-svfprintf.o)
                0x00008ac8                __ssputs_r
 .text.__ssprint_r
                0x00008b7a       0xfe c:/program files (x86)/cypress/psoc creator/3.3/psoc creator/import/gnu/arm/4.9.3/bin/../lib/gcc/arm-none-eabi/4.9.3/../../../../arm-none-eabi/lib/armv7-m\libg_nano.a(lib_a-nano-svfprintf.o)
                0x00008b7a                __ssprint_r
 .text._svfprintf_r
                0x00008c78      0x1e4 c:/program files (x86)/cypress/psoc creator/3.3/psoc creator/import/gnu/arm/4.9.3/bin/../lib/gcc/arm-none-eabi/4.9.3/../../../../arm-none-eabi/lib/armv7-m\libg_nano.a(lib_a-nano-svfprintf.o)
                0x00008c78                _svfiprintf_r
                0x00008c78                _svfprintf_r
 .text          0x00008e5c        0x0 c:/program files (x86)/cypress/psoc creator/3.3/psoc creator/import/gnu/arm/4.9.3/bin/../lib/gcc/arm-none-eabi/4.9.3/../../../../arm-none-eabi/lib/armv7-m\libg_nano.a(lib_a-nano-vfprintf_i.o)
 .text._printf_common
                0x00008e5c       0xea c:/program files (x86)/cypress/psoc creator/3.3/psoc creator/import/gnu/arm/4.9.3/bin/../lib/gcc/arm-none-eabi/4.9.3/../../../../arm-none-eabi/lib/armv7-m\libg_nano.a(lib_a-nano-vfprintf_i.o)
                0x00008e5c                _printf_common
 *fill*         0x00008f46        0x2 
 .text._printf_i
                0x00008f48      0x240 c:/program files (x86)/cypress/psoc creator/3.3/psoc creator/import/gnu/arm/4.9.3/bin/../lib/gcc/arm-none-eabi/4.9.3/../../../../arm-none-eabi/lib/armv7-m\libg_nano.a(lib_a-nano-vfprintf_i.o)
                0x00008f48                _printf_i
 .text          0x00009188        0x0 c:/program files (x86)/cypress/psoc creator/3.3/psoc creator/import/gnu/arm/4.9.3/bin/../lib/gcc/arm-none-eabi/4.9.3/../../../../arm-none-eabi/lib/armv7-m\libg_nano.a(lib_a-memchr.o)
 .text.memchr   0x00009188       0x1c c:/program files (x86)/cypress/psoc creator/3.3/psoc creator/import/gnu/arm/4.9.3/bin/../lib/gcc/arm-none-eabi/4.9.3/../../../../arm-none-eabi/lib/armv7-m\libg_nano.a(lib_a-memchr.o)
                0x00009188                memchr
 .text          0x000091a4        0x0 c:/program files (x86)/cypress/psoc creator/3.3/psoc creator/import/gnu/arm/4.9.3/bin/../lib/gcc/arm-none-eabi/4.9.3/../../../../arm-none-eabi/lib/armv7-m\libg_nano.a(lib_a-memmove.o)
 .text.memmove  0x000091a4       0x36 c:/program files (x86)/cypress/psoc creator/3.3/psoc creator/import/gnu/arm/4.9.3/bin/../lib/gcc/arm-none-eabi/4.9.3/../../../../arm-none-eabi/lib/armv7-m\libg_nano.a(lib_a-memmove.o)
                0x000091a4                memmove
 .text          0x000091da        0x0 c:/program files (x86)/cypress/psoc creator/3.3/psoc creator/import/gnu/arm/4.9.3/bin/../lib/gcc/arm-none-eabi/4.9.3/../../../../arm-none-eabi/lib/armv7-m\libg_nano.a(lib_a-nano-freer.o)
 *fill*         0x000091da        0x2 
 .text._free_r  0x000091dc       0x88 c:/program files (x86)/cypress/psoc creator/3.3/psoc creator/import/gnu/arm/4.9.3/bin/../lib/gcc/arm-none-eabi/4.9.3/../../../../arm-none-eabi/lib/armv7-m\libg_nano.a(lib_a-nano-freer.o)
                0x000091dc                _free_r
 .text          0x00009264        0x0 c:/program files (x86)/cypress/psoc creator/3.3/psoc creator/import/gnu/arm/4.9.3/bin/../lib/gcc/arm-none-eabi/4.9.3/../../../../arm-none-eabi/lib/armv7-m\libg_nano.a(lib_a-nano-mallocr.o)
 .text._malloc_r
                0x00009264       0xac c:/program files (x86)/cypress/psoc creator/3.3/psoc creator/import/gnu/arm/4.9.3/bin/../lib/gcc/arm-none-eabi/4.9.3/../../../../arm-none-eabi/lib/armv7-m\libg_nano.a(lib_a-nano-mallocr.o)
                0x00009264                _malloc_r
 .text          0x00009310        0x0 c:/program files (x86)/cypress/psoc creator/3.3/psoc creator/import/gnu/arm/4.9.3/bin/../lib/gcc/arm-none-eabi/4.9.3/../../../../arm-none-eabi/lib/armv7-m\libg_nano.a(lib_a-nano-reallocr.o)
 .text._realloc_r
                0x00009310       0x4c c:/program files (x86)/cypress/psoc creator/3.3/psoc creator/import/gnu/arm/4.9.3/bin/../lib/gcc/arm-none-eabi/4.9.3/../../../../arm-none-eabi/lib/armv7-m\libg_nano.a(lib_a-nano-reallocr.o)
                0x00009310                _realloc_r
 .text          0x0000935c        0x0 c:/program files (x86)/cypress/psoc creator/3.3/psoc creator/import/gnu/arm/4.9.3/bin/../lib/gcc/arm-none-eabi/4.9.3/../../../../arm-none-eabi/lib/armv7-m\libg_nano.a(lib_a-sbrkr.o)
 .text._sbrk_r  0x0000935c       0x20 c:/program files (x86)/cypress/psoc creator/3.3/psoc creator/import/gnu/arm/4.9.3/bin/../lib/gcc/arm-none-eabi/4.9.3/../../../../arm-none-eabi/lib/armv7-m\libg_nano.a(lib_a-sbrkr.o)
                0x0000935c                _sbrk_r
 .text          0x0000937c        0x0 c:/program files (x86)/cypress/psoc creator/3.3/psoc creator/import/gnu/arm/4.9.3/bin/../lib/gcc/arm-none-eabi/4.9.3/../../../../arm-none-eabi/lib/armv7-m\libg_nano.a(lib_a-nano-msizer.o)
 .text._malloc_usable_size_r
                0x0000937c       0x14 c:/program files (x86)/cypress/psoc creator/3.3/psoc creator/import/gnu/arm/4.9.3/bin/../lib/gcc/arm-none-eabi/4.9.3/../../../../arm-none-eabi/lib/armv7-m\libg_nano.a(lib_a-nano-msizer.o)
                0x0000937c                _malloc_usable_size_r
 .text          0x00009390        0x0 c:/program files (x86)/cypress/psoc creator/3.3/psoc creator/import/gnu/arm/4.9.3/bin/../lib/gcc/arm-none-eabi/4.9.3/../../../../arm-none-eabi/lib/armv7-m\libg_nano.a(lib_a-reent.o)
 .text.cleanup_glue
                0x00009390       0x1a c:/program files (x86)/cypress/psoc creator/3.3/psoc creator/import/gnu/arm/4.9.3/bin/../lib/gcc/arm-none-eabi/4.9.3/../../../../arm-none-eabi/lib/armv7-m\libg_nano.a(lib_a-reent.o)
                0x00009390                cleanup_glue
 *fill*         0x000093aa        0x2 
 .text._reclaim_reent
                0x000093ac       0xb4 c:/program files (x86)/cypress/psoc creator/3.3/psoc creator/import/gnu/arm/4.9.3/bin/../lib/gcc/arm-none-eabi/4.9.3/../../../../arm-none-eabi/lib/armv7-m\libg_nano.a(lib_a-reent.o)
                0x000093ac                _reclaim_reent
 .text          0x00009460        0x0 c:/program files (x86)/cypress/psoc creator/3.3/psoc creator/import/gnu/arm/4.9.3/bin/../lib/gcc/arm-none-eabi/4.9.3/armv7-m/crtend.o
 .text          0x00009460        0x0 c:/program files (x86)/cypress/psoc creator/3.3/psoc creator/import/gnu/arm/4.9.3/bin/../lib/gcc/arm-none-eabi/4.9.3/armv7-m/crtn.o
 *(.plt)
 *(.gnu.warning)
 *(.glue_7t)
 .glue_7t       0x00000000        0x0 linker stubs
 *(.glue_7)
 .glue_7        0x00000000        0x0 linker stubs
 *(.vfp11_veneer)
 .vfp11_veneer  0x00000000        0x0 linker stubs
 *(.bootloader)
 *(.ARM.extab* .gnu.linkonce.armextab.*)
 .ARM.extab     0x00009460        0x0 c:/program files (x86)/cypress/psoc creator/3.3/psoc creator/import/gnu/arm/4.9.3/bin/../lib/gcc/arm-none-eabi/4.9.3/../../../../arm-none-eabi/lib/armv7-m/crt0.o
 .ARM.extab     0x00009460        0x0 c:/program files (x86)/cypress/psoc creator/3.3/psoc creator/import/gnu/arm/4.9.3/bin/../lib/gcc/arm-none-eabi/4.9.3/armv7-m\libgcc.a(_divdi3.o)
 .ARM.extab     0x00009460        0x0 c:/program files (x86)/cypress/psoc creator/3.3/psoc creator/import/gnu/arm/4.9.3/bin/../lib/gcc/arm-none-eabi/4.9.3/armv7-m\libgcc.a(_udivdi3.o)
 *(.gcc_except_table)

.v4_bx          0x00009460        0x0
 .v4_bx         0x00000000        0x0 linker stubs

.iplt           0x00009460        0x0
 .iplt          0x00000000        0x0 c:/program files (x86)/cypress/psoc creator/3.3/psoc creator/import/gnu/arm/4.9.3/bin/../lib/gcc/arm-none-eabi/4.9.3/armv7-m/crtbegin.o

.eh_frame_hdr
 *(.eh_frame_hdr)

.eh_frame       0x00009460        0x4
 *(.eh_frame)
 .eh_frame      0x00009460        0x0 c:/program files (x86)/cypress/psoc creator/3.3/psoc creator/import/gnu/arm/4.9.3/bin/../lib/gcc/arm-none-eabi/4.9.3/armv7-m/crtbegin.o
 .eh_frame      0x00009460        0x4 c:/program files (x86)/cypress/psoc creator/3.3/psoc creator/import/gnu/arm/4.9.3/bin/../lib/gcc/arm-none-eabi/4.9.3/armv7-m/crtend.o
                0x00009464                PROVIDE (__exidx_start, .)

.ARM.exidx      0x00009464        0x8
 *(.ARM.exidx* .gnu.linkonce.armexidx.*)
 .ARM.exidx     0x00009464        0x8 c:/program files (x86)/cypress/psoc creator/3.3/psoc creator/import/gnu/arm/4.9.3/bin/../lib/gcc/arm-none-eabi/4.9.3/../../../../arm-none-eabi/lib/armv7-m/crt0.o
 .ARM.exidx     0x0000946c        0x0 c:/program files (x86)/cypress/psoc creator/3.3/psoc creator/import/gnu/arm/4.9.3/bin/../lib/gcc/arm-none-eabi/4.9.3/armv7-m\libgcc.a(_divdi3.o)
                                  0x8 (size before relaxing)
 .ARM.exidx     0x0000946c        0x0 c:/program files (x86)/cypress/psoc creator/3.3/psoc creator/import/gnu/arm/4.9.3/bin/../lib/gcc/arm-none-eabi/4.9.3/armv7-m\libgcc.a(_udivdi3.o)
                                  0x8 (size before relaxing)
                0x0000946c                __exidx_end = .

.rodata         0x0000946c      0x204
 *(.rodata .rodata.* .gnu.linkonce.r.*)
 .rodata.str1.4
                0x0000946c       0x24 .\ARM_GCC_493\Debug\main.o
 .rodata        0x00009490       0x5c .\ARM_GCC_493\Debug\C-CAN.a(cyfitter_cfg.o)
 .rodata        0x000094ec       0x10 .\ARM_GCC_493\Debug\C-CAN.a(cyPm.o)
 .rodata        0x000094fc      0x100 .\ARM_GCC_493\Debug\C-CAN.a(CAN_1.o)
 .rodata.str1.1
                0x000095fc        0x2 c:/program files (x86)/cypress/psoc creator/3.3/psoc creator/import/gnu/arm/4.9.3/bin/../lib/gcc/arm-none-eabi/4.9.3/../../../../arm-none-eabi/lib/armv7-m\libg_nano.a(lib_a-impure.o)
 *fill*         0x000095fe        0x2 
 .rodata._global_impure_ptr
                0x00009600        0x4 c:/program files (x86)/cypress/psoc creator/3.3/psoc creator/import/gnu/arm/4.9.3/bin/../lib/gcc/arm-none-eabi/4.9.3/../../../../arm-none-eabi/lib/armv7-m\libg_nano.a(lib_a-impure.o)
                0x00009600                _global_impure_ptr
 .rodata.str1.1
                0x00009604       0x11 c:/program files (x86)/cypress/psoc creator/3.3/psoc creator/import/gnu/arm/4.9.3/bin/../lib/gcc/arm-none-eabi/4.9.3/../../../../arm-none-eabi/lib/armv7-m\libg_nano.a(lib_a-nano-svfprintf.o)
 .rodata.str1.1
                0x00009615       0x22 c:/program files (x86)/cypress/psoc creator/3.3/psoc creator/import/gnu/arm/4.9.3/bin/../lib/gcc/arm-none-eabi/4.9.3/../../../../arm-none-eabi/lib/armv7-m\libg_nano.a(lib_a-nano-vfprintf_i.o)
                0x00009638                . = ALIGN (0x4)
 *fill*         0x00009637        0x1 
 *(.init)
 .init          0x00009638        0x4 c:/program files (x86)/cypress/psoc creator/3.3/psoc creator/import/gnu/arm/4.9.3/bin/../lib/gcc/arm-none-eabi/4.9.3/armv7-m/crti.o
                0x00009638                _init
 .init          0x0000963c        0x8 c:/program files (x86)/cypress/psoc creator/3.3/psoc creator/import/gnu/arm/4.9.3/bin/../lib/gcc/arm-none-eabi/4.9.3/armv7-m/crtn.o
                0x00009644                . = ALIGN (0x4)
                0x00009644                __preinit_array_start = .
 *(.preinit_array)
                0x00009644                __preinit_array_end = .
                0x00009644                . = ALIGN (0x4)
                0x00009644                __init_array_start = .
 *(SORT(.init_array.*))
 *(.init_array)
 .init_array    0x00009644        0x4 c:/program files (x86)/cypress/psoc creator/3.3/psoc creator/import/gnu/arm/4.9.3/bin/../lib/gcc/arm-none-eabi/4.9.3/armv7-m/crtbegin.o
 .init_array    0x00009648        0x4 .\ARM_GCC_493\Debug\Cm3Start.o
                0x0000964c                __init_array_end = .
                0x0000964c                . = ALIGN (0x4)
 *(.fini)
 .fini          0x0000964c        0x4 c:/program files (x86)/cypress/psoc creator/3.3/psoc creator/import/gnu/arm/4.9.3/bin/../lib/gcc/arm-none-eabi/4.9.3/armv7-m/crti.o
                0x0000964c                _fini
 .fini          0x00009650        0x8 c:/program files (x86)/cypress/psoc creator/3.3/psoc creator/import/gnu/arm/4.9.3/bin/../lib/gcc/arm-none-eabi/4.9.3/armv7-m/crtn.o
                0x00009658                . = ALIGN (0x4)
                0x00009658                __fini_array_start = .
 *(.fini_array)
 .fini_array    0x00009658        0x4 c:/program files (x86)/cypress/psoc creator/3.3/psoc creator/import/gnu/arm/4.9.3/bin/../lib/gcc/arm-none-eabi/4.9.3/armv7-m/crtbegin.o
 *(SORT(.fini_array.*))
                0x0000965c                __fini_array_end = .
                0x0000965c                . = ALIGN (0x4)
 *crtbegin.o(.ctors)
 *(EXCLUDE_FILE(*crtend.o) .ctors)
 *(SORT(.ctors.*))
 *crtend.o(.ctors)
                0x0000965c                . = ALIGN (0x4)
 *crtbegin.o(.dtors)
 *(EXCLUDE_FILE(*crtend.o) .dtors)
 *(SORT(.dtors.*))
 *crtend.o(.dtors)
                0x0000965c                . = ALIGN (0x4)
                0x0000965c                __cy_regions = .
                0x0000965c        0x4 LONG 0x9670 __cy_region_init_ram
                0x00009660        0x4 LONG 0x1fff8108 __cy_region_start_data
                0x00009664        0x4 LONG 0x88 __cy_region_init_size_ram
                0x00009668        0x4 LONG 0x320 __cy_region_zero_size_ram
                0x0000966c                __cy_regions_end = .
                0x00009670                . = ALIGN (0x8)
 *fill*         0x0000966c        0x4 
                0x00009670                _etext = .

.ramvectors     0x1fff8000      0x100
                0x1fff8000                __cy_region_start_ram = .
 *(.ramvectors)
 .ramvectors    0x1fff8000      0x100 .\ARM_GCC_493\Debug\Cm3Start.o
                0x1fff8000                CyRamVectors

.noinit         0x1fff8100        0x5
 *(.noinit)
 .noinit        0x1fff8100        0x4 .\ARM_GCC_493\Debug\Cm3Start.o
 .noinit        0x1fff8104        0x1 .\ARM_GCC_493\Debug\C-CAN.a(CyLib.o)
                0x1fff8104                CyResetStatus

.data           0x1fff8108       0x88 load address 0x00009670
                0x1fff8108                __cy_region_start_data = .
 *(.jcr)
 .jcr           0x1fff8108        0x0 c:/program files (x86)/cypress/psoc creator/3.3/psoc creator/import/gnu/arm/4.9.3/bin/../lib/gcc/arm-none-eabi/4.9.3/armv7-m/crtbegin.o
 .jcr           0x1fff8108        0x4 c:/program files (x86)/cypress/psoc creator/3.3/psoc creator/import/gnu/arm/4.9.3/bin/../lib/gcc/arm-none-eabi/4.9.3/armv7-m/crtend.o
 *(.got.plt)
 *(.got)
 *(.shdata)
 *(.data .data.* .gnu.linkonce.d.*)
 .data          0x1fff810c        0x0 c:/program files (x86)/cypress/psoc creator/3.3/psoc creator/import/gnu/arm/4.9.3/bin/../lib/gcc/arm-none-eabi/4.9.3/armv7-m/crti.o
 .data          0x1fff810c        0x4 c:/program files (x86)/cypress/psoc creator/3.3/psoc creator/import/gnu/arm/4.9.3/bin/../lib/gcc/arm-none-eabi/4.9.3/armv7-m/crtbegin.o
                0x1fff810c                __dso_handle
 .data          0x1fff8110        0x0 c:/program files (x86)/cypress/psoc creator/3.3/psoc creator/import/gnu/arm/4.9.3/bin/../lib/gcc/arm-none-eabi/4.9.3/../../../../arm-none-eabi/lib/armv7-m/crt0.o
 .data          0x1fff8110        0x0 .\ARM_GCC_493\Debug\main.o
 .data          0x1fff8110        0x0 .\ARM_GCC_493\Debug\cymetadata.o
 .data          0x1fff8110        0x4 .\ARM_GCC_493\Debug\Cm3Start.o
 .data          0x1fff8114        0x0 .\ARM_GCC_493\Debug\cybootloader.o
 .data          0x1fff8114        0x0 .\ARM_GCC_493\Debug\C-CAN.a(cyfitter_cfg.o)
 .data          0x1fff8114        0x0 .\ARM_GCC_493\Debug\C-CAN.a(UART_1.o)
 .data          0x1fff8114        0x0 .\ARM_GCC_493\Debug\C-CAN.a(UART_1_IntClock.o)
 .data          0x1fff8114        0x0 .\ARM_GCC_493\Debug\C-CAN.a(CyBootAsmGnu.o)
 .data          0x1fff8114       0x10 .\ARM_GCC_493\Debug\C-CAN.a(CyLib.o)
                0x1fff8114                cydelay_freq_mhz
                0x1fff8118                cydelay_32k_ms
                0x1fff811c                cydelay_freq_khz
                0x1fff8120                cydelay_freq_hz
 .data          0x1fff8124        0x0 .\ARM_GCC_493\Debug\C-CAN.a(cyPm.o)
 .data          0x1fff8124        0x0 .\ARM_GCC_493\Debug\C-CAN.a(ADC_SAR_1.o)
 .data          0x1fff8124        0x0 .\ARM_GCC_493\Debug\C-CAN.a(ADC_SAR_1_INT.o)
 .data          0x1fff8124        0x0 .\ARM_GCC_493\Debug\C-CAN.a(ADC_SAR_1_theACLK.o)
 .data          0x1fff8124        0x1 .\ARM_GCC_493\Debug\C-CAN.a(AMux_1.o)
 .data          0x1fff8125        0x0 .\ARM_GCC_493\Debug\C-CAN.a(CAN_1.o)
 .data          0x1fff8125        0x0 .\ARM_GCC_493\Debug\C-CAN.a(CAN_1_INT.o)
 .data          0x1fff8125        0x0 .\ARM_GCC_493\Debug\C-CAN.a(CAN_TIMER.o)
 .data          0x1fff8125        0x0 .\ARM_GCC_493\Debug\C-CAN.a(CAN_ISR.o)
 .data          0x1fff8125        0x0 .\ARM_GCC_493\Debug\C-CAN.a(Encoder_Left.o)
 .data          0x1fff8125        0x0 .\ARM_GCC_493\Debug\C-CAN.a(Encoder_Right.o)
 .data          0x1fff8125        0x0 .\ARM_GCC_493\Debug\C-CAN.a(leftEncTimer.o)
 .data          0x1fff8125        0x0 .\ARM_GCC_493\Debug\C-CAN.a(rightEncTimer.o)
 .data          0x1fff8125        0x0 .\ARM_GCC_493\Debug\C-CAN.a(CyFlash.o)
 .data          0x1fff8125        0x0 .\ARM_GCC_493\Debug\C-CAN.a(CySpc.o)
 .data          0x1fff8125        0x0 c:/program files (x86)/cypress/psoc creator/3.3/psoc creator/import/gnu/arm/4.9.3/bin/../lib/gcc/arm-none-eabi/4.9.3/armv7-m\libgcc.a(_arm_addsubsf3.o)
 .data          0x1fff8125        0x0 c:/program files (x86)/cypress/psoc creator/3.3/psoc creator/import/gnu/arm/4.9.3/bin/../lib/gcc/arm-none-eabi/4.9.3/armv7-m\libgcc.a(_arm_muldivsf3.o)
 .data          0x1fff8125        0x0 c:/program files (x86)/cypress/psoc creator/3.3/psoc creator/import/gnu/arm/4.9.3/bin/../lib/gcc/arm-none-eabi/4.9.3/armv7-m\libgcc.a(_arm_fixsfsi.o)
 .data          0x1fff8125        0x0 c:/program files (x86)/cypress/psoc creator/3.3/psoc creator/import/gnu/arm/4.9.3/bin/../lib/gcc/arm-none-eabi/4.9.3/armv7-m\libgcc.a(_aeabi_ldivmod.o)
 .data          0x1fff8125        0x0 c:/program files (x86)/cypress/psoc creator/3.3/psoc creator/import/gnu/arm/4.9.3/bin/../lib/gcc/arm-none-eabi/4.9.3/armv7-m\libgcc.a(bpabi.o)
 .data          0x1fff8125        0x0 c:/program files (x86)/cypress/psoc creator/3.3/psoc creator/import/gnu/arm/4.9.3/bin/../lib/gcc/arm-none-eabi/4.9.3/armv7-m\libgcc.a(_dvmd_tls.o)
 .data          0x1fff8125        0x0 c:/program files (x86)/cypress/psoc creator/3.3/psoc creator/import/gnu/arm/4.9.3/bin/../lib/gcc/arm-none-eabi/4.9.3/armv7-m\libgcc.a(_divdi3.o)
 .data          0x1fff8125        0x0 c:/program files (x86)/cypress/psoc creator/3.3/psoc creator/import/gnu/arm/4.9.3/bin/../lib/gcc/arm-none-eabi/4.9.3/armv7-m\libgcc.a(_udivdi3.o)
 .data          0x1fff8125        0x0 c:/program files (x86)/cypress/psoc creator/3.3/psoc creator/import/gnu/arm/4.9.3/bin/../lib/gcc/arm-none-eabi/4.9.3/../../../../arm-none-eabi/lib/armv7-m\libg_nano.a(lib_a-errno.o)
 .data          0x1fff8125        0x0 c:/program files (x86)/cypress/psoc creator/3.3/psoc creator/import/gnu/arm/4.9.3/bin/../lib/gcc/arm-none-eabi/4.9.3/../../../../arm-none-eabi/lib/armv7-m\libg_nano.a(lib_a-exit.o)
 .data          0x1fff8125        0x0 c:/program files (x86)/cypress/psoc creator/3.3/psoc creator/import/gnu/arm/4.9.3/bin/../lib/gcc/arm-none-eabi/4.9.3/../../../../arm-none-eabi/lib/armv7-m\libg_nano.a(lib_a-impure.o)
 *fill*         0x1fff8125        0x3 
 .data.impure_data
                0x1fff8128       0x60 c:/program files (x86)/cypress/psoc creator/3.3/psoc creator/import/gnu/arm/4.9.3/bin/../lib/gcc/arm-none-eabi/4.9.3/../../../../arm-none-eabi/lib/armv7-m\libg_nano.a(lib_a-impure.o)
 .data._impure_ptr
                0x1fff8188        0x4 c:/program files (x86)/cypress/psoc creator/3.3/psoc creator/import/gnu/arm/4.9.3/bin/../lib/gcc/arm-none-eabi/4.9.3/../../../../arm-none-eabi/lib/armv7-m\libg_nano.a(lib_a-impure.o)
                0x1fff8188                _impure_ptr
 .data          0x1fff818c        0x0 c:/program files (x86)/cypress/psoc creator/3.3/psoc creator/import/gnu/arm/4.9.3/bin/../lib/gcc/arm-none-eabi/4.9.3/../../../../arm-none-eabi/lib/armv7-m\libg_nano.a(lib_a-init.o)
 .data          0x1fff818c        0x0 c:/program files (x86)/cypress/psoc creator/3.3/psoc creator/import/gnu/arm/4.9.3/bin/../lib/gcc/arm-none-eabi/4.9.3/../../../../arm-none-eabi/lib/armv7-m\libg_nano.a(lib_a-memcpy.o)
 .data          0x1fff818c        0x0 c:/program files (x86)/cypress/psoc creator/3.3/psoc creator/import/gnu/arm/4.9.3/bin/../lib/gcc/arm-none-eabi/4.9.3/../../../../arm-none-eabi/lib/armv7-m\libg_nano.a(lib_a-memset.o)
 .data          0x1fff818c        0x0 c:/program files (x86)/cypress/psoc creator/3.3/psoc creator/import/gnu/arm/4.9.3/bin/../lib/gcc/arm-none-eabi/4.9.3/../../../../arm-none-eabi/lib/armv7-m\libg_nano.a(lib_a-sprintf.o)
 .data          0x1fff818c        0x0 c:/program files (x86)/cypress/psoc creator/3.3/psoc creator/import/gnu/arm/4.9.3/bin/../lib/gcc/arm-none-eabi/4.9.3/../../../../arm-none-eabi/lib/armv7-m\libg_nano.a(lib_a-nano-svfprintf.o)
 .data          0x1fff818c        0x0 c:/program files (x86)/cypress/psoc creator/3.3/psoc creator/import/gnu/arm/4.9.3/bin/../lib/gcc/arm-none-eabi/4.9.3/../../../../arm-none-eabi/lib/armv7-m\libg_nano.a(lib_a-nano-vfprintf_i.o)
 .data          0x1fff818c        0x0 c:/program files (x86)/cypress/psoc creator/3.3/psoc creator/import/gnu/arm/4.9.3/bin/../lib/gcc/arm-none-eabi/4.9.3/../../../../arm-none-eabi/lib/armv7-m\libg_nano.a(lib_a-memchr.o)
 .data          0x1fff818c        0x0 c:/program files (x86)/cypress/psoc creator/3.3/psoc creator/import/gnu/arm/4.9.3/bin/../lib/gcc/arm-none-eabi/4.9.3/../../../../arm-none-eabi/lib/armv7-m\libg_nano.a(lib_a-memmove.o)
 .data          0x1fff818c        0x0 c:/program files (x86)/cypress/psoc creator/3.3/psoc creator/import/gnu/arm/4.9.3/bin/../lib/gcc/arm-none-eabi/4.9.3/../../../../arm-none-eabi/lib/armv7-m\libg_nano.a(lib_a-nano-freer.o)
 .data          0x1fff818c        0x0 c:/program files (x86)/cypress/psoc creator/3.3/psoc creator/import/gnu/arm/4.9.3/bin/../lib/gcc/arm-none-eabi/4.9.3/../../../../arm-none-eabi/lib/armv7-m\libg_nano.a(lib_a-nano-mallocr.o)
 .data          0x1fff818c        0x0 c:/program files (x86)/cypress/psoc creator/3.3/psoc creator/import/gnu/arm/4.9.3/bin/../lib/gcc/arm-none-eabi/4.9.3/../../../../arm-none-eabi/lib/armv7-m\libg_nano.a(lib_a-nano-reallocr.o)
 .data          0x1fff818c        0x0 c:/program files (x86)/cypress/psoc creator/3.3/psoc creator/import/gnu/arm/4.9.3/bin/../lib/gcc/arm-none-eabi/4.9.3/../../../../arm-none-eabi/lib/armv7-m\libg_nano.a(lib_a-sbrkr.o)
 .data          0x1fff818c        0x0 c:/program files (x86)/cypress/psoc creator/3.3/psoc creator/import/gnu/arm/4.9.3/bin/../lib/gcc/arm-none-eabi/4.9.3/../../../../arm-none-eabi/lib/armv7-m\libg_nano.a(lib_a-nano-msizer.o)
 .data          0x1fff818c        0x0 c:/program files (x86)/cypress/psoc creator/3.3/psoc creator/import/gnu/arm/4.9.3/bin/../lib/gcc/arm-none-eabi/4.9.3/../../../../arm-none-eabi/lib/armv7-m\libg_nano.a(lib_a-reent.o)
 .data          0x1fff818c        0x0 c:/program files (x86)/cypress/psoc creator/3.3/psoc creator/import/gnu/arm/4.9.3/bin/../lib/gcc/arm-none-eabi/4.9.3/armv7-m/crtend.o
 .data          0x1fff818c        0x0 c:/program files (x86)/cypress/psoc creator/3.3/psoc creator/import/gnu/arm/4.9.3/bin/../lib/gcc/arm-none-eabi/4.9.3/armv7-m/crtn.o
                0x1fff8190                . = ALIGN (0x8)
 *fill*         0x1fff818c        0x4 
 *(.ram)
                0x1fff8190                _edata = .

.igot.plt       0x1fff8190        0x0 load address 0x000096f8
 .igot.plt      0x00000000        0x0 c:/program files (x86)/cypress/psoc creator/3.3/psoc creator/import/gnu/arm/4.9.3/bin/../lib/gcc/arm-none-eabi/4.9.3/armv7-m/crtbegin.o

.bss            0x1fff8190      0x320 load address 0x000096f8
                0x1fff8190                PROVIDE (__bss_start__, .)
 *(.shbss)
 *(.bss .bss.* .gnu.linkonce.b.*)
 .bss           0x1fff8190        0x0 c:/program files (x86)/cypress/psoc creator/3.3/psoc creator/import/gnu/arm/4.9.3/bin/../lib/gcc/arm-none-eabi/4.9.3/armv7-m/crti.o
 .bss           0x1fff8190       0x1c c:/program files (x86)/cypress/psoc creator/3.3/psoc creator/import/gnu/arm/4.9.3/bin/../lib/gcc/arm-none-eabi/4.9.3/armv7-m/crtbegin.o
 .bss           0x1fff81ac        0x0 c:/program files (x86)/cypress/psoc creator/3.3/psoc creator/import/gnu/arm/4.9.3/bin/../lib/gcc/arm-none-eabi/4.9.3/../../../../arm-none-eabi/lib/armv7-m/crt0.o
 .bss           0x1fff81ac        0x4 .\ARM_GCC_493\Debug\main.o
                0x1fff81ac                timer
 .bss           0x1fff81b0        0x0 .\ARM_GCC_493\Debug\cymetadata.o
 .bss           0x1fff81b0        0x0 .\ARM_GCC_493\Debug\Cm3Start.o
 .bss           0x1fff81b0        0x0 .\ARM_GCC_493\Debug\cybootloader.o
 .bss           0x1fff81b0        0x8 .\ARM_GCC_493\Debug\C-CAN.a(cyfitter_cfg.o)
 .bss           0x1fff81b8        0x2 .\ARM_GCC_493\Debug\C-CAN.a(UART_1.o)
                0x1fff81b8                UART_1_initVar
 .bss           0x1fff81ba        0x0 .\ARM_GCC_493\Debug\C-CAN.a(UART_1_IntClock.o)
 .bss           0x1fff81ba        0x0 .\ARM_GCC_493\Debug\C-CAN.a(CyBootAsmGnu.o)
 *fill*         0x1fff81ba        0x2 
 .bss           0x1fff81bc       0x1c .\ARM_GCC_493\Debug\C-CAN.a(CyLib.o)
                0x1fff81d4                CySysTickInitVar
 .bss           0x1fff81d8       0x44 .\ARM_GCC_493\Debug\C-CAN.a(cyPm.o)
 .bss           0x1fff821c        0x1 .\ARM_GCC_493\Debug\C-CAN.a(ADC_SAR_1.o)
                0x1fff821c                ADC_SAR_1_initVar
 .bss           0x1fff821d        0x0 .\ARM_GCC_493\Debug\C-CAN.a(ADC_SAR_1_INT.o)
 .bss           0x1fff821d        0x0 .\ARM_GCC_493\Debug\C-CAN.a(ADC_SAR_1_theACLK.o)
 .bss           0x1fff821d        0x0 .\ARM_GCC_493\Debug\C-CAN.a(AMux_1.o)
 .bss           0x1fff821d        0x1 .\ARM_GCC_493\Debug\C-CAN.a(CAN_1.o)
                0x1fff821d                CAN_1_initVar
 .bss           0x1fff821e        0x0 .\ARM_GCC_493\Debug\C-CAN.a(CAN_1_INT.o)
 .bss           0x1fff821e        0x1 .\ARM_GCC_493\Debug\C-CAN.a(CAN_TIMER.o)