Archive member included because of file (symbol)

.\ARM_GCC_493\Debug\C-CAN.a(cyfitter_cfg.o)
                              .\ARM_GCC_493\Debug\Cm3Start.o (cyfitter_cfg)
.\ARM_GCC_493\Debug\C-CAN.a(UART_1.o)
                              .\ARM_GCC_493\Debug\main.o (UART_1_Start)
.\ARM_GCC_493\Debug\C-CAN.a(UART_1_IntClock.o)
                              .\ARM_GCC_493\Debug\C-CAN.a(UART_1.o) (UART_1_IntClock_Start)
.\ARM_GCC_493\Debug\C-CAN.a(CyBootAsmGnu.o)
                              .\ARM_GCC_493\Debug\C-CAN.a(cyfitter_cfg.o) (CyDelayCycles)
.\ARM_GCC_493\Debug\C-CAN.a(CyLib.o)
                              .\ARM_GCC_493\Debug\Cm3Start.o (CyHalt)
.\ARM_GCC_493\Debug\C-CAN.a(cyPm.o)
                              .\ARM_GCC_493\Debug\C-CAN.a(CyLib.o) (CyPmReadStatus)
.\ARM_GCC_493\Debug\C-CAN.a(ADC_SAR_1.o)
                              .\ARM_GCC_493\Debug\main.o (ADC_SAR_1_Start)
.\ARM_GCC_493\Debug\C-CAN.a(ADC_SAR_1_INT.o)
                              .\ARM_GCC_493\Debug\C-CAN.a(ADC_SAR_1.o) (ADC_SAR_1_ISR)
.\ARM_GCC_493\Debug\C-CAN.a(ADC_SAR_1_theACLK.o)
                              .\ARM_GCC_493\Debug\C-CAN.a(ADC_SAR_1.o) (ADC_SAR_1_theACLK_SetModeRegister)
.\ARM_GCC_493\Debug\C-CAN.a(AMux_1.o)
                              .\ARM_GCC_493\Debug\main.o (AMux_1_Start)
.\ARM_GCC_493\Debug\C-CAN.a(CAN_1.o)
                              .\ARM_GCC_493\Debug\main.o (CAN_1_Start)
.\ARM_GCC_493\Debug\C-CAN.a(CAN_1_INT.o)
                              .\ARM_GCC_493\Debug\C-CAN.a(CAN_1.o) (CAN_1_ISR)
.\ARM_GCC_493\Debug\C-CAN.a(CAN_TIMER.o)
                              .\ARM_GCC_493\Debug\main.o (CAN_TIMER_Start)
.\ARM_GCC_493\Debug\C-CAN.a(CAN_ISR.o)
                              .\ARM_GCC_493\Debug\main.o (CAN_ISR_Start)
.\ARM_GCC_493\Debug\C-CAN.a(Encoder_Left.o)
                              .\ARM_GCC_493\Debug\main.o (Encoder_Left_Start)
.\ARM_GCC_493\Debug\C-CAN.a(Encoder_Right.o)
                              .\ARM_GCC_493\Debug\main.o (Encoder_Right_Start)
.\ARM_GCC_493\Debug\C-CAN.a(leftEncTimer.o)
                              .\ARM_GCC_493\Debug\main.o (leftEncTimer_Start)
.\ARM_GCC_493\Debug\C-CAN.a(rightEncTimer.o)
                              .\ARM_GCC_493\Debug\main.o (rightEncTimer_Start)
.\ARM_GCC_493\Debug\C-CAN.a(CyFlash.o)
                              .\ARM_GCC_493\Debug\C-CAN.a(cyPm.o) (CyFlash_SetWaitCycles)
.\ARM_GCC_493\Debug\C-CAN.a(CySpc.o)
                              .\ARM_GCC_493\Debug\C-CAN.a(CyFlash.o) (CySpcStart)
c:/program files (x86)/cypress/psoc creator/3.3/psoc creator/import/gnu/arm/4.9.3/bin/../lib/gcc/arm-none-eabi/4.9.3/armv7-m\libgcc.a(_arm_addsubsf3.o)
                              .\ARM_GCC_493\Debug\main.o (__aeabi_fsub)
c:/program files (x86)/cypress/psoc creator/3.3/psoc creator/import/gnu/arm/4.9.3/bin/../lib/gcc/arm-none-eabi/4.9.3/armv7-m\libgcc.a(_arm_muldivsf3.o)
                              .\ARM_GCC_493\Debug\main.o (__aeabi_fmul)
c:/program files (x86)/cypress/psoc creator/3.3/psoc creator/import/gnu/arm/4.9.3/bin/../lib/gcc/arm-none-eabi/4.9.3/armv7-m\libgcc.a(_arm_fixsfsi.o)
                              .\ARM_GCC_493\Debug\main.o (__aeabi_f2iz)
c:/program files (x86)/cypress/psoc creator/3.3/psoc creator/import/gnu/arm/4.9.3/bin/../lib/gcc/arm-none-eabi/4.9.3/armv7-m\libgcc.a(_aeabi_ldivmod.o)
                              .\ARM_GCC_493\Debug\C-CAN.a(ADC_SAR_1.o) (__aeabi_ldivmod)
c:/program files (x86)/cypress/psoc creator/3.3/psoc creator/import/gnu/arm/4.9.3/bin/../lib/gcc/arm-none-eabi/4.9.3/armv7-m\libgcc.a(bpabi.o)
                              c:/program files (x86)/cypress/psoc creator/3.3/psoc creator/import/gnu/arm/4.9.3/bin/../lib/gcc/arm-none-eabi/4.9.3/armv7-m\libgcc.a(_aeabi_ldivmod.o) (__gnu_ldivmod_helper)
c:/program files (x86)/cypress/psoc creator/3.3/psoc creator/import/gnu/arm/4.9.3/bin/../lib/gcc/arm-none-eabi/4.9.3/armv7-m\libgcc.a(_dvmd_tls.o)
                              c:/program files (x86)/cypress/psoc creator/3.3/psoc creator/import/gnu/arm/4.9.3/bin/../lib/gcc/arm-none-eabi/4.9.3/armv7-m\libgcc.a(_aeabi_ldivmod.o) (__aeabi_ldiv0)
c:/program files (x86)/cypress/psoc creator/3.3/psoc creator/import/gnu/arm/4.9.3/bin/../lib/gcc/arm-none-eabi/4.9.3/armv7-m\libgcc.a(_divdi3.o)
                              c:/program files (x86)/cypress/psoc creator/3.3/psoc creator/import/gnu/arm/4.9.3/bin/../lib/gcc/arm-none-eabi/4.9.3/armv7-m\libgcc.a(bpabi.o) (__divdi3)
c:/program files (x86)/cypress/psoc creator/3.3/psoc creator/import/gnu/arm/4.9.3/bin/../lib/gcc/arm-none-eabi/4.9.3/armv7-m\libgcc.a(_udivdi3.o)
                              c:/program files (x86)/cypress/psoc creator/3.3/psoc creator/import/gnu/arm/4.9.3/bin/../lib/gcc/arm-none-eabi/4.9.3/armv7-m\libgcc.a(bpabi.o) (__udivdi3)
c:/program files (x86)/cypress/psoc creator/3.3/psoc creator/import/gnu/arm/4.9.3/bin/../lib/gcc/arm-none-eabi/4.9.3/../../../../arm-none-eabi/lib/armv7-m\libg_nano.a(lib_a-errno.o)
[...]
Memory Configuration

Name             Origin             Length             Attributes
rom              0x00000000         0x00040000         xr
ram              0x1fff8000         0x00010000         xrw
*default*        0x00000000         0xffffffff

Linker script and memory map

LOAD c:/program files (x86)/cypress/psoc creator/3.3/psoc creator/import/gnu/arm/4.9.3/bin/../lib/gcc/arm-none-eabi/4.9.3/armv7-m/crti.o
LOAD c:/program files (x86)/cypress/psoc creator/3.3/psoc creator/import/gnu/arm/4.9.3/bin/../lib/gcc/arm-none-eabi/4.9.3/armv7-m/crtbegin.o
LOAD c:/program files (x86)/cypress/psoc creator/3.3/psoc creator/import/gnu/arm/4.9.3/bin/../lib/gcc/arm-none-eabi/4.9.3/../../../../arm-none-eabi/lib/armv7-m/crt0.o
START GROUP
LOAD .\ARM_GCC_493\Debug\main.o
LOAD .\ARM_GCC_493\Debug\cymetadata.o
LOAD .\ARM_GCC_493\Debug\Cm3Start.o
LOAD .\ARM_GCC_493\Debug\C-CAN.a
LOAD C:\Program Files (x86)\Cypress\PSoC Creator\3.3\PSoC Creator\psoc\content\cycomponentlibrary\CyComponentLibrary.cylib\CortexM3\ARM_GCC_493\Debug\CyComponentLibrary.a
END GROUP
START GROUP
LOAD c:/program files (x86)/cypress/psoc creator/3.3/psoc creator/import/gnu/arm/4.9.3/bin/../lib/gcc/arm-none-eabi/4.9.3/armv7-m\libgcc.a
LOAD c:/program files (x86)/cypress/psoc creator/3.3/psoc creator/import/gnu/arm/4.9.3/bin/../lib/gcc/arm-none-eabi/4.9.3/../../../../arm-none-eabi/lib/armv7-m\libg_nano.a
LOAD c:/program files (x86)/cypress/psoc creator/3.3/psoc creator/import/gnu/arm/4.9.3/bin/../lib/gcc/arm-none-eabi/4.9.3/../../../../arm-none-eabi/lib/armv7-m\libc_nano.a
END GROUP
START GROUP
LOAD c:/program files (x86)/cypress/psoc creator/3.3/psoc creator/import/gnu/arm/4.9.3/bin/../lib/gcc/arm-none-eabi/4.9.3/armv7-m\libgcc.a
LOAD c:/program files (x86)/cypress/psoc creator/3.3/psoc creator/import/gnu/arm/4.9.3/bin/../lib/gcc/arm-none-eabi/4.9.3/../../../../arm-none-eabi/lib/armv7-m\libc_nano.a
END GROUP
LOAD c:/program files (x86)/cypress/psoc creator/3.3/psoc creator/import/gnu/arm/4.9.3/bin/../lib/gcc/arm-none-eabi/4.9.3/armv7-m/crtend.o
LOAD c:/program files (x86)/cypress/psoc creator/3.3/psoc creator/import/gnu/arm/4.9.3/bin/../lib/gcc/arm-none-eabi/4.9.3/armv7-m/crtn.o
START GROUP
LOAD c:/program files (x86)/cypress/psoc creator/3.3/psoc creator/import/gnu/arm/4.9.3/bin/../lib/gcc/arm-none-eabi/4.9.3/armv7-m\libgcc.a
LOAD c:/program files (x86)/cypress/psoc creator/3.3/psoc creator/import/gnu/arm/4.9.3/bin/../lib/gcc/arm-none-eabi/4.9.3/../../../../arm-none-eabi/lib/armv7-m\libc.a
LOAD c:/program files (x86)/cypress/psoc creator/3.3/psoc creator/import/gnu/arm/4.9.3/bin/../lib/gcc/arm-none-eabi/4.9.3/../../../../arm-none-eabi/lib/armv7-m\libnosys.a
END GROUP
                0x00000000                CY_APPL_ORIGIN = 0x0
                0x00000100                CY_FLASH_ROW_SIZE = 0x100
                0x00000020                CY_ECC_ROW_SIZE = 0x20
                0x00000000                CY_EE_IN_BTLDR = 0x0
                0x00000000                CY_APPL_LOADABLE = 0x0
                0x00000800                CY_EE_SIZE = 0x800
                0x00000001                CY_APPL_NUM = 0x1
                0x00000001                CY_APPL_MAX = 0x1
                0x00000040                CY_METADATA_SIZE = 0x40
                0x00000000                CY_APPL_LOADABLE = 0x0
                0x00000000                CY_CHECKSUM_EXCLUDE_SIZE = ALIGN (0x0, CY_FLASH_ROW_SIZE)
                0x1fff8268                PROVIDE (__cy_heap_start, _end)
                0x00000001                PROVIDE (__cy_region_num, ((__cy_regions_end - __cy_regions) / 0x10))
                0x20008000                PROVIDE (__cy_stack, (ORIGIN (ram) + 0x10000))
                0x20007800                PROVIDE (__cy_heap_end, (__cy_stack - 0x800))

.cybootloader   0x00000000        0x0
 *(.cybootloader)
                0x00000000                appl1_start = CY_APPL_ORIGIN?CY_APPL_ORIGIN:ALIGN (CY_FLASH_ROW_SIZE)
                0x0001ff00                appl2_start = (appl1_start + ALIGN ((((0x40000 - appl1_start) - (0x2 * CY_FLASH_ROW_SIZE)) / 0x2), CY_FLASH_ROW_SIZE))
                0x00000000                appl_start = (CY_APPL_NUM == 0x1)?appl1_start:appl2_start
                0x00000000                ecc_offset = ((appl_start / CY_FLASH_ROW_SIZE) * CY_ECC_ROW_SIZE)
                0x00000000                ee_offset = (CY_APPL_LOADABLE && ! (CY_EE_IN_BTLDR))?((CY_EE_SIZE / CY_APPL_MAX) * (CY_APPL_NUM - 0x1)):0x0
                0x00000800                ee_size = (CY_APPL_LOADABLE && ! (CY_EE_IN_BTLDR))?(CY_EE_SIZE / CY_APPL_MAX):CY_EE_SIZE
                0x00000000                PROVIDE (CY_ECC_OFFSET, ecc_offset)

.text           0x00000000     0x63f0
 CREATE_OBJECT_SYMBOLS
                0x00000000                PROVIDE (__cy_interrupt_vector, RomVectors)
 *(.romvectors)
 .romvectors    0x00000000       0x10 .\ARM_GCC_493\Debug\Cm3Start.o
                0x00000000                RomVectors
                0x00000001                ASSERT ((. != __cy_interrupt_vector), No interrupt vector)
                0x00000001                ASSERT (CY_APPL_ORIGIN?(SIZEOF (.cybootloader) <= CY_APPL_ORIGIN):0x1, Wrong image location)
                0x00000010                PROVIDE (__cy_reset, Reset)
 *(.text.Reset)
 .text.Reset    0x00000010       0x18 .\ARM_GCC_493\Debug\Cm3Start.o
                0x00000010                Reset
                0x00000001                ASSERT ((. != __cy_reset), No reset code)
 *(.dma_init)
                0x00000001                ASSERT ((((appl_start + .) <= 0x10000) || 0x1), DMA Init must be within the first 64k of flash)
 *(.text .text.* .gnu.linkonce.t.*)
 .text          0x00000028        0x0 c:/program files (x86)/cypress/psoc creator/3.3/psoc creator/import/gnu/arm/4.9.3/bin/../lib/gcc/arm-none-eabi/4.9.3/armv7-m/crti.o
 .text          0x00000028       0x5c c:/program files (x86)/cypress/psoc creator/3.3/psoc creator/import/gnu/arm/4.9.3/bin/../lib/gcc/arm-none-eabi/4.9.3/armv7-m/crtbegin.o
 .text          0x00000084       0x74 c:/program files (x86)/cypress/psoc creator/3.3/psoc creator/import/gnu/arm/4.9.3/bin/../lib/gcc/arm-none-eabi/4.9.3/../../../../arm-none-eabi/lib/armv7-m/crt0.o
                0x00000084                _start
                0x00000084                _mainCRTStartup
 .text          0x000000f8        0x0 .\ARM_GCC_493\Debug\main.o
 .text.CAN_1_SendMsg
                0x000000f8      0x180 .\ARM_GCC_493\Debug\main.o
                0x000000f8                CAN_1_SendMsg
 .text.CAN_1_TxCancel
                0x00000278       0x1c .\ARM_GCC_493\Debug\main.o
                0x00000278                CAN_1_TxCancel
 .text.CAN_1_SendMsg0
                0x00000294       0x64 .\ARM_GCC_493\Debug\main.o
                0x00000294                CAN_1_SendMsg0
 .text.CAN_1_ReceiveMsg
                0x000002f8       0x18 .\ARM_GCC_493\Debug\main.o
                0x000002f8                CAN_1_ReceiveMsg
 .text.startup.main
                0x00000310      0x20c .\ARM_GCC_493\Debug\main.o
                0x00000310                main
 .text.GetSample
                0x0000051c       0x74 .\ARM_GCC_493\Debug\main.o
                0x0000051c                GetSample
 .text.GetRPM   0x00000590      0x124 .\ARM_GCC_493\Debug\main.o
                0x00000590                GetRPM
 .text          0x000006b4        0x0 .\ARM_GCC_493\Debug\cymetadata.o
 .text          0x000006b4        0x0 .\ARM_GCC_493\Debug\Cm3Start.o
 .text.IntDefaultHandler
                0x000006b4        0x4 .\ARM_GCC_493\Debug\Cm3Start.o
                0x000006b4                IntDefaultHandler
 .text._exit    0x000006b8        0xc .\ARM_GCC_493\Debug\Cm3Start.o
                0x000006b8                _exit
 .text._sbrk    0x000006c4       0x30 .\ARM_GCC_493\Debug\Cm3Start.o
                0x000006c4                _sbrk
 .text.Start_c  0x000006f4       0x58 .\ARM_GCC_493\Debug\Cm3Start.o
                0x000006f4                Start_c
 .text.startup.initialize_psoc
                0x0000074c       0x74 .\ARM_GCC_493\Debug\Cm3Start.o
                0x0000074c                initialize_psoc
 .text          0x000007c0        0x0 .\ARM_GCC_493\Debug\C-CAN.a(cyfitter_cfg.o)
 .text.SetAnalogRoutingPumps
                0x000007c0       0x20 .\ARM_GCC_493\Debug\C-CAN.a(cyfitter_cfg.o)
                0x000007c0                SetAnalogRoutingPumps
 .text.AMux_1_Set
                0x000007e0       0x58 .\ARM_GCC_493\Debug\C-CAN.a(cyfitter_cfg.o)
                0x000007e0                AMux_1_Set
 .text.AMux_1_Unset
                0x00000838       0x60 .\ARM_GCC_493\Debug\C-CAN.a(cyfitter_cfg.o)
                0x00000838                AMux_1_Unset
 .text.cyfitter_cfg
                0x00000898      0x2f4 .\ARM_GCC_493\Debug\C-CAN.a(cyfitter_cfg.o)
                0x00000898                cyfitter_cfg
 .text          0x00000b8c        0x0 .\ARM_GCC_493\Debug\C-CAN.a(UART_1.o)
 .text.UART_1_Start
                0x00000b8c       0x8c .\ARM_GCC_493\Debug\C-CAN.a(UART_1.o)
                0x00000b8c                UART_1_Start
 .text.UART_1_Init
                0x00000c18       0x3c .\ARM_GCC_493\Debug\C-CAN.a(UART_1.o)
                0x00000c18                UART_1_Init
 .text.UART_1_Enable
                0x00000c54       0x40 .\ARM_GCC_493\Debug\C-CAN.a(UART_1.o)
                0x00000c54                UART_1_Enable
 .text.UART_1_Stop
                0x00000c94       0x40 .\ARM_GCC_493\Debug\C-CAN.a(UART_1.o)
                0x00000c94                UART_1_Stop
 .text.UART_1_ReadControlRegister
                0x00000cd4        0x4 .\ARM_GCC_493\Debug\C-CAN.a(UART_1.o)
                0x00000cd4                UART_1_ReadControlRegister
 .text.UART_1_WriteControlRegister
                0x00000cd8        0x4 .\ARM_GCC_493\Debug\C-CAN.a(UART_1.o)
                0x00000cd8                UART_1_WriteControlRegister
 .text.UART_1_SetRxInterruptMode
                0x00000cdc        0xc .\ARM_GCC_493\Debug\C-CAN.a(UART_1.o)
                0x00000cdc                UART_1_SetRxInterruptMode
 .text.UART_1_ReadRxData
                0x00000ce8        0xc .\ARM_GCC_493\Debug\C-CAN.a(UART_1.o)
                0x00000ce8                UART_1_ReadRxData
 .text.UART_1_ReadRxStatus
                0x00000cf4       0x10 .\ARM_GCC_493\Debug\C-CAN.a(UART_1.o)
                0x00000cf4                UART_1_ReadRxStatus
 .text.UART_1_GetChar
                0x00000d04       0x28 .\ARM_GCC_493\Debug\C-CAN.a(UART_1.o)
                0x00000d04                UART_1_GetChar
 .text.UART_1_GetByte
                0x00000d2c       0x1c .\ARM_GCC_493\Debug\C-CAN.a(UART_1.o)
                0x00000d2c                UART_1_GetByte
 .text.UART_1_GetRxBufferSize
                0x00000d48       0x10 .\ARM_GCC_493\Debug\C-CAN.a(UART_1.o)
                0x00000d48                UART_1_GetRxBufferSize
 .text.UART_1_ClearRxBuffer
                0x00000d58       0x24 .\ARM_GCC_493\Debug\C-CAN.a(UART_1.o)
                0x00000d58                UART_1_ClearRxBuffer
 .text.UART_1_SetRxAddressMode
                0x00000d7c        0x4 .\ARM_GCC_493\Debug\C-CAN.a(UART_1.o)
                0x00000d7c                UART_1_SetRxAddressMode
 .text.UART_1_SetRxAddress1
                0x00000d80        0xc .\ARM_GCC_493\Debug\C-CAN.a(UART_1.o)
                0x00000d80                UART_1_SetRxAddress1
 .text.UART_1_SetRxAddress2
                0x00000d8c        0xc .\ARM_GCC_493\Debug\C-CAN.a(UART_1.o)
                0x00000d8c                UART_1_SetRxAddress2
 .text.UART_1_SetTxInterruptMode
                0x00000d98        0xc .\ARM_GCC_493\Debug\C-CAN.a(UART_1.o)
                0x00000d98                UART_1_SetTxInterruptMode
 .text.UART_1_WriteTxData
                0x00000da4       0x14 .\ARM_GCC_493\Debug\C-CAN.a(UART_1.o)
                0x00000da4                UART_1_WriteTxData
 .text.UART_1_ReadTxStatus
                0x00000db8        0xc .\ARM_GCC_493\Debug\C-CAN.a(UART_1.o)
                0x00000db8                UART_1_ReadTxStatus
 .text.UART_1_PutChar
                0x00000dc4       0x18 .\ARM_GCC_493\Debug\C-CAN.a(UART_1.o)
                0x00000dc4                UART_1_PutChar
 .text.UART_1_PutString
                0x00000ddc       0x34 .\ARM_GCC_493\Debug\C-CAN.a(UART_1.o)
                0x00000ddc                UART_1_PutString
 .text.UART_1_PutArray
                0x00000e10       0x38 .\ARM_GCC_493\Debug\C-CAN.a(UART_1.o)
                0x00000e10                UART_1_PutArray
 .text.UART_1_PutCRLF
                0x00000e48       0x3c .\ARM_GCC_493\Debug\C-CAN.a(UART_1.o)
                0x00000e48                UART_1_PutCRLF
 .text.UART_1_GetTxBufferSize
                0x00000e84       0x1c .\ARM_GCC_493\Debug\C-CAN.a(UART_1.o)
                0x00000e84                UART_1_GetTxBufferSize
 .text.UART_1_ClearTxBuffer
                0x00000ea0       0x24 .\ARM_GCC_493\Debug\C-CAN.a(UART_1.o)
                0x00000ea0                UART_1_ClearTxBuffer
 .text.UART_1_SendBreak
                0x00000ec4       0x5c .\ARM_GCC_493\Debug\C-CAN.a(UART_1.o)
                0x00000ec4                UART_1_SendBreak
 .text.UART_1_SetTxAddressMode
                0x00000f20        0x4 .\ARM_GCC_493\Debug\C-CAN.a(UART_1.o)
                0x00000f20                UART_1_SetTxAddressMode
 .text          0x00000f24        0x0 .\ARM_GCC_493\Debug\C-CAN.a(UART_1_IntClock.o)
 .text.UART_1_IntClock_Start
                0x00000f24       0x20 .\ARM_GCC_493\Debug\C-CAN.a(UART_1_IntClock.o)
                0x00000f24                UART_1_IntClock_Start
 .text.UART_1_IntClock_Stop
                0x00000f44       0x20 .\ARM_GCC_493\Debug\C-CAN.a(UART_1_IntClock.o)
                0x00000f44                UART_1_IntClock_Stop
 .text.UART_1_IntClock_StopBlock
                0x00000f64       0x78 .\ARM_GCC_493\Debug\C-CAN.a(UART_1_IntClock.o)
                0x00000f64                UART_1_IntClock_StopBlock
 .text.UART_1_IntClock_StandbyPower
                0x00000fdc       0x1c .\ARM_GCC_493\Debug\C-CAN.a(UART_1_IntClock.o)
                0x00000fdc                UART_1_IntClock_StandbyPower
 .text.UART_1_IntClock_SetDividerRegister
                0x00000ff8       0xe8 .\ARM_GCC_493\Debug\C-CAN.a(UART_1_IntClock.o)
                0x00000ff8                UART_1_IntClock_SetDividerRegister
 .text.UART_1_IntClock_GetDividerRegister
                0x000010e0        0xc .\ARM_GCC_493\Debug\C-CAN.a(UART_1_IntClock.o)
                0x000010e0                UART_1_IntClock_GetDividerRegister
 .text.UART_1_IntClock_SetModeRegister
                0x000010ec       0x14 .\ARM_GCC_493\Debug\C-CAN.a(UART_1_IntClock.o)
                0x000010ec                UART_1_IntClock_SetModeRegister
 .text.UART_1_IntClock_ClearModeRegister
                0x00001100       0x14 .\ARM_GCC_493\Debug\C-CAN.a(UART_1_IntClock.o)
                0x00001100                UART_1_IntClock_ClearModeRegister
 .text.UART_1_IntClock_GetModeRegister
                0x00001114       0x10 .\ARM_GCC_493\Debug\C-CAN.a(UART_1_IntClock.o)
                0x00001114                UART_1_IntClock_GetModeRegister
 .text.UART_1_IntClock_SetSourceRegister
                0x00001124       0x58 .\ARM_GCC_493\Debug\C-CAN.a(UART_1_IntClock.o)
                0x00001124                UART_1_IntClock_SetSourceRegister
 .text.UART_1_IntClock_GetSourceRegister
                0x0000117c       0x10 .\ARM_GCC_493\Debug\C-CAN.a(UART_1_IntClock.o)
                0x0000117c                UART_1_IntClock_GetSourceRegister
 *fill*         0x0000118c        0x4 
 .text          0x00001190       0x58 .\ARM_GCC_493\Debug\C-CAN.a(CyBootAsmGnu.o)
                0x00001190                CyDelayCycles
                0x000011ce                CyEnterCriticalSection
                0x000011d6                CyExitCriticalSection
 .text          0x000011e8        0x0 .\ARM_GCC_493\Debug\C-CAN.a(CyLib.o)
 .text.CyIMO_SetTrimValue
                0x000011e8       0xf4 .\ARM_GCC_493\Debug\C-CAN.a(CyLib.o)
 .text.CySysTickServiceCallbacks
                0x000012dc       0x28 .\ARM_GCC_493\Debug\C-CAN.a(CyLib.o)
 .text.CyPLL_OUT_Start
                0x00001304       0x78 .\ARM_GCC_493\Debug\C-CAN.a(CyLib.o)
                0x00001304                CyPLL_OUT_Start
 .text.CyPLL_OUT_Stop
                0x0000137c       0x10 .\ARM_GCC_493\Debug\C-CAN.a(CyLib.o)
                0x0000137c                CyPLL_OUT_Stop
 .text.CyPLL_OUT_SetPQ
                0x0000138c       0x50 .\ARM_GCC_493\Debug\C-CAN.a(CyLib.o)
                0x0000138c                CyPLL_OUT_SetPQ
 .text.CyPLL_OUT_SetSource
                0x000013dc       0x28 .\ARM_GCC_493\Debug\C-CAN.a(CyLib.o)
                0x000013dc                CyPLL_OUT_SetSource
 .text.CyIMO_Start
                0x00001404       0x6c .\ARM_GCC_493\Debug\C-CAN.a(CyLib.o)
                0x00001404                CyIMO_Start
 .text.CyIMO_Stop
                0x00001470       0x20 .\ARM_GCC_493\Debug\C-CAN.a(CyLib.o)
                0x00001470                CyIMO_Stop
 .text.CyIMO_SetFreq
                0x00001490      0x130 .\ARM_GCC_493\Debug\C-CAN.a(CyLib.o)
                0x00001490                CyIMO_SetFreq
 .text.CyIMO_SetSource
                0x000015c0       0x50 .\ARM_GCC_493\Debug\C-CAN.a(CyLib.o)
                0x000015c0                CyIMO_SetSource
 .text.CyIMO_EnableDoubler
                0x00001610       0x10 .\ARM_GCC_493\Debug\C-CAN.a(CyLib.o)
                0x00001610                CyIMO_EnableDoubler
 .text.CyIMO_DisableDoubler
                0x00001620       0x10 .\ARM_GCC_493\Debug\C-CAN.a(CyLib.o)
                0x00001620                CyIMO_DisableDoubler
 .text.CyMasterClk_SetSource
                0x00001630       0x18 .\ARM_GCC_493\Debug\C-CAN.a(CyLib.o)
                0x00001630                CyMasterClk_SetSource
 .text.CyMasterClk_SetDivider
                0x00001648        0xc .\ARM_GCC_493\Debug\C-CAN.a(CyLib.o)
                0x00001648                CyMasterClk_SetDivider
 .text.CyBusClk_SetDivider
                0x00001654      0x110 .\ARM_GCC_493\Debug\C-CAN.a(CyLib.o)
                0x00001654                CyBusClk_SetDivider
 .text.CyUsbClk_SetSource
                0x00001764       0x18 .\ARM_GCC_493\Debug\C-CAN.a(CyLib.o)
                0x00001764                CyUsbClk_SetSource
 .text.CyILO_Start1K
                0x0000177c       0x10 .\ARM_GCC_493\Debug\C-CAN.a(CyLib.o)
                0x0000177c                CyILO_Start1K
 .text.CyILO_Stop1K
                0x0000178c       0x10 .\ARM_GCC_493\Debug\C-CAN.a(CyLib.o)
                0x0000178c                CyILO_Stop1K
 .text.CyILO_Start100K
                0x0000179c       0x10 .\ARM_GCC_493\Debug\C-CAN.a(CyLib.o)
                0x0000179c                CyILO_Start100K
 .text.CyILO_Stop100K
                0x000017ac       0x10 .\ARM_GCC_493\Debug\C-CAN.a(CyLib.o)
                0x000017ac                CyILO_Stop100K
 .text.CyILO_Enable33K
                0x000017bc       0x10 .\ARM_GCC_493\Debug\C-CAN.a(CyLib.o)
                0x000017bc                CyILO_Enable33K
 .text.CyILO_Disable33K
                0x000017cc       0x10 .\ARM_GCC_493\Debug\C-CAN.a(CyLib.o)
                0x000017cc                CyILO_Disable33K
 .text.CyILO_SetSource
                0x000017dc       0x18 .\ARM_GCC_493\Debug\C-CAN.a(CyLib.o)
                0x000017dc                CyILO_SetSource
 .text.CyILO_SetPowerMode
                0x000017f4       0x24 .\ARM_GCC_493\Debug\C-CAN.a(CyLib.o)
                0x000017f4                CyILO_SetPowerMode
 .text.CyXTAL_32KHZ_Start
                0x00001818       0xb4 .\ARM_GCC_493\Debug\C-CAN.a(CyLib.o)
                0x00001818                CyXTAL_32KHZ_Start
 .text.CyXTAL_32KHZ_Stop
                0x000018cc       0x3c .\ARM_GCC_493\Debug\C-CAN.a(CyLib.o)
                0x000018cc                CyXTAL_32KHZ_Stop
 .text.CyXTAL_32KHZ_ReadStatus
                0x00001908       0x10 .\ARM_GCC_493\Debug\C-CAN.a(CyLib.o)
                0x00001908                CyXTAL_32KHZ_ReadStatus
 .text.CyXTAL_32KHZ_SetPowerMode
                0x00001918       0x90 .\ARM_GCC_493\Debug\C-CAN.a(CyLib.o)
                0x00001918                CyXTAL_32KHZ_SetPowerMode
 .text.CyXTAL_Start
                0x000019a8       0xac .\ARM_GCC_493\Debug\C-CAN.a(CyLib.o)
                0x000019a8                CyXTAL_Start
 .text.CyXTAL_Stop
                0x00001a54       0x10 .\ARM_GCC_493\Debug\C-CAN.a(CyLib.o)
                0x00001a54                CyXTAL_Stop
 .text.CyXTAL_EnableErrStatus
                0x00001a64       0x10 .\ARM_GCC_493\Debug\C-CAN.a(CyLib.o)
                0x00001a64                CyXTAL_EnableErrStatus
 .text.CyXTAL_DisableErrStatus
                0x00001a74       0x10 .\ARM_GCC_493\Debug\C-CAN.a(CyLib.o)
                0x00001a74                CyXTAL_DisableErrStatus
 .text.CyXTAL_ReadStatus
                0x00001a84        0xc .\ARM_GCC_493\Debug\C-CAN.a(CyLib.o)
                0x00001a84                CyXTAL_ReadStatus
 .text.CyXTAL_EnableFaultRecovery
                0x00001a90       0x10 .\ARM_GCC_493\Debug\C-CAN.a(CyLib.o)
                0x00001a90                CyXTAL_EnableFaultRecovery
 .text.CyXTAL_DisableFaultRecovery
                0x00001aa0       0x10 .\ARM_GCC_493\Debug\C-CAN.a(CyLib.o)
                0x00001aa0                CyXTAL_DisableFaultRecovery
 .text.CyXTAL_SetStartup
                0x00001ab0       0x18 .\ARM_GCC_493\Debug\C-CAN.a(CyLib.o)
                0x00001ab0                CyXTAL_SetStartup
 .text.CyXTAL_SetFbVoltage
                0x00001ac8       0x18 .\ARM_GCC_493\Debug\C-CAN.a(CyLib.o)
                0x00001ac8                CyXTAL_SetFbVoltage
 .text.CyXTAL_SetWdVoltage
                0x00001ae0       0x18 .\ARM_GCC_493\Debug\C-CAN.a(CyLib.o)
                0x00001ae0                CyXTAL_SetWdVoltage
 .text.CyHalt   0x00001af8        0x4 .\ARM_GCC_493\Debug\C-CAN.a(CyLib.o)
                0x00001af8                CyHalt
 .text.CySoftwareReset
                0x00001afc       0x10 .\ARM_GCC_493\Debug\C-CAN.a(CyLib.o)
                0x00001afc                CySoftwareReset
 .text.CyDelay  0x00001b0c       0x48 .\ARM_GCC_493\Debug\C-CAN.a(CyLib.o)
                0x00001b0c                CyDelay
 .text.CyDelayUs
                0x00001b54       0x10 .\ARM_GCC_493\Debug\C-CAN.a(CyLib.o)
                0x00001b54                CyDelayUs
 .text.CyDelayFreq
                0x00001b64       0x58 .\ARM_GCC_493\Debug\C-CAN.a(CyLib.o)
                0x00001b64                CyDelayFreq
 .text.CyWdtStart
                0x00001bbc       0x40 .\ARM_GCC_493\Debug\C-CAN.a(CyLib.o)
                0x00001bbc                CyWdtStart
 .text.CyWdtClear
                0x00001bfc        0xc .\ARM_GCC_493\Debug\C-CAN.a(CyLib.o)
                0x00001bfc                CyWdtClear
 .text.CyVdLvDigitEnable
                0x00001c08       0xb0 .\ARM_GCC_493\Debug\C-CAN.a(CyLib.o)
                0x00001c08                CyVdLvDigitEnable
 .text.CyVdLvAnalogEnable
                0x00001cb8       0xac .\ARM_GCC_493\Debug\C-CAN.a(CyLib.o)
                0x00001cb8                CyVdLvAnalogEnable
 .text.CyVdLvDigitDisable
                0x00001d64       0x58 .\ARM_GCC_493\Debug\C-CAN.a(CyLib.o)
                0x00001d64                CyVdLvDigitDisable
 .text.CyVdLvAnalogDisable
                0x00001dbc       0x44 .\ARM_GCC_493\Debug\C-CAN.a(CyLib.o)
                0x00001dbc                CyVdLvAnalogDisable
 .text.CyVdHvAnalogEnable
                0x00001e00       0x78 .\ARM_GCC_493\Debug\C-CAN.a(CyLib.o)
                0x00001e00                CyVdHvAnalogEnable
 .text.CyVdHvAnalogDisable
                0x00001e78       0x38 .\ARM_GCC_493\Debug\C-CAN.a(CyLib.o)
                0x00001e78                CyVdHvAnalogDisable
 .text.CyVdStickyStatus
                0x00001eb0       0x2c .\ARM_GCC_493\Debug\C-CAN.a(CyLib.o)
                0x00001eb0                CyVdStickyStatus
 .text.CyVdRealTimeStatus
                0x00001edc       0x1c .\ARM_GCC_493\Debug\C-CAN.a(CyLib.o)
                0x00001edc                CyVdRealTimeStatus
 .text.CyDisableInts
                0x00001ef8       0x1c .\ARM_GCC_493\Debug\C-CAN.a(CyLib.o)
                0x00001ef8                CyDisableInts
 .text.CyEnableInts
                0x00001f14       0x18 .\ARM_GCC_493\Debug\C-CAN.a(CyLib.o)
                0x00001f14                CyEnableInts
 .text.CyFlushCache
                0x00001f2c       0x44 .\ARM_GCC_493\Debug\C-CAN.a(CyLib.o)
                0x00001f2c                CyFlushCache
 .text.CyIntSetSysVector
                0x00001f70       0x1c .\ARM_GCC_493\Debug\C-CAN.a(CyLib.o)
                0x00001f70                CyIntSetSysVector
 .text.CyIntGetSysVector
                0x00001f8c       0x18 .\ARM_GCC_493\Debug\C-CAN.a(CyLib.o)
                0x00001f8c                CyIntGetSysVector
 .text.CyIntSetVector
                0x00001fa4       0x20 .\ARM_GCC_493\Debug\C-CAN.a(CyLib.o)
                0x00001fa4                CyIntSetVector
 .text.CyIntGetVector
                0x00001fc4       0x1c .\ARM_GCC_493\Debug\C-CAN.a(CyLib.o)
                0x00001fc4                CyIntGetVector
 .text.CyIntSetPriority
                0x00001fe0       0x20 .\ARM_GCC_493\Debug\C-CAN.a(CyLib.o)
                0x00001fe0                CyIntSetPriority
 .text.CyIntGetPriority
                0x00002000       0x18 .\ARM_GCC_493\Debug\C-CAN.a(CyLib.o)
                0x00002000                CyIntGetPriority
 .text.CyIntGetState
                0x00002018       0x1c .\ARM_GCC_493\Debug\C-CAN.a(CyLib.o)
                0x00002018                CyIntGetState
 .text.CySysTickStart
                0x00002034       0x8c .\ARM_GCC_493\Debug\C-CAN.a(CyLib.o)
                0x00002034                CySysTickStart
 .text.CySysTickInit
                0x000020c0       0x70 .\ARM_GCC_493\Debug\C-CAN.a(CyLib.o)
                0x000020c0                CySysTickInit
 .text.CySysTickEnable
                0x00002130       0x18 .\ARM_GCC_493\Debug\C-CAN.a(CyLib.o)
                0x00002130                CySysTickEnable
 .text.CySysTickStop
                0x00002148       0x10 .\ARM_GCC_493\Debug\C-CAN.a(CyLib.o)
                0x00002148                CySysTickStop
 .text.CySysTickEnableInterrupt
                0x00002158       0x10 .\ARM_GCC_493\Debug\C-CAN.a(CyLib.o)
                0x00002158                CySysTickEnableInterrupt
 .text.CySysTickDisableInterrupt
                0x00002168       0x10 .\ARM_GCC_493\Debug\C-CAN.a(CyLib.o)
                0x00002168                CySysTickDisableInterrupt
 .text.CySysTickSetReload
                0x00002178       0x10 .\ARM_GCC_493\Debug\C-CAN.a(CyLib.o)
                0x00002178                CySysTickSetReload
 .text.CySysTickGetReload
                0x00002188       0x10 .\ARM_GCC_493\Debug\C-CAN.a(CyLib.o)
                0x00002188                CySysTickGetReload
 .text.CySysTickGetValue
                0x00002198       0x10 .\ARM_GCC_493\Debug\C-CAN.a(CyLib.o)
                0x00002198                CySysTickGetValue
 .text.CySysTickSetClockSource
                0x000021a8       0x18 .\ARM_GCC_493\Debug\C-CAN.a(CyLib.o)
                0x000021a8                CySysTickSetClockSource
 .text.CySysTickGetCountFlag
                0x000021c0       0x10 .\ARM_GCC_493\Debug\C-CAN.a(CyLib.o)
                0x000021c0                CySysTickGetCountFlag
 .text.CySysTickClear
                0x000021d0        0xc .\ARM_GCC_493\Debug\C-CAN.a(CyLib.o)
                0x000021d0                CySysTickClear
 .text.CySysTickSetCallback
                0x000021dc       0x14 .\ARM_GCC_493\Debug\C-CAN.a(CyLib.o)
                0x000021dc                CySysTickSetCallback
 .text.CySysTickGetCallback
                0x000021f0        0xc .\ARM_GCC_493\Debug\C-CAN.a(CyLib.o)
                0x000021f0                CySysTickGetCallback
 .text.CyGetUniqueId
                0x000021fc       0x68 .\ARM_GCC_493\Debug\C-CAN.a(CyLib.o)
                0x000021fc                CyGetUniqueId
 .text          0x00002264        0x0 .\ARM_GCC_493\Debug\C-CAN.a(cyPm.o)
 .text.CyPmHibSlpSaveSet
                0x00002264      0x1c8 .\ARM_GCC_493\Debug\C-CAN.a(cyPm.o)
 .text.CyPmHibSlpRestore
                0x0000242c      0x140 .\ARM_GCC_493\Debug\C-CAN.a(cyPm.o)
 .text.CyPmSaveClocks
                0x0000256c      0x1e4 .\ARM_GCC_493\Debug\C-CAN.a(cyPm.o)
                0x0000256c                CyPmSaveClocks
 .text.CyPmRestoreClocks
                0x00002750      0x240 .\ARM_GCC_493\Debug\C-CAN.a(cyPm.o)
                0x00002750                CyPmRestoreClocks
 .text.CyPmAltAct
                0x00002990       0x78 .\ARM_GCC_493\Debug\C-CAN.a(cyPm.o)
                0x00002990                CyPmAltAct
 .text.CyPmSleep
                0x00002a08       0xf8 .\ARM_GCC_493\Debug\C-CAN.a(cyPm.o)
                0x00002a08                CyPmSleep
 .text.CyPmHibernateEx
                0x00002b00      0x28c .\ARM_GCC_493\Debug\C-CAN.a(cyPm.o)
                0x00002b00                CyPmHibernateEx
 .text.CyPmHibernate
                0x00002d8c        0x8 .\ARM_GCC_493\Debug\C-CAN.a(cyPm.o)
                0x00002d8c                CyPmHibernate
 .text.CyPmReadStatus
                0x00002d94       0x30 .\ARM_GCC_493\Debug\C-CAN.a(cyPm.o)
                0x00002d94                CyPmReadStatus
 .text.CyPmCtwSetInterval
                0x00002dc4       0x54 .\ARM_GCC_493\Debug\C-CAN.a(cyPm.o)
                0x00002dc4                CyPmCtwSetInterval
 .text.CyPmOppsSet
                0x00002e18       0x2c .\ARM_GCC_493\Debug\C-CAN.a(cyPm.o)
                0x00002e18                CyPmOppsSet
 .text.CyPmFtwSetInterval
                0x00002e44       0x54 .\ARM_GCC_493\Debug\C-CAN.a(cyPm.o)
                0x00002e44                CyPmFtwSetInterval
 .text          0x00002e98        0x0 .\ARM_GCC_493\Debug\C-CAN.a(ADC_SAR_1.o)
 .text.ADC_SAR_1_Start
                0x00002e98      0x114 .\ARM_GCC_493\Debug\C-CAN.a(ADC_SAR_1.o)
                0x00002e98                ADC_SAR_1_Start
 .text.ADC_SAR_1_Init
                0x00002fac       0x64 .\ARM_GCC_493\Debug\C-CAN.a(ADC_SAR_1.o)
                0x00002fac                ADC_SAR_1_Init
 .text.ADC_SAR_1_Enable
                0x00003010       0xa0 .\ARM_GCC_493\Debug\C-CAN.a(ADC_SAR_1.o)
                0x00003010                ADC_SAR_1_Enable
 .text.ADC_SAR_1_Stop
                0x000030b0       0x50 .\ARM_GCC_493\Debug\C-CAN.a(ADC_SAR_1.o)
                0x000030b0                ADC_SAR_1_Stop
 .text.ADC_SAR_1_SetPower
                0x00003100       0x18 .\ARM_GCC_493\Debug\C-CAN.a(ADC_SAR_1.o)
                0x00003100                ADC_SAR_1_SetPower
 .text.ADC_SAR_1_SetResolution
                0x00003118       0x78 .\ARM_GCC_493\Debug\C-CAN.a(ADC_SAR_1.o)
                0x00003118                ADC_SAR_1_SetResolution
 .text.ADC_SAR_1_StartConvert
                0x00003190       0x18 .\ARM_GCC_493\Debug\C-CAN.a(ADC_SAR_1.o)
                0x00003190                ADC_SAR_1_StartConvert
 .text.ADC_SAR_1_StopConvert
                0x000031a8       0x18 .\ARM_GCC_493\Debug\C-CAN.a(ADC_SAR_1.o)
                0x000031a8                ADC_SAR_1_StopConvert
 .text.ADC_SAR_1_IsEndConversion
                0x000031c0       0x2c .\ARM_GCC_493\Debug\C-CAN.a(ADC_SAR_1.o)
                0x000031c0                ADC_SAR_1_IsEndConversion
 .text.ADC_SAR_1_GetResult8
                0x000031ec       0x18 .\ARM_GCC_493\Debug\C-CAN.a(ADC_SAR_1.o)
                0x000031ec                ADC_SAR_1_GetResult8
 .text.ADC_SAR_1_GetResult16
                0x00003204       0x18 .\ARM_GCC_493\Debug\C-CAN.a(ADC_SAR_1.o)
                0x00003204                ADC_SAR_1_GetResult16
 .text.ADC_SAR_1_SetOffset
                0x0000321c        0xc .\ARM_GCC_493\Debug\C-CAN.a(ADC_SAR_1.o)
                0x0000321c                ADC_SAR_1_SetOffset
 .text.ADC_SAR_1_SetGain
                0x00003228       0x10 .\ARM_GCC_493\Debug\C-CAN.a(ADC_SAR_1.o)
                0x00003228                ADC_SAR_1_SetGain
 .text.ADC_SAR_1_SetScaledGain
                0x00003238        0xc .\ARM_GCC_493\Debug\C-CAN.a(ADC_SAR_1.o)
                0x00003238                ADC_SAR_1_SetScaledGain
 .text.ADC_SAR_1_CountsTo_mVolts
                0x00003244       0x4c .\ARM_GCC_493\Debug\C-CAN.a(ADC_SAR_1.o)
                0x00003244                ADC_SAR_1_CountsTo_mVolts
 .text.ADC_SAR_1_CountsTo_uVolts
                0x00003290       0x48 .\ARM_GCC_493\Debug\C-CAN.a(ADC_SAR_1.o)
                0x00003290                ADC_SAR_1_CountsTo_uVolts
 .text.ADC_SAR_1_CountsTo_Volts
                0x000032d8       0x50 .\ARM_GCC_493\Debug\C-CAN.a(ADC_SAR_1.o)
                0x000032d8                ADC_SAR_1_CountsTo_Volts
 .text          0x00003328        0x0 .\ARM_GCC_493\Debug\C-CAN.a(ADC_SAR_1_INT.o)
 .text.ADC_SAR_1_ISR
                0x00003328        0x4 .\ARM_GCC_493\Debug\C-CAN.a(ADC_SAR_1_INT.o)
                0x00003328                ADC_SAR_1_ISR
 .text          0x0000332c        0x0 .\ARM_GCC_493\Debug\C-CAN.a(ADC_SAR_1_theACLK.o)
 .text.ADC_SAR_1_theACLK_Start
                0x0000332c       0x20 .\ARM_GCC_493\Debug\C-CAN.a(ADC_SAR_1_theACLK.o)
                0x0000332c                ADC_SAR_1_theACLK_Start
 .text.ADC_SAR_1_theACLK_Stop
                0x0000334c       0x20 .\ARM_GCC_493\Debug\C-CAN.a(ADC_SAR_1_theACLK.o)
                0x0000334c                ADC_SAR_1_theACLK_Stop
 .text.ADC_SAR_1_theACLK_StopBlock
                0x0000336c       0x78 .\ARM_GCC_493\Debug\C-CAN.a(ADC_SAR_1_theACLK.o)
                0x0000336c                ADC_SAR_1_theACLK_StopBlock
 .text.ADC_SAR_1_theACLK_StandbyPower
                0x000033e4       0x1c .\ARM_GCC_493\Debug\C-CAN.a(ADC_SAR_1_theACLK.o)
                0x000033e4                ADC_SAR_1_theACLK_StandbyPower
 .text.ADC_SAR_1_theACLK_SetDividerRegister
                0x00003400       0xe8 .\ARM_GCC_493\Debug\C-CAN.a(ADC_SAR_1_theACLK.o)
                0x00003400                ADC_SAR_1_theACLK_SetDividerRegister
 .text.ADC_SAR_1_theACLK_GetDividerRegister
                0x000034e8        0xc .\ARM_GCC_493\Debug\C-CAN.a(ADC_SAR_1_theACLK.o)
                0x000034e8                ADC_SAR_1_theACLK_GetDividerRegister
 .text.ADC_SAR_1_theACLK_SetModeRegister
                0x000034f4       0x14 .\ARM_GCC_493\Debug\C-CAN.a(ADC_SAR_1_theACLK.o)
                0x000034f4                ADC_SAR_1_theACLK_SetModeRegister
 .text.ADC_SAR_1_theACLK_ClearModeRegister
                0x00003508       0x14 .\ARM_GCC_493\Debug\C-CAN.a(ADC_SAR_1_theACLK.o)
                0x00003508                ADC_SAR_1_theACLK_ClearModeRegister
 .text.ADC_SAR_1_theACLK_GetModeRegister
                0x0000351c       0x10 .\ARM_GCC_493\Debug\C-CAN.a(ADC_SAR_1_theACLK.o)
                0x0000351c                ADC_SAR_1_theACLK_GetModeRegister
 .text.ADC_SAR_1_theACLK_SetSourceRegister
                0x0000352c       0x58 .\ARM_GCC_493\Debug\C-CAN.a(ADC_SAR_1_theACLK.o)
                0x0000352c                ADC_SAR_1_theACLK_SetSourceRegister
 .text.ADC_SAR_1_theACLK_GetSourceRegister
                0x00003584       0x10 .\ARM_GCC_493\Debug\C-CAN.a(ADC_SAR_1_theACLK.o)
                0x00003584                ADC_SAR_1_theACLK_GetSourceRegister
 .text          0x00003594        0x0 .\ARM_GCC_493\Debug\C-CAN.a(AMux_1.o)
 .text.AMux_1_Start
                0x00003594       0x20 .\ARM_GCC_493\Debug\C-CAN.a(AMux_1.o)
                0x00003594                AMux_1_Start
 .text.AMux_1_FastSelect
                0x000035b4       0x20 .\ARM_GCC_493\Debug\C-CAN.a(AMux_1.o)
                0x000035b4                AMux_1_FastSelect
 .text.AMux_1_DisconnectAll
                0x000035d4       0x18 .\ARM_GCC_493\Debug\C-CAN.a(AMux_1.o)
                0x000035d4                AMux_1_DisconnectAll
 .text          0x000035ec        0x0 .\ARM_GCC_493\Debug\C-CAN.a(CAN_1.o)
 .text.CAN_1_RxTxBuffersConfig
                0x000035ec      0x14c .\ARM_GCC_493\Debug\C-CAN.a(CAN_1.o)
                0x000035ec                CAN_1_RxTxBuffersConfig
 .text.CAN_1_Init
                0x00003738       0xf0 .\ARM_GCC_493\Debug\C-CAN.a(CAN_1.o)
                0x00003738                CAN_1_Init
 .text.CAN_1_Enable
                0x00003828       0x78 .\ARM_GCC_493\Debug\C-CAN.a(CAN_1.o)
                0x00003828                CAN_1_Enable
 .text.CAN_1_Start
                0x000038a0       0x90 .\ARM_GCC_493\Debug\C-CAN.a(CAN_1.o)
                0x000038a0                CAN_1_Start
 .text.CAN_1_Stop
                0x00003930       0x5c .\ARM_GCC_493\Debug\C-CAN.a(CAN_1.o)
                0x00003930                CAN_1_Stop
 .text.CAN_1_GlobalIntEnable
                0x0000398c       0x1c .\ARM_GCC_493\Debug\C-CAN.a(CAN_1.o)
                0x0000398c                CAN_1_GlobalIntEnable
 .text.CAN_1_GlobalIntDisable
                0x000039a8       0x18 .\ARM_GCC_493\Debug\C-CAN.a(CAN_1.o)
                0x000039a8                CAN_1_GlobalIntDisable
 .text.CAN_1_SetPreScaler
                0x000039c0       0x1c .\ARM_GCC_493\Debug\C-CAN.a(CAN_1.o)
                0x000039c0                CAN_1_SetPreScaler
 .text.CAN_1_SetArbiter
                0x000039dc       0x2c .\ARM_GCC_493\Debug\C-CAN.a(CAN_1.o)
                0x000039dc                CAN_1_SetArbiter
 .text.CAN_1_SetTsegSample
                0x00003a08       0x64 .\ARM_GCC_493\Debug\C-CAN.a(CAN_1.o)
                0x00003a08                CAN_1_SetTsegSample
 .text.CAN_1_SetRestartType
                0x00003a6c       0x2c .\ARM_GCC_493\Debug\C-CAN.a(CAN_1.o)
                0x00003a6c                CAN_1_SetRestartType
 .text.CAN_1_SetEdgeMode
                0x00003a98       0x2c .\ARM_GCC_493\Debug\C-CAN.a(CAN_1.o)
                0x00003a98                CAN_1_SetEdgeMode
 .text.CAN_1_SetOpMode
                0x00003ac4       0x68 .\ARM_GCC_493\Debug\C-CAN.a(CAN_1.o)
                0x00003ac4                CAN_1_SetOpMode
 .text.CAN_1_RXRegisterInit
                0x00003b2c       0x60 .\ARM_GCC_493\Debug\C-CAN.a(CAN_1.o)
                0x00003b2c                CAN_1_RXRegisterInit
 .text.CAN_1_SetIrqMask
                0x00003b8c       0x14 .\ARM_GCC_493\Debug\C-CAN.a(CAN_1.o)
                0x00003b8c                CAN_1_SetIrqMask
 .text.CAN_1_GetTXErrorFlag
                0x00003ba0       0x10 .\ARM_GCC_493\Debug\C-CAN.a(CAN_1.o)
                0x00003ba0                CAN_1_GetTXErrorFlag
 .text.CAN_1_GetRXErrorFlag
                0x00003bb0       0x10 .\ARM_GCC_493\Debug\C-CAN.a(CAN_1.o)
                0x00003bb0                CAN_1_GetRXErrorFlag
 .text.CAN_1_GetTXErrorCount
                0x00003bc0        0xc .\ARM_GCC_493\Debug\C-CAN.a(CAN_1.o)
                0x00003bc0                CAN_1_GetTXErrorCount
 .text.CAN_1_GetRXErrorCount
                0x00003bcc        0xc .\ARM_GCC_493\Debug\C-CAN.a(CAN_1.o)
                0x00003bcc                CAN_1_GetRXErrorCount
 .text.CAN_1_GetErrorState
                0x00003bd8       0x10 .\ARM_GCC_493\Debug\C-CAN.a(CAN_1.o)
                0x00003bd8                CAN_1_GetErrorState
 .text.CAN_1_RxBufConfig
                0x00003be8       0x88 .\ARM_GCC_493\Debug\C-CAN.a(CAN_1.o)
                0x00003be8                CAN_1_RxBufConfig
 .text.CAN_1_TxBufConfig
                0x00003c70       0x58 .\ARM_GCC_493\Debug\C-CAN.a(CAN_1.o)
                0x00003c70                CAN_1_TxBufConfig
 .text          0x00003cc8        0x0 .\ARM_GCC_493\Debug\C-CAN.a(CAN_1_INT.o)
 .text.CAN_1_BusOffIsr
                0x00003cc8       0x18 .\ARM_GCC_493\Debug\C-CAN.a(CAN_1_INT.o)
                0x00003cc8                CAN_1_BusOffIsr
 .text.CAN_1_MsgRXIsr
                0x00003ce0       0x44 .\ARM_GCC_493\Debug\C-CAN.a(CAN_1_INT.o)
                0x00003ce0                CAN_1_MsgRXIsr
 .text.CAN_1_ISR
                0x00003d24       0x60 .\ARM_GCC_493\Debug\C-CAN.a(CAN_1_INT.o)
                0x00003d24                CAN_1_ISR
 .text          0x00003d84        0x0 .\ARM_GCC_493\Debug\C-CAN.a(CAN_TIMER.o)
 .text.CAN_TIMER_Init
                0x00003d84       0x54 .\ARM_GCC_493\Debug\C-CAN.a(CAN_TIMER.o)
                0x00003d84                CAN_TIMER_Init
 .text.CAN_TIMER_Enable
                0x00003dd8       0x10 .\ARM_GCC_493\Debug\C-CAN.a(CAN_TIMER.o)
                0x00003dd8                CAN_TIMER_Enable
 .text.CAN_TIMER_Start
                0x00003de8       0x70 .\ARM_GCC_493\Debug\C-CAN.a(CAN_TIMER.o)
                0x00003de8                CAN_TIMER_Start
 .text.CAN_TIMER_Stop
                0x00003e58       0x10 .\ARM_GCC_493\Debug\C-CAN.a(CAN_TIMER.o)
                0x00003e58                CAN_TIMER_Stop
 .text.CAN_TIMER_SetInterruptMode
                0x00003e68        0xc .\ARM_GCC_493\Debug\C-CAN.a(CAN_TIMER.o)
                0x00003e68                CAN_TIMER_SetInterruptMode
 .text.CAN_TIMER_SoftwareCapture
                0x00003e74        0xc .\ARM_GCC_493\Debug\C-CAN.a(CAN_TIMER.o)
                0x00003e74                CAN_TIMER_SoftwareCapture
 .text.CAN_TIMER_ReadStatusRegister
                0x00003e80        0xc .\ARM_GCC_493\Debug\C-CAN.a(CAN_TIMER.o)
                0x00003e80                CAN_TIMER_ReadStatusRegister
 .text.CAN_TIMER_ReadControlRegister
                0x00003e8c        0xc .\ARM_GCC_493\Debug\C-CAN.a(CAN_TIMER.o)
                0x00003e8c                CAN_TIMER_ReadControlRegister
 .text.CAN_TIMER_WriteControlRegister
                0x00003e98        0xc .\ARM_GCC_493\Debug\C-CAN.a(CAN_TIMER.o)
                0x00003e98                CAN_TIMER_WriteControlRegister
 .text.CAN_TIMER_ReadPeriod
                0x00003ea4        0xc .\ARM_GCC_493\Debug\C-CAN.a(CAN_TIMER.o)
                0x00003ea4                CAN_TIMER_ReadPeriod
 .text.CAN_TIMER_WritePeriod
                0x00003eb0        0xc .\ARM_GCC_493\Debug\C-CAN.a(CAN_TIMER.o)
                0x00003eb0                CAN_TIMER_WritePeriod
 .text.CAN_TIMER_ReadCapture
                0x00003ebc        0xc .\ARM_GCC_493\Debug\C-CAN.a(CAN_TIMER.o)
                0x00003ebc                CAN_TIMER_ReadCapture
 .text.CAN_TIMER_WriteCounter
                0x00003ec8        0xc .\ARM_GCC_493\Debug\C-CAN.a(CAN_TIMER.o)
                0x00003ec8                CAN_TIMER_WriteCounter
 .text.CAN_TIMER_ReadCounter
                0x00003ed4       0x14 .\ARM_GCC_493\Debug\C-CAN.a(CAN_TIMER.o)
                0x00003ed4                CAN_TIMER_ReadCounter
 .text.CAN_TIMER_ClearFIFO
                0x00003ee8       0x1c .\ARM_GCC_493\Debug\C-CAN.a(CAN_TIMER.o)
                0x00003ee8                CAN_TIMER_ClearFIFO
 .text          0x00003f04        0x0 .\ARM_GCC_493\Debug\C-CAN.a(CAN_ISR.o)
 .text.CAN_ISR_Interrupt
                0x00003f04       0x10 .\ARM_GCC_493\Debug\C-CAN.a(CAN_ISR.o)
                0x00003f04                CAN_ISR_Interrupt
 .text.CAN_ISR_Start
                0x00003f14       0x34 .\ARM_GCC_493\Debug\C-CAN.a(CAN_ISR.o)
                0x00003f14                CAN_ISR_Start
 .text.CAN_ISR_StartEx
                0x00003f48       0x2c .\ARM_GCC_493\Debug\C-CAN.a(CAN_ISR.o)
                0x00003f48                CAN_ISR_StartEx
 .text.CAN_ISR_Stop
                0x00003f74       0x1c .\ARM_GCC_493\Debug\C-CAN.a(CAN_ISR.o)
                0x00003f74                CAN_ISR_Stop
 .text.CAN_ISR_SetVector
                0x00003f90        0xc .\ARM_GCC_493\Debug\C-CAN.a(CAN_ISR.o)
                0x00003f90                CAN_ISR_SetVector
 .text.CAN_ISR_GetVector
                0x00003f9c        0xc .\ARM_GCC_493\Debug\C-CAN.a(CAN_ISR.o)
                0x00003f9c                CAN_ISR_GetVector
 .text.CAN_ISR_SetPriority
                0x00003fa8       0x10 .\ARM_GCC_493\Debug\C-CAN.a(CAN_ISR.o)
                0x00003fa8                CAN_ISR_SetPriority
 .text.CAN_ISR_GetPriority
                0x00003fb8        0xc .\ARM_GCC_493\Debug\C-CAN.a(CAN_ISR.o)
                0x00003fb8                CAN_ISR_GetPriority
 .text.CAN_ISR_Enable
                0x00003fc4        0xc .\ARM_GCC_493\Debug\C-CAN.a(CAN_ISR.o)
                0x00003fc4                CAN_ISR_Enable
 .text.CAN_ISR_GetState
                0x00003fd0       0x10 .\ARM_GCC_493\Debug\C-CAN.a(CAN_ISR.o)
                0x00003fd0                CAN_ISR_GetState
 .text.CAN_ISR_Disable
                0x00003fe0        0xc .\ARM_GCC_493\Debug\C-CAN.a(CAN_ISR.o)
                0x00003fe0                CAN_ISR_Disable
 .text.CAN_ISR_SetPending
                0x00003fec        0xc .\ARM_GCC_493\Debug\C-CAN.a(CAN_ISR.o)
                0x00003fec                CAN_ISR_SetPending
 .text.CAN_ISR_ClearPending
                0x00003ff8        0xc .\ARM_GCC_493\Debug\C-CAN.a(CAN_ISR.o)
                0x00003ff8                CAN_ISR_ClearPending
 .text          0x00004004        0x0 .\ARM_GCC_493\Debug\C-CAN.a(Encoder_Left.o)
 .text.Encoder_Left_Init
                0x00004004       0x74 .\ARM_GCC_493\Debug\C-CAN.a(Encoder_Left.o)
                0x00004004                Encoder_Left_Init
 .text.Encoder_Left_Enable
                0x00004078       0x10 .\ARM_GCC_493\Debug\C-CAN.a(Encoder_Left.o)
                0x00004078                Encoder_Left_Enable
 .text.Encoder_Left_Start
                0x00004088       0x8c .\ARM_GCC_493\Debug\C-CAN.a(Encoder_Left.o)
                0x00004088                Encoder_Left_Start
 .text.Encoder_Left_Stop
                0x00004114       0x10 .\ARM_GCC_493\Debug\C-CAN.a(Encoder_Left.o)
                0x00004114                Encoder_Left_Stop
 .text.Encoder_Left_SetInterruptMode
                0x00004124        0xc .\ARM_GCC_493\Debug\C-CAN.a(Encoder_Left.o)
                0x00004124                Encoder_Left_SetInterruptMode
 .text.Encoder_Left_ReadStatusRegister
                0x00004130        0xc .\ARM_GCC_493\Debug\C-CAN.a(Encoder_Left.o)
                0x00004130                Encoder_Left_ReadStatusRegister
 .text.Encoder_Left_ReadControlRegister
                0x0000413c        0xc .\ARM_GCC_493\Debug\C-CAN.a(Encoder_Left.o)
                0x0000413c                Encoder_Left_ReadControlRegister
 .text.Encoder_Left_WriteControlRegister
                0x00004148        0xc .\ARM_GCC_493\Debug\C-CAN.a(Encoder_Left.o)
                0x00004148                Encoder_Left_WriteControlRegister
 .text.Encoder_Left_WriteCounter
                0x00004154        0xc .\ARM_GCC_493\Debug\C-CAN.a(Encoder_Left.o)
                0x00004154                Encoder_Left_WriteCounter
 .text.Encoder_Left_ReadCounter
                0x00004160       0x14 .\ARM_GCC_493\Debug\C-CAN.a(Encoder_Left.o)
                0x00004160                Encoder_Left_ReadCounter
 .text.Encoder_Left_ReadCapture
                0x00004174        0xc .\ARM_GCC_493\Debug\C-CAN.a(Encoder_Left.o)
                0x00004174                Encoder_Left_ReadCapture
 .text.Encoder_Left_WritePeriod
                0x00004180        0xc .\ARM_GCC_493\Debug\C-CAN.a(Encoder_Left.o)
                0x00004180                Encoder_Left_WritePeriod
 .text.Encoder_Left_ReadPeriod
                0x0000418c        0xc .\ARM_GCC_493\Debug\C-CAN.a(Encoder_Left.o)
                0x0000418c                Encoder_Left_ReadPeriod
 .text.Encoder_Left_WriteCompare
                0x00004198        0xc .\ARM_GCC_493\Debug\C-CAN.a(Encoder_Left.o)
                0x00004198                Encoder_Left_WriteCompare
 .text.Encoder_Left_ReadCompare
                0x000041a4        0xc .\ARM_GCC_493\Debug\C-CAN.a(Encoder_Left.o)
                0x000041a4                Encoder_Left_ReadCompare
 .text.Encoder_Left_ClearFIFO
                0x000041b0       0x1c .\ARM_GCC_493\Debug\C-CAN.a(Encoder_Left.o)
                0x000041b0                Encoder_Left_ClearFIFO
 .text          0x000041cc        0x0 .\ARM_GCC_493\Debug\C-CAN.a(Encoder_Right.o)
 .text.Encoder_Right_Init
                0x000041cc       0x74 .\ARM_GCC_493\Debug\C-CAN.a(Encoder_Right.o)
                0x000041cc                Encoder_Right_Init
 .text.Encoder_Right_Enable
                0x00004240       0x10 .\ARM_GCC_493\Debug\C-CAN.a(Encoder_Right.o)
                0x00004240                Encoder_Right_Enable
 .text.Encoder_Right_Start
                0x00004250       0x8c .\ARM_GCC_493\Debug\C-CAN.a(Encoder_Right.o)
                0x00004250                Encoder_Right_Start
 .text.Encoder_Right_Stop
                0x000042dc       0x10 .\ARM_GCC_493\Debug\C-CAN.a(Encoder_Right.o)
                0x000042dc                Encoder_Right_Stop
 .text.Encoder_Right_SetInterruptMode
                0x000042ec        0xc .\ARM_GCC_493\Debug\C-CAN.a(Encoder_Right.o)
                0x000042ec                Encoder_Right_SetInterruptMode
 .text.Encoder_Right_ReadStatusRegister
                0x000042f8        0xc .\ARM_GCC_493\Debug\C-CAN.a(Encoder_Right.o)
                0x000042f8                Encoder_Right_ReadStatusRegister
 .text.Encoder_Right_ReadControlRegister
                0x00004304        0xc .\ARM_GCC_493\Debug\C-CAN.a(Encoder_Right.o)
                0x00004304                Encoder_Right_ReadControlRegister
 .text.Encoder_Right_WriteControlRegister
                0x00004310        0xc .\ARM_GCC_493\Debug\C-CAN.a(Encoder_Right.o)
                0x00004310                Encoder_Right_WriteControlRegister
 .text.Encoder_Right_WriteCounter
                0x0000431c        0xc .\ARM_GCC_493\Debug\C-CAN.a(Encoder_Right.o)
                0x0000431c                Encoder_Right_WriteCounter
 .text.Encoder_Right_ReadCounter
                0x00004328       0x14 .\ARM_GCC_493\Debug\C-CAN.a(Encoder_Right.o)
                0x00004328                Encoder_Right_ReadCounter
 .text.Encoder_Right_ReadCapture
                0x0000433c        0xc .\ARM_GCC_493\Debug\C-CAN.a(Encoder_Right.o)
                0x0000433c                Encoder_Right_ReadCapture
 .text.Encoder_Right_WritePeriod
                0x00004348        0xc .\ARM_GCC_493\Debug\C-CAN.a(Encoder_Right.o)
                0x00004348                Encoder_Right_WritePeriod
 .text.Encoder_Right_ReadPeriod
                0x00004354        0xc .\ARM_GCC_493\Debug\C-CAN.a(Encoder_Right.o)
                0x00004354                Encoder_Right_ReadPeriod
 .text.Encoder_Right_WriteCompare
                0x00004360        0xc .\ARM_GCC_493\Debug\C-CAN.a(Encoder_Right.o)
                0x00004360                Encoder_Right_WriteCompare
 .text.Encoder_Right_ReadCompare
                0x0000436c        0xc .\ARM_GCC_493\Debug\C-CAN.a(Encoder_Right.o)
                0x0000436c                Encoder_Right_ReadCompare
 .text.Encoder_Right_ClearFIFO
                0x00004378       0x1c .\ARM_GCC_493\Debug\C-CAN.a(Encoder_Right.o)
                0x00004378                Encoder_Right_ClearFIFO
 .text          0x00004394        0x0 .\ARM_GCC_493\Debug\C-CAN.a(leftEncTimer.o)
 .text.leftEncTimer_Init
                0x00004394       0x74 .\ARM_GCC_493\Debug\C-CAN.a(leftEncTimer.o)
                0x00004394                leftEncTimer_Init
 .text.leftEncTimer_Enable
                0x00004408       0x10 .\ARM_GCC_493\Debug\C-CAN.a(leftEncTimer.o)
                0x00004408                leftEncTimer_Enable
 .text.leftEncTimer_Start
                0x00004418       0x8c .\ARM_GCC_493\Debug\C-CAN.a(leftEncTimer.o)
                0x00004418                leftEncTimer_Start
 .text.leftEncTimer_Stop
                0x000044a4       0x10 .\ARM_GCC_493\Debug\C-CAN.a(leftEncTimer.o)
                0x000044a4                leftEncTimer_Stop
 .text.leftEncTimer_SetInterruptMode
                0x000044b4        0xc .\ARM_GCC_493\Debug\C-CAN.a(leftEncTimer.o)
                0x000044b4                leftEncTimer_SetInterruptMode
 .text.leftEncTimer_ReadStatusRegister
                0x000044c0        0xc .\ARM_GCC_493\Debug\C-CAN.a(leftEncTimer.o)
                0x000044c0                leftEncTimer_ReadStatusRegister
 .text.leftEncTimer_ReadControlRegister
                0x000044cc        0xc .\ARM_GCC_493\Debug\C-CAN.a(leftEncTimer.o)
                0x000044cc                leftEncTimer_ReadControlRegister
 .text.leftEncTimer_WriteControlRegister
                0x000044d8        0xc .\ARM_GCC_493\Debug\C-CAN.a(leftEncTimer.o)
                0x000044d8                leftEncTimer_WriteControlRegister
 .text.leftEncTimer_WriteCounter
                0x000044e4        0xc .\ARM_GCC_493\Debug\C-CAN.a(leftEncTimer.o)
                0x000044e4                leftEncTimer_WriteCounter
 .text.leftEncTimer_ReadCounter
                0x000044f0       0x14 .\ARM_GCC_493\Debug\C-CAN.a(leftEncTimer.o)
                0x000044f0                leftEncTimer_ReadCounter
 .text.leftEncTimer_ReadCapture
                0x00004504        0xc .\ARM_GCC_493\Debug\C-CAN.a(leftEncTimer.o)
                0x00004504                leftEncTimer_ReadCapture
 .text.leftEncTimer_WritePeriod
                0x00004510        0xc .\ARM_GCC_493\Debug\C-CAN.a(leftEncTimer.o)
                0x00004510                leftEncTimer_WritePeriod
 .text.leftEncTimer_ReadPeriod
                0x0000451c        0xc .\ARM_GCC_493\Debug\C-CAN.a(leftEncTimer.o)
                0x0000451c                leftEncTimer_ReadPeriod
 .text.leftEncTimer_WriteCompare
                0x00004528        0xc .\ARM_GCC_493\Debug\C-CAN.a(leftEncTimer.o)
                0x00004528                leftEncTimer_WriteCompare
 .text.leftEncTimer_ReadCompare
                0x00004534        0xc .\ARM_GCC_493\Debug\C-CAN.a(leftEncTimer.o)
                0x00004534                leftEncTimer_ReadCompare
 .text.leftEncTimer_ClearFIFO
                0x00004540       0x1c .\ARM_GCC_493\Debug\C-CAN.a(leftEncTimer.o)
                0x00004540                leftEncTimer_ClearFIFO
 .text          0x0000455c        0x0 .\ARM_GCC_493\Debug\C-CAN.a(rightEncTimer.o)
 .text.rightEncTimer_Init
                0x0000455c       0x74 .\ARM_GCC_493\Debug\C-CAN.a(rightEncTimer.o)
                0x0000455c                rightEncTimer_Init
 .text.rightEncTimer_Enable
                0x000045d0       0x10 .\ARM_GCC_493\Debug\C-CAN.a(rightEncTimer.o)
                0x000045d0                rightEncTimer_Enable
 .text.rightEncTimer_Start
                0x000045e0       0x8c .\ARM_GCC_493\Debug\C-CAN.a(rightEncTimer.o)
                0x000045e0                rightEncTimer_Start
 .text.rightEncTimer_Stop
                0x0000466c       0x10 .\ARM_GCC_493\Debug\C-CAN.a(rightEncTimer.o)
                0x0000466c                rightEncTimer_Stop
 .text.rightEncTimer_SetInterruptMode
                0x0000467c        0xc .\ARM_GCC_493\Debug\C-CAN.a(rightEncTimer.o)
                0x0000467c                rightEncTimer_SetInterruptMode
 .text.rightEncTimer_ReadStatusRegister
                0x00004688        0xc .\ARM_GCC_493\Debug\C-CAN.a(rightEncTimer.o)
                0x00004688                rightEncTimer_ReadStatusRegister
 .text.rightEncTimer_ReadControlRegister
                0x00004694        0xc .\ARM_GCC_493\Debug\C-CAN.a(rightEncTimer.o)
                0x00004694                rightEncTimer_ReadControlRegister
 .text.rightEncTimer_WriteControlRegister
                0x000046a0        0xc .\ARM_GCC_493\Debug\C-CAN.a(rightEncTimer.o)
                0x000046a0                rightEncTimer_WriteControlRegister
 .text.rightEncTimer_WriteCounter
                0x000046ac        0xc .\ARM_GCC_493\Debug\C-CAN.a(rightEncTimer.o)
                0x000046ac                rightEncTimer_WriteCounter
 .text.rightEncTimer_ReadCounter
                0x000046b8       0x14 .\ARM_GCC_493\Debug\C-CAN.a(rightEncTimer.o)
                0x000046b8                rightEncTimer_ReadCounter
 .text.rightEncTimer_ReadCapture
                0x000046cc        0xc .\ARM_GCC_493\Debug\C-CAN.a(rightEncTimer.o)
                0x000046cc                rightEncTimer_ReadCapture
 .text.rightEncTimer_WritePeriod
                0x000046d8        0xc .\ARM_GCC_493\Debug\C-CAN.a(rightEncTimer.o)
                0x000046d8                rightEncTimer_WritePeriod
 .text.rightEncTimer_ReadPeriod
                0x000046e4        0xc .\ARM_GCC_493\Debug\C-CAN.a(rightEncTimer.o)
                0x000046e4                rightEncTimer_ReadPeriod
 .text.rightEncTimer_WriteCompare
                0x000046f0        0xc .\ARM_GCC_493\Debug\C-CAN.a(rightEncTimer.o)
                0x000046f0                rightEncTimer_WriteCompare
 .text.rightEncTimer_ReadCompare
                0x000046fc        0xc .\ARM_GCC_493\Debug\C-CAN.a(rightEncTimer.o)
                0x000046fc                rightEncTimer_ReadCompare
 .text.rightEncTimer_ClearFIFO
                0x00004708       0x1c .\ARM_GCC_493\Debug\C-CAN.a(rightEncTimer.o)
                0x00004708                rightEncTimer_ClearFIFO
 .text          0x00004724        0x0 .\ARM_GCC_493\Debug\C-CAN.a(CyFlash.o)
 .text.CyFlash_Start
                0x00004724       0x50 .\ARM_GCC_493\Debug\C-CAN.a(CyFlash.o)
                0x00004724                CyFlash_Start
 .text.CyFlash_Stop
                0x00004774       0x2c .\ARM_GCC_493\Debug\C-CAN.a(CyFlash.o)
                0x00004774                CyFlash_Stop
 .text.CySetTemp
                0x000047a0       0xa4 .\ARM_GCC_493\Debug\C-CAN.a(CyFlash.o)
                0x000047a0                CySetTemp
 .text.CySetFlashEEBuffer
                0x00004844       0x34 .\ARM_GCC_493\Debug\C-CAN.a(CyFlash.o)
                0x00004844                CySetFlashEEBuffer
 .text.CyWriteRowData
                0x00004878       0xd0 .\ARM_GCC_493\Debug\C-CAN.a(CyFlash.o)
                0x00004878                CyWriteRowData
 .text.CyWriteRowFull
                0x00004948       0xcc .\ARM_GCC_493\Debug\C-CAN.a(CyFlash.o)
                0x00004948                CyWriteRowFull
 .text.CyFlash_SetWaitCycles
                0x00004a14       0x90 .\ARM_GCC_493\Debug\C-CAN.a(CyFlash.o)
                0x00004a14                CyFlash_SetWaitCycles
 .text.CyEEPROM_Start
                0x00004aa4       0x50 .\ARM_GCC_493\Debug\C-CAN.a(CyFlash.o)
                0x00004aa4                CyEEPROM_Start
 .text.CyEEPROM_Stop
                0x00004af4       0x2c .\ARM_GCC_493\Debug\C-CAN.a(CyFlash.o)
                0x00004af4                CyEEPROM_Stop
 .text.CyEEPROM_ReadReserve
                0x00004b20       0x18 .\ARM_GCC_493\Debug\C-CAN.a(CyFlash.o)
                0x00004b20                CyEEPROM_ReadReserve
 .text.CyEEPROM_ReadRelease
                0x00004b38       0x10 .\ARM_GCC_493\Debug\C-CAN.a(CyFlash.o)
                0x00004b38                CyEEPROM_ReadRelease
 .text          0x00004b48        0x0 .\ARM_GCC_493\Debug\C-CAN.a(CySpc.o)
 .text.CySpcStart
                0x00004b48       0x2c .\ARM_GCC_493\Debug\C-CAN.a(CySpc.o)
                0x00004b48                CySpcStart
 .text.CySpcStop
                0x00004b74       0x2c .\ARM_GCC_493\Debug\C-CAN.a(CySpc.o)
                0x00004b74                CySpcStop
 .text.CySpcReadData
                0x00004ba0       0x40 .\ARM_GCC_493\Debug\C-CAN.a(CySpc.o)
                0x00004ba0                CySpcReadData
 .text.CySpcLoadMultiByte
                0x00004be0       0x6c .\ARM_GCC_493\Debug\C-CAN.a(CySpc.o)
                0x00004be0                CySpcLoadMultiByte
 .text.CySpcLoadRow
                0x00004c4c       0x50 .\ARM_GCC_493\Debug\C-CAN.a(CySpc.o)
                0x00004c4c                CySpcLoadRow
 .text.CySpcLoadRowFull
                0x00004c9c       0x74 .\ARM_GCC_493\Debug\C-CAN.a(CySpc.o)
                0x00004c9c                CySpcLoadRowFull
 .text.CySpcWriteRow
                0x00004d10       0x44 .\ARM_GCC_493\Debug\C-CAN.a(CySpc.o)
                0x00004d10                CySpcWriteRow
 .text.CySpcEraseSector
                0x00004d54       0x3c .\ARM_GCC_493\Debug\C-CAN.a(CySpc.o)
                0x00004d54                CySpcEraseSector
 .text.CySpcGetTemp
                0x00004d90       0x38 .\ARM_GCC_493\Debug\C-CAN.a(CySpc.o)
                0x00004d90                CySpcGetTemp
 .text.CySpcLock
                0x00004dc8       0x44 .\ARM_GCC_493\Debug\C-CAN.a(CySpc.o)
                0x00004dc8                CySpcLock
 .text.CySpcUnlock
                0x00004e0c       0x34 .\ARM_GCC_493\Debug\C-CAN.a(CySpc.o)
                0x00004e0c                CySpcUnlock
 .text.CySpcGetAlgorithm
                0x00004e40       0x28 .\ARM_GCC_493\Debug\C-CAN.a(CySpc.o)
                0x00004e40                CySpcGetAlgorithm
 .text          0x00004e68      0x21c c:/program files (x86)/cypress/psoc creator/3.3/psoc creator/import/gnu/arm/4.9.3/bin/../lib/gcc/arm-none-eabi/4.9.3/armv7-m\libgcc.a(_arm_addsubsf3.o)
                0x00004e68                __aeabi_frsub
                0x00004e70                __subsf3
                0x00004e70                __aeabi_fsub
                0x00004e74                __aeabi_fadd
                0x00004e74                __addsf3
                0x00004fd4                __aeabi_ui2f
                0x00004fd4                __floatunsisf
                0x00004fdc                __aeabi_i2f
                0x00004fdc                __floatsisf
                0x00004ff8                __aeabi_ul2f
                0x00004ff8                __floatundisf
                0x00005008                __aeabi_l2f
                0x00005008                __floatdisf
 .text          0x00005084      0x2a0 c:/program files (x86)/cypress/psoc creator/3.3/psoc creator/import/gnu/arm/4.9.3/bin/../lib/gcc/arm-none-eabi/4.9.3/armv7-m\libgcc.a(_arm_muldivsf3.o)
                0x00005084                __mulsf3
                0x00005084                __aeabi_fmul
                0x000051ec                __aeabi_fdiv
                0x000051ec                __divsf3
 .text          0x00005324       0x4c c:/program files (x86)/cypress/psoc creator/3.3/psoc creator/import/gnu/arm/4.9.3/bin/../lib/gcc/arm-none-eabi/4.9.3/armv7-m\libgcc.a(_arm_fixsfsi.o)
                0x00005324                __aeabi_f2iz
                0x00005324                __fixsfsi
 .text          0x00005370       0x38 c:/program files (x86)/cypress/psoc creator/3.3/psoc creator/import/gnu/arm/4.9.3/bin/../lib/gcc/arm-none-eabi/4.9.3/armv7-m\libgcc.a(_aeabi_ldivmod.o)
                0x00005370                __aeabi_ldivmod
 .text          0x000053a8       0x60 c:/program files (x86)/cypress/psoc creator/3.3/psoc creator/import/gnu/arm/4.9.3/bin/../lib/gcc/arm-none-eabi/4.9.3/armv7-m\libgcc.a(bpabi.o)
                0x000053a8                __gnu_ldivmod_helper
                0x000053d8                __gnu_uldivmod_helper
 .text          0x00005408        0x4 c:/program files (x86)/cypress/psoc creator/3.3/psoc creator/import/gnu/arm/4.9.3/bin/../lib/gcc/arm-none-eabi/4.9.3/armv7-m\libgcc.a(_dvmd_tls.o)
                0x00005408                __aeabi_idiv0
                0x00005408                __aeabi_ldiv0
 .text          0x0000540c      0x2ac c:/program files (x86)/cypress/psoc creator/3.3/psoc creator/import/gnu/arm/4.9.3/bin/../lib/gcc/arm-none-eabi/4.9.3/armv7-m\libgcc.a(_divdi3.o)
                0x0000540c                __divdi3
 .text          0x000056b8      0x270 c:/program files (x86)/cypress/psoc creator/3.3/psoc creator/import/gnu/arm/4.9.3/bin/../lib/gcc/arm-none-eabi/4.9.3/armv7-m\libgcc.a(_udivdi3.o)
                0x000056b8                __udivdi3
 .text          0x00005928        0x0 c:/program files (x86)/cypress/psoc creator/3.3/psoc creator/import/gnu/arm/4.9.3/bin/../lib/gcc/arm-none-eabi/4.9.3/../../../../arm-none-eabi/lib/armv7-m\libg_nano.a(lib_a-errno.o)
 .text.__errno  0x00005928        0xc c:/program files (x86)/cypress/psoc creator/3.3/psoc creator/import/gnu/arm/4.9.3/bin/../lib/gcc/arm-none-eabi/4.9.3/../../../../arm-none-eabi/lib/armv7-m\libg_nano.a(lib_a-errno.o)
                0x00005928                __errno
 .text          0x00005934        0x0 c:/program files (x86)/cypress/psoc creator/3.3/psoc creator/import/gnu/arm/4.9.3/bin/../lib/gcc/arm-none-eabi/4.9.3/../../../../arm-none-eabi/lib/armv7-m\libg_nano.a(lib_a-exit.o)
 .text.exit     0x00005934       0x28 c:/program files (x86)/cypress/psoc creator/3.3/psoc creator/import/gnu/arm/4.9.3/bin/../lib/gcc/arm-none-eabi/4.9.3/../../../../arm-none-eabi/lib/armv7-m\libg_nano.a(lib_a-exit.o)
                0x00005934                exit
 .text          0x0000595c        0x0 c:/program files (x86)/cypress/psoc creator/3.3/psoc creator/import/gnu/arm/4.9.3/bin/../lib/gcc/arm-none-eabi/4.9.3/../../../../arm-none-eabi/lib/armv7-m\libg_nano.a(lib_a-impure.o)
 .text          0x0000595c        0x0 c:/program files (x86)/cypress/psoc creator/3.3/psoc creator/import/gnu/arm/4.9.3/bin/../lib/gcc/arm-none-eabi/4.9.3/../../../../arm-none-eabi/lib/armv7-m\libg_nano.a(lib_a-init.o)
 .text.__libc_init_array
                0x0000595c       0x4c c:/program files (x86)/cypress/psoc creator/3.3/psoc creator/import/gnu/arm/4.9.3/bin/../lib/gcc/arm-none-eabi/4.9.3/../../../../arm-none-eabi/lib/armv7-m\libg_nano.a(lib_a-init.o)
                0x0000595c                __libc_init_array
 .text          0x000059a8        0x0 c:/program files (x86)/cypress/psoc creator/3.3/psoc creator/import/gnu/arm/4.9.3/bin/../lib/gcc/arm-none-eabi/4.9.3/../../../../arm-none-eabi/lib/armv7-m\libg_nano.a(lib_a-memcpy.o)
 .text.memcpy   0x000059a8       0x16 c:/program files (x86)/cypress/psoc creator/3.3/psoc creator/import/gnu/arm/4.9.3/bin/../lib/gcc/arm-none-eabi/4.9.3/../../../../arm-none-eabi/lib/armv7-m\libg_nano.a(lib_a-memcpy.o)
                0x000059a8                memcpy
 .text          0x000059be        0x0 c:/program files (x86)/cypress/psoc creator/3.3/psoc creator/import/gnu/arm/4.9.3/bin/../lib/gcc/arm-none-eabi/4.9.3/../../../../arm-none-eabi/lib/armv7-m\libg_nano.a(lib_a-memset.o)
 .text.memset   0x000059be       0x10 c:/program files (x86)/cypress/psoc creator/3.3/psoc creator/import/gnu/arm/4.9.3/bin/../lib/gcc/arm-none-eabi/4.9.3/../../../../arm-none-eabi/lib/armv7-m\libg_nano.a(lib_a-memset.o)
                0x000059be                memset
 .text          0x000059ce        0x0 c:/program files (x86)/cypress/psoc creator/3.3/psoc creator/import/gnu/arm/4.9.3/bin/../lib/gcc/arm-none-eabi/4.9.3/../../../../arm-none-eabi/lib/armv7-m\libg_nano.a(lib_a-sprintf.o)
 .text._sprintf_r
                0x000059ce       0x40 c:/program files (x86)/cypress/psoc creator/3.3/psoc creator/import/gnu/arm/4.9.3/bin/../lib/gcc/arm-none-eabi/4.9.3/../../../../arm-none-eabi/lib/armv7-m\libg_nano.a(lib_a-sprintf.o)
                0x000059ce                _sprintf_r
                0x000059ce                _siprintf_r
 *fill*         0x00005a0e        0x2 
 .text.sprintf  0x00005a10       0x48 c:/program files (x86)/cypress/psoc creator/3.3/psoc creator/import/gnu/arm/4.9.3/bin/../lib/gcc/arm-none-eabi/4.9.3/../../../../arm-none-eabi/lib/armv7-m\libg_nano.a(lib_a-sprintf.o)
                0x00005a10                siprintf
                0x00005a10                sprintf
 .text          0x00005a58        0x0 c:/program files (x86)/cypress/psoc creator/3.3/psoc creator/import/gnu/arm/4.9.3/bin/../lib/gcc/arm-none-eabi/4.9.3/../../../../arm-none-eabi/lib/armv7-m\libg_nano.a(lib_a-nano-svfprintf.o)
 .text.__ssputs_r
                0x00005a58       0xb2 c:/program files (x86)/cypress/psoc creator/3.3/psoc creator/import/gnu/arm/4.9.3/bin/../lib/gcc/arm-none-eabi/4.9.3/../../../../arm-none-eabi/lib/armv7-m\libg_nano.a(lib_a-nano-svfprintf.o)
                0x00005a58                __ssputs_r
 .text.__ssprint_r
                0x00005b0a       0xfe c:/program files (x86)/cypress/psoc creator/3.3/psoc creator/import/gnu/arm/4.9.3/bin/../lib/gcc/arm-none-eabi/4.9.3/../../../../arm-none-eabi/lib/armv7-m\libg_nano.a(lib_a-nano-svfprintf.o)
                0x00005b0a                __ssprint_r
 .text._svfprintf_r
                0x00005c08      0x1e4 c:/program files (x86)/cypress/psoc creator/3.3/psoc creator/import/gnu/arm/4.9.3/bin/../lib/gcc/arm-none-eabi/4.9.3/../../../../arm-none-eabi/lib/armv7-m\libg_nano.a(lib_a-nano-svfprintf.o)
                0x00005c08                _svfiprintf_r
                0x00005c08                _svfprintf_r
 .text          0x00005dec        0x0 c:/program files (x86)/cypress/psoc creator/3.3/psoc creator/import/gnu/arm/4.9.3/bin/../lib/gcc/arm-none-eabi/4.9.3/../../../../arm-none-eabi/lib/armv7-m\libg_nano.a(lib_a-nano-vfprintf_i.o)
 .text._printf_common
                0x00005dec       0xea c:/program files (x86)/cypress/psoc creator/3.3/psoc creator/import/gnu/arm/4.9.3/bin/../lib/gcc/arm-none-eabi/4.9.3/../../../../arm-none-eabi/lib/armv7-m\libg_nano.a(lib_a-nano-vfprintf_i.o)
                0x00005dec                _printf_common
 *fill*         0x00005ed6        0x2 
 .text._printf_i
                0x00005ed8      0x240 c:/program files (x86)/cypress/psoc creator/3.3/psoc creator/import/gnu/arm/4.9.3/bin/../lib/gcc/arm-none-eabi/4.9.3/../../../../arm-none-eabi/lib/armv7-m\libg_nano.a(lib_a-nano-vfprintf_i.o)
                0x00005ed8                _printf_i
 .text          0x00006118        0x0 c:/program files (x86)/cypress/psoc creator/3.3/psoc creator/import/gnu/arm/4.9.3/bin/../lib/gcc/arm-none-eabi/4.9.3/../../../../arm-none-eabi/lib/armv7-m\libg_nano.a(lib_a-memchr.o)
 .text.memchr   0x00006118       0x1c c:/program files (x86)/cypress/psoc creator/3.3/psoc creator/import/gnu/arm/4.9.3/bin/../lib/gcc/arm-none-eabi/4.9.3/../../../../arm-none-eabi/lib/armv7-m\libg_nano.a(lib_a-memchr.o)
                0x00006118                memchr
 .text          0x00006134        0x0 c:/program files (x86)/cypress/psoc creator/3.3/psoc creator/import/gnu/arm/4.9.3/bin/../lib/gcc/arm-none-eabi/4.9.3/../../../../arm-none-eabi/lib/armv7-m\libg_nano.a(lib_a-memmove.o)
 .text.memmove  0x00006134       0x36 c:/program files (x86)/cypress/psoc creator/3.3/psoc creator/import/gnu/arm/4.9.3/bin/../lib/gcc/arm-none-eabi/4.9.3/../../../../arm-none-eabi/lib/armv7-m\libg_nano.a(lib_a-memmove.o)
                0x00006134                memmove
 .text          0x0000616a        0x0 c:/program files (x86)/cypress/psoc creator/3.3/psoc creator/import/gnu/arm/4.9.3/bin/../lib/gcc/arm-none-eabi/4.9.3/../../../../arm-none-eabi/lib/armv7-m\libg_nano.a(lib_a-nano-freer.o)
 *fill*         0x0000616a        0x2 
 .text._free_r  0x0000616c       0x88 c:/program files (x86)/cypress/psoc creator/3.3/psoc creator/import/gnu/arm/4.9.3/bin/../lib/gcc/arm-none-eabi/4.9.3/../../../../arm-none-eabi/lib/armv7-m\libg_nano.a(lib_a-nano-freer.o)
                0x0000616c                _free_r
 .text          0x000061f4        0x0 c:/program files (x86)/cypress/psoc creator/3.3/psoc creator/import/gnu/arm/4.9.3/bin/../lib/gcc/arm-none-eabi/4.9.3/../../../../arm-none-eabi/lib/armv7-m\libg_nano.a(lib_a-nano-mallocr.o)
 .text._malloc_r
                0x000061f4       0xac c:/program files (x86)/cypress/psoc creator/3.3/psoc creator/import/gnu/arm/4.9.3/bin/../lib/gcc/arm-none-eabi/4.9.3/../../../../arm-none-eabi/lib/armv7-m\libg_nano.a(lib_a-nano-mallocr.o)
                0x000061f4                _malloc_r
 .text          0x000062a0        0x0 c:/program files (x86)/cypress/psoc creator/3.3/psoc creator/import/gnu/arm/4.9.3/bin/../lib/gcc/arm-none-eabi/4.9.3/../../../../arm-none-eabi/lib/armv7-m\libg_nano.a(lib_a-nano-reallocr.o)
 .text._realloc_r
                0x000062a0       0x4c c:/program files (x86)/cypress/psoc creator/3.3/psoc creator/import/gnu/arm/4.9.3/bin/../lib/gcc/arm-none-eabi/4.9.3/../../../../arm-none-eabi/lib/armv7-m\libg_nano.a(lib_a-nano-reallocr.o)
                0x000062a0                _realloc_r
 .text          0x000062ec        0x0 c:/program files (x86)/cypress/psoc creator/3.3/psoc creator/import/gnu/arm/4.9.3/bin/../lib/gcc/arm-none-eabi/4.9.3/../../../../arm-none-eabi/lib/armv7-m\libg_nano.a(lib_a-sbrkr.o)
 .text._sbrk_r  0x000062ec       0x20 c:/program files (x86)/cypress/psoc creator/3.3/psoc creator/import/gnu/arm/4.9.3/bin/../lib/gcc/arm-none-eabi/4.9.3/../../../../arm-none-eabi/lib/armv7-m\libg_nano.a(lib_a-sbrkr.o)
                0x000062ec                _sbrk_r
 .text          0x0000630c        0x0 c:/program files (x86)/cypress/psoc creator/3.3/psoc creator/import/gnu/arm/4.9.3/bin/../lib/gcc/arm-none-eabi/4.9.3/../../../../arm-none-eabi/lib/armv7-m\libg_nano.a(lib_a-nano-msizer.o)
 .text._malloc_usable_size_r
                0x0000630c       0x14 c:/program files (x86)/cypress/psoc creator/3.3/psoc creator/import/gnu/arm/4.9.3/bin/../lib/gcc/arm-none-eabi/4.9.3/../../../../arm-none-eabi/lib/armv7-m\libg_nano.a(lib_a-nano-msizer.o)
                0x0000630c                _malloc_usable_size_r
 .text          0x00006320        0x0 c:/program files (x86)/cypress/psoc creator/3.3/psoc creator/import/gnu/arm/4.9.3/bin/../lib/gcc/arm-none-eabi/4.9.3/../../../../arm-none-eabi/lib/armv7-m\libg_nano.a(lib_a-reent.o)
 .text.cleanup_glue
                0x00006320       0x1a c:/program files (x86)/cypress/psoc creator/3.3/psoc creator/import/gnu/arm/4.9.3/bin/../lib/gcc/arm-none-eabi/4.9.3/../../../../arm-none-eabi/lib/armv7-m\libg_nano.a(lib_a-reent.o)
                0x00006320                cleanup_glue
 *fill*         0x0000633a        0x2 
 .text._reclaim_reent
                0x0000633c       0xb4 c:/program files (x86)/cypress/psoc creator/3.3/psoc creator/import/gnu/arm/4.9.3/bin/../lib/gcc/arm-none-eabi/4.9.3/../../../../arm-none-eabi/lib/armv7-m\libg_nano.a(lib_a-reent.o)
                0x0000633c                _reclaim_reent
 .text          0x000063f0        0x0 c:/program files (x86)/cypress/psoc creator/3.3/psoc creator/import/gnu/arm/4.9.3/bin/../lib/gcc/arm-none-eabi/4.9.3/armv7-m/crtend.o
 .text          0x000063f0        0x0 c:/program files (x86)/cypress/psoc creator/3.3/psoc creator/import/gnu/arm/4.9.3/bin/../lib/gcc/arm-none-eabi/4.9.3/armv7-m/crtn.o
 *(.plt)
 *(.gnu.warning)
 *(.glue_7t)
 .glue_7t       0x00000000        0x0 linker stubs
 *(.glue_7)
 .glue_7        0x00000000        0x0 linker stubs
 *(.vfp11_veneer)
 .vfp11_veneer  0x00000000        0x0 linker stubs
 *(.bootloader)
 *(.ARM.extab* .gnu.linkonce.armextab.*)
 .ARM.extab     0x000063f0        0x0 c:/program files (x86)/cypress/psoc creator/3.3/psoc creator/import/gnu/arm/4.9.3/bin/../lib/gcc/arm-none-eabi/4.9.3/../../../../arm-none-eabi/lib/armv7-m/crt0.o
 .ARM.extab     0x000063f0        0x0 c:/program files (x86)/cypress/psoc creator/3.3/psoc creator/import/gnu/arm/4.9.3/bin/../lib/gcc/arm-none-eabi/4.9.3/armv7-m\libgcc.a(_divdi3.o)
 .ARM.extab     0x000063f0        0x0 c:/program files (x86)/cypress/psoc creator/3.3/psoc creator/import/gnu/arm/4.9.3/bin/../lib/gcc/arm-none-eabi/4.9.3/armv7-m\libgcc.a(_udivdi3.o)
 *(.gcc_except_table)

.v4_bx          0x000063f0        0x0
 .v4_bx         0x00000000        0x0 linker stubs

.iplt           0x000063f0        0x0
 .iplt          0x00000000        0x0 c:/program files (x86)/cypress/psoc creator/3.3/psoc creator/import/gnu/arm/4.9.3/bin/../lib/gcc/arm-none-eabi/4.9.3/armv7-m/crtbegin.o

.eh_frame_hdr
 *(.eh_frame_hdr)

.eh_frame       0x000063f0        0x4
 *(.eh_frame)
 .eh_frame      0x000063f0        0x0 c:/program files (x86)/cypress/psoc creator/3.3/psoc creator/import/gnu/arm/4.9.3/bin/../lib/gcc/arm-none-eabi/4.9.3/armv7-m/crtbegin.o
 .eh_frame      0x000063f0        0x4 c:/program files (x86)/cypress/psoc creator/3.3/psoc creator/import/gnu/arm/4.9.3/bin/../lib/gcc/arm-none-eabi/4.9.3/armv7-m/crtend.o
                0x000063f4                PROVIDE (__exidx_start, .)

.ARM.exidx      0x000063f4        0x8
 *(.ARM.exidx* .gnu.linkonce.armexidx.*)
 .ARM.exidx     0x000063f4        0x8 c:/program files (x86)/cypress/psoc creator/3.3/psoc creator/import/gnu/arm/4.9.3/bin/../lib/gcc/arm-none-eabi/4.9.3/../../../../arm-none-eabi/lib/armv7-m/crt0.o
 .ARM.exidx     0x000063fc        0x0 c:/program files (x86)/cypress/psoc creator/3.3/psoc creator/import/gnu/arm/4.9.3/bin/../lib/gcc/arm-none-eabi/4.9.3/armv7-m\libgcc.a(_divdi3.o)
                                  0x8 (size before relaxing)
 .ARM.exidx     0x000063fc        0x0 c:/program files (x86)/cypress/psoc creator/3.3/psoc creator/import/gnu/arm/4.9.3/bin/../lib/gcc/arm-none-eabi/4.9.3/armv7-m\libgcc.a(_udivdi3.o)
                                  0x8 (size before relaxing)
                0x000063fc                __exidx_end = .

.rodata         0x000063fc      0x1f4
 *(.rodata .rodata.* .gnu.linkonce.r.*)
 .rodata.str1.4
                0x000063fc       0x24 .\ARM_GCC_493\Debug\main.o
 .rodata        0x00006420       0x50 .\ARM_GCC_493\Debug\C-CAN.a(cyfitter_cfg.o)
 .rodata        0x00006470       0x10 .\ARM_GCC_493\Debug\C-CAN.a(cyPm.o)
 .rodata        0x00006480      0x100 .\ARM_GCC_493\Debug\C-CAN.a(CAN_1.o)
 .rodata.str1.1
                0x00006580        0x2 c:/program files (x86)/cypress/psoc creator/3.3/psoc creator/import/gnu/arm/4.9.3/bin/../lib/gcc/arm-none-eabi/4.9.3/../../../../arm-none-eabi/lib/armv7-m\libg_nano.a(lib_a-impure.o)
 *fill*         0x00006582        0x2 
 .rodata._global_impure_ptr
                0x00006584        0x4 c:/program files (x86)/cypress/psoc creator/3.3/psoc creator/import/gnu/arm/4.9.3/bin/../lib/gcc/arm-none-eabi/4.9.3/../../../../arm-none-eabi/lib/armv7-m\libg_nano.a(lib_a-impure.o)
                0x00006584                _global_impure_ptr
 .rodata.str1.1
                0x00006588       0x11 c:/program files (x86)/cypress/psoc creator/3.3/psoc creator/import/gnu/arm/4.9.3/bin/../lib/gcc/arm-none-eabi/4.9.3/../../../../arm-none-eabi/lib/armv7-m\libg_nano.a(lib_a-nano-svfprintf.o)
 .rodata.str1.1
                0x00006599       0x22 c:/program files (x86)/cypress/psoc creator/3.3/psoc creator/import/gnu/arm/4.9.3/bin/../lib/gcc/arm-none-eabi/4.9.3/../../../../arm-none-eabi/lib/armv7-m\libg_nano.a(lib_a-nano-vfprintf_i.o)
                0x000065bc                . = ALIGN (0x4)
 *fill*         0x000065bb        0x1 
 *(.init)
 .init          0x000065bc        0x4 c:/program files (x86)/cypress/psoc creator/3.3/psoc creator/import/gnu/arm/4.9.3/bin/../lib/gcc/arm-none-eabi/4.9.3/armv7-m/crti.o
                0x000065bc                _init
 .init          0x000065c0        0x8 c:/program files (x86)/cypress/psoc creator/3.3/psoc creator/import/gnu/arm/4.9.3/bin/../lib/gcc/arm-none-eabi/4.9.3/armv7-m/crtn.o
                0x000065c8                . = ALIGN (0x4)
                0x000065c8                __preinit_array_start = .
 *(.preinit_array)
                0x000065c8                __preinit_array_end = .
                0x000065c8                . = ALIGN (0x4)
                0x000065c8                __init_array_start = .
 *(SORT(.init_array.*))
 *(.init_array)
 .init_array    0x000065c8        0x4 c:/program files (x86)/cypress/psoc creator/3.3/psoc creator/import/gnu/arm/4.9.3/bin/../lib/gcc/arm-none-eabi/4.9.3/armv7-m/crtbegin.o
 .init_array    0x000065cc        0x4 .\ARM_GCC_493\Debug\Cm3Start.o
                0x000065d0                __init_array_end = .
                0x000065d0                . = ALIGN (0x4)
 *(.fini)
 .fini          0x000065d0        0x4 c:/program files (x86)/cypress/psoc creator/3.3/psoc creator/import/gnu/arm/4.9.3/bin/../lib/gcc/arm-none-eabi/4.9.3/armv7-m/crti.o
                0x000065d0                _fini
 .fini          0x000065d4        0x8 c:/program files (x86)/cypress/psoc creator/3.3/psoc creator/import/gnu/arm/4.9.3/bin/../lib/gcc/arm-none-eabi/4.9.3/armv7-m/crtn.o
                0x000065dc                . = ALIGN (0x4)
                0x000065dc                __fini_array_start = .
 *(.fini_array)
 .fini_array    0x000065dc        0x4 c:/program files (x86)/cypress/psoc creator/3.3/psoc creator/import/gnu/arm/4.9.3/bin/../lib/gcc/arm-none-eabi/4.9.3/armv7-m/crtbegin.o
 *(SORT(.fini_array.*))
                0x000065e0                __fini_array_end = .
                0x000065e0                . = ALIGN (0x4)
 *crtbegin.o(.ctors)
 *(EXCLUDE_FILE(*crtend.o) .ctors)
 *(SORT(.ctors.*))
 *crtend.o(.ctors)
                0x000065e0                . = ALIGN (0x4)
 *crtbegin.o(.dtors)
 *(EXCLUDE_FILE(*crtend.o) .dtors)
 *(SORT(.dtors.*))
 *crtend.o(.dtors)
                0x000065e0                . = ALIGN (0x4)
                0x000065e0                __cy_regions = .
                0x000065e0        0x4 LONG 0x65f0 __cy_region_init_ram
                0x000065e4        0x4 LONG 0x1fff8108 __cy_region_start_data
                0x000065e8        0x4 LONG 0x88 __cy_region_init_size_ram
                0x000065ec        0x4 LONG 0xd8 __cy_region_zero_size_ram
                0x000065f0                __cy_regions_end = .
                0x000065f0                . = ALIGN (0x8)
                0x000065f0                _etext = .

.cy_checksum_exclude
                0x000065f0        0x0
 *(.cy_checksum_exclude)

.ramvectors     0x1fff8000      0x100
                0x1fff8000                __cy_region_start_ram = .
 *(.ramvectors)
 .ramvectors    0x1fff8000      0x100 .\ARM_GCC_493\Debug\Cm3Start.o
                0x1fff8000                CyRamVectors

.noinit         0x1fff8100        0x5
 *(.noinit)
 .noinit        0x1fff8100        0x4 .\ARM_GCC_493\Debug\Cm3Start.o
 .noinit        0x1fff8104        0x1 .\ARM_GCC_493\Debug\C-CAN.a(CyLib.o)
                0x1fff8104                CyResetStatus

.data           0x1fff8108       0x88 load address 0x000065f0
                0x1fff8108                __cy_region_start_data = .
 *(.jcr)
 .jcr           0x1fff8108        0x0 c:/program files (x86)/cypress/psoc creator/3.3/psoc creator/import/gnu/arm/4.9.3/bin/../lib/gcc/arm-none-eabi/4.9.3/armv7-m/crtbegin.o
 .jcr           0x1fff8108        0x4 c:/program files (x86)/cypress/psoc creator/3.3/psoc creator/import/gnu/arm/4.9.3/bin/../lib/gcc/arm-none-eabi/4.9.3/armv7-m/crtend.o
 *(.got.plt)
 *(.got)
 *(.shdata)
 *(.data .data.* .gnu.linkonce.d.*)
 .data          0x1fff810c        0x0 c:/program files (x86)/cypress/psoc creator/3.3/psoc creator/import/gnu/arm/4.9.3/bin/../lib/gcc/arm-none-eabi/4.9.3/armv7-m/crti.o
 .data          0x1fff810c        0x4 c:/program files (x86)/cypress/psoc creator/3.3/psoc creator/import/gnu/arm/4.9.3/bin/../lib/gcc/arm-none-eabi/4.9.3/armv7-m/crtbegin.o
                0x1fff810c                __dso_handle
 .data          0x1fff8110        0x0 c:/program files (x86)/cypress/psoc creator/3.3/psoc creator/import/gnu/arm/4.9.3/bin/../lib/gcc/arm-none-eabi/4.9.3/../../../../arm-none-eabi/lib/armv7-m/crt0.o
 .data          0x1fff8110        0x0 .\ARM_GCC_493\Debug\main.o
 .data          0x1fff8110        0x0 .\ARM_GCC_493\Debug\cymetadata.o
 .data          0x1fff8110        0x4 .\ARM_GCC_493\Debug\Cm3Start.o
 .data          0x1fff8114        0x0 .\ARM_GCC_493\Debug\C-CAN.a(cyfitter_cfg.o)
 .data          0x1fff8114        0x0 .\ARM_GCC_493\Debug\C-CAN.a(UART_1.o)
 .data          0x1fff8114        0x0 .\ARM_GCC_493\Debug\C-CAN.a(UART_1_IntClock.o)
 .data          0x1fff8114        0x0 .\ARM_GCC_493\Debug\C-CAN.a(CyBootAsmGnu.o)
 .data          0x1fff8114       0x10 .\ARM_GCC_493\Debug\C-CAN.a(CyLib.o)
                0x1fff8114                cydelay_freq_mhz
                0x1fff8118                cydelay_32k_ms
                0x1fff811c                cydelay_freq_khz
                0x1fff8120                cydelay_freq_hz
 .data          0x1fff8124        0x0 .\ARM_GCC_493\Debug\C-CAN.a(cyPm.o)
 .data          0x1fff8124        0x0 .\ARM_GCC_493\Debug\C-CAN.a(ADC_SAR_1.o)
 .data          0x1fff8124        0x0 .\ARM_GCC_493\Debug\C-CAN.a(ADC_SAR_1_INT.o)
 .data          0x1fff8124        0x0 .\ARM_GCC_493\Debug\C-CAN.a(ADC_SAR_1_theACLK.o)
 .data          0x1fff8124        0x1 .\ARM_GCC_493\Debug\C-CAN.a(AMux_1.o)
 .data          0x1fff8125        0x0 .\ARM_GCC_493\Debug\C-CAN.a(CAN_1.o)
 .data          0x1fff8125        0x0 .\ARM_GCC_493\Debug\C-CAN.a(CAN_1_INT.o)
 .data          0x1fff8125        0x0 .\ARM_GCC_493\Debug\C-CAN.a(CAN_TIMER.o)
 .data          0x1fff8125        0x0 .\ARM_GCC_493\Debug\C-CAN.a(CAN_ISR.o)
 .data          0x1fff8125        0x0 .\ARM_GCC_493\Debug\C-CAN.a(Encoder_Left.o)
 .data          0x1fff8125        0x0 .\ARM_GCC_493\Debug\C-CAN.a(Encoder_Right.o)
 .data          0x1fff8125        0x0 .\ARM_GCC_493\Debug\C-CAN.a(leftEncTimer.o)
 .data          0x1fff8125        0x0 .\ARM_GCC_493\Debug\C-CAN.a(rightEncTimer.o)
 .data          0x1fff8125        0x0 .\ARM_GCC_493\Debug\C-CAN.a(CyFlash.o)
 .data          0x1fff8125        0x0 .\ARM_GCC_493\Debug\C-CAN.a(CySpc.o)
 .data          0x1fff8125        0x0 c:/program files (x86)/cypress/psoc creator/3.3/psoc creator/import/gnu/arm/4.9.3/bin/../lib/gcc/arm-none-eabi/4.9.3/armv7-m\libgcc.a(_arm_addsubsf3.o)
 .data          0x1fff8125        0x0 c:/program files (x86)/cypress/psoc creator/3.3/psoc creator/import/gnu/arm/4.9.3/bin/../lib/gcc/arm-none-eabi/4.9.3/armv7-m\libgcc.a(_arm_muldivsf3.o)
 .data          0x1fff8125        0x0 c:/program files (x86)/cypress/psoc creator/3.3/psoc creator/import/gnu/arm/4.9.3/bin/../lib/gcc/arm-none-eabi/4.9.3/armv7-m\libgcc.a(_arm_fixsfsi.o)
 .data          0x1fff8125        0x0 c:/program files (x86)/cypress/psoc creator/3.3/psoc creator/import/gnu/arm/4.9.3/bin/../lib/gcc/arm-none-eabi/4.9.3/armv7-m\libgcc.a(_aeabi_ldivmod.o)
 .data          0x1fff8125        0x0 c:/program files (x86)/cypress/psoc creator/3.3/psoc creator/import/gnu/arm/4.9.3/bin/../lib/gcc/arm-none-eabi/4.9.3/armv7-m\libgcc.a(bpabi.o)
 .data          0x1fff8125        0x0 c:/program files (x86)/cypress/psoc creator/3.3/psoc creator/import/gnu/arm/4.9.3/bin/../lib/gcc/arm-none-eabi/4.9.3/armv7-m\libgcc.a(_dvmd_tls.o)
 .data          0x1fff8125        0x0 c:/program files (x86)/cypress/psoc creator/3.3/psoc creator/import/gnu/arm/4.9.3/bin/../lib/gcc/arm-none-eabi/4.9.3/armv7-m\libgcc.a(_divdi3.o)
 .data          0x1fff8125        0x0 c:/program files (x86)/cypress/psoc creator/3.3/psoc creator/import/gnu/arm/4.9.3/bin/../lib/gcc/arm-none-eabi/4.9.3/armv7-m\libgcc.a(_udivdi3.o)
 .data          0x1fff8125        0x0 c:/program files (x86)/cypress/psoc creator/3.3/psoc creator/import/gnu/arm/4.9.3/bin/../lib/gcc/arm-none-eabi/4.9.3/../../../../arm-none-eabi/lib/armv7-m\libg_nano.a(lib_a-errno.o)
 .data          0x1fff8125        0x0 c:/program files (x86)/cypress/psoc creator/3.3/psoc creator/import/gnu/arm/4.9.3/bin/../lib/gcc/arm-none-eabi/4.9.3/../../../../arm-none-eabi/lib/armv7-m\libg_nano.a(lib_a-exit.o)
 .data          0x1fff8125        0x0 c:/program files (x86)/cypress/psoc creator/3.3/psoc creator/import/gnu/arm/4.9.3/bin/../lib/gcc/arm-none-eabi/4.9.3/../../../../arm-none-eabi/lib/armv7-m\libg_nano.a(lib_a-impure.o)
 *fill*         0x1fff8125        0x3 
 .data.impure_data
                0x1fff8128       0x60 c:/program files (x86)/cypress/psoc creator/3.3/psoc creator/import/gnu/arm/4.9.3/bin/../lib/gcc/arm-none-eabi/4.9.3/../../../../arm-none-eabi/lib/armv7-m\libg_nano.a(lib_a-impure.o)
 .data._impure_ptr
                0x1fff8188        0x4 c:/program files (x86)/cypress/psoc creator/3.3/psoc creator/import/gnu/arm/4.9.3/bin/../lib/gcc/arm-none-eabi/4.9.3/../../../../arm-none-eabi/lib/armv7-m\libg_nano.a(lib_a-impure.o)
                0x1fff8188                _impure_ptr
 .data          0x1fff818c        0x0 c:/program files (x86)/cypress/psoc creator/3.3/psoc creator/import/gnu/arm/4.9.3/bin/../lib/gcc/arm-none-eabi/4.9.3/../../../../arm-none-eabi/lib/armv7-m\libg_nano.a(lib_a-init.o)
 .data          0x1fff818c        0x0 c:/program files (x86)/cypress/psoc creator/3.3/psoc creator/import/gnu/arm/4.9.3/bin/../lib/gcc/arm-none-eabi/4.9.3/../../../../arm-none-eabi/lib/armv7-m\libg_nano.a(lib_a-memcpy.o)
 .data          0x1fff818c        0x0 c:/program files (x86)/cypress/psoc creator/3.3/psoc creator/import/gnu/arm/4.9.3/bin/../lib/gcc/arm-none-eabi/4.9.3/../../../../arm-none-eabi/lib/armv7-m\libg_nano.a(lib_a-memset.o)
 .data          0x1fff818c        0x0 c:/program files (x86)/cypress/psoc creator/3.3/psoc creator/import/gnu/arm/4.9.3/bin/../lib/gcc/arm-none-eabi/4.9.3/../../../../arm-none-eabi/lib/armv7-m\libg_nano.a(lib_a-sprintf.o)
 .data          0x1fff818c        0x0 c:/program files (x86)/cypress/psoc creator/3.3/psoc creator/import/gnu/arm/4.9.3/bin/../lib/gcc/arm-none-eabi/4.9.3/../../../../arm-none-eabi/lib/armv7-m\libg_nano.a(lib_a-nano-svfprintf.o)
 .data          0x1fff818c        0x0 c:/program files (x86)/cypress/psoc creator/3.3/psoc creator/import/gnu/arm/4.9.3/bin/../lib/gcc/arm-none-eabi/4.9.3/../../../../arm-none-eabi/lib/armv7-m\libg_nano.a(lib_a-nano-vfprintf_i.o)
 .data          0x1fff818c        0x0 c:/program files (x86)/cypress/psoc creator/3.3/psoc creator/import/gnu/arm/4.9.3/bin/../lib/gcc/arm-none-eabi/4.9.3/../../../../arm-none-eabi/lib/armv7-m\libg_nano.a(lib_a-memchr.o)
 .data          0x1fff818c        0x0 c:/program files (x86)/cypress/psoc creator/3.3/psoc creator/import/gnu/arm/4.9.3/bin/../lib/gcc/arm-none-eabi/4.9.3/../../../../arm-none-eabi/lib/armv7-m\libg_nano.a(lib_a-memmove.o)
 .data          0x1fff818c        0x0 c:/program files (x86)/cypress/psoc creator/3.3/psoc creator/import/gnu/arm/4.9.3/bin/../lib/gcc/arm-none-eabi/4.9.3/../../../../arm-none-eabi/lib/armv7-m\libg_nano.a(lib_a-nano-freer.o)
 .data          0x1fff818c        0x0 c:/program files (x86)/cypress/psoc creator/3.3/psoc creator/import/gnu/arm/4.9.3/bin/../lib/gcc/arm-none-eabi/4.9.3/../../../../arm-none-eabi/lib/armv7-m\libg_nano.a(lib_a-nano-mallocr.o)
 .data          0x1fff818c        0x0 c:/program files (x86)/cypress/psoc creator/3.3/psoc creator/import/gnu/arm/4.9.3/bin/../lib/gcc/arm-none-eabi/4.9.3/../../../../arm-none-eabi/lib/armv7-m\libg_nano.a(lib_a-nano-reallocr.o)
 .data          0x1fff818c        0x0 c:/program files (x86)/cypress/psoc creator/3.3/psoc creator/import/gnu/arm/4.9.3/bin/../lib/gcc/arm-none-eabi/4.9.3/../../../../arm-none-eabi/lib/armv7-m\libg_nano.a(lib_a-sbrkr.o)
 .data          0x1fff818c        0x0 c:/program files (x86)/cypress/psoc creator/3.3/psoc creator/import/gnu/arm/4.9.3/bin/../lib/gcc/arm-none-eabi/4.9.3/../../../../arm-none-eabi/lib/armv7-m\libg_nano.a(lib_a-nano-msizer.o)
 .data          0x1fff818c        0x0 c:/program files (x86)/cypress/psoc creator/3.3/psoc creator/import/gnu/arm/4.9.3/bin/../lib/gcc/arm-none-eabi/4.9.3/../../../../arm-none-eabi/lib/armv7-m\libg_nano.a(lib_a-reent.o)
 .data          0x1fff818c        0x0 c:/program files (x86)/cypress/psoc creator/3.3/psoc creator/import/gnu/arm/4.9.3/bin/../lib/gcc/arm-none-eabi/4.9.3/armv7-m/crtend.o
 .data          0x1fff818c        0x0 c:/program files (x86)/cypress/psoc creator/3.3/psoc creator/import/gnu/arm/4.9.3/bin/../lib/gcc/arm-none-eabi/4.9.3/armv7-m/crtn.o
                0x1fff8190                . = ALIGN (0x8)
 *fill*         0x1fff818c        0x4 
 *(.ram)
                0x1fff8190                _edata = .

.igot.plt       0x1fff8190        0x0 load address 0x00006678
 .igot.plt      0x00000000        0x0 c:/program files (x86)/cypress/psoc creator/3.3/psoc creator/import/gnu/arm/4.9.3/bin/../lib/gcc/arm-none-eabi/4.9.3/armv7-m/crtbegin.o

.bss            0x1fff8190       0xd8 load address 0x00006678
                0x1fff8190                PROVIDE (__bss_start__, .)
 *(.shbss)
 *(.bss .bss.* .gnu.linkonce.b.*)
 .bss           0x1fff8190        0x0 c:/program files (x86)/cypress/psoc creator/3.3/psoc creator/import/gnu/arm/4.9.3/bin/../lib/gcc/arm-none-eabi/4.9.3/armv7-m/crti.o
 .bss           0x1fff8190       0x1c c:/program files (x86)/cypress/psoc creator/3.3/psoc creator/import/gnu/arm/4.9.3/bin/../lib/gcc/arm-none-eabi/4.9.3/armv7-m/crtbegin.o
 .bss           0x1fff81ac        0x0 c:/program files (x86)/cypress/psoc creator/3.3/psoc creator/import/gnu/arm/4.9.3/bin/../lib/gcc/arm-none-eabi/4.9.3/../../../../arm-none-eabi/lib/armv7-m/crt0.o
 .bss           0x1fff81ac        0x4 .\ARM_GCC_493\Debug\main.o
                0x1fff81ac                time
 .bss           0x1fff81b0        0x0 .\ARM_GCC_493\Debug\cymetadata.o
 .bss           0x1fff81b0        0x0 .\ARM_GCC_493\Debug\Cm3Start.o
 .bss           0x1fff81b0        0x8 .\ARM_GCC_493\Debug\C-CAN.a(cyfitter_cfg.o)
 .bss           0x1fff81b8        0x2 .\ARM_GCC_493\Debug\C-CAN.a(UART_1.o)
                0x1fff81b8                UART_1_initVar
 .bss           0x1fff81ba        0x0 .\ARM_GCC_493\Debug\C-CAN.a(UART_1_IntClock.o)
 .bss           0x1fff81ba        0x0 .\ARM_GCC_493\Debug\C-CAN.a(CyBootAsmGnu.o)
 *fill*         0x1fff81ba        0x2 
 .bss           0x1fff81bc       0x1c .\ARM_GCC_493\Debug\C-CAN.a(CyLib.o)
                0x1fff81d4                CySysTickInitVar
 .bss           0x1fff81d8       0x44 .\ARM_GCC_493\Debug\C-CAN.a(cyPm.o)
 .bss           0x1fff821c        0x1 .\ARM_GCC_493\Debug\C-CAN.a(ADC_SAR_1.o)
                0x1fff821c                ADC_SAR_1_initVar
 .bss           0x1fff821d        0x0 .\ARM_GCC_493\Debug\C-CAN.a(ADC_SAR_1_INT.o)
 .bss           0x1fff821d        0x0 .\ARM_GCC_493\Debug\C-CAN.a(ADC_SAR_1_theACLK.o)
 .bss           0x1fff821d        0x0 .\ARM_GCC_493\Debug\C-CAN.a(AMux_1.o)
 .bss           0x1fff821d        0x1 .\ARM_GCC_493\Debug\C-CAN.a(CAN_1.o)
                0x1fff821d                CAN_1_initVar
 .bss           0x1fff821e        0x0 .\ARM_GCC_493\Debug\C-CAN.a(CAN_1_INT.o)
 .bss           0x1fff821e        0x1 .\ARM_GCC_493\Debug\C-CAN.a(CAN_TIMER.o)
                0x1fff821e                CAN_TIMER_initVar
 .bss           0x1fff821f        0x0 .\ARM_GCC_493\Debug\C-CAN.a(CAN_ISR.o)
 .bss           0x1fff821f        0x1 .\ARM_GCC_493\Debug\C-CAN.a(Encoder_Left.o)
                0x1fff821f                Encoder_Left_initVar
 .bss           0x1fff8220        0x1 .\ARM_GCC_493\Debug\C-CAN.a(Encoder_Right.o)
                0x1fff8220                Encoder_Right_initVar
 .bss           0x1fff8221        0x1 .\ARM_GCC_493\Debug\C-CAN.a(leftEncTimer.o)
                0x1fff8221                leftEncTimer_initVar
 .bss           0x1fff8222        0x1 .\ARM_GCC_493\Debug\C-CAN.a(rightEncTimer.o)
                0x1fff8222                rightEncTimer_initVar
 *fill*         0x1fff8223        0x1 
 .bss           0x1fff8224        0x4 .\ARM_GCC_493\Debug\C-CAN.a(CyFlash.o)
 .bss           0x1fff8228        0x8 .\ARM_GCC_493\Debug\C-CAN.a(CySpc.o)
                0x1fff8228                SpcLockState
 .bss           0x1fff8230        0x0 c:/program files (x86)/cypress/psoc creator/3.3/psoc creator/import/gnu/arm/4.9.3/bin/../lib/gcc/arm-none-eabi/4.9.3/armv7-m\libgcc.a(_arm_addsubsf3.o)