Archive member included because of file (symbol)

.\ARM_GCC_493\Debug\C-CAN.a(cyfitter_cfg.o)
                              .\ARM_GCC_493\Debug\Cm3Start.o (cyfitter_cfg)
.\ARM_GCC_493\Debug\C-CAN.a(UART_1.o)
                              .\ARM_GCC_493\Debug\main.o (UART_1_Start)
.\ARM_GCC_493\Debug\C-CAN.a(UART_1_IntClock.o)
                              .\ARM_GCC_493\Debug\C-CAN.a(UART_1.o) (UART_1_IntClock_Start)
.\ARM_GCC_493\Debug\C-CAN.a(CyBootAsmGnu.o)
                              .\ARM_GCC_493\Debug\C-CAN.a(cyfitter_cfg.o) (CyDelayCycles)
.\ARM_GCC_493\Debug\C-CAN.a(CyLib.o)
                              .\ARM_GCC_493\Debug\Cm3Start.o (CyHalt)
.\ARM_GCC_493\Debug\C-CAN.a(cyPm.o)
                              .\ARM_GCC_493\Debug\C-CAN.a(CyLib.o) (CyPmReadStatus)
.\ARM_GCC_493\Debug\C-CAN.a(ADC_SAR_1.o)
                              .\ARM_GCC_493\Debug\main.o (ADC_SAR_1_Start)
.\ARM_GCC_493\Debug\C-CAN.a(ADC_SAR_1_INT.o)
                              .\ARM_GCC_493\Debug\C-CAN.a(ADC_SAR_1.o) (ADC_SAR_1_ISR)
.\ARM_GCC_493\Debug\C-CAN.a(ADC_SAR_1_theACLK.o)
                              .\ARM_GCC_493\Debug\C-CAN.a(ADC_SAR_1.o) (ADC_SAR_1_theACLK_SetModeRegister)
.\ARM_GCC_493\Debug\C-CAN.a(AMux_1.o)
                              .\ARM_GCC_493\Debug\main.o (AMux_1_Start)
.\ARM_GCC_493\Debug\C-CAN.a(CAN_1.o)
                              .\ARM_GCC_493\Debug\main.o (CAN_1_Start)
.\ARM_GCC_493\Debug\C-CAN.a(CAN_1_INT.o)
                              .\ARM_GCC_493\Debug\C-CAN.a(CAN_1.o) (CAN_1_ISR)
.\ARM_GCC_493\Debug\C-CAN.a(CAN_TIMER.o)
                              .\ARM_GCC_493\Debug\main.o (CAN_TIMER_Start)
.\ARM_GCC_493\Debug\C-CAN.a(CAN_ISR.o)
                              .\ARM_GCC_493\Debug\main.o (CAN_ISR_Start)
.\ARM_GCC_493\Debug\C-CAN.a(Encoder_Left.o)
                              .\ARM_GCC_493\Debug\main.o (Encoder_Left_Start)
.\ARM_GCC_493\Debug\C-CAN.a(Encoder_Right.o)
                              .\ARM_GCC_493\Debug\main.o (Encoder_Right_Start)
.\ARM_GCC_493\Debug\C-CAN.a(leftEncTimer.o)
                              .\ARM_GCC_493\Debug\main.o (leftEncTimer_Start)
.\ARM_GCC_493\Debug\C-CAN.a(rightEncTimer.o)
                              .\ARM_GCC_493\Debug\main.o (rightEncTimer_Start)
.\ARM_GCC_493\Debug\C-CAN.a(CyFlash.o)
                              .\ARM_GCC_493\Debug\C-CAN.a(cyPm.o) (CyFlash_SetWaitCycles)
.\ARM_GCC_493\Debug\C-CAN.a(CySpc.o)
                              .\ARM_GCC_493\Debug\C-CAN.a(CyFlash.o) (CySpcStart)
c:/program files (x86)/cypress/psoc creator/3.3/psoc creator/import/gnu/arm/4.9.3/bin/../lib/gcc/arm-none-eabi/4.9.3/armv7-m\libgcc.a(_arm_addsubsf3.o)
                              .\ARM_GCC_493\Debug\main.o (__aeabi_fsub)
c:/program files (x86)/cypress/psoc creator/3.3/psoc creator/import/gnu/arm/4.9.3/bin/../lib/gcc/arm-none-eabi/4.9.3/armv7-m\libgcc.a(_arm_muldivsf3.o)
                              .\ARM_GCC_493\Debug\main.o (__aeabi_fmul)
c:/program files (x86)/cypress/psoc creator/3.3/psoc creator/import/gnu/arm/4.9.3/bin/../lib/gcc/arm-none-eabi/4.9.3/armv7-m\libgcc.a(_arm_fixsfsi.o)
                              .\ARM_GCC_493\Debug\main.o (__aeabi_f2iz)
c:/program files (x86)/cypress/psoc creator/3.3/psoc creator/import/gnu/arm/4.9.3/bin/../lib/gcc/arm-none-eabi/4.9.3/armv7-m\libgcc.a(_aeabi_ldivmod.o)
                              .\ARM_GCC_493\Debug\C-CAN.a(ADC_SAR_1.o) (__aeabi_ldivmod)
c:/program files (x86)/cypress/psoc creator/3.3/psoc creator/import/gnu/arm/4.9.3/bin/../lib/gcc/arm-none-eabi/4.9.3/armv7-m\libgcc.a(bpabi.o)
                              c:/program files (x86)/cypress/psoc creator/3.3/psoc creator/import/gnu/arm/4.9.3/bin/../lib/gcc/arm-none-eabi/4.9.3/armv7-m\libgcc.a(_aeabi_ldivmod.o) (__gnu_ldivmod_helper)
c:/program files (x86)/cypress/psoc creator/3.3/psoc creator/import/gnu/arm/4.9.3/bin/../lib/gcc/arm-none-eabi/4.9.3/armv7-m\libgcc.a(_dvmd_tls.o)
                              c:/program files (x86)/cypress/psoc creator/3.3/psoc creator/import/gnu/arm/4.9.3/bin/../lib/gcc/arm-none-eabi/4.9.3/armv7-m\libgcc.a(_aeabi_ldivmod.o) (__aeabi_ldiv0)
c:/program files (x86)/cypress/psoc creator/3.3/psoc creator/import/gnu/arm/4.9.3/bin/../lib/gcc/arm-none-eabi/4.9.3/armv7-m\libgcc.a(_divdi3.o)
                              c:/program files (x86)/cypress/psoc creator/3.3/psoc creator/import/gnu/arm/4.9.3/bin/../lib/gcc/arm-none-eabi/4.9.3/armv7-m\libgcc.a(bpabi.o) (__divdi3)
c:/program files (x86)/cypress/psoc creator/3.3/psoc creator/import/gnu/arm/4.9.3/bin/../lib/gcc/arm-none-eabi/4.9.3/armv7-m\libgcc.a(_udivdi3.o)
                              c:/program files (x86)/cypress/psoc creator/3.3/psoc creator/import/gnu/arm/4.9.3/bin/../lib/gcc/arm-none-eabi/4.9.3/armv7-m\libgcc.a(bpabi.o) (__udivdi3)
c:/program files (x86)/cypress/psoc creator/3.3/psoc creator/import/gnu/arm/4.9.3/bin/../lib/gcc/arm-none-eabi/4.9.3/../../../../arm-none-eabi/lib/armv7-m\libg_nano.a(lib_a-errno.o)
[...]
Memory Configuration

Name             Origin             Length             Attributes
rom              0x00000000         0x00040000         xr
ram              0x1fff8000         0x00010000         xrw
*default*        0x00000000         0xffffffff

Linker script and memory map

LOAD c:/program files (x86)/cypress/psoc creator/3.3/psoc creator/import/gnu/arm/4.9.3/bin/../lib/gcc/arm-none-eabi/4.9.3/armv7-m/crti.o
LOAD c:/program files (x86)/cypress/psoc creator/3.3/psoc creator/import/gnu/arm/4.9.3/bin/../lib/gcc/arm-none-eabi/4.9.3/armv7-m/crtbegin.o
LOAD c:/program files (x86)/cypress/psoc creator/3.3/psoc creator/import/gnu/arm/4.9.3/bin/../lib/gcc/arm-none-eabi/4.9.3/../../../../arm-none-eabi/lib/armv7-m/crt0.o
START GROUP
LOAD .\ARM_GCC_493\Debug\main.o
LOAD .\ARM_GCC_493\Debug\cymetadata.o
LOAD .\ARM_GCC_493\Debug\Cm3Start.o
LOAD .\ARM_GCC_493\Debug\cybootloader.o
LOAD .\ARM_GCC_493\Debug\C-CAN.a
LOAD C:\Program Files (x86)\Cypress\PSoC Creator\3.3\PSoC Creator\psoc\content\cycomponentlibrary\CyComponentLibrary.cylib\CortexM3\ARM_GCC_493\Debug\CyComponentLibrary.a
END GROUP
START GROUP
LOAD c:/program files (x86)/cypress/psoc creator/3.3/psoc creator/import/gnu/arm/4.9.3/bin/../lib/gcc/arm-none-eabi/4.9.3/armv7-m\libgcc.a
LOAD c:/program files (x86)/cypress/psoc creator/3.3/psoc creator/import/gnu/arm/4.9.3/bin/../lib/gcc/arm-none-eabi/4.9.3/../../../../arm-none-eabi/lib/armv7-m\libg_nano.a
LOAD c:/program files (x86)/cypress/psoc creator/3.3/psoc creator/import/gnu/arm/4.9.3/bin/../lib/gcc/arm-none-eabi/4.9.3/../../../../arm-none-eabi/lib/armv7-m\libc_nano.a
END GROUP
START GROUP
LOAD c:/program files (x86)/cypress/psoc creator/3.3/psoc creator/import/gnu/arm/4.9.3/bin/../lib/gcc/arm-none-eabi/4.9.3/armv7-m\libgcc.a
LOAD c:/program files (x86)/cypress/psoc creator/3.3/psoc creator/import/gnu/arm/4.9.3/bin/../lib/gcc/arm-none-eabi/4.9.3/../../../../arm-none-eabi/lib/armv7-m\libc_nano.a
END GROUP
LOAD c:/program files (x86)/cypress/psoc creator/3.3/psoc creator/import/gnu/arm/4.9.3/bin/../lib/gcc/arm-none-eabi/4.9.3/armv7-m/crtend.o
LOAD c:/program files (x86)/cypress/psoc creator/3.3/psoc creator/import/gnu/arm/4.9.3/bin/../lib/gcc/arm-none-eabi/4.9.3/armv7-m/crtn.o
START GROUP
LOAD c:/program files (x86)/cypress/psoc creator/3.3/psoc creator/import/gnu/arm/4.9.3/bin/../lib/gcc/arm-none-eabi/4.9.3/armv7-m\libgcc.a
LOAD c:/program files (x86)/cypress/psoc creator/3.3/psoc creator/import/gnu/arm/4.9.3/bin/../lib/gcc/arm-none-eabi/4.9.3/../../../../arm-none-eabi/lib/armv7-m\libc.a
LOAD c:/program files (x86)/cypress/psoc creator/3.3/psoc creator/import/gnu/arm/4.9.3/bin/../lib/gcc/arm-none-eabi/4.9.3/../../../../arm-none-eabi/lib/armv7-m\libnosys.a
END GROUP
                0x00000000                CY_APPL_ORIGIN = 0x0
                0x00000100                CY_FLASH_ROW_SIZE = 0x100
                0x00000020                CY_ECC_ROW_SIZE = 0x20
                0x00000000                CY_EE_IN_BTLDR = 0x0
                0x00000001                CY_APPL_LOADABLE = 0x1
                0x00000800                CY_EE_SIZE = 0x800
                0x00000001                CY_APPL_NUM = 0x1
                0x00000001                CY_APPL_MAX = 0x1
                0x00000040                CY_METADATA_SIZE = 0x40
                0x00000001                CY_APPL_LOADABLE = 0x1
                0x00000000                CY_CHECKSUM_EXCLUDE_SIZE = ALIGN (0x0, CY_FLASH_ROW_SIZE)
                0x1fff8268                PROVIDE (__cy_heap_start, _end)
                0x00000001                PROVIDE (__cy_region_num, ((__cy_regions_end - __cy_regions) / 0x10))
                0x20008000                PROVIDE (__cy_stack, (ORIGIN (ram) + 0x10000))
                0x20007800                PROVIDE (__cy_heap_end, (__cy_stack - 0x800))

.cybootloader   0x00000000     0x2c00
 *(.cybootloader)
 .cybootloader  0x00000000     0x2c00 .\ARM_GCC_493\Debug\cybootloader.o
                0x00000000                cy_bootloader
                0x00002c00                appl1_start = CY_APPL_ORIGIN?CY_APPL_ORIGIN:ALIGN (CY_FLASH_ROW_SIZE)
                0x00021500                appl2_start = (appl1_start + ALIGN ((((0x40000 - appl1_start) - (0x2 * CY_FLASH_ROW_SIZE)) / 0x2), CY_FLASH_ROW_SIZE))
                0x00002c00                appl_start = (CY_APPL_NUM == 0x1)?appl1_start:appl2_start
                0x00000580                ecc_offset = ((appl_start / CY_FLASH_ROW_SIZE) * CY_ECC_ROW_SIZE)
                0x00000000                ee_offset = (CY_APPL_LOADABLE && ! (CY_EE_IN_BTLDR))?((CY_EE_SIZE / CY_APPL_MAX) * (CY_APPL_NUM - 0x1)):0x0
                0x00000800                ee_size = (CY_APPL_LOADABLE && ! (CY_EE_IN_BTLDR))?(CY_EE_SIZE / CY_APPL_MAX):CY_EE_SIZE
                0x00000580                PROVIDE (CY_ECC_OFFSET, ecc_offset)

.text           0x00002c00     0x6438
 CREATE_OBJECT_SYMBOLS
                0x00002c00                PROVIDE (__cy_interrupt_vector, RomVectors)
 *(.romvectors)
 .romvectors    0x00002c00       0x10 .\ARM_GCC_493\Debug\Cm3Start.o
                0x00002c00                RomVectors
                0x00000001                ASSERT ((. != __cy_interrupt_vector), No interrupt vector)
                0x00000001                ASSERT (CY_APPL_ORIGIN?(SIZEOF (.cybootloader) <= CY_APPL_ORIGIN):0x1, Wrong image location)
                0x00002c10                PROVIDE (__cy_reset, Reset)
 *(.text.Reset)
 .text.Reset    0x00002c10        0x8 .\ARM_GCC_493\Debug\Cm3Start.o
                0x00002c10                Reset
                0x00000001                ASSERT ((. != __cy_reset), No reset code)
 *(.dma_init)
                0x00000001                ASSERT ((((appl_start + .) <= 0x10000) || 0x1), DMA Init must be within the first 64k of flash)
 *(.text .text.* .gnu.linkonce.t.*)
 .text          0x00002c18        0x0 c:/program files (x86)/cypress/psoc creator/3.3/psoc creator/import/gnu/arm/4.9.3/bin/../lib/gcc/arm-none-eabi/4.9.3/armv7-m/crti.o
 .text          0x00002c18       0x5c c:/program files (x86)/cypress/psoc creator/3.3/psoc creator/import/gnu/arm/4.9.3/bin/../lib/gcc/arm-none-eabi/4.9.3/armv7-m/crtbegin.o
 .text          0x00002c74       0x74 c:/program files (x86)/cypress/psoc creator/3.3/psoc creator/import/gnu/arm/4.9.3/bin/../lib/gcc/arm-none-eabi/4.9.3/../../../../arm-none-eabi/lib/armv7-m/crt0.o
                0x00002c74                _start
                0x00002c74                _mainCRTStartup
 .text          0x00002ce8        0x0 .\ARM_GCC_493\Debug\main.o
 .text.CAN_1_SendMsg
                0x00002ce8      0x180 .\ARM_GCC_493\Debug\main.o
                0x00002ce8                CAN_1_SendMsg
 .text.CAN_1_TxCancel
                0x00002e68       0x1c .\ARM_GCC_493\Debug\main.o
                0x00002e68                CAN_1_TxCancel
 .text.CAN_1_SendMsg0
                0x00002e84       0x64 .\ARM_GCC_493\Debug\main.o
                0x00002e84                CAN_1_SendMsg0
 .text.CAN_1_ReceiveMsg
                0x00002ee8       0x18 .\ARM_GCC_493\Debug\main.o
                0x00002ee8                CAN_1_ReceiveMsg
 .text.GetSample
                0x00002f00       0x74 .\ARM_GCC_493\Debug\main.o
                0x00002f00                GetSample
 .text.GetRPM   0x00002f74      0x120 .\ARM_GCC_493\Debug\main.o
                0x00002f74                GetRPM
 .text.startup.main
                0x00003094      0x260 .\ARM_GCC_493\Debug\main.o
                0x00003094                main
 .text          0x000032f4        0x0 .\ARM_GCC_493\Debug\cymetadata.o
 .text          0x000032f4        0x0 .\ARM_GCC_493\Debug\Cm3Start.o
 .text.IntDefaultHandler
                0x000032f4        0x4 .\ARM_GCC_493\Debug\Cm3Start.o
                0x000032f4                IntDefaultHandler
 .text._exit    0x000032f8        0xc .\ARM_GCC_493\Debug\Cm3Start.o
                0x000032f8                _exit
 .text._sbrk    0x00003304       0x30 .\ARM_GCC_493\Debug\Cm3Start.o
                0x00003304                _sbrk
 .text.Start_c  0x00003334       0x58 .\ARM_GCC_493\Debug\Cm3Start.o
                0x00003334                Start_c
 .text.startup.initialize_psoc
                0x0000338c       0x74 .\ARM_GCC_493\Debug\Cm3Start.o
                0x0000338c                initialize_psoc
 .text          0x00003400        0x0 .\ARM_GCC_493\Debug\cybootloader.o
 .text          0x00003400        0x0 .\ARM_GCC_493\Debug\C-CAN.a(cyfitter_cfg.o)
 .text.SetAnalogRoutingPumps
                0x00003400       0x20 .\ARM_GCC_493\Debug\C-CAN.a(cyfitter_cfg.o)
                0x00003400                SetAnalogRoutingPumps
 .text.AMux_1_Set
                0x00003420       0x58 .\ARM_GCC_493\Debug\C-CAN.a(cyfitter_cfg.o)
                0x00003420                AMux_1_Set
 .text.AMux_1_Unset
                0x00003478       0x60 .\ARM_GCC_493\Debug\C-CAN.a(cyfitter_cfg.o)
                0x00003478                AMux_1_Unset
 .text.cyfitter_cfg
                0x000034d8      0x2fc .\ARM_GCC_493\Debug\C-CAN.a(cyfitter_cfg.o)
                0x000034d8                cyfitter_cfg
 .text          0x000037d4        0x0 .\ARM_GCC_493\Debug\C-CAN.a(UART_1.o)
 .text.UART_1_Start
                0x000037d4       0x8c .\ARM_GCC_493\Debug\C-CAN.a(UART_1.o)
                0x000037d4                UART_1_Start
 .text.UART_1_Init
                0x00003860       0x3c .\ARM_GCC_493\Debug\C-CAN.a(UART_1.o)
                0x00003860                UART_1_Init
 .text.UART_1_Enable
                0x0000389c       0x40 .\ARM_GCC_493\Debug\C-CAN.a(UART_1.o)
                0x0000389c                UART_1_Enable
 .text.UART_1_Stop
                0x000038dc       0x40 .\ARM_GCC_493\Debug\C-CAN.a(UART_1.o)
                0x000038dc                UART_1_Stop
 .text.UART_1_ReadControlRegister
                0x0000391c        0x4 .\ARM_GCC_493\Debug\C-CAN.a(UART_1.o)
                0x0000391c                UART_1_ReadControlRegister
 .text.UART_1_WriteControlRegister
                0x00003920        0x4 .\ARM_GCC_493\Debug\C-CAN.a(UART_1.o)
                0x00003920                UART_1_WriteControlRegister
 .text.UART_1_SetRxInterruptMode
                0x00003924        0xc .\ARM_GCC_493\Debug\C-CAN.a(UART_1.o)
                0x00003924                UART_1_SetRxInterruptMode
 .text.UART_1_ReadRxData
                0x00003930        0xc .\ARM_GCC_493\Debug\C-CAN.a(UART_1.o)
                0x00003930                UART_1_ReadRxData
 .text.UART_1_ReadRxStatus
                0x0000393c       0x10 .\ARM_GCC_493\Debug\C-CAN.a(UART_1.o)
                0x0000393c                UART_1_ReadRxStatus
 .text.UART_1_GetChar
                0x0000394c       0x28 .\ARM_GCC_493\Debug\C-CAN.a(UART_1.o)
                0x0000394c                UART_1_GetChar
 .text.UART_1_GetByte
                0x00003974       0x1c .\ARM_GCC_493\Debug\C-CAN.a(UART_1.o)
                0x00003974                UART_1_GetByte
 .text.UART_1_GetRxBufferSize
                0x00003990       0x10 .\ARM_GCC_493\Debug\C-CAN.a(UART_1.o)
                0x00003990                UART_1_GetRxBufferSize
 .text.UART_1_ClearRxBuffer
                0x000039a0       0x24 .\ARM_GCC_493\Debug\C-CAN.a(UART_1.o)
                0x000039a0                UART_1_ClearRxBuffer
 .text.UART_1_SetRxAddressMode
                0x000039c4        0x4 .\ARM_GCC_493\Debug\C-CAN.a(UART_1.o)
                0x000039c4                UART_1_SetRxAddressMode
 .text.UART_1_SetRxAddress1
                0x000039c8        0xc .\ARM_GCC_493\Debug\C-CAN.a(UART_1.o)
                0x000039c8                UART_1_SetRxAddress1
 .text.UART_1_SetRxAddress2
                0x000039d4        0xc .\ARM_GCC_493\Debug\C-CAN.a(UART_1.o)
                0x000039d4                UART_1_SetRxAddress2
 .text.UART_1_SetTxInterruptMode
                0x000039e0        0xc .\ARM_GCC_493\Debug\C-CAN.a(UART_1.o)
                0x000039e0                UART_1_SetTxInterruptMode
 .text.UART_1_WriteTxData
                0x000039ec       0x14 .\ARM_GCC_493\Debug\C-CAN.a(UART_1.o)
                0x000039ec                UART_1_WriteTxData
 .text.UART_1_ReadTxStatus
                0x00003a00        0xc .\ARM_GCC_493\Debug\C-CAN.a(UART_1.o)
                0x00003a00                UART_1_ReadTxStatus
 .text.UART_1_PutChar
                0x00003a0c       0x18 .\ARM_GCC_493\Debug\C-CAN.a(UART_1.o)
                0x00003a0c                UART_1_PutChar
 .text.UART_1_PutString
                0x00003a24       0x34 .\ARM_GCC_493\Debug\C-CAN.a(UART_1.o)
                0x00003a24                UART_1_PutString
 .text.UART_1_PutArray
                0x00003a58       0x38 .\ARM_GCC_493\Debug\C-CAN.a(UART_1.o)
                0x00003a58                UART_1_PutArray
 .text.UART_1_PutCRLF
                0x00003a90       0x3c .\ARM_GCC_493\Debug\C-CAN.a(UART_1.o)
                0x00003a90                UART_1_PutCRLF
 .text.UART_1_GetTxBufferSize
                0x00003acc       0x1c .\ARM_GCC_493\Debug\C-CAN.a(UART_1.o)
                0x00003acc                UART_1_GetTxBufferSize
 .text.UART_1_ClearTxBuffer
                0x00003ae8       0x24 .\ARM_GCC_493\Debug\C-CAN.a(UART_1.o)
                0x00003ae8                UART_1_ClearTxBuffer
 .text.UART_1_SendBreak
                0x00003b0c       0x5c .\ARM_GCC_493\Debug\C-CAN.a(UART_1.o)
                0x00003b0c                UART_1_SendBreak
 .text.UART_1_SetTxAddressMode
                0x00003b68        0x4 .\ARM_GCC_493\Debug\C-CAN.a(UART_1.o)
                0x00003b68                UART_1_SetTxAddressMode
 .text          0x00003b6c        0x0 .\ARM_GCC_493\Debug\C-CAN.a(UART_1_IntClock.o)
 .text.UART_1_IntClock_Start
                0x00003b6c       0x20 .\ARM_GCC_493\Debug\C-CAN.a(UART_1_IntClock.o)
                0x00003b6c                UART_1_IntClock_Start
 .text.UART_1_IntClock_Stop
                0x00003b8c       0x20 .\ARM_GCC_493\Debug\C-CAN.a(UART_1_IntClock.o)
                0x00003b8c                UART_1_IntClock_Stop
 .text.UART_1_IntClock_StopBlock
                0x00003bac       0x78 .\ARM_GCC_493\Debug\C-CAN.a(UART_1_IntClock.o)
                0x00003bac                UART_1_IntClock_StopBlock
 .text.UART_1_IntClock_StandbyPower
                0x00003c24       0x1c .\ARM_GCC_493\Debug\C-CAN.a(UART_1_IntClock.o)
                0x00003c24                UART_1_IntClock_StandbyPower
 .text.UART_1_IntClock_SetDividerRegister
                0x00003c40       0xe8 .\ARM_GCC_493\Debug\C-CAN.a(UART_1_IntClock.o)
                0x00003c40                UART_1_IntClock_SetDividerRegister
 .text.UART_1_IntClock_GetDividerRegister
                0x00003d28        0xc .\ARM_GCC_493\Debug\C-CAN.a(UART_1_IntClock.o)
                0x00003d28                UART_1_IntClock_GetDividerRegister
 .text.UART_1_IntClock_SetModeRegister
                0x00003d34       0x14 .\ARM_GCC_493\Debug\C-CAN.a(UART_1_IntClock.o)
                0x00003d34                UART_1_IntClock_SetModeRegister
 .text.UART_1_IntClock_ClearModeRegister
                0x00003d48       0x14 .\ARM_GCC_493\Debug\C-CAN.a(UART_1_IntClock.o)
                0x00003d48                UART_1_IntClock_ClearModeRegister
 .text.UART_1_IntClock_GetModeRegister
                0x00003d5c       0x10 .\ARM_GCC_493\Debug\C-CAN.a(UART_1_IntClock.o)
                0x00003d5c                UART_1_IntClock_GetModeRegister
 .text.UART_1_IntClock_SetSourceRegister
                0x00003d6c       0x58 .\ARM_GCC_493\Debug\C-CAN.a(UART_1_IntClock.o)
                0x00003d6c                UART_1_IntClock_SetSourceRegister
 .text.UART_1_IntClock_GetSourceRegister
                0x00003dc4       0x10 .\ARM_GCC_493\Debug\C-CAN.a(UART_1_IntClock.o)
                0x00003dc4                UART_1_IntClock_GetSourceRegister
 *fill*         0x00003dd4        0x4 
 .text          0x00003dd8       0x58 .\ARM_GCC_493\Debug\C-CAN.a(CyBootAsmGnu.o)
                0x00003dd8                CyDelayCycles
                0x00003e16                CyEnterCriticalSection
                0x00003e1e                CyExitCriticalSection
 .text          0x00003e30        0x0 .\ARM_GCC_493\Debug\C-CAN.a(CyLib.o)
 .text.CyIMO_SetTrimValue
                0x00003e30       0xf4 .\ARM_GCC_493\Debug\C-CAN.a(CyLib.o)
 .text.CySysTickServiceCallbacks
                0x00003f24       0x28 .\ARM_GCC_493\Debug\C-CAN.a(CyLib.o)
 .text.CyPLL_OUT_Start
                0x00003f4c       0x78 .\ARM_GCC_493\Debug\C-CAN.a(CyLib.o)
                0x00003f4c                CyPLL_OUT_Start
 .text.CyPLL_OUT_Stop
                0x00003fc4       0x10 .\ARM_GCC_493\Debug\C-CAN.a(CyLib.o)
                0x00003fc4                CyPLL_OUT_Stop
 .text.CyPLL_OUT_SetPQ
                0x00003fd4       0x50 .\ARM_GCC_493\Debug\C-CAN.a(CyLib.o)
                0x00003fd4                CyPLL_OUT_SetPQ
 .text.CyPLL_OUT_SetSource
                0x00004024       0x28 .\ARM_GCC_493\Debug\C-CAN.a(CyLib.o)
                0x00004024                CyPLL_OUT_SetSource
 .text.CyIMO_Start
                0x0000404c       0x6c .\ARM_GCC_493\Debug\C-CAN.a(CyLib.o)
                0x0000404c                CyIMO_Start
 .text.CyIMO_Stop
                0x000040b8       0x20 .\ARM_GCC_493\Debug\C-CAN.a(CyLib.o)
                0x000040b8                CyIMO_Stop
 .text.CyIMO_SetFreq
                0x000040d8      0x130 .\ARM_GCC_493\Debug\C-CAN.a(CyLib.o)
                0x000040d8                CyIMO_SetFreq
 .text.CyIMO_SetSource
                0x00004208       0x50 .\ARM_GCC_493\Debug\C-CAN.a(CyLib.o)
                0x00004208                CyIMO_SetSource
 .text.CyIMO_EnableDoubler
                0x00004258       0x10 .\ARM_GCC_493\Debug\C-CAN.a(CyLib.o)
                0x00004258                CyIMO_EnableDoubler
 .text.CyIMO_DisableDoubler
                0x00004268       0x10 .\ARM_GCC_493\Debug\C-CAN.a(CyLib.o)
                0x00004268                CyIMO_DisableDoubler
 .text.CyMasterClk_SetSource
                0x00004278       0x18 .\ARM_GCC_493\Debug\C-CAN.a(CyLib.o)
                0x00004278                CyMasterClk_SetSource
 .text.CyMasterClk_SetDivider
                0x00004290        0xc .\ARM_GCC_493\Debug\C-CAN.a(CyLib.o)
                0x00004290                CyMasterClk_SetDivider
 .text.CyBusClk_SetDivider
                0x0000429c      0x110 .\ARM_GCC_493\Debug\C-CAN.a(CyLib.o)
                0x0000429c                CyBusClk_SetDivider
 .text.CyUsbClk_SetSource
                0x000043ac       0x18 .\ARM_GCC_493\Debug\C-CAN.a(CyLib.o)
                0x000043ac                CyUsbClk_SetSource
 .text.CyILO_Start1K
                0x000043c4       0x10 .\ARM_GCC_493\Debug\C-CAN.a(CyLib.o)
                0x000043c4                CyILO_Start1K
 .text.CyILO_Stop1K
                0x000043d4       0x10 .\ARM_GCC_493\Debug\C-CAN.a(CyLib.o)
                0x000043d4                CyILO_Stop1K
 .text.CyILO_Start100K
                0x000043e4       0x10 .\ARM_GCC_493\Debug\C-CAN.a(CyLib.o)
                0x000043e4                CyILO_Start100K
 .text.CyILO_Stop100K
                0x000043f4       0x10 .\ARM_GCC_493\Debug\C-CAN.a(CyLib.o)
                0x000043f4                CyILO_Stop100K
 .text.CyILO_Enable33K
                0x00004404       0x10 .\ARM_GCC_493\Debug\C-CAN.a(CyLib.o)
                0x00004404                CyILO_Enable33K
 .text.CyILO_Disable33K
                0x00004414       0x10 .\ARM_GCC_493\Debug\C-CAN.a(CyLib.o)
                0x00004414                CyILO_Disable33K
 .text.CyILO_SetSource
                0x00004424       0x18 .\ARM_GCC_493\Debug\C-CAN.a(CyLib.o)
                0x00004424                CyILO_SetSource
 .text.CyILO_SetPowerMode
                0x0000443c       0x24 .\ARM_GCC_493\Debug\C-CAN.a(CyLib.o)
                0x0000443c                CyILO_SetPowerMode
 .text.CyXTAL_32KHZ_Start
                0x00004460       0xb4 .\ARM_GCC_493\Debug\C-CAN.a(CyLib.o)
                0x00004460                CyXTAL_32KHZ_Start
 .text.CyXTAL_32KHZ_Stop
                0x00004514       0x3c .\ARM_GCC_493\Debug\C-CAN.a(CyLib.o)
                0x00004514                CyXTAL_32KHZ_Stop
 .text.CyXTAL_32KHZ_ReadStatus
                0x00004550       0x10 .\ARM_GCC_493\Debug\C-CAN.a(CyLib.o)
                0x00004550                CyXTAL_32KHZ_ReadStatus
 .text.CyXTAL_32KHZ_SetPowerMode
                0x00004560       0x90 .\ARM_GCC_493\Debug\C-CAN.a(CyLib.o)
                0x00004560                CyXTAL_32KHZ_SetPowerMode
 .text.CyXTAL_Start
                0x000045f0       0xac .\ARM_GCC_493\Debug\C-CAN.a(CyLib.o)
                0x000045f0                CyXTAL_Start
 .text.CyXTAL_Stop
                0x0000469c       0x10 .\ARM_GCC_493\Debug\C-CAN.a(CyLib.o)
                0x0000469c                CyXTAL_Stop
 .text.CyXTAL_EnableErrStatus
                0x000046ac       0x10 .\ARM_GCC_493\Debug\C-CAN.a(CyLib.o)
                0x000046ac                CyXTAL_EnableErrStatus
 .text.CyXTAL_DisableErrStatus
                0x000046bc       0x10 .\ARM_GCC_493\Debug\C-CAN.a(CyLib.o)
                0x000046bc                CyXTAL_DisableErrStatus
 .text.CyXTAL_ReadStatus
                0x000046cc        0xc .\ARM_GCC_493\Debug\C-CAN.a(CyLib.o)
                0x000046cc                CyXTAL_ReadStatus
 .text.CyXTAL_EnableFaultRecovery
                0x000046d8       0x10 .\ARM_GCC_493\Debug\C-CAN.a(CyLib.o)
                0x000046d8                CyXTAL_EnableFaultRecovery
 .text.CyXTAL_DisableFaultRecovery
                0x000046e8       0x10 .\ARM_GCC_493\Debug\C-CAN.a(CyLib.o)
                0x000046e8                CyXTAL_DisableFaultRecovery
 .text.CyXTAL_SetStartup
                0x000046f8       0x18 .\ARM_GCC_493\Debug\C-CAN.a(CyLib.o)
                0x000046f8                CyXTAL_SetStartup
 .text.CyXTAL_SetFbVoltage
                0x00004710       0x18 .\ARM_GCC_493\Debug\C-CAN.a(CyLib.o)
                0x00004710                CyXTAL_SetFbVoltage
 .text.CyXTAL_SetWdVoltage
                0x00004728       0x18 .\ARM_GCC_493\Debug\C-CAN.a(CyLib.o)
                0x00004728                CyXTAL_SetWdVoltage
 .text.CyHalt   0x00004740        0x4 .\ARM_GCC_493\Debug\C-CAN.a(CyLib.o)
                0x00004740                CyHalt
 .text.CySoftwareReset
                0x00004744       0x10 .\ARM_GCC_493\Debug\C-CAN.a(CyLib.o)
                0x00004744                CySoftwareReset
 .text.CyDelay  0x00004754       0x48 .\ARM_GCC_493\Debug\C-CAN.a(CyLib.o)
                0x00004754                CyDelay
 .text.CyDelayUs
                0x0000479c       0x10 .\ARM_GCC_493\Debug\C-CAN.a(CyLib.o)
                0x0000479c                CyDelayUs
 .text.CyDelayFreq
                0x000047ac       0x58 .\ARM_GCC_493\Debug\C-CAN.a(CyLib.o)
                0x000047ac                CyDelayFreq
 .text.CyWdtStart
                0x00004804       0x40 .\ARM_GCC_493\Debug\C-CAN.a(CyLib.o)
                0x00004804                CyWdtStart
 .text.CyWdtClear
                0x00004844        0xc .\ARM_GCC_493\Debug\C-CAN.a(CyLib.o)
                0x00004844                CyWdtClear
 .text.CyVdLvDigitEnable
                0x00004850       0xb0 .\ARM_GCC_493\Debug\C-CAN.a(CyLib.o)
                0x00004850                CyVdLvDigitEnable
 .text.CyVdLvAnalogEnable
                0x00004900       0xac .\ARM_GCC_493\Debug\C-CAN.a(CyLib.o)
                0x00004900                CyVdLvAnalogEnable
 .text.CyVdLvDigitDisable
                0x000049ac       0x58 .\ARM_GCC_493\Debug\C-CAN.a(CyLib.o)
                0x000049ac                CyVdLvDigitDisable
 .text.CyVdLvAnalogDisable
                0x00004a04       0x44 .\ARM_GCC_493\Debug\C-CAN.a(CyLib.o)
                0x00004a04                CyVdLvAnalogDisable
 .text.CyVdHvAnalogEnable
                0x00004a48       0x78 .\ARM_GCC_493\Debug\C-CAN.a(CyLib.o)
                0x00004a48                CyVdHvAnalogEnable
 .text.CyVdHvAnalogDisable
                0x00004ac0       0x38 .\ARM_GCC_493\Debug\C-CAN.a(CyLib.o)
                0x00004ac0                CyVdHvAnalogDisable
 .text.CyVdStickyStatus
                0x00004af8       0x2c .\ARM_GCC_493\Debug\C-CAN.a(CyLib.o)
                0x00004af8                CyVdStickyStatus
 .text.CyVdRealTimeStatus
                0x00004b24       0x1c .\ARM_GCC_493\Debug\C-CAN.a(CyLib.o)
                0x00004b24                CyVdRealTimeStatus
 .text.CyDisableInts
                0x00004b40       0x1c .\ARM_GCC_493\Debug\C-CAN.a(CyLib.o)
                0x00004b40                CyDisableInts
 .text.CyEnableInts
                0x00004b5c       0x18 .\ARM_GCC_493\Debug\C-CAN.a(CyLib.o)
                0x00004b5c                CyEnableInts
 .text.CyFlushCache
                0x00004b74       0x44 .\ARM_GCC_493\Debug\C-CAN.a(CyLib.o)
                0x00004b74                CyFlushCache
 .text.CyIntSetSysVector
                0x00004bb8       0x1c .\ARM_GCC_493\Debug\C-CAN.a(CyLib.o)
                0x00004bb8                CyIntSetSysVector
 .text.CyIntGetSysVector
                0x00004bd4       0x18 .\ARM_GCC_493\Debug\C-CAN.a(CyLib.o)
                0x00004bd4                CyIntGetSysVector
 .text.CyIntSetVector
                0x00004bec       0x20 .\ARM_GCC_493\Debug\C-CAN.a(CyLib.o)
                0x00004bec                CyIntSetVector
 .text.CyIntGetVector
                0x00004c0c       0x1c .\ARM_GCC_493\Debug\C-CAN.a(CyLib.o)
                0x00004c0c                CyIntGetVector
 .text.CyIntSetPriority
                0x00004c28       0x20 .\ARM_GCC_493\Debug\C-CAN.a(CyLib.o)
                0x00004c28                CyIntSetPriority
 .text.CyIntGetPriority
                0x00004c48       0x18 .\ARM_GCC_493\Debug\C-CAN.a(CyLib.o)
                0x00004c48                CyIntGetPriority
 .text.CyIntGetState
                0x00004c60       0x1c .\ARM_GCC_493\Debug\C-CAN.a(CyLib.o)
                0x00004c60                CyIntGetState
 .text.CySysTickStart
                0x00004c7c       0x8c .\ARM_GCC_493\Debug\C-CAN.a(CyLib.o)
                0x00004c7c                CySysTickStart
 .text.CySysTickInit
                0x00004d08       0x70 .\ARM_GCC_493\Debug\C-CAN.a(CyLib.o)
                0x00004d08                CySysTickInit
 .text.CySysTickEnable
                0x00004d78       0x18 .\ARM_GCC_493\Debug\C-CAN.a(CyLib.o)
                0x00004d78                CySysTickEnable
 .text.CySysTickStop
                0x00004d90       0x10 .\ARM_GCC_493\Debug\C-CAN.a(CyLib.o)
                0x00004d90                CySysTickStop
 .text.CySysTickEnableInterrupt
                0x00004da0       0x10 .\ARM_GCC_493\Debug\C-CAN.a(CyLib.o)
                0x00004da0                CySysTickEnableInterrupt
 .text.CySysTickDisableInterrupt
                0x00004db0       0x10 .\ARM_GCC_493\Debug\C-CAN.a(CyLib.o)
                0x00004db0                CySysTickDisableInterrupt
 .text.CySysTickSetReload
                0x00004dc0       0x10 .\ARM_GCC_493\Debug\C-CAN.a(CyLib.o)
                0x00004dc0                CySysTickSetReload
 .text.CySysTickGetReload
                0x00004dd0       0x10 .\ARM_GCC_493\Debug\C-CAN.a(CyLib.o)
                0x00004dd0                CySysTickGetReload
 .text.CySysTickGetValue
                0x00004de0       0x10 .\ARM_GCC_493\Debug\C-CAN.a(CyLib.o)
                0x00004de0                CySysTickGetValue
 .text.CySysTickSetClockSource
                0x00004df0       0x18 .\ARM_GCC_493\Debug\C-CAN.a(CyLib.o)
                0x00004df0                CySysTickSetClockSource
 .text.CySysTickGetCountFlag
                0x00004e08       0x10 .\ARM_GCC_493\Debug\C-CAN.a(CyLib.o)
                0x00004e08                CySysTickGetCountFlag
 .text.CySysTickClear
                0x00004e18        0xc .\ARM_GCC_493\Debug\C-CAN.a(CyLib.o)
                0x00004e18                CySysTickClear
 .text.CySysTickSetCallback
                0x00004e24       0x14 .\ARM_GCC_493\Debug\C-CAN.a(CyLib.o)
                0x00004e24                CySysTickSetCallback
 .text.CySysTickGetCallback
                0x00004e38        0xc .\ARM_GCC_493\Debug\C-CAN.a(CyLib.o)
                0x00004e38                CySysTickGetCallback
 .text.CyGetUniqueId
                0x00004e44       0x68 .\ARM_GCC_493\Debug\C-CAN.a(CyLib.o)
                0x00004e44                CyGetUniqueId
 .text          0x00004eac        0x0 .\ARM_GCC_493\Debug\C-CAN.a(cyPm.o)
 .text.CyPmHibSlpSaveSet
                0x00004eac      0x1c8 .\ARM_GCC_493\Debug\C-CAN.a(cyPm.o)
 .text.CyPmHibSlpRestore
                0x00005074      0x140 .\ARM_GCC_493\Debug\C-CAN.a(cyPm.o)
 .text.CyPmSaveClocks
                0x000051b4      0x1e4 .\ARM_GCC_493\Debug\C-CAN.a(cyPm.o)
                0x000051b4                CyPmSaveClocks
 .text.CyPmRestoreClocks
                0x00005398      0x240 .\ARM_GCC_493\Debug\C-CAN.a(cyPm.o)
                0x00005398                CyPmRestoreClocks
 .text.CyPmAltAct
                0x000055d8       0x78 .\ARM_GCC_493\Debug\C-CAN.a(cyPm.o)
                0x000055d8                CyPmAltAct
 .text.CyPmSleep
                0x00005650       0xf8 .\ARM_GCC_493\Debug\C-CAN.a(cyPm.o)
                0x00005650                CyPmSleep
 .text.CyPmHibernateEx
                0x00005748      0x28c .\ARM_GCC_493\Debug\C-CAN.a(cyPm.o)
                0x00005748                CyPmHibernateEx
 .text.CyPmHibernate
                0x000059d4        0x8 .\ARM_GCC_493\Debug\C-CAN.a(cyPm.o)
                0x000059d4                CyPmHibernate
 .text.CyPmReadStatus
                0x000059dc       0x30 .\ARM_GCC_493\Debug\C-CAN.a(cyPm.o)
                0x000059dc                CyPmReadStatus
 .text.CyPmCtwSetInterval
                0x00005a0c       0x54 .\ARM_GCC_493\Debug\C-CAN.a(cyPm.o)
                0x00005a0c                CyPmCtwSetInterval
 .text.CyPmOppsSet
                0x00005a60       0x2c .\ARM_GCC_493\Debug\C-CAN.a(cyPm.o)
                0x00005a60                CyPmOppsSet
 .text.CyPmFtwSetInterval
                0x00005a8c       0x54 .\ARM_GCC_493\Debug\C-CAN.a(cyPm.o)
                0x00005a8c                CyPmFtwSetInterval
 .text          0x00005ae0        0x0 .\ARM_GCC_493\Debug\C-CAN.a(ADC_SAR_1.o)
 .text.ADC_SAR_1_Start
                0x00005ae0      0x114 .\ARM_GCC_493\Debug\C-CAN.a(ADC_SAR_1.o)
                0x00005ae0                ADC_SAR_1_Start
 .text.ADC_SAR_1_Init
                0x00005bf4       0x64 .\ARM_GCC_493\Debug\C-CAN.a(ADC_SAR_1.o)
                0x00005bf4                ADC_SAR_1_Init
 .text.ADC_SAR_1_Enable
                0x00005c58       0xa0 .\ARM_GCC_493\Debug\C-CAN.a(ADC_SAR_1.o)
                0x00005c58                ADC_SAR_1_Enable
 .text.ADC_SAR_1_Stop
                0x00005cf8       0x50 .\ARM_GCC_493\Debug\C-CAN.a(ADC_SAR_1.o)
                0x00005cf8                ADC_SAR_1_Stop
 .text.ADC_SAR_1_SetPower
                0x00005d48       0x18 .\ARM_GCC_493\Debug\C-CAN.a(ADC_SAR_1.o)
                0x00005d48                ADC_SAR_1_SetPower
 .text.ADC_SAR_1_SetResolution
                0x00005d60       0x78 .\ARM_GCC_493\Debug\C-CAN.a(ADC_SAR_1.o)
                0x00005d60                ADC_SAR_1_SetResolution
 .text.ADC_SAR_1_StartConvert
                0x00005dd8       0x18 .\ARM_GCC_493\Debug\C-CAN.a(ADC_SAR_1.o)
                0x00005dd8                ADC_SAR_1_StartConvert
 .text.ADC_SAR_1_StopConvert
                0x00005df0       0x18 .\ARM_GCC_493\Debug\C-CAN.a(ADC_SAR_1.o)
                0x00005df0                ADC_SAR_1_StopConvert
 .text.ADC_SAR_1_IsEndConversion
                0x00005e08       0x2c .\ARM_GCC_493\Debug\C-CAN.a(ADC_SAR_1.o)
                0x00005e08                ADC_SAR_1_IsEndConversion
 .text.ADC_SAR_1_GetResult8
                0x00005e34       0x18 .\ARM_GCC_493\Debug\C-CAN.a(ADC_SAR_1.o)
                0x00005e34                ADC_SAR_1_GetResult8
 .text.ADC_SAR_1_GetResult16
                0x00005e4c       0x18 .\ARM_GCC_493\Debug\C-CAN.a(ADC_SAR_1.o)
                0x00005e4c                ADC_SAR_1_GetResult16
 .text.ADC_SAR_1_SetOffset
                0x00005e64        0xc .\ARM_GCC_493\Debug\C-CAN.a(ADC_SAR_1.o)
                0x00005e64                ADC_SAR_1_SetOffset
 .text.ADC_SAR_1_SetGain
                0x00005e70       0x10 .\ARM_GCC_493\Debug\C-CAN.a(ADC_SAR_1.o)
                0x00005e70                ADC_SAR_1_SetGain
 .text.ADC_SAR_1_SetScaledGain
                0x00005e80        0xc .\ARM_GCC_493\Debug\C-CAN.a(ADC_SAR_1.o)
                0x00005e80                ADC_SAR_1_SetScaledGain
 .text.ADC_SAR_1_CountsTo_mVolts
                0x00005e8c       0x4c .\ARM_GCC_493\Debug\C-CAN.a(ADC_SAR_1.o)
                0x00005e8c                ADC_SAR_1_CountsTo_mVolts
 .text.ADC_SAR_1_CountsTo_uVolts
                0x00005ed8       0x48 .\ARM_GCC_493\Debug\C-CAN.a(ADC_SAR_1.o)
                0x00005ed8                ADC_SAR_1_CountsTo_uVolts
 .text.ADC_SAR_1_CountsTo_Volts
                0x00005f20       0x50 .\ARM_GCC_493\Debug\C-CAN.a(ADC_SAR_1.o)
                0x00005f20                ADC_SAR_1_CountsTo_Volts
 .text          0x00005f70        0x0 .\ARM_GCC_493\Debug\C-CAN.a(ADC_SAR_1_INT.o)
 .text.ADC_SAR_1_ISR
                0x00005f70        0x4 .\ARM_GCC_493\Debug\C-CAN.a(ADC_SAR_1_INT.o)
                0x00005f70                ADC_SAR_1_ISR
 .text          0x00005f74        0x0 .\ARM_GCC_493\Debug\C-CAN.a(ADC_SAR_1_theACLK.o)
 .text.ADC_SAR_1_theACLK_Start
                0x00005f74       0x20 .\ARM_GCC_493\Debug\C-CAN.a(ADC_SAR_1_theACLK.o)
                0x00005f74                ADC_SAR_1_theACLK_Start
 .text.ADC_SAR_1_theACLK_Stop
                0x00005f94       0x20 .\ARM_GCC_493\Debug\C-CAN.a(ADC_SAR_1_theACLK.o)
                0x00005f94                ADC_SAR_1_theACLK_Stop
 .text.ADC_SAR_1_theACLK_StopBlock
                0x00005fb4       0x78 .\ARM_GCC_493\Debug\C-CAN.a(ADC_SAR_1_theACLK.o)
                0x00005fb4                ADC_SAR_1_theACLK_StopBlock
 .text.ADC_SAR_1_theACLK_StandbyPower
                0x0000602c       0x1c .\ARM_GCC_493\Debug\C-CAN.a(ADC_SAR_1_theACLK.o)
                0x0000602c                ADC_SAR_1_theACLK_StandbyPower
 .text.ADC_SAR_1_theACLK_SetDividerRegister
                0x00006048       0xe8 .\ARM_GCC_493\Debug\C-CAN.a(ADC_SAR_1_theACLK.o)
                0x00006048                ADC_SAR_1_theACLK_SetDividerRegister
 .text.ADC_SAR_1_theACLK_GetDividerRegister
                0x00006130        0xc .\ARM_GCC_493\Debug\C-CAN.a(ADC_SAR_1_theACLK.o)
                0x00006130                ADC_SAR_1_theACLK_GetDividerRegister
 .text.ADC_SAR_1_theACLK_SetModeRegister
                0x0000613c       0x14 .\ARM_GCC_493\Debug\C-CAN.a(ADC_SAR_1_theACLK.o)
                0x0000613c                ADC_SAR_1_theACLK_SetModeRegister
 .text.ADC_SAR_1_theACLK_ClearModeRegister
                0x00006150       0x14 .\ARM_GCC_493\Debug\C-CAN.a(ADC_SAR_1_theACLK.o)
                0x00006150                ADC_SAR_1_theACLK_ClearModeRegister
 .text.ADC_SAR_1_theACLK_GetModeRegister
                0x00006164       0x10 .\ARM_GCC_493\Debug\C-CAN.a(ADC_SAR_1_theACLK.o)
                0x00006164                ADC_SAR_1_theACLK_GetModeRegister
 .text.ADC_SAR_1_theACLK_SetSourceRegister
                0x00006174       0x58 .\ARM_GCC_493\Debug\C-CAN.a(ADC_SAR_1_theACLK.o)
                0x00006174                ADC_SAR_1_theACLK_SetSourceRegister
 .text.ADC_SAR_1_theACLK_GetSourceRegister
                0x000061cc       0x10 .\ARM_GCC_493\Debug\C-CAN.a(ADC_SAR_1_theACLK.o)
                0x000061cc                ADC_SAR_1_theACLK_GetSourceRegister
 .text          0x000061dc        0x0 .\ARM_GCC_493\Debug\C-CAN.a(AMux_1.o)
 .text.AMux_1_Start
                0x000061dc       0x20 .\ARM_GCC_493\Debug\C-CAN.a(AMux_1.o)
                0x000061dc                AMux_1_Start
 .text.AMux_1_FastSelect
                0x000061fc       0x20 .\ARM_GCC_493\Debug\C-CAN.a(AMux_1.o)
                0x000061fc                AMux_1_FastSelect
 .text.AMux_1_DisconnectAll
                0x0000621c       0x18 .\ARM_GCC_493\Debug\C-CAN.a(AMux_1.o)
                0x0000621c                AMux_1_DisconnectAll
 .text          0x00006234        0x0 .\ARM_GCC_493\Debug\C-CAN.a(CAN_1.o)
 .text.CAN_1_RxTxBuffersConfig
                0x00006234      0x14c .\ARM_GCC_493\Debug\C-CAN.a(CAN_1.o)
                0x00006234                CAN_1_RxTxBuffersConfig
 .text.CAN_1_Init
                0x00006380       0xf0 .\ARM_GCC_493\Debug\C-CAN.a(CAN_1.o)
                0x00006380                CAN_1_Init
 .text.CAN_1_Enable
                0x00006470       0x78 .\ARM_GCC_493\Debug\C-CAN.a(CAN_1.o)
                0x00006470                CAN_1_Enable
 .text.CAN_1_Start
                0x000064e8       0x90 .\ARM_GCC_493\Debug\C-CAN.a(CAN_1.o)
                0x000064e8                CAN_1_Start
 .text.CAN_1_Stop
                0x00006578       0x5c .\ARM_GCC_493\Debug\C-CAN.a(CAN_1.o)
                0x00006578                CAN_1_Stop
 .text.CAN_1_GlobalIntEnable
                0x000065d4       0x1c .\ARM_GCC_493\Debug\C-CAN.a(CAN_1.o)
                0x000065d4                CAN_1_GlobalIntEnable
 .text.CAN_1_GlobalIntDisable
                0x000065f0       0x18 .\ARM_GCC_493\Debug\C-CAN.a(CAN_1.o)
                0x000065f0                CAN_1_GlobalIntDisable
 .text.CAN_1_SetPreScaler
                0x00006608       0x1c .\ARM_GCC_493\Debug\C-CAN.a(CAN_1.o)
                0x00006608                CAN_1_SetPreScaler
 .text.CAN_1_SetArbiter
                0x00006624       0x2c .\ARM_GCC_493\Debug\C-CAN.a(CAN_1.o)
                0x00006624                CAN_1_SetArbiter
 .text.CAN_1_SetTsegSample
                0x00006650       0x64 .\ARM_GCC_493\Debug\C-CAN.a(CAN_1.o)
                0x00006650                CAN_1_SetTsegSample
 .text.CAN_1_SetRestartType
                0x000066b4       0x2c .\ARM_GCC_493\Debug\C-CAN.a(CAN_1.o)
                0x000066b4                CAN_1_SetRestartType
 .text.CAN_1_SetEdgeMode
                0x000066e0       0x2c .\ARM_GCC_493\Debug\C-CAN.a(CAN_1.o)
                0x000066e0                CAN_1_SetEdgeMode
 .text.CAN_1_SetOpMode
                0x0000670c       0x68 .\ARM_GCC_493\Debug\C-CAN.a(CAN_1.o)
                0x0000670c                CAN_1_SetOpMode
 .text.CAN_1_RXRegisterInit
                0x00006774       0x60 .\ARM_GCC_493\Debug\C-CAN.a(CAN_1.o)
                0x00006774                CAN_1_RXRegisterInit
 .text.CAN_1_SetIrqMask
                0x000067d4       0x14 .\ARM_GCC_493\Debug\C-CAN.a(CAN_1.o)
                0x000067d4                CAN_1_SetIrqMask
 .text.CAN_1_GetTXErrorFlag
                0x000067e8       0x10 .\ARM_GCC_493\Debug\C-CAN.a(CAN_1.o)
                0x000067e8                CAN_1_GetTXErrorFlag
 .text.CAN_1_GetRXErrorFlag
                0x000067f8       0x10 .\ARM_GCC_493\Debug\C-CAN.a(CAN_1.o)
                0x000067f8                CAN_1_GetRXErrorFlag
 .text.CAN_1_GetTXErrorCount
                0x00006808        0xc .\ARM_GCC_493\Debug\C-CAN.a(CAN_1.o)
                0x00006808                CAN_1_GetTXErrorCount
 .text.CAN_1_GetRXErrorCount
                0x00006814        0xc .\ARM_GCC_493\Debug\C-CAN.a(CAN_1.o)
                0x00006814                CAN_1_GetRXErrorCount
 .text.CAN_1_GetErrorState
                0x00006820       0x10 .\ARM_GCC_493\Debug\C-CAN.a(CAN_1.o)
                0x00006820                CAN_1_GetErrorState
 .text.CAN_1_RxBufConfig
                0x00006830       0x88 .\ARM_GCC_493\Debug\C-CAN.a(CAN_1.o)
                0x00006830                CAN_1_RxBufConfig
 .text.CAN_1_TxBufConfig
                0x000068b8       0x58 .\ARM_GCC_493\Debug\C-CAN.a(CAN_1.o)
                0x000068b8                CAN_1_TxBufConfig
 .text          0x00006910        0x0 .\ARM_GCC_493\Debug\C-CAN.a(CAN_1_INT.o)
 .text.CAN_1_BusOffIsr
                0x00006910       0x18 .\ARM_GCC_493\Debug\C-CAN.a(CAN_1_INT.o)
                0x00006910                CAN_1_BusOffIsr
 .text.CAN_1_MsgRXIsr
                0x00006928       0x44 .\ARM_GCC_493\Debug\C-CAN.a(CAN_1_INT.o)
                0x00006928                CAN_1_MsgRXIsr
 .text.CAN_1_ISR
                0x0000696c       0x60 .\ARM_GCC_493\Debug\C-CAN.a(CAN_1_INT.o)
                0x0000696c                CAN_1_ISR
 .text          0x000069cc        0x0 .\ARM_GCC_493\Debug\C-CAN.a(CAN_TIMER.o)
 .text.CAN_TIMER_Init
                0x000069cc       0x54 .\ARM_GCC_493\Debug\C-CAN.a(CAN_TIMER.o)
                0x000069cc                CAN_TIMER_Init
 .text.CAN_TIMER_Enable
                0x00006a20       0x10 .\ARM_GCC_493\Debug\C-CAN.a(CAN_TIMER.o)
                0x00006a20                CAN_TIMER_Enable
 .text.CAN_TIMER_Start
                0x00006a30       0x70 .\ARM_GCC_493\Debug\C-CAN.a(CAN_TIMER.o)
                0x00006a30                CAN_TIMER_Start
 .text.CAN_TIMER_Stop
                0x00006aa0       0x10 .\ARM_GCC_493\Debug\C-CAN.a(CAN_TIMER.o)
                0x00006aa0                CAN_TIMER_Stop
 .text.CAN_TIMER_SetInterruptMode
                0x00006ab0        0xc .\ARM_GCC_493\Debug\C-CAN.a(CAN_TIMER.o)
                0x00006ab0                CAN_TIMER_SetInterruptMode
 .text.CAN_TIMER_SoftwareCapture
                0x00006abc        0xc .\ARM_GCC_493\Debug\C-CAN.a(CAN_TIMER.o)
                0x00006abc                CAN_TIMER_SoftwareCapture
 .text.CAN_TIMER_ReadStatusRegister
                0x00006ac8        0xc .\ARM_GCC_493\Debug\C-CAN.a(CAN_TIMER.o)
                0x00006ac8                CAN_TIMER_ReadStatusRegister
 .text.CAN_TIMER_ReadControlRegister
                0x00006ad4        0xc .\ARM_GCC_493\Debug\C-CAN.a(CAN_TIMER.o)
                0x00006ad4                CAN_TIMER_ReadControlRegister
 .text.CAN_TIMER_WriteControlRegister
                0x00006ae0        0xc .\ARM_GCC_493\Debug\C-CAN.a(CAN_TIMER.o)
                0x00006ae0                CAN_TIMER_WriteControlRegister
 .text.CAN_TIMER_ReadPeriod
                0x00006aec        0xc .\ARM_GCC_493\Debug\C-CAN.a(CAN_TIMER.o)
                0x00006aec                CAN_TIMER_ReadPeriod
 .text.CAN_TIMER_WritePeriod
                0x00006af8        0xc .\ARM_GCC_493\Debug\C-CAN.a(CAN_TIMER.o)
                0x00006af8                CAN_TIMER_WritePeriod
 .text.CAN_TIMER_ReadCapture
                0x00006b04        0xc .\ARM_GCC_493\Debug\C-CAN.a(CAN_TIMER.o)
                0x00006b04                CAN_TIMER_ReadCapture
 .text.CAN_TIMER_WriteCounter
                0x00006b10        0xc .\ARM_GCC_493\Debug\C-CAN.a(CAN_TIMER.o)
                0x00006b10                CAN_TIMER_WriteCounter
 .text.CAN_TIMER_ReadCounter
                0x00006b1c       0x14 .\ARM_GCC_493\Debug\C-CAN.a(CAN_TIMER.o)
                0x00006b1c                CAN_TIMER_ReadCounter
 .text.CAN_TIMER_ClearFIFO
                0x00006b30       0x1c .\ARM_GCC_493\Debug\C-CAN.a(CAN_TIMER.o)
                0x00006b30                CAN_TIMER_ClearFIFO
 .text          0x00006b4c        0x0 .\ARM_GCC_493\Debug\C-CAN.a(CAN_ISR.o)
 .text.CAN_ISR_Interrupt
                0x00006b4c       0x10 .\ARM_GCC_493\Debug\C-CAN.a(CAN_ISR.o)
                0x00006b4c                CAN_ISR_Interrupt
 .text.CAN_ISR_Start
                0x00006b5c       0x34 .\ARM_GCC_493\Debug\C-CAN.a(CAN_ISR.o)
                0x00006b5c                CAN_ISR_Start
 .text.CAN_ISR_StartEx
                0x00006b90       0x2c .\ARM_GCC_493\Debug\C-CAN.a(CAN_ISR.o)
                0x00006b90                CAN_ISR_StartEx
 .text.CAN_ISR_Stop
                0x00006bbc       0x1c .\ARM_GCC_493\Debug\C-CAN.a(CAN_ISR.o)
                0x00006bbc                CAN_ISR_Stop
 .text.CAN_ISR_SetVector
                0x00006bd8        0xc .\ARM_GCC_493\Debug\C-CAN.a(CAN_ISR.o)
                0x00006bd8                CAN_ISR_SetVector
 .text.CAN_ISR_GetVector
                0x00006be4        0xc .\ARM_GCC_493\Debug\C-CAN.a(CAN_ISR.o)
                0x00006be4                CAN_ISR_GetVector
 .text.CAN_ISR_SetPriority
                0x00006bf0       0x10 .\ARM_GCC_493\Debug\C-CAN.a(CAN_ISR.o)
                0x00006bf0                CAN_ISR_SetPriority
 .text.CAN_ISR_GetPriority
                0x00006c00        0xc .\ARM_GCC_493\Debug\C-CAN.a(CAN_ISR.o)
                0x00006c00                CAN_ISR_GetPriority
 .text.CAN_ISR_Enable
                0x00006c0c        0xc .\ARM_GCC_493\Debug\C-CAN.a(CAN_ISR.o)
                0x00006c0c                CAN_ISR_Enable
 .text.CAN_ISR_GetState
                0x00006c18       0x10 .\ARM_GCC_493\Debug\C-CAN.a(CAN_ISR.o)
                0x00006c18                CAN_ISR_GetState
 .text.CAN_ISR_Disable
                0x00006c28        0xc .\ARM_GCC_493\Debug\C-CAN.a(CAN_ISR.o)
                0x00006c28                CAN_ISR_Disable
 .text.CAN_ISR_SetPending
                0x00006c34        0xc .\ARM_GCC_493\Debug\C-CAN.a(CAN_ISR.o)
                0x00006c34                CAN_ISR_SetPending
 .text.CAN_ISR_ClearPending
                0x00006c40        0xc .\ARM_GCC_493\Debug\C-CAN.a(CAN_ISR.o)
                0x00006c40                CAN_ISR_ClearPending
 .text          0x00006c4c        0x0 .\ARM_GCC_493\Debug\C-CAN.a(Encoder_Left.o)
 .text.Encoder_Left_Init
                0x00006c4c       0x74 .\ARM_GCC_493\Debug\C-CAN.a(Encoder_Left.o)
                0x00006c4c                Encoder_Left_Init
 .text.Encoder_Left_Enable
                0x00006cc0       0x10 .\ARM_GCC_493\Debug\C-CAN.a(Encoder_Left.o)
                0x00006cc0                Encoder_Left_Enable
 .text.Encoder_Left_Start
                0x00006cd0       0x8c .\ARM_GCC_493\Debug\C-CAN.a(Encoder_Left.o)
                0x00006cd0                Encoder_Left_Start
 .text.Encoder_Left_Stop
                0x00006d5c       0x10 .\ARM_GCC_493\Debug\C-CAN.a(Encoder_Left.o)
                0x00006d5c                Encoder_Left_Stop
 .text.Encoder_Left_SetInterruptMode
                0x00006d6c        0xc .\ARM_GCC_493\Debug\C-CAN.a(Encoder_Left.o)
                0x00006d6c                Encoder_Left_SetInterruptMode
 .text.Encoder_Left_ReadStatusRegister
                0x00006d78        0xc .\ARM_GCC_493\Debug\C-CAN.a(Encoder_Left.o)
                0x00006d78                Encoder_Left_ReadStatusRegister
 .text.Encoder_Left_ReadControlRegister
                0x00006d84        0xc .\ARM_GCC_493\Debug\C-CAN.a(Encoder_Left.o)
                0x00006d84                Encoder_Left_ReadControlRegister
 .text.Encoder_Left_WriteControlRegister
                0x00006d90        0xc .\ARM_GCC_493\Debug\C-CAN.a(Encoder_Left.o)
                0x00006d90                Encoder_Left_WriteControlRegister
 .text.Encoder_Left_WriteCounter
                0x00006d9c        0xc .\ARM_GCC_493\Debug\C-CAN.a(Encoder_Left.o)
                0x00006d9c                Encoder_Left_WriteCounter
 .text.Encoder_Left_ReadCounter
                0x00006da8       0x14 .\ARM_GCC_493\Debug\C-CAN.a(Encoder_Left.o)
                0x00006da8                Encoder_Left_ReadCounter
 .text.Encoder_Left_ReadCapture
                0x00006dbc        0xc .\ARM_GCC_493\Debug\C-CAN.a(Encoder_Left.o)
                0x00006dbc                Encoder_Left_ReadCapture
 .text.Encoder_Left_WritePeriod
                0x00006dc8        0xc .\ARM_GCC_493\Debug\C-CAN.a(Encoder_Left.o)
                0x00006dc8                Encoder_Left_WritePeriod
 .text.Encoder_Left_ReadPeriod
                0x00006dd4        0xc .\ARM_GCC_493\Debug\C-CAN.a(Encoder_Left.o)
                0x00006dd4                Encoder_Left_ReadPeriod
 .text.Encoder_Left_WriteCompare
                0x00006de0        0xc .\ARM_GCC_493\Debug\C-CAN.a(Encoder_Left.o)
                0x00006de0                Encoder_Left_WriteCompare
 .text.Encoder_Left_ReadCompare
                0x00006dec        0xc .\ARM_GCC_493\Debug\C-CAN.a(Encoder_Left.o)
                0x00006dec                Encoder_Left_ReadCompare
 .text.Encoder_Left_ClearFIFO
                0x00006df8       0x1c .\ARM_GCC_493\Debug\C-CAN.a(Encoder_Left.o)
                0x00006df8                Encoder_Left_ClearFIFO
 .text          0x00006e14        0x0 .\ARM_GCC_493\Debug\C-CAN.a(Encoder_Right.o)
 .text.Encoder_Right_Init
                0x00006e14       0x74 .\ARM_GCC_493\Debug\C-CAN.a(Encoder_Right.o)
                0x00006e14                Encoder_Right_Init
 .text.Encoder_Right_Enable
                0x00006e88       0x10 .\ARM_GCC_493\Debug\C-CAN.a(Encoder_Right.o)
                0x00006e88                Encoder_Right_Enable
 .text.Encoder_Right_Start
                0x00006e98       0x8c .\ARM_GCC_493\Debug\C-CAN.a(Encoder_Right.o)
                0x00006e98                Encoder_Right_Start
 .text.Encoder_Right_Stop
                0x00006f24       0x10 .\ARM_GCC_493\Debug\C-CAN.a(Encoder_Right.o)
                0x00006f24                Encoder_Right_Stop
 .text.Encoder_Right_SetInterruptMode
                0x00006f34        0xc .\ARM_GCC_493\Debug\C-CAN.a(Encoder_Right.o)
                0x00006f34                Encoder_Right_SetInterruptMode
 .text.Encoder_Right_ReadStatusRegister
                0x00006f40        0xc .\ARM_GCC_493\Debug\C-CAN.a(Encoder_Right.o)
                0x00006f40                Encoder_Right_ReadStatusRegister
 .text.Encoder_Right_ReadControlRegister
                0x00006f4c        0xc .\ARM_GCC_493\Debug\C-CAN.a(Encoder_Right.o)
                0x00006f4c                Encoder_Right_ReadControlRegister
 .text.Encoder_Right_WriteControlRegister
                0x00006f58        0xc .\ARM_GCC_493\Debug\C-CAN.a(Encoder_Right.o)
                0x00006f58                Encoder_Right_WriteControlRegister
 .text.Encoder_Right_WriteCounter
                0x00006f64        0xc .\ARM_GCC_493\Debug\C-CAN.a(Encoder_Right.o)
                0x00006f64                Encoder_Right_WriteCounter
 .text.Encoder_Right_ReadCounter
                0x00006f70       0x14 .\ARM_GCC_493\Debug\C-CAN.a(Encoder_Right.o)
                0x00006f70                Encoder_Right_ReadCounter
 .text.Encoder_Right_ReadCapture
                0x00006f84        0xc .\ARM_GCC_493\Debug\C-CAN.a(Encoder_Right.o)
                0x00006f84                Encoder_Right_ReadCapture
 .text.Encoder_Right_WritePeriod
                0x00006f90        0xc .\ARM_GCC_493\Debug\C-CAN.a(Encoder_Right.o)
                0x00006f90                Encoder_Right_WritePeriod
 .text.Encoder_Right_ReadPeriod
                0x00006f9c        0xc .\ARM_GCC_493\Debug\C-CAN.a(Encoder_Right.o)
                0x00006f9c                Encoder_Right_ReadPeriod
 .text.Encoder_Right_WriteCompare
                0x00006fa8        0xc .\ARM_GCC_493\Debug\C-CAN.a(Encoder_Right.o)
                0x00006fa8                Encoder_Right_WriteCompare
 .text.Encoder_Right_ReadCompare
                0x00006fb4        0xc .\ARM_GCC_493\Debug\C-CAN.a(Encoder_Right.o)
                0x00006fb4                Encoder_Right_ReadCompare
 .text.Encoder_Right_ClearFIFO
                0x00006fc0       0x1c .\ARM_GCC_493\Debug\C-CAN.a(Encoder_Right.o)
                0x00006fc0                Encoder_Right_ClearFIFO
 .text          0x00006fdc        0x0 .\ARM_GCC_493\Debug\C-CAN.a(leftEncTimer.o)
 .text.leftEncTimer_Init
                0x00006fdc       0x74 .\ARM_GCC_493\Debug\C-CAN.a(leftEncTimer.o)
                0x00006fdc                leftEncTimer_Init
 .text.leftEncTimer_Enable
                0x00007050       0x10 .\ARM_GCC_493\Debug\C-CAN.a(leftEncTimer.o)
                0x00007050                leftEncTimer_Enable
 .text.leftEncTimer_Start
                0x00007060       0x8c .\ARM_GCC_493\Debug\C-CAN.a(leftEncTimer.o)
                0x00007060                leftEncTimer_Start
 .text.leftEncTimer_Stop
                0x000070ec       0x10 .\ARM_GCC_493\Debug\C-CAN.a(leftEncTimer.o)
                0x000070ec                leftEncTimer_Stop
 .text.leftEncTimer_SetInterruptMode
                0x000070fc        0xc .\ARM_GCC_493\Debug\C-CAN.a(leftEncTimer.o)
                0x000070fc                leftEncTimer_SetInterruptMode
 .text.leftEncTimer_ReadStatusRegister
                0x00007108        0xc .\ARM_GCC_493\Debug\C-CAN.a(leftEncTimer.o)
                0x00007108                leftEncTimer_ReadStatusRegister
 .text.leftEncTimer_ReadControlRegister
                0x00007114        0xc .\ARM_GCC_493\Debug\C-CAN.a(leftEncTimer.o)
                0x00007114                leftEncTimer_ReadControlRegister
 .text.leftEncTimer_WriteControlRegister
                0x00007120        0xc .\ARM_GCC_493\Debug\C-CAN.a(leftEncTimer.o)
                0x00007120                leftEncTimer_WriteControlRegister
 .text.leftEncTimer_WriteCounter
                0x0000712c        0xc .\ARM_GCC_493\Debug\C-CAN.a(leftEncTimer.o)
                0x0000712c                leftEncTimer_WriteCounter
 .text.leftEncTimer_ReadCounter
                0x00007138       0x14 .\ARM_GCC_493\Debug\C-CAN.a(leftEncTimer.o)
                0x00007138                leftEncTimer_ReadCounter
 .text.leftEncTimer_ReadCapture
                0x0000714c        0xc .\ARM_GCC_493\Debug\C-CAN.a(leftEncTimer.o)
                0x0000714c                leftEncTimer_ReadCapture
 .text.leftEncTimer_WritePeriod
                0x00007158        0xc .\ARM_GCC_493\Debug\C-CAN.a(leftEncTimer.o)
                0x00007158                leftEncTimer_WritePeriod
 .text.leftEncTimer_ReadPeriod
                0x00007164        0xc .\ARM_GCC_493\Debug\C-CAN.a(leftEncTimer.o)
                0x00007164                leftEncTimer_ReadPeriod
 .text.leftEncTimer_WriteCompare
                0x00007170        0xc .\ARM_GCC_493\Debug\C-CAN.a(leftEncTimer.o)
                0x00007170                leftEncTimer_WriteCompare
 .text.leftEncTimer_ReadCompare
                0x0000717c        0xc .\ARM_GCC_493\Debug\C-CAN.a(leftEncTimer.o)
                0x0000717c                leftEncTimer_ReadCompare
 .text.leftEncTimer_ClearFIFO
                0x00007188       0x1c .\ARM_GCC_493\Debug\C-CAN.a(leftEncTimer.o)
                0x00007188                leftEncTimer_ClearFIFO
 .text          0x000071a4        0x0 .\ARM_GCC_493\Debug\C-CAN.a(rightEncTimer.o)
 .text.rightEncTimer_Init
                0x000071a4       0x74 .\ARM_GCC_493\Debug\C-CAN.a(rightEncTimer.o)
                0x000071a4                rightEncTimer_Init
 .text.rightEncTimer_Enable
                0x00007218       0x10 .\ARM_GCC_493\Debug\C-CAN.a(rightEncTimer.o)
                0x00007218                rightEncTimer_Enable
 .text.rightEncTimer_Start
                0x00007228       0x8c .\ARM_GCC_493\Debug\C-CAN.a(rightEncTimer.o)
                0x00007228                rightEncTimer_Start
 .text.rightEncTimer_Stop
                0x000072b4       0x10 .\ARM_GCC_493\Debug\C-CAN.a(rightEncTimer.o)
                0x000072b4                rightEncTimer_Stop
 .text.rightEncTimer_SetInterruptMode
                0x000072c4        0xc .\ARM_GCC_493\Debug\C-CAN.a(rightEncTimer.o)
                0x000072c4                rightEncTimer_SetInterruptMode
 .text.rightEncTimer_ReadStatusRegister
                0x000072d0        0xc .\ARM_GCC_493\Debug\C-CAN.a(rightEncTimer.o)
                0x000072d0                rightEncTimer_ReadStatusRegister
 .text.rightEncTimer_ReadControlRegister
                0x000072dc        0xc .\ARM_GCC_493\Debug\C-CAN.a(rightEncTimer.o)
                0x000072dc                rightEncTimer_ReadControlRegister
 .text.rightEncTimer_WriteControlRegister
                0x000072e8        0xc .\ARM_GCC_493\Debug\C-CAN.a(rightEncTimer.o)
                0x000072e8                rightEncTimer_WriteControlRegister
 .text.rightEncTimer_WriteCounter
                0x000072f4        0xc .\ARM_GCC_493\Debug\C-CAN.a(rightEncTimer.o)
                0x000072f4                rightEncTimer_WriteCounter
 .text.rightEncTimer_ReadCounter
                0x00007300       0x14 .\ARM_GCC_493\Debug\C-CAN.a(rightEncTimer.o)
                0x00007300                rightEncTimer_ReadCounter
 .text.rightEncTimer_ReadCapture
                0x00007314        0xc .\ARM_GCC_493\Debug\C-CAN.a(rightEncTimer.o)
                0x00007314                rightEncTimer_ReadCapture
 .text.rightEncTimer_WritePeriod
                0x00007320        0xc .\ARM_GCC_493\Debug\C-CAN.a(rightEncTimer.o)
                0x00007320                rightEncTimer_WritePeriod
 .text.rightEncTimer_ReadPeriod
                0x0000732c        0xc .\ARM_GCC_493\Debug\C-CAN.a(rightEncTimer.o)
                0x0000732c                rightEncTimer_ReadPeriod
 .text.rightEncTimer_WriteCompare
                0x00007338        0xc .\ARM_GCC_493\Debug\C-CAN.a(rightEncTimer.o)
                0x00007338                rightEncTimer_WriteCompare
 .text.rightEncTimer_ReadCompare
                0x00007344        0xc .\ARM_GCC_493\Debug\C-CAN.a(rightEncTimer.o)
                0x00007344                rightEncTimer_ReadCompare
 .text.rightEncTimer_ClearFIFO
                0x00007350       0x1c .\ARM_GCC_493\Debug\C-CAN.a(rightEncTimer.o)
                0x00007350                rightEncTimer_ClearFIFO
 .text          0x0000736c        0x0 .\ARM_GCC_493\Debug\C-CAN.a(CyFlash.o)
 .text.CyFlash_Start
                0x0000736c       0x50 .\ARM_GCC_493\Debug\C-CAN.a(CyFlash.o)
                0x0000736c                CyFlash_Start
 .text.CyFlash_Stop
                0x000073bc       0x2c .\ARM_GCC_493\Debug\C-CAN.a(CyFlash.o)
                0x000073bc                CyFlash_Stop
 .text.CySetTemp
                0x000073e8       0xa4 .\ARM_GCC_493\Debug\C-CAN.a(CyFlash.o)
                0x000073e8                CySetTemp
 .text.CySetFlashEEBuffer
                0x0000748c       0x34 .\ARM_GCC_493\Debug\C-CAN.a(CyFlash.o)
                0x0000748c                CySetFlashEEBuffer
 .text.CyWriteRowData
                0x000074c0       0xd0 .\ARM_GCC_493\Debug\C-CAN.a(CyFlash.o)
                0x000074c0                CyWriteRowData
 .text.CyWriteRowFull
                0x00007590       0xcc .\ARM_GCC_493\Debug\C-CAN.a(CyFlash.o)
                0x00007590                CyWriteRowFull
 .text.CyFlash_SetWaitCycles
                0x0000765c       0x90 .\ARM_GCC_493\Debug\C-CAN.a(CyFlash.o)
                0x0000765c                CyFlash_SetWaitCycles
 .text.CyEEPROM_Start
                0x000076ec       0x50 .\ARM_GCC_493\Debug\C-CAN.a(CyFlash.o)
                0x000076ec                CyEEPROM_Start
 .text.CyEEPROM_Stop
                0x0000773c       0x2c .\ARM_GCC_493\Debug\C-CAN.a(CyFlash.o)
                0x0000773c                CyEEPROM_Stop
 .text.CyEEPROM_ReadReserve
                0x00007768       0x18 .\ARM_GCC_493\Debug\C-CAN.a(CyFlash.o)
                0x00007768                CyEEPROM_ReadReserve
 .text.CyEEPROM_ReadRelease
                0x00007780       0x10 .\ARM_GCC_493\Debug\C-CAN.a(CyFlash.o)
                0x00007780                CyEEPROM_ReadRelease
 .text          0x00007790        0x0 .\ARM_GCC_493\Debug\C-CAN.a(CySpc.o)
 .text.CySpcStart
                0x00007790       0x2c .\ARM_GCC_493\Debug\C-CAN.a(CySpc.o)
                0x00007790                CySpcStart
 .text.CySpcStop
                0x000077bc       0x2c .\ARM_GCC_493\Debug\C-CAN.a(CySpc.o)
                0x000077bc                CySpcStop
 .text.CySpcReadData
                0x000077e8       0x40 .\ARM_GCC_493\Debug\C-CAN.a(CySpc.o)
                0x000077e8                CySpcReadData
 .text.CySpcLoadMultiByte
                0x00007828       0x6c .\ARM_GCC_493\Debug\C-CAN.a(CySpc.o)
                0x00007828                CySpcLoadMultiByte
 .text.CySpcLoadRow
                0x00007894       0x50 .\ARM_GCC_493\Debug\C-CAN.a(CySpc.o)
                0x00007894                CySpcLoadRow
 .text.CySpcLoadRowFull
                0x000078e4       0x74 .\ARM_GCC_493\Debug\C-CAN.a(CySpc.o)
                0x000078e4                CySpcLoadRowFull
 .text.CySpcWriteRow
                0x00007958       0x44 .\ARM_GCC_493\Debug\C-CAN.a(CySpc.o)
                0x00007958                CySpcWriteRow
 .text.CySpcEraseSector
                0x0000799c       0x3c .\ARM_GCC_493\Debug\C-CAN.a(CySpc.o)
                0x0000799c                CySpcEraseSector
 .text.CySpcGetTemp
                0x000079d8       0x38 .\ARM_GCC_493\Debug\C-CAN.a(CySpc.o)
                0x000079d8                CySpcGetTemp
 .text.CySpcLock
                0x00007a10       0x44 .\ARM_GCC_493\Debug\C-CAN.a(CySpc.o)
                0x00007a10                CySpcLock
 .text.CySpcUnlock
                0x00007a54       0x34 .\ARM_GCC_493\Debug\C-CAN.a(CySpc.o)
                0x00007a54                CySpcUnlock
 .text.CySpcGetAlgorithm
                0x00007a88       0x28 .\ARM_GCC_493\Debug\C-CAN.a(CySpc.o)
                0x00007a88                CySpcGetAlgorithm
 .text          0x00007ab0      0x21c c:/program files (x86)/cypress/psoc creator/3.3/psoc creator/import/gnu/arm/4.9.3/bin/../lib/gcc/arm-none-eabi/4.9.3/armv7-m\libgcc.a(_arm_addsubsf3.o)
                0x00007ab0                __aeabi_frsub
                0x00007ab8                __subsf3
                0x00007ab8                __aeabi_fsub
                0x00007abc                __aeabi_fadd
                0x00007abc                __addsf3
                0x00007c1c                __aeabi_ui2f
                0x00007c1c                __floatunsisf
                0x00007c24                __aeabi_i2f
                0x00007c24                __floatsisf
                0x00007c40                __aeabi_ul2f
                0x00007c40                __floatundisf
                0x00007c50                __aeabi_l2f
                0x00007c50                __floatdisf
 .text          0x00007ccc      0x2a0 c:/program files (x86)/cypress/psoc creator/3.3/psoc creator/import/gnu/arm/4.9.3/bin/../lib/gcc/arm-none-eabi/4.9.3/armv7-m\libgcc.a(_arm_muldivsf3.o)
                0x00007ccc                __mulsf3
                0x00007ccc                __aeabi_fmul
                0x00007e34                __aeabi_fdiv
                0x00007e34                __divsf3
 .text          0x00007f6c       0x4c c:/program files (x86)/cypress/psoc creator/3.3/psoc creator/import/gnu/arm/4.9.3/bin/../lib/gcc/arm-none-eabi/4.9.3/armv7-m\libgcc.a(_arm_fixsfsi.o)
                0x00007f6c                __aeabi_f2iz
                0x00007f6c                __fixsfsi
 .text          0x00007fb8       0x38 c:/program files (x86)/cypress/psoc creator/3.3/psoc creator/import/gnu/arm/4.9.3/bin/../lib/gcc/arm-none-eabi/4.9.3/armv7-m\libgcc.a(_aeabi_ldivmod.o)
                0x00007fb8                __aeabi_ldivmod
 .text          0x00007ff0       0x60 c:/program files (x86)/cypress/psoc creator/3.3/psoc creator/import/gnu/arm/4.9.3/bin/../lib/gcc/arm-none-eabi/4.9.3/armv7-m\libgcc.a(bpabi.o)
                0x00007ff0                __gnu_ldivmod_helper
                0x00008020                __gnu_uldivmod_helper
 .text          0x00008050        0x4 c:/program files (x86)/cypress/psoc creator/3.3/psoc creator/import/gnu/arm/4.9.3/bin/../lib/gcc/arm-none-eabi/4.9.3/armv7-m\libgcc.a(_dvmd_tls.o)
                0x00008050                __aeabi_idiv0
                0x00008050                __aeabi_ldiv0
 .text          0x00008054      0x2ac c:/program files (x86)/cypress/psoc creator/3.3/psoc creator/import/gnu/arm/4.9.3/bin/../lib/gcc/arm-none-eabi/4.9.3/armv7-m\libgcc.a(_divdi3.o)
                0x00008054                __divdi3
 .text          0x00008300      0x270 c:/program files (x86)/cypress/psoc creator/3.3/psoc creator/import/gnu/arm/4.9.3/bin/../lib/gcc/arm-none-eabi/4.9.3/armv7-m\libgcc.a(_udivdi3.o)
                0x00008300                __udivdi3
 .text          0x00008570        0x0 c:/program files (x86)/cypress/psoc creator/3.3/psoc creator/import/gnu/arm/4.9.3/bin/../lib/gcc/arm-none-eabi/4.9.3/../../../../arm-none-eabi/lib/armv7-m\libg_nano.a(lib_a-errno.o)
 .text.__errno  0x00008570        0xc c:/program files (x86)/cypress/psoc creator/3.3/psoc creator/import/gnu/arm/4.9.3/bin/../lib/gcc/arm-none-eabi/4.9.3/../../../../arm-none-eabi/lib/armv7-m\libg_nano.a(lib_a-errno.o)
                0x00008570                __errno
 .text          0x0000857c        0x0 c:/program files (x86)/cypress/psoc creator/3.3/psoc creator/import/gnu/arm/4.9.3/bin/../lib/gcc/arm-none-eabi/4.9.3/../../../../arm-none-eabi/lib/armv7-m\libg_nano.a(lib_a-exit.o)
 .text.exit     0x0000857c       0x28 c:/program files (x86)/cypress/psoc creator/3.3/psoc creator/import/gnu/arm/4.9.3/bin/../lib/gcc/arm-none-eabi/4.9.3/../../../../arm-none-eabi/lib/armv7-m\libg_nano.a(lib_a-exit.o)
                0x0000857c                exit
 .text          0x000085a4        0x0 c:/program files (x86)/cypress/psoc creator/3.3/psoc creator/import/gnu/arm/4.9.3/bin/../lib/gcc/arm-none-eabi/4.9.3/../../../../arm-none-eabi/lib/armv7-m\libg_nano.a(lib_a-impure.o)
 .text          0x000085a4        0x0 c:/program files (x86)/cypress/psoc creator/3.3/psoc creator/import/gnu/arm/4.9.3/bin/../lib/gcc/arm-none-eabi/4.9.3/../../../../arm-none-eabi/lib/armv7-m\libg_nano.a(lib_a-init.o)
 .text.__libc_init_array
                0x000085a4       0x4c c:/program files (x86)/cypress/psoc creator/3.3/psoc creator/import/gnu/arm/4.9.3/bin/../lib/gcc/arm-none-eabi/4.9.3/../../../../arm-none-eabi/lib/armv7-m\libg_nano.a(lib_a-init.o)
                0x000085a4                __libc_init_array
 .text          0x000085f0        0x0 c:/program files (x86)/cypress/psoc creator/3.3/psoc creator/import/gnu/arm/4.9.3/bin/../lib/gcc/arm-none-eabi/4.9.3/../../../../arm-none-eabi/lib/armv7-m\libg_nano.a(lib_a-memcpy.o)
 .text.memcpy   0x000085f0       0x16 c:/program files (x86)/cypress/psoc creator/3.3/psoc creator/import/gnu/arm/4.9.3/bin/../lib/gcc/arm-none-eabi/4.9.3/../../../../arm-none-eabi/lib/armv7-m\libg_nano.a(lib_a-memcpy.o)
                0x000085f0                memcpy
 .text          0x00008606        0x0 c:/program files (x86)/cypress/psoc creator/3.3/psoc creator/import/gnu/arm/4.9.3/bin/../lib/gcc/arm-none-eabi/4.9.3/../../../../arm-none-eabi/lib/armv7-m\libg_nano.a(lib_a-memset.o)
 .text.memset   0x00008606       0x10 c:/program files (x86)/cypress/psoc creator/3.3/psoc creator/import/gnu/arm/4.9.3/bin/../lib/gcc/arm-none-eabi/4.9.3/../../../../arm-none-eabi/lib/armv7-m\libg_nano.a(lib_a-memset.o)
                0x00008606                memset
 .text          0x00008616        0x0 c:/program files (x86)/cypress/psoc creator/3.3/psoc creator/import/gnu/arm/4.9.3/bin/../lib/gcc/arm-none-eabi/4.9.3/../../../../arm-none-eabi/lib/armv7-m\libg_nano.a(lib_a-sprintf.o)
 .text._sprintf_r
                0x00008616       0x40 c:/program files (x86)/cypress/psoc creator/3.3/psoc creator/import/gnu/arm/4.9.3/bin/../lib/gcc/arm-none-eabi/4.9.3/../../../../arm-none-eabi/lib/armv7-m\libg_nano.a(lib_a-sprintf.o)
                0x00008616                _sprintf_r
                0x00008616                _siprintf_r
 *fill*         0x00008656        0x2 
 .text.sprintf  0x00008658       0x48 c:/program files (x86)/cypress/psoc creator/3.3/psoc creator/import/gnu/arm/4.9.3/bin/../lib/gcc/arm-none-eabi/4.9.3/../../../../arm-none-eabi/lib/armv7-m\libg_nano.a(lib_a-sprintf.o)
                0x00008658                siprintf
                0x00008658                sprintf
 .text          0x000086a0        0x0 c:/program files (x86)/cypress/psoc creator/3.3/psoc creator/import/gnu/arm/4.9.3/bin/../lib/gcc/arm-none-eabi/4.9.3/../../../../arm-none-eabi/lib/armv7-m\libg_nano.a(lib_a-nano-svfprintf.o)
 .text.__ssputs_r
                0x000086a0       0xb2 c:/program files (x86)/cypress/psoc creator/3.3/psoc creator/import/gnu/arm/4.9.3/bin/../lib/gcc/arm-none-eabi/4.9.3/../../../../arm-none-eabi/lib/armv7-m\libg_nano.a(lib_a-nano-svfprintf.o)
                0x000086a0                __ssputs_r
 .text.__ssprint_r
                0x00008752       0xfe c:/program files (x86)/cypress/psoc creator/3.3/psoc creator/import/gnu/arm/4.9.3/bin/../lib/gcc/arm-none-eabi/4.9.3/../../../../arm-none-eabi/lib/armv7-m\libg_nano.a(lib_a-nano-svfprintf.o)
                0x00008752                __ssprint_r
 .text._svfprintf_r
                0x00008850      0x1e4 c:/program files (x86)/cypress/psoc creator/3.3/psoc creator/import/gnu/arm/4.9.3/bin/../lib/gcc/arm-none-eabi/4.9.3/../../../../arm-none-eabi/lib/armv7-m\libg_nano.a(lib_a-nano-svfprintf.o)
                0x00008850                _svfiprintf_r
                0x00008850                _svfprintf_r
 .text          0x00008a34        0x0 c:/program files (x86)/cypress/psoc creator/3.3/psoc creator/import/gnu/arm/4.9.3/bin/../lib/gcc/arm-none-eabi/4.9.3/../../../../arm-none-eabi/lib/armv7-m\libg_nano.a(lib_a-nano-vfprintf_i.o)
 .text._printf_common
                0x00008a34       0xea c:/program files (x86)/cypress/psoc creator/3.3/psoc creator/import/gnu/arm/4.9.3/bin/../lib/gcc/arm-none-eabi/4.9.3/../../../../arm-none-eabi/lib/armv7-m\libg_nano.a(lib_a-nano-vfprintf_i.o)
                0x00008a34                _printf_common
 *fill*         0x00008b1e        0x2 
 .text._printf_i
                0x00008b20      0x240 c:/program files (x86)/cypress/psoc creator/3.3/psoc creator/import/gnu/arm/4.9.3/bin/../lib/gcc/arm-none-eabi/4.9.3/../../../../arm-none-eabi/lib/armv7-m\libg_nano.a(lib_a-nano-vfprintf_i.o)
                0x00008b20                _printf_i
 .text          0x00008d60        0x0 c:/program files (x86)/cypress/psoc creator/3.3/psoc creator/import/gnu/arm/4.9.3/bin/../lib/gcc/arm-none-eabi/4.9.3/../../../../arm-none-eabi/lib/armv7-m\libg_nano.a(lib_a-memchr.o)
 .text.memchr   0x00008d60       0x1c c:/program files (x86)/cypress/psoc creator/3.3/psoc creator/import/gnu/arm/4.9.3/bin/../lib/gcc/arm-none-eabi/4.9.3/../../../../arm-none-eabi/lib/armv7-m\libg_nano.a(lib_a-memchr.o)
                0x00008d60                memchr
 .text          0x00008d7c        0x0 c:/program files (x86)/cypress/psoc creator/3.3/psoc creator/import/gnu/arm/4.9.3/bin/../lib/gcc/arm-none-eabi/4.9.3/../../../../arm-none-eabi/lib/armv7-m\libg_nano.a(lib_a-memmove.o)
 .text.memmove  0x00008d7c       0x36 c:/program files (x86)/cypress/psoc creator/3.3/psoc creator/import/gnu/arm/4.9.3/bin/../lib/gcc/arm-none-eabi/4.9.3/../../../../arm-none-eabi/lib/armv7-m\libg_nano.a(lib_a-memmove.o)
                0x00008d7c                memmove
 .text          0x00008db2        0x0 c:/program files (x86)/cypress/psoc creator/3.3/psoc creator/import/gnu/arm/4.9.3/bin/../lib/gcc/arm-none-eabi/4.9.3/../../../../arm-none-eabi/lib/armv7-m\libg_nano.a(lib_a-nano-freer.o)
 *fill*         0x00008db2        0x2 
 .text._free_r  0x00008db4       0x88 c:/program files (x86)/cypress/psoc creator/3.3/psoc creator/import/gnu/arm/4.9.3/bin/../lib/gcc/arm-none-eabi/4.9.3/../../../../arm-none-eabi/lib/armv7-m\libg_nano.a(lib_a-nano-freer.o)
                0x00008db4                _free_r
 .text          0x00008e3c        0x0 c:/program files (x86)/cypress/psoc creator/3.3/psoc creator/import/gnu/arm/4.9.3/bin/../lib/gcc/arm-none-eabi/4.9.3/../../../../arm-none-eabi/lib/armv7-m\libg_nano.a(lib_a-nano-mallocr.o)
 .text._malloc_r
                0x00008e3c       0xac c:/program files (x86)/cypress/psoc creator/3.3/psoc creator/import/gnu/arm/4.9.3/bin/../lib/gcc/arm-none-eabi/4.9.3/../../../../arm-none-eabi/lib/armv7-m\libg_nano.a(lib_a-nano-mallocr.o)
                0x00008e3c                _malloc_r
 .text          0x00008ee8        0x0 c:/program files (x86)/cypress/psoc creator/3.3/psoc creator/import/gnu/arm/4.9.3/bin/../lib/gcc/arm-none-eabi/4.9.3/../../../../arm-none-eabi/lib/armv7-m\libg_nano.a(lib_a-nano-reallocr.o)
 .text._realloc_r
                0x00008ee8       0x4c c:/program files (x86)/cypress/psoc creator/3.3/psoc creator/import/gnu/arm/4.9.3/bin/../lib/gcc/arm-none-eabi/4.9.3/../../../../arm-none-eabi/lib/armv7-m\libg_nano.a(lib_a-nano-reallocr.o)
                0x00008ee8                _realloc_r
 .text          0x00008f34        0x0 c:/program files (x86)/cypress/psoc creator/3.3/psoc creator/import/gnu/arm/4.9.3/bin/../lib/gcc/arm-none-eabi/4.9.3/../../../../arm-none-eabi/lib/armv7-m\libg_nano.a(lib_a-sbrkr.o)
 .text._sbrk_r  0x00008f34       0x20 c:/program files (x86)/cypress/psoc creator/3.3/psoc creator/import/gnu/arm/4.9.3/bin/../lib/gcc/arm-none-eabi/4.9.3/../../../../arm-none-eabi/lib/armv7-m\libg_nano.a(lib_a-sbrkr.o)
                0x00008f34                _sbrk_r
 .text          0x00008f54        0x0 c:/program files (x86)/cypress/psoc creator/3.3/psoc creator/import/gnu/arm/4.9.3/bin/../lib/gcc/arm-none-eabi/4.9.3/../../../../arm-none-eabi/lib/armv7-m\libg_nano.a(lib_a-nano-msizer.o)
 .text._malloc_usable_size_r
                0x00008f54       0x14 c:/program files (x86)/cypress/psoc creator/3.3/psoc creator/import/gnu/arm/4.9.3/bin/../lib/gcc/arm-none-eabi/4.9.3/../../../../arm-none-eabi/lib/armv7-m\libg_nano.a(lib_a-nano-msizer.o)
                0x00008f54                _malloc_usable_size_r
 .text          0x00008f68        0x0 c:/program files (x86)/cypress/psoc creator/3.3/psoc creator/import/gnu/arm/4.9.3/bin/../lib/gcc/arm-none-eabi/4.9.3/../../../../arm-none-eabi/lib/armv7-m\libg_nano.a(lib_a-reent.o)
 .text.cleanup_glue
                0x00008f68       0x1a c:/program files (x86)/cypress/psoc creator/3.3/psoc creator/import/gnu/arm/4.9.3/bin/../lib/gcc/arm-none-eabi/4.9.3/../../../../arm-none-eabi/lib/armv7-m\libg_nano.a(lib_a-reent.o)
                0x00008f68                cleanup_glue
 *fill*         0x00008f82        0x2 
 .text._reclaim_reent
                0x00008f84       0xb4 c:/program files (x86)/cypress/psoc creator/3.3/psoc creator/import/gnu/arm/4.9.3/bin/../lib/gcc/arm-none-eabi/4.9.3/../../../../arm-none-eabi/lib/armv7-m\libg_nano.a(lib_a-reent.o)
                0x00008f84                _reclaim_reent
 .text          0x00009038        0x0 c:/program files (x86)/cypress/psoc creator/3.3/psoc creator/import/gnu/arm/4.9.3/bin/../lib/gcc/arm-none-eabi/4.9.3/armv7-m/crtend.o
 .text          0x00009038        0x0 c:/program files (x86)/cypress/psoc creator/3.3/psoc creator/import/gnu/arm/4.9.3/bin/../lib/gcc/arm-none-eabi/4.9.3/armv7-m/crtn.o
 *(.plt)
 *(.gnu.warning)
 *(.glue_7t)
 .glue_7t       0x00000000        0x0 linker stubs
 *(.glue_7)
 .glue_7        0x00000000        0x0 linker stubs
 *(.vfp11_veneer)
 .vfp11_veneer  0x00000000        0x0 linker stubs
 *(.bootloader)
 *(.ARM.extab* .gnu.linkonce.armextab.*)
 .ARM.extab     0x00009038        0x0 c:/program files (x86)/cypress/psoc creator/3.3/psoc creator/import/gnu/arm/4.9.3/bin/../lib/gcc/arm-none-eabi/4.9.3/../../../../arm-none-eabi/lib/armv7-m/crt0.o
 .ARM.extab     0x00009038        0x0 c:/program files (x86)/cypress/psoc creator/3.3/psoc creator/import/gnu/arm/4.9.3/bin/../lib/gcc/arm-none-eabi/4.9.3/armv7-m\libgcc.a(_divdi3.o)
 .ARM.extab     0x00009038        0x0 c:/program files (x86)/cypress/psoc creator/3.3/psoc creator/import/gnu/arm/4.9.3/bin/../lib/gcc/arm-none-eabi/4.9.3/armv7-m\libgcc.a(_udivdi3.o)
 *(.gcc_except_table)

.v4_bx          0x00009038        0x0
 .v4_bx         0x00000000        0x0 linker stubs

.iplt           0x00009038        0x0
 .iplt          0x00000000        0x0 c:/program files (x86)/cypress/psoc creator/3.3/psoc creator/import/gnu/arm/4.9.3/bin/../lib/gcc/arm-none-eabi/4.9.3/armv7-m/crtbegin.o

.eh_frame_hdr
 *(.eh_frame_hdr)

.eh_frame       0x00009038        0x4
 *(.eh_frame)
 .eh_frame      0x00009038        0x0 c:/program files (x86)/cypress/psoc creator/3.3/psoc creator/import/gnu/arm/4.9.3/bin/../lib/gcc/arm-none-eabi/4.9.3/armv7-m/crtbegin.o
 .eh_frame      0x00009038        0x4 c:/program files (x86)/cypress/psoc creator/3.3/psoc creator/import/gnu/arm/4.9.3/bin/../lib/gcc/arm-none-eabi/4.9.3/armv7-m/crtend.o
                0x0000903c                PROVIDE (__exidx_start, .)

.ARM.exidx      0x0000903c        0x8
 *(.ARM.exidx* .gnu.linkonce.armexidx.*)
 .ARM.exidx     0x0000903c        0x8 c:/program files (x86)/cypress/psoc creator/3.3/psoc creator/import/gnu/arm/4.9.3/bin/../lib/gcc/arm-none-eabi/4.9.3/../../../../arm-none-eabi/lib/armv7-m/crt0.o
 .ARM.exidx     0x00009044        0x0 c:/program files (x86)/cypress/psoc creator/3.3/psoc creator/import/gnu/arm/4.9.3/bin/../lib/gcc/arm-none-eabi/4.9.3/armv7-m\libgcc.a(_divdi3.o)
                                  0x8 (size before relaxing)
 .ARM.exidx     0x00009044        0x0 c:/program files (x86)/cypress/psoc creator/3.3/psoc creator/import/gnu/arm/4.9.3/bin/../lib/gcc/arm-none-eabi/4.9.3/armv7-m\libgcc.a(_udivdi3.o)
                                  0x8 (size before relaxing)
                0x00009044                __exidx_end = .

.rodata         0x00009044      0x204
 *(.rodata .rodata.* .gnu.linkonce.r.*)
 .rodata.str1.4
                0x00009044       0x24 .\ARM_GCC_493\Debug\main.o
 .rodata        0x00009068       0x5c .\ARM_GCC_493\Debug\C-CAN.a(cyfitter_cfg.o)
 .rodata        0x000090c4       0x10 .\ARM_GCC_493\Debug\C-CAN.a(cyPm.o)
 .rodata        0x000090d4      0x100 .\ARM_GCC_493\Debug\C-CAN.a(CAN_1.o)
 .rodata.str1.1
                0x000091d4        0x2 c:/program files (x86)/cypress/psoc creator/3.3/psoc creator/import/gnu/arm/4.9.3/bin/../lib/gcc/arm-none-eabi/4.9.3/../../../../arm-none-eabi/lib/armv7-m\libg_nano.a(lib_a-impure.o)
 *fill*         0x000091d6        0x2 
 .rodata._global_impure_ptr
                0x000091d8        0x4 c:/program files (x86)/cypress/psoc creator/3.3/psoc creator/import/gnu/arm/4.9.3/bin/../lib/gcc/arm-none-eabi/4.9.3/../../../../arm-none-eabi/lib/armv7-m\libg_nano.a(lib_a-impure.o)
                0x000091d8                _global_impure_ptr
 .rodata.str1.1
                0x000091dc       0x11 c:/program files (x86)/cypress/psoc creator/3.3/psoc creator/import/gnu/arm/4.9.3/bin/../lib/gcc/arm-none-eabi/4.9.3/../../../../arm-none-eabi/lib/armv7-m\libg_nano.a(lib_a-nano-svfprintf.o)
 .rodata.str1.1
                0x000091ed       0x22 c:/program files (x86)/cypress/psoc creator/3.3/psoc creator/import/gnu/arm/4.9.3/bin/../lib/gcc/arm-none-eabi/4.9.3/../../../../arm-none-eabi/lib/armv7-m\libg_nano.a(lib_a-nano-vfprintf_i.o)
                0x00009210                . = ALIGN (0x4)
 *fill*         0x0000920f        0x1 
 *(.init)
 .init          0x00009210        0x4 c:/program files (x86)/cypress/psoc creator/3.3/psoc creator/import/gnu/arm/4.9.3/bin/../lib/gcc/arm-none-eabi/4.9.3/armv7-m/crti.o
                0x00009210                _init
 .init          0x00009214        0x8 c:/program files (x86)/cypress/psoc creator/3.3/psoc creator/import/gnu/arm/4.9.3/bin/../lib/gcc/arm-none-eabi/4.9.3/armv7-m/crtn.o
                0x0000921c                . = ALIGN (0x4)
                0x0000921c                __preinit_array_start = .
 *(.preinit_array)
                0x0000921c                __preinit_array_end = .
                0x0000921c                . = ALIGN (0x4)
                0x0000921c                __init_array_start = .
 *(SORT(.init_array.*))
 *(.init_array)
 .init_array    0x0000921c        0x4 c:/program files (x86)/cypress/psoc creator/3.3/psoc creator/import/gnu/arm/4.9.3/bin/../lib/gcc/arm-none-eabi/4.9.3/armv7-m/crtbegin.o
 .init_array    0x00009220        0x4 .\ARM_GCC_493\Debug\Cm3Start.o
                0x00009224                __init_array_end = .
                0x00009224                . = ALIGN (0x4)
 *(.fini)
 .fini          0x00009224        0x4 c:/program files (x86)/cypress/psoc creator/3.3/psoc creator/import/gnu/arm/4.9.3/bin/../lib/gcc/arm-none-eabi/4.9.3/armv7-m/crti.o
                0x00009224                _fini
 .fini          0x00009228        0x8 c:/program files (x86)/cypress/psoc creator/3.3/psoc creator/import/gnu/arm/4.9.3/bin/../lib/gcc/arm-none-eabi/4.9.3/armv7-m/crtn.o
                0x00009230                . = ALIGN (0x4)
                0x00009230                __fini_array_start = .
 *(.fini_array)
 .fini_array    0x00009230        0x4 c:/program files (x86)/cypress/psoc creator/3.3/psoc creator/import/gnu/arm/4.9.3/bin/../lib/gcc/arm-none-eabi/4.9.3/armv7-m/crtbegin.o
 *(SORT(.fini_array.*))
                0x00009234                __fini_array_end = .
                0x00009234                . = ALIGN (0x4)
 *crtbegin.o(.ctors)
 *(EXCLUDE_FILE(*crtend.o) .ctors)
 *(SORT(.ctors.*))
 *crtend.o(.ctors)
                0x00009234                . = ALIGN (0x4)
 *crtbegin.o(.dtors)
 *(EXCLUDE_FILE(*crtend.o) .dtors)
 *(SORT(.dtors.*))
 *crtend.o(.dtors)
                0x00009234                . = ALIGN (0x4)
                0x00009234                __cy_regions = .
                0x00009234        0x4 LONG 0x9248 __cy_region_init_ram
                0x00009238        0x4 LONG 0x1fff8108 __cy_region_start_data
                0x0000923c        0x4 LONG 0x88 __cy_region_init_size_ram
                0x00009240        0x4 LONG 0xd8 __cy_region_zero_size_ram
                0x00009244                __cy_regions_end = .
                0x00009248                . = ALIGN (0x8)
 *fill*         0x00009244        0x4 
                0x00009248                _etext = .

.ramvectors     0x1fff8000      0x100
                0x1fff8000                __cy_region_start_ram = .
 *(.ramvectors)
 .ramvectors    0x1fff8000      0x100 .\ARM_GCC_493\Debug\Cm3Start.o
                0x1fff8000                CyRamVectors

.noinit         0x1fff8100        0x5
 *(.noinit)
 .noinit        0x1fff8100        0x4 .\ARM_GCC_493\Debug\Cm3Start.o
 .noinit        0x1fff8104        0x1 .\ARM_GCC_493\Debug\C-CAN.a(CyLib.o)
                0x1fff8104                CyResetStatus

.data           0x1fff8108       0x88 load address 0x00009248
                0x1fff8108                __cy_region_start_data = .
 *(.jcr)
 .jcr           0x1fff8108        0x0 c:/program files (x86)/cypress/psoc creator/3.3/psoc creator/import/gnu/arm/4.9.3/bin/../lib/gcc/arm-none-eabi/4.9.3/armv7-m/crtbegin.o
 .jcr           0x1fff8108        0x4 c:/program files (x86)/cypress/psoc creator/3.3/psoc creator/import/gnu/arm/4.9.3/bin/../lib/gcc/arm-none-eabi/4.9.3/armv7-m/crtend.o
 *(.got.plt)
 *(.got)
 *(.shdata)
 *(.data .data.* .gnu.linkonce.d.*)
 .data          0x1fff810c        0x0 c:/program files (x86)/cypress/psoc creator/3.3/psoc creator/import/gnu/arm/4.9.3/bin/../lib/gcc/arm-none-eabi/4.9.3/armv7-m/crti.o
 .data          0x1fff810c        0x4 c:/program files (x86)/cypress/psoc creator/3.3/psoc creator/import/gnu/arm/4.9.3/bin/../lib/gcc/arm-none-eabi/4.9.3/armv7-m/crtbegin.o
                0x1fff810c                __dso_handle
 .data          0x1fff8110        0x0 c:/program files (x86)/cypress/psoc creator/3.3/psoc creator/import/gnu/arm/4.9.3/bin/../lib/gcc/arm-none-eabi/4.9.3/../../../../arm-none-eabi/lib/armv7-m/crt0.o
 .data          0x1fff8110        0x0 .\ARM_GCC_493\Debug\main.o
 .data          0x1fff8110        0x0 .\ARM_GCC_493\Debug\cymetadata.o
 .data          0x1fff8110        0x4 .\ARM_GCC_493\Debug\Cm3Start.o
 .data          0x1fff8114        0x0 .\ARM_GCC_493\Debug\cybootloader.o
 .data          0x1fff8114        0x0 .\ARM_GCC_493\Debug\C-CAN.a(cyfitter_cfg.o)
 .data          0x1fff8114        0x0 .\ARM_GCC_493\Debug\C-CAN.a(UART_1.o)
 .data          0x1fff8114        0x0 .\ARM_GCC_493\Debug\C-CAN.a(UART_1_IntClock.o)
 .data          0x1fff8114        0x0 .\ARM_GCC_493\Debug\C-CAN.a(CyBootAsmGnu.o)
 .data          0x1fff8114       0x10 .\ARM_GCC_493\Debug\C-CAN.a(CyLib.o)
                0x1fff8114                cydelay_freq_mhz
                0x1fff8118                cydelay_32k_ms
                0x1fff811c                cydelay_freq_khz
                0x1fff8120                cydelay_freq_hz
 .data          0x1fff8124        0x0 .\ARM_GCC_493\Debug\C-CAN.a(cyPm.o)
 .data          0x1fff8124        0x0 .\ARM_GCC_493\Debug\C-CAN.a(ADC_SAR_1.o)
 .data          0x1fff8124        0x0 .\ARM_GCC_493\Debug\C-CAN.a(ADC_SAR_1_INT.o)
 .data          0x1fff8124        0x0 .\ARM_GCC_493\Debug\C-CAN.a(ADC_SAR_1_theACLK.o)
 .data          0x1fff8124        0x1 .\ARM_GCC_493\Debug\C-CAN.a(AMux_1.o)
 .data          0x1fff8125        0x0 .\ARM_GCC_493\Debug\C-CAN.a(CAN_1.o)
 .data          0x1fff8125        0x0 .\ARM_GCC_493\Debug\C-CAN.a(CAN_1_INT.o)
 .data          0x1fff8125        0x0 .\ARM_GCC_493\Debug\C-CAN.a(CAN_TIMER.o)
 .data          0x1fff8125        0x0 .\ARM_GCC_493\Debug\C-CAN.a(CAN_ISR.o)
 .data          0x1fff8125        0x0 .\ARM_GCC_493\Debug\C-CAN.a(Encoder_Left.o)
 .data          0x1fff8125        0x0 .\ARM_GCC_493\Debug\C-CAN.a(Encoder_Right.o)
 .data          0x1fff8125        0x0 .\ARM_GCC_493\Debug\C-CAN.a(leftEncTimer.o)
 .data          0x1fff8125        0x0 .\ARM_GCC_493\Debug\C-CAN.a(rightEncTimer.o)
 .data          0x1fff8125        0x0 .\ARM_GCC_493\Debug\C-CAN.a(CyFlash.o)
 .data          0x1fff8125        0x0 .\ARM_GCC_493\Debug\C-CAN.a(CySpc.o)
 .data          0x1fff8125        0x0 c:/program files (x86)/cypress/psoc creator/3.3/psoc creator/import/gnu/arm/4.9.3/bin/../lib/gcc/arm-none-eabi/4.9.3/armv7-m\libgcc.a(_arm_addsubsf3.o)
 .data          0x1fff8125        0x0 c:/program files (x86)/cypress/psoc creator/3.3/psoc creator/import/gnu/arm/4.9.3/bin/../lib/gcc/arm-none-eabi/4.9.3/armv7-m\libgcc.a(_arm_muldivsf3.o)
 .data          0x1fff8125        0x0 c:/program files (x86)/cypress/psoc creator/3.3/psoc creator/import/gnu/arm/4.9.3/bin/../lib/gcc/arm-none-eabi/4.9.3/armv7-m\libgcc.a(_arm_fixsfsi.o)
 .data          0x1fff8125        0x0 c:/program files (x86)/cypress/psoc creator/3.3/psoc creator/import/gnu/arm/4.9.3/bin/../lib/gcc/arm-none-eabi/4.9.3/armv7-m\libgcc.a(_aeabi_ldivmod.o)
 .data          0x1fff8125        0x0 c:/program files (x86)/cypress/psoc creator/3.3/psoc creator/import/gnu/arm/4.9.3/bin/../lib/gcc/arm-none-eabi/4.9.3/armv7-m\libgcc.a(bpabi.o)
 .data          0x1fff8125        0x0 c:/program files (x86)/cypress/psoc creator/3.3/psoc creator/import/gnu/arm/4.9.3/bin/../lib/gcc/arm-none-eabi/4.9.3/armv7-m\libgcc.a(_dvmd_tls.o)
 .data          0x1fff8125        0x0 c:/program files (x86)/cypress/psoc creator/3.3/psoc creator/import/gnu/arm/4.9.3/bin/../lib/gcc/arm-none-eabi/4.9.3/armv7-m\libgcc.a(_divdi3.o)
 .data          0x1fff8125        0x0 c:/program files (x86)/cypress/psoc creator/3.3/psoc creator/import/gnu/arm/4.9.3/bin/../lib/gcc/arm-none-eabi/4.9.3/armv7-m\libgcc.a(_udivdi3.o)
 .data          0x1fff8125        0x0 c:/program files (x86)/cypress/psoc creator/3.3/psoc creator/import/gnu/arm/4.9.3/bin/../lib/gcc/arm-none-eabi/4.9.3/../../../../arm-none-eabi/lib/armv7-m\libg_nano.a(lib_a-errno.o)
 .data          0x1fff8125        0x0 c:/program files (x86)/cypress/psoc creator/3.3/psoc creator/import/gnu/arm/4.9.3/bin/../lib/gcc/arm-none-eabi/4.9.3/../../../../arm-none-eabi/lib/armv7-m\libg_nano.a(lib_a-exit.o)
 .data          0x1fff8125        0x0 c:/program files (x86)/cypress/psoc creator/3.3/psoc creator/import/gnu/arm/4.9.3/bin/../lib/gcc/arm-none-eabi/4.9.3/../../../../arm-none-eabi/lib/armv7-m\libg_nano.a(lib_a-impure.o)
 *fill*         0x1fff8125        0x3 
 .data.impure_data
                0x1fff8128       0x60 c:/program files (x86)/cypress/psoc creator/3.3/psoc creator/import/gnu/arm/4.9.3/bin/../lib/gcc/arm-none-eabi/4.9.3/../../../../arm-none-eabi/lib/armv7-m\libg_nano.a(lib_a-impure.o)
 .data._impure_ptr
                0x1fff8188        0x4 c:/program files (x86)/cypress/psoc creator/3.3/psoc creator/import/gnu/arm/4.9.3/bin/../lib/gcc/arm-none-eabi/4.9.3/../../../../arm-none-eabi/lib/armv7-m\libg_nano.a(lib_a-impure.o)
                0x1fff8188                _impure_ptr
 .data          0x1fff818c        0x0 c:/program files (x86)/cypress/psoc creator/3.3/psoc creator/import/gnu/arm/4.9.3/bin/../lib/gcc/arm-none-eabi/4.9.3/../../../../arm-none-eabi/lib/armv7-m\libg_nano.a(lib_a-init.o)
 .data          0x1fff818c        0x0 c:/program files (x86)/cypress/psoc creator/3.3/psoc creator/import/gnu/arm/4.9.3/bin/../lib/gcc/arm-none-eabi/4.9.3/../../../../arm-none-eabi/lib/armv7-m\libg_nano.a(lib_a-memcpy.o)
 .data          0x1fff818c        0x0 c:/program files (x86)/cypress/psoc creator/3.3/psoc creator/import/gnu/arm/4.9.3/bin/../lib/gcc/arm-none-eabi/4.9.3/../../../../arm-none-eabi/lib/armv7-m\libg_nano.a(lib_a-memset.o)
 .data          0x1fff818c        0x0 c:/program files (x86)/cypress/psoc creator/3.3/psoc creator/import/gnu/arm/4.9.3/bin/../lib/gcc/arm-none-eabi/4.9.3/../../../../arm-none-eabi/lib/armv7-m\libg_nano.a(lib_a-sprintf.o)
 .data          0x1fff818c        0x0 c:/program files (x86)/cypress/psoc creator/3.3/psoc creator/import/gnu/arm/4.9.3/bin/../lib/gcc/arm-none-eabi/4.9.3/../../../../arm-none-eabi/lib/armv7-m\libg_nano.a(lib_a-nano-svfprintf.o)
 .data          0x1fff818c        0x0 c:/program files (x86)/cypress/psoc creator/3.3/psoc creator/import/gnu/arm/4.9.3/bin/../lib/gcc/arm-none-eabi/4.9.3/../../../../arm-none-eabi/lib/armv7-m\libg_nano.a(lib_a-nano-vfprintf_i.o)
 .data          0x1fff818c        0x0 c:/program files (x86)/cypress/psoc creator/3.3/psoc creator/import/gnu/arm/4.9.3/bin/../lib/gcc/arm-none-eabi/4.9.3/../../../../arm-none-eabi/lib/armv7-m\libg_nano.a(lib_a-memchr.o)
 .data          0x1fff818c        0x0 c:/program files (x86)/cypress/psoc creator/3.3/psoc creator/import/gnu/arm/4.9.3/bin/../lib/gcc/arm-none-eabi/4.9.3/../../../../arm-none-eabi/lib/armv7-m\libg_nano.a(lib_a-memmove.o)
 .data          0x1fff818c        0x0 c:/program files (x86)/cypress/psoc creator/3.3/psoc creator/import/gnu/arm/4.9.3/bin/../lib/gcc/arm-none-eabi/4.9.3/../../../../arm-none-eabi/lib/armv7-m\libg_nano.a(lib_a-nano-freer.o)
 .data          0x1fff818c        0x0 c:/program files (x86)/cypress/psoc creator/3.3/psoc creator/import/gnu/arm/4.9.3/bin/../lib/gcc/arm-none-eabi/4.9.3/../../../../arm-none-eabi/lib/armv7-m\libg_nano.a(lib_a-nano-mallocr.o)
 .data          0x1fff818c        0x0 c:/program files (x86)/cypress/psoc creator/3.3/psoc creator/import/gnu/arm/4.9.3/bin/../lib/gcc/arm-none-eabi/4.9.3/../../../../arm-none-eabi/lib/armv7-m\libg_nano.a(lib_a-nano-reallocr.o)
 .data          0x1fff818c        0x0 c:/program files (x86)/cypress/psoc creator/3.3/psoc creator/import/gnu/arm/4.9.3/bin/../lib/gcc/arm-none-eabi/4.9.3/../../../../arm-none-eabi/lib/armv7-m\libg_nano.a(lib_a-sbrkr.o)
 .data          0x1fff818c        0x0 c:/program files (x86)/cypress/psoc creator/3.3/psoc creator/import/gnu/arm/4.9.3/bin/../lib/gcc/arm-none-eabi/4.9.3/../../../../arm-none-eabi/lib/armv7-m\libg_nano.a(lib_a-nano-msizer.o)
 .data          0x1fff818c        0x0 c:/program files (x86)/cypress/psoc creator/3.3/psoc creator/import/gnu/arm/4.9.3/bin/../lib/gcc/arm-none-eabi/4.9.3/../../../../arm-none-eabi/lib/armv7-m\libg_nano.a(lib_a-reent.o)
 .data          0x1fff818c        0x0 c:/program files (x86)/cypress/psoc creator/3.3/psoc creator/import/gnu/arm/4.9.3/bin/../lib/gcc/arm-none-eabi/4.9.3/armv7-m/crtend.o
 .data          0x1fff818c        0x0 c:/program files (x86)/cypress/psoc creator/3.3/psoc creator/import/gnu/arm/4.9.3/bin/../lib/gcc/arm-none-eabi/4.9.3/armv7-m/crtn.o
                0x1fff8190                . = ALIGN (0x8)
 *fill*         0x1fff818c        0x4 
 *(.ram)
                0x1fff8190                _edata = .

.igot.plt       0x1fff8190        0x0 load address 0x000092d0
 .igot.plt      0x00000000        0x0 c:/program files (x86)/cypress/psoc creator/3.3/psoc creator/import/gnu/arm/4.9.3/bin/../lib/gcc/arm-none-eabi/4.9.3/armv7-m/crtbegin.o

.bss            0x1fff8190       0xd8 load address 0x000092d0
                0x1fff8190                PROVIDE (__bss_start__, .)
 *(.shbss)
 *(.bss .bss.* .gnu.linkonce.b.*)
 .bss           0x1fff8190        0x0 c:/program files (x86)/cypress/psoc creator/3.3/psoc creator/import/gnu/arm/4.9.3/bin/../lib/gcc/arm-none-eabi/4.9.3/armv7-m/crti.o
 .bss           0x1fff8190       0x1c c:/program files (x86)/cypress/psoc creator/3.3/psoc creator/import/gnu/arm/4.9.3/bin/../lib/gcc/arm-none-eabi/4.9.3/armv7-m/crtbegin.o
 .bss           0x1fff81ac        0x0 c:/program files (x86)/cypress/psoc creator/3.3/psoc creator/import/gnu/arm/4.9.3/bin/../lib/gcc/arm-none-eabi/4.9.3/../../../../arm-none-eabi/lib/armv7-m/crt0.o
 .bss           0x1fff81ac        0x4 .\ARM_GCC_493\Debug\main.o
                0x1fff81ac                time
 .bss           0x1fff81b0        0x0 .\ARM_GCC_493\Debug\cymetadata.o
 .bss           0x1fff81b0        0x0 .\ARM_GCC_493\Debug\Cm3Start.o
 .bss           0x1fff81b0        0x0 .\ARM_GCC_493\Debug\cybootloader.o
 .bss           0x1fff81b0        0x8 .\ARM_GCC_493\Debug\C-CAN.a(cyfitter_cfg.o)
 .bss           0x1fff81b8        0x2 .\ARM_GCC_493\Debug\C-CAN.a(UART_1.o)
                0x1fff81b8                UART_1_initVar
 .bss           0x1fff81ba        0x0 .\ARM_GCC_493\Debug\C-CAN.a(UART_1_IntClock.o)
 .bss           0x1fff81ba        0x0 .\ARM_GCC_493\Debug\C-CAN.a(CyBootAsmGnu.o)
 *fill*         0x1fff81ba        0x2 
 .bss           0x1fff81bc       0x1c .\ARM_GCC_493\Debug\C-CAN.a(CyLib.o)
                0x1fff81d4                CySysTickInitVar
 .bss           0x1fff81d8       0x44 .\ARM_GCC_493\Debug\C-CAN.a(cyPm.o)
 .bss           0x1fff821c        0x1 .\ARM_GCC_493\Debug\C-CAN.a(ADC_SAR_1.o)
                0x1fff821c                ADC_SAR_1_initVar
 .bss           0x1fff821d        0x0 .\ARM_GCC_493\Debug\C-CAN.a(ADC_SAR_1_INT.o)
 .bss           0x1fff821d        0x0 .\ARM_GCC_493\Debug\C-CAN.a(ADC_SAR_1_theACLK.o)
 .bss           0x1fff821d        0x0 .\ARM_GCC_493\Debug\C-CAN.a(AMux_1.o)
 .bss           0x1fff821d        0x1 .\ARM_GCC_493\Debug\C-CAN.a(CAN_1.o)
                0x1fff821d                CAN_1_initVar
 .bss           0x1fff821e        0x0 .\ARM_GCC_493\Debug\C-CAN.a(CAN_1_INT.o)
 .bss           0x1fff821e        0x1 .\ARM_GCC_493\Debug\C-CAN.a(CAN_TIMER.o)
                0x1fff821e                CAN_TIMER_initVar
 .bss           0x1fff821f        0x0 .\ARM_GCC_493\Debug\C-CAN.a(CAN_ISR.o)
 .bss           0x1fff821f        0x1 .\ARM_GCC_493\Debug\C-CAN.a(Encoder_Left.o)
                0x1fff821f                Encoder_Left_initVar
 .bss           0x1fff8220        0x1 .\ARM_GCC_493\Debug\C-CAN.a(Encoder_Right.o)
                0x1fff8220                Encoder_Right_initVar
 .bss           0x1fff8221        0x1 .\ARM_GCC_493\Debug\C-CAN.a(leftEncTimer.o)
                0x1fff8221                leftEncTimer_initVar
 .bss           0x1fff8222        0x1 .\ARM_GCC_493\Debug\C-CAN.a(rightEncTimer.o)
                0x1fff8222                rightEncTimer_initVar
 *fill*         0x1fff8223        0x1 
 .bss           0x1fff8224        0x4 .\ARM_GCC_493\Debug\C-CAN.a(CyFlash.o)