Archive member included because of file (symbol)

.\ARM_GCC_493\Debug\C-CAN.a(cyfitter_cfg.o)
                              .\ARM_GCC_493\Debug\Cm3Start.o (cyfitter_cfg)
.\ARM_GCC_493\Debug\C-CAN.a(UART_1.o)
                              .\ARM_GCC_493\Debug\main.o (UART_1_Start)
.\ARM_GCC_493\Debug\C-CAN.a(UART_1_INT.o)
                              .\ARM_GCC_493\Debug\C-CAN.a(UART_1.o) (UART_1_RXISR)
.\ARM_GCC_493\Debug\C-CAN.a(UART_1_IntClock.o)
                              .\ARM_GCC_493\Debug\C-CAN.a(UART_1.o) (UART_1_IntClock_Start)
.\ARM_GCC_493\Debug\C-CAN.a(CyBootAsmGnu.o)
                              .\ARM_GCC_493\Debug\C-CAN.a(cyfitter_cfg.o) (CyDelayCycles)
.\ARM_GCC_493\Debug\C-CAN.a(CyLib.o)
                              .\ARM_GCC_493\Debug\Cm3Start.o (CyResetStatus)
.\ARM_GCC_493\Debug\C-CAN.a(cyPm.o)
                              .\ARM_GCC_493\Debug\C-CAN.a(CyLib.o) (CyPmReadStatus)
.\ARM_GCC_493\Debug\C-CAN.a(ADC_SAR_1.o)
                              .\ARM_GCC_493\Debug\main.o (ADC_SAR_1_Start)
.\ARM_GCC_493\Debug\C-CAN.a(ADC_SAR_1_INT.o)
                              .\ARM_GCC_493\Debug\C-CAN.a(ADC_SAR_1.o) (ADC_SAR_1_ISR)
.\ARM_GCC_493\Debug\C-CAN.a(ADC_SAR_1_theACLK.o)
                              .\ARM_GCC_493\Debug\C-CAN.a(ADC_SAR_1.o) (ADC_SAR_1_theACLK_SetModeRegister)
.\ARM_GCC_493\Debug\C-CAN.a(AMux_1.o)
                              .\ARM_GCC_493\Debug\main.o (AMux_1_Start)
.\ARM_GCC_493\Debug\C-CAN.a(CAN_1.o)
                              .\ARM_GCC_493\Debug\main.o (CAN_1_Start)
.\ARM_GCC_493\Debug\C-CAN.a(CAN_1_INT.o)
                              .\ARM_GCC_493\Debug\C-CAN.a(CAN_1.o) (CAN_1_ISR)
.\ARM_GCC_493\Debug\C-CAN.a(Encoder_Left.o)
                              .\ARM_GCC_493\Debug\C-CAN.o (Encoder_Left_WriteCounter)
.\ARM_GCC_493\Debug\C-CAN.a(Encoder_Right.o)
                              .\ARM_GCC_493\Debug\C-CAN.o (Encoder_Right_WriteCounter)
.\ARM_GCC_493\Debug\C-CAN.a(leftEncTimer.o)
                              .\ARM_GCC_493\Debug\C-CAN.o (leftEncTimer_WriteCounter)
.\ARM_GCC_493\Debug\C-CAN.a(rightEncTimer.o)
                              .\ARM_GCC_493\Debug\C-CAN.o (rightEncTimer_WriteCounter)
.\ARM_GCC_493\Debug\C-CAN.a(CyFlash.o)
                              .\ARM_GCC_493\Debug\C-CAN.a(cyPm.o) (CyFlash_SetWaitCycles)
.\ARM_GCC_493\Debug\C-CAN.a(CySpc.o)
                              .\ARM_GCC_493\Debug\C-CAN.a(CyFlash.o) (CySpcStart)
c:/program files (x86)/cypress/psoc creator/3.3/psoc creator/import/gnu/arm/4.9.3/bin/../lib/gcc/arm-none-eabi/4.9.3/armv7-m\libgcc.a(_arm_addsubsf3.o)
                              .\ARM_GCC_493\Debug\C-CAN.o (__aeabi_fadd)
c:/program files (x86)/cypress/psoc creator/3.3/psoc creator/import/gnu/arm/4.9.3/bin/../lib/gcc/arm-none-eabi/4.9.3/armv7-m\libgcc.a(_arm_muldivsf3.o)
                              .\ARM_GCC_493\Debug\C-CAN.o (__aeabi_fmul)
c:/program files (x86)/cypress/psoc creator/3.3/psoc creator/import/gnu/arm/4.9.3/bin/../lib/gcc/arm-none-eabi/4.9.3/armv7-m\libgcc.a(_aeabi_ldivmod.o)
                              .\ARM_GCC_493\Debug\C-CAN.a(ADC_SAR_1.o) (__aeabi_ldivmod)
c:/program files (x86)/cypress/psoc creator/3.3/psoc creator/import/gnu/arm/4.9.3/bin/../lib/gcc/arm-none-eabi/4.9.3/armv7-m\libgcc.a(bpabi.o)
                              c:/program files (x86)/cypress/psoc creator/3.3/psoc creator/import/gnu/arm/4.9.3/bin/../lib/gcc/arm-none-eabi/4.9.3/armv7-m\libgcc.a(_aeabi_ldivmod.o) (__gnu_ldivmod_helper)
c:/program files (x86)/cypress/psoc creator/3.3/psoc creator/import/gnu/arm/4.9.3/bin/../lib/gcc/arm-none-eabi/4.9.3/armv7-m\libgcc.a(_dvmd_tls.o)
                              c:/program files (x86)/cypress/psoc creator/3.3/psoc creator/import/gnu/arm/4.9.3/bin/../lib/gcc/arm-none-eabi/4.9.3/armv7-m\libgcc.a(_aeabi_ldivmod.o) (__aeabi_ldiv0)
c:/program files (x86)/cypress/psoc creator/3.3/psoc creator/import/gnu/arm/4.9.3/bin/../lib/gcc/arm-none-eabi/4.9.3/armv7-m\libgcc.a(_divdi3.o)
                              c:/program files (x86)/cypress/psoc creator/3.3/psoc creator/import/gnu/arm/4.9.3/bin/../lib/gcc/arm-none-eabi/4.9.3/armv7-m\libgcc.a(bpabi.o) (__divdi3)
c:/program files (x86)/cypress/psoc creator/3.3/psoc creator/import/gnu/arm/4.9.3/bin/../lib/gcc/arm-none-eabi/4.9.3/armv7-m\libgcc.a(_udivdi3.o)
                              c:/program files (x86)/cypress/psoc creator/3.3/psoc creator/import/gnu/arm/4.9.3/bin/../lib/gcc/arm-none-eabi/4.9.3/armv7-m\libgcc.a(bpabi.o) (__udivdi3)
c:/program files (x86)/cypress/psoc creator/3.3/psoc creator/import/gnu/arm/4.9.3/bin/../lib/gcc/arm-none-eabi/4.9.3/../../../../arm-none-eabi/lib/armv7-m\libg_nano.a(lib_a-errno.o)
                              .\ARM_GCC_493\Debug\Cm3Start.o (__errno)
c:/program files (x86)/cypress/psoc creator/3.3/psoc creator/import/gnu/arm/4.9.3/bin/../lib/gcc/arm-none-eabi/4.9.3/../../../../arm-none-eabi/lib/armv7-m\libg_nano.a(lib_a-exit.o)
[...]
Memory Configuration

Name             Origin             Length             Attributes
rom              0x00000000         0x00040000         xr
ram              0x1fff8000         0x00010000         xrw
*default*        0x00000000         0xffffffff

Linker script and memory map

LOAD c:/program files (x86)/cypress/psoc creator/3.3/psoc creator/import/gnu/arm/4.9.3/bin/../lib/gcc/arm-none-eabi/4.9.3/armv7-m/crti.o
LOAD c:/program files (x86)/cypress/psoc creator/3.3/psoc creator/import/gnu/arm/4.9.3/bin/../lib/gcc/arm-none-eabi/4.9.3/armv7-m/crtbegin.o
LOAD c:/program files (x86)/cypress/psoc creator/3.3/psoc creator/import/gnu/arm/4.9.3/bin/../lib/gcc/arm-none-eabi/4.9.3/../../../../arm-none-eabi/lib/armv7-m/crt0.o
START GROUP
LOAD .\ARM_GCC_493\Debug\main.o
LOAD .\ARM_GCC_493\Debug\C-CAN.o
LOAD .\ARM_GCC_493\Debug\cymetadata.o
LOAD .\ARM_GCC_493\Debug\Cm3Start.o
LOAD .\ARM_GCC_493\Debug\C-CAN.a
LOAD C:\Program Files (x86)\Cypress\PSoC Creator\3.3\PSoC Creator\psoc\content\cycomponentlibrary\CyComponentLibrary.cylib\CortexM3\ARM_GCC_493\Debug\CyComponentLibrary.a
END GROUP
START GROUP
LOAD c:/program files (x86)/cypress/psoc creator/3.3/psoc creator/import/gnu/arm/4.9.3/bin/../lib/gcc/arm-none-eabi/4.9.3/armv7-m\libgcc.a
LOAD c:/program files (x86)/cypress/psoc creator/3.3/psoc creator/import/gnu/arm/4.9.3/bin/../lib/gcc/arm-none-eabi/4.9.3/../../../../arm-none-eabi/lib/armv7-m\libg_nano.a
LOAD c:/program files (x86)/cypress/psoc creator/3.3/psoc creator/import/gnu/arm/4.9.3/bin/../lib/gcc/arm-none-eabi/4.9.3/../../../../arm-none-eabi/lib/armv7-m\libc_nano.a
END GROUP
START GROUP
LOAD c:/program files (x86)/cypress/psoc creator/3.3/psoc creator/import/gnu/arm/4.9.3/bin/../lib/gcc/arm-none-eabi/4.9.3/armv7-m\libgcc.a
LOAD c:/program files (x86)/cypress/psoc creator/3.3/psoc creator/import/gnu/arm/4.9.3/bin/../lib/gcc/arm-none-eabi/4.9.3/../../../../arm-none-eabi/lib/armv7-m\libc_nano.a
END GROUP
LOAD c:/program files (x86)/cypress/psoc creator/3.3/psoc creator/import/gnu/arm/4.9.3/bin/../lib/gcc/arm-none-eabi/4.9.3/armv7-m/crtend.o
LOAD c:/program files (x86)/cypress/psoc creator/3.3/psoc creator/import/gnu/arm/4.9.3/bin/../lib/gcc/arm-none-eabi/4.9.3/armv7-m/crtn.o
START GROUP
LOAD c:/program files (x86)/cypress/psoc creator/3.3/psoc creator/import/gnu/arm/4.9.3/bin/../lib/gcc/arm-none-eabi/4.9.3/armv7-m\libgcc.a
LOAD c:/program files (x86)/cypress/psoc creator/3.3/psoc creator/import/gnu/arm/4.9.3/bin/../lib/gcc/arm-none-eabi/4.9.3/../../../../arm-none-eabi/lib/armv7-m\libc.a
LOAD c:/program files (x86)/cypress/psoc creator/3.3/psoc creator/import/gnu/arm/4.9.3/bin/../lib/gcc/arm-none-eabi/4.9.3/../../../../arm-none-eabi/lib/armv7-m\libnosys.a
END GROUP
                0x00000000                CY_APPL_ORIGIN = 0x0
                0x00000100                CY_FLASH_ROW_SIZE = 0x100
                0x00000020                CY_ECC_ROW_SIZE = 0x20
                0x00000000                CY_EE_IN_BTLDR = 0x0
                0x00000000                CY_APPL_LOADABLE = 0x0
                0x00000800                CY_EE_SIZE = 0x800
                0x00000001                CY_APPL_NUM = 0x1
                0x00000001                CY_APPL_MAX = 0x1
                0x00000040                CY_METADATA_SIZE = 0x40
                0x00000000                CY_APPL_LOADABLE = 0x0
                0x00000000                CY_CHECKSUM_EXCLUDE_SIZE = ALIGN (0x0, CY_FLASH_ROW_SIZE)
                0x1fff8870                PROVIDE (__cy_heap_start, _end)
                0x00000001                PROVIDE (__cy_region_num, ((__cy_regions_end - __cy_regions) / 0x10))
                0x20008000                PROVIDE (__cy_stack, (ORIGIN (ram) + 0x10000))
                0x20007800                PROVIDE (__cy_heap_end, (__cy_stack - 0x800))

.cybootloader   0x00000000        0x0
 *(.cybootloader)
                0x00000000                appl1_start = CY_APPL_ORIGIN?CY_APPL_ORIGIN:ALIGN (CY_FLASH_ROW_SIZE)
                0x0001ff00                appl2_start = (appl1_start + ALIGN ((((0x40000 - appl1_start) - (0x2 * CY_FLASH_ROW_SIZE)) / 0x2), CY_FLASH_ROW_SIZE))
                0x00000000                appl_start = (CY_APPL_NUM == 0x1)?appl1_start:appl2_start
                0x00000000                ecc_offset = ((appl_start / CY_FLASH_ROW_SIZE) * CY_ECC_ROW_SIZE)
                0x00000000                ee_offset = (CY_APPL_LOADABLE && ! (CY_EE_IN_BTLDR))?((CY_EE_SIZE / CY_APPL_MAX) * (CY_APPL_NUM - 0x1)):0x0
                0x00000800                ee_size = (CY_APPL_LOADABLE && ! (CY_EE_IN_BTLDR))?(CY_EE_SIZE / CY_APPL_MAX):CY_EE_SIZE
                0x00000000                PROVIDE (CY_ECC_OFFSET, ecc_offset)

.text           0x00000000     0x8aa4
 CREATE_OBJECT_SYMBOLS
                0x00000000                PROVIDE (__cy_interrupt_vector, RomVectors)
 *(.romvectors)
 .romvectors    0x00000000       0x10 .\ARM_GCC_493\Debug\Cm3Start.o
                0x00000000                RomVectors
                0x00000001                ASSERT ((. != __cy_interrupt_vector), No interrupt vector)
                0x00000001                ASSERT (CY_APPL_ORIGIN?(SIZEOF (.cybootloader) <= CY_APPL_ORIGIN):0x1, Wrong image location)
                0x00000010                PROVIDE (__cy_reset, Reset)
 *(.text.Reset)
 .text.Reset    0x00000010       0x18 .\ARM_GCC_493\Debug\Cm3Start.o
                0x00000010                Reset
                0x00000001                ASSERT ((. != __cy_reset), No reset code)
 *(.dma_init)
                0x00000001                ASSERT ((((appl_start + .) <= 0x10000) || 0x1), DMA Init must be within the first 64k of flash)
 *(.text .text.* .gnu.linkonce.t.*)
 .text          0x00000028        0x0 c:/program files (x86)/cypress/psoc creator/3.3/psoc creator/import/gnu/arm/4.9.3/bin/../lib/gcc/arm-none-eabi/4.9.3/armv7-m/crti.o
 .text          0x00000028       0x5c c:/program files (x86)/cypress/psoc creator/3.3/psoc creator/import/gnu/arm/4.9.3/bin/../lib/gcc/arm-none-eabi/4.9.3/armv7-m/crtbegin.o
 .text          0x00000084       0x74 c:/program files (x86)/cypress/psoc creator/3.3/psoc creator/import/gnu/arm/4.9.3/bin/../lib/gcc/arm-none-eabi/4.9.3/../../../../arm-none-eabi/lib/armv7-m/crt0.o
                0x00000084                _start
                0x00000084                _mainCRTStartup
 .text          0x000000f8        0x0 .\ARM_GCC_493\Debug\main.o
 .text.CAN_1_SendMsg
                0x000000f8      0x180 .\ARM_GCC_493\Debug\main.o
                0x000000f8                CAN_1_SendMsg
 .text.CAN_1_TxCancel
                0x00000278       0x44 .\ARM_GCC_493\Debug\main.o
                0x00000278                CAN_1_TxCancel
 .text.CAN_1_SendMsg0
                0x000002bc       0x8c .\ARM_GCC_493\Debug\main.o
                0x000002bc                CAN_1_SendMsg0
 .text.CAN_1_ReceiveMsg
                0x00000348       0x48 .\ARM_GCC_493\Debug\main.o
                0x00000348                CAN_1_ReceiveMsg
 .text.main     0x00000390      0x13c .\ARM_GCC_493\Debug\main.o
                0x00000390                main
 .text          0x000004cc        0x0 .\ARM_GCC_493\Debug\C-CAN.o
 .text.GetSample
                0x000004cc       0xd8 .\ARM_GCC_493\Debug\C-CAN.o
                0x000004cc                GetSample
 .text.GetRPM   0x000005a4      0x1dc .\ARM_GCC_493\Debug\C-CAN.o
                0x000005a4                GetRPM
 .text.SensorSet
                0x00000780       0x4c .\ARM_GCC_493\Debug\C-CAN.o
                0x00000780                SensorSet
 .text.PotInit  0x000007cc       0x58 .\ARM_GCC_493\Debug\C-CAN.o
                0x000007cc                PotInit
 .text.EncoderInit
                0x00000824       0x5c .\ARM_GCC_493\Debug\C-CAN.o
                0x00000824                EncoderInit
 .text.Config   0x00000880      0x38c .\ARM_GCC_493\Debug\C-CAN.o
                0x00000880                Config
 .text.CAN_Send
                0x00000c0c       0x5c .\ARM_GCC_493\Debug\C-CAN.o
                0x00000c0c                CAN_Send
 .text.SetFlag  0x00000c68       0x20 .\ARM_GCC_493\Debug\C-CAN.o
                0x00000c68                SetFlag
 .text.GetRate  0x00000c88       0x24 .\ARM_GCC_493\Debug\C-CAN.o
                0x00000c88                GetRate
 .text.SensorEnable
                0x00000cac       0x20 .\ARM_GCC_493\Debug\C-CAN.o
                0x00000cac                SensorEnable
 .text.EnableSave
                0x00000ccc       0x28 .\ARM_GCC_493\Debug\C-CAN.o
                0x00000ccc                EnableSave
 .text.EnableRestore
                0x00000cf4       0x28 .\ARM_GCC_493\Debug\C-CAN.o
                0x00000cf4                EnableRestore
 .text          0x00000d1c        0x0 .\ARM_GCC_493\Debug\cymetadata.o
 .text          0x00000d1c        0x0 .\ARM_GCC_493\Debug\Cm3Start.o
 .text.IntDefaultHandler
                0x00000d1c        0x8 .\ARM_GCC_493\Debug\Cm3Start.o
                0x00000d1c                IntDefaultHandler
 .text._exit    0x00000d24       0x14 .\ARM_GCC_493\Debug\Cm3Start.o
                0x00000d24                _exit
 .text._sbrk    0x00000d38       0x50 .\ARM_GCC_493\Debug\Cm3Start.o
                0x00000d38                _sbrk
 .text.Start_c  0x00000d88       0x98 .\ARM_GCC_493\Debug\Cm3Start.o
                0x00000d88                Start_c
 .text.initialize_psoc
                0x00000e20       0x8c .\ARM_GCC_493\Debug\Cm3Start.o
                0x00000e20                initialize_psoc
 .text          0x00000eac        0x0 .\ARM_GCC_493\Debug\C-CAN.a(cyfitter_cfg.o)
 .text.CYMEMZERO
                0x00000eac       0x1c .\ARM_GCC_493\Debug\C-CAN.a(cyfitter_cfg.o)
 .text.CYCONFIGCPY
                0x00000ec8       0x1c .\ARM_GCC_493\Debug\C-CAN.a(cyfitter_cfg.o)
 .text.CYCONFIGCPYCODE
                0x00000ee4       0x1c .\ARM_GCC_493\Debug\C-CAN.a(cyfitter_cfg.o)
 .text.CyClockStartupError
                0x00000f00        0xc .\ARM_GCC_493\Debug\C-CAN.a(cyfitter_cfg.o)
 .text.cfg_write_bytes32
                0x00000f0c       0x74 .\ARM_GCC_493\Debug\C-CAN.a(cyfitter_cfg.o)
 .text.ClockSetup
                0x00000f80      0x150 .\ARM_GCC_493\Debug\C-CAN.a(cyfitter_cfg.o)
 .text.AnalogSetDefault
                0x000010d0       0xb0 .\ARM_GCC_493\Debug\C-CAN.a(cyfitter_cfg.o)
 .text.SetAnalogRoutingPumps
                0x00001180       0x3c .\ARM_GCC_493\Debug\C-CAN.a(cyfitter_cfg.o)
                0x00001180                SetAnalogRoutingPumps
 .text.AMux_1_Set
                0x000011bc       0xb8 .\ARM_GCC_493\Debug\C-CAN.a(cyfitter_cfg.o)
                0x000011bc                AMux_1_Set
 .text.AMux_1_Unset
                0x00001274       0xc4 .\ARM_GCC_493\Debug\C-CAN.a(cyfitter_cfg.o)
                0x00001274                AMux_1_Unset
 .text.cyfitter_cfg
                0x00001338      0x180 .\ARM_GCC_493\Debug\C-CAN.a(cyfitter_cfg.o)
                0x00001338                cyfitter_cfg
 .text          0x000014b8        0x0 .\ARM_GCC_493\Debug\C-CAN.a(UART_1.o)
 .text.UART_1_Start
                0x000014b8       0x20 .\ARM_GCC_493\Debug\C-CAN.a(UART_1.o)
                0x000014b8                UART_1_Start
 .text.UART_1_Init
                0x000014d8       0x6c .\ARM_GCC_493\Debug\C-CAN.a(UART_1.o)
                0x000014d8                UART_1_Init
 .text.UART_1_Enable
                0x00001544       0x78 .\ARM_GCC_493\Debug\C-CAN.a(UART_1.o)
                0x00001544                UART_1_Enable
 .text.UART_1_Stop
                0x000015bc       0x6c .\ARM_GCC_493\Debug\C-CAN.a(UART_1.o)
                0x000015bc                UART_1_Stop
 .text.UART_1_ReadControlRegister
                0x00001628       0x10 .\ARM_GCC_493\Debug\C-CAN.a(UART_1.o)
                0x00001628                UART_1_ReadControlRegister
 .text.UART_1_WriteControlRegister
                0x00001638       0x14 .\ARM_GCC_493\Debug\C-CAN.a(UART_1.o)
                0x00001638                UART_1_WriteControlRegister
 .text.UART_1_SetRxInterruptMode
                0x0000164c       0x20 .\ARM_GCC_493\Debug\C-CAN.a(UART_1.o)
                0x0000164c                UART_1_SetRxInterruptMode
 .text.UART_1_ReadRxData
                0x0000166c       0x94 .\ARM_GCC_493\Debug\C-CAN.a(UART_1.o)
                0x0000166c                UART_1_ReadRxData
 .text.UART_1_ReadRxStatus
                0x00001700       0x40 .\ARM_GCC_493\Debug\C-CAN.a(UART_1.o)
                0x00001700                UART_1_ReadRxStatus
 .text.UART_1_GetChar
                0x00001740       0xb8 .\ARM_GCC_493\Debug\C-CAN.a(UART_1.o)
                0x00001740                UART_1_GetChar
 .text.UART_1_GetByte
                0x000017f8       0x44 .\ARM_GCC_493\Debug\C-CAN.a(UART_1.o)
                0x000017f8                UART_1_GetByte
 .text.UART_1_GetRxBufferSize
                0x0000183c       0x90 .\ARM_GCC_493\Debug\C-CAN.a(UART_1.o)
                0x0000183c                UART_1_GetRxBufferSize
 .text.UART_1_ClearRxBuffer
                0x000018cc       0x7c .\ARM_GCC_493\Debug\C-CAN.a(UART_1.o)
                0x000018cc                UART_1_ClearRxBuffer
 .text.UART_1_SetRxAddressMode
                0x00001948       0x14 .\ARM_GCC_493\Debug\C-CAN.a(UART_1.o)
                0x00001948                UART_1_SetRxAddressMode
 .text.UART_1_SetRxAddress1
                0x0000195c       0x20 .\ARM_GCC_493\Debug\C-CAN.a(UART_1.o)
                0x0000195c                UART_1_SetRxAddress1
 .text.UART_1_SetRxAddress2
                0x0000197c       0x20 .\ARM_GCC_493\Debug\C-CAN.a(UART_1.o)
                0x0000197c                UART_1_SetRxAddress2
 .text.UART_1_SetTxInterruptMode
                0x0000199c       0x20 .\ARM_GCC_493\Debug\C-CAN.a(UART_1.o)
                0x0000199c                UART_1_SetTxInterruptMode
 .text.UART_1_WriteTxData
                0x000019bc       0x94 .\ARM_GCC_493\Debug\C-CAN.a(UART_1.o)
                0x000019bc                UART_1_WriteTxData
 .text.UART_1_ReadTxStatus
                0x00001a50       0x18 .\ARM_GCC_493\Debug\C-CAN.a(UART_1.o)
                0x00001a50                UART_1_ReadTxStatus
 .text.UART_1_PutChar
                0x00001a68       0xb8 .\ARM_GCC_493\Debug\C-CAN.a(UART_1.o)
                0x00001a68                UART_1_PutChar
 .text.UART_1_PutString
                0x00001b20       0x40 .\ARM_GCC_493\Debug\C-CAN.a(UART_1.o)
                0x00001b20                UART_1_PutString
 .text.UART_1_PutArray
                0x00001b60       0x40 .\ARM_GCC_493\Debug\C-CAN.a(UART_1.o)
                0x00001b60                UART_1_PutArray
 .text.UART_1_PutCRLF
                0x00001ba0       0x30 .\ARM_GCC_493\Debug\C-CAN.a(UART_1.o)
                0x00001ba0                UART_1_PutCRLF
 .text.UART_1_GetTxBufferSize
                0x00001bd0       0x74 .\ARM_GCC_493\Debug\C-CAN.a(UART_1.o)
                0x00001bd0                UART_1_GetTxBufferSize
 .text.UART_1_ClearTxBuffer
                0x00001c44       0x68 .\ARM_GCC_493\Debug\C-CAN.a(UART_1.o)
                0x00001c44                UART_1_ClearTxBuffer
 .text.UART_1_SendBreak
                0x00001cac       0x9c .\ARM_GCC_493\Debug\C-CAN.a(UART_1.o)
                0x00001cac                UART_1_SendBreak
 .text.UART_1_SetTxAddressMode
                0x00001d48       0x14 .\ARM_GCC_493\Debug\C-CAN.a(UART_1.o)
                0x00001d48                UART_1_SetTxAddressMode
 .text          0x00001d5c        0x0 .\ARM_GCC_493\Debug\C-CAN.a(UART_1_INT.o)
 .text.UART_1_RXISR
                0x00001d5c       0xd8 .\ARM_GCC_493\Debug\C-CAN.a(UART_1_INT.o)
                0x00001d5c                UART_1_RXISR
 .text.UART_1_TXISR
                0x00001e34       0x70 .\ARM_GCC_493\Debug\C-CAN.a(UART_1_INT.o)
                0x00001e34                UART_1_TXISR
 .text          0x00001ea4        0x0 .\ARM_GCC_493\Debug\C-CAN.a(UART_1_IntClock.o)
 .text.UART_1_IntClock_Start
                0x00001ea4       0x34 .\ARM_GCC_493\Debug\C-CAN.a(UART_1_IntClock.o)
                0x00001ea4                UART_1_IntClock_Start
 .text.UART_1_IntClock_Stop
                0x00001ed8       0x34 .\ARM_GCC_493\Debug\C-CAN.a(UART_1_IntClock.o)
                0x00001ed8                UART_1_IntClock_Stop
 .text.UART_1_IntClock_StopBlock
                0x00001f0c       0xb0 .\ARM_GCC_493\Debug\C-CAN.a(UART_1_IntClock.o)
                0x00001f0c                UART_1_IntClock_StopBlock
 .text.UART_1_IntClock_StandbyPower
                0x00001fbc       0x40 .\ARM_GCC_493\Debug\C-CAN.a(UART_1_IntClock.o)
                0x00001fbc                UART_1_IntClock_StandbyPower
 .text.UART_1_IntClock_SetDividerRegister
                0x00001ffc      0x160 .\ARM_GCC_493\Debug\C-CAN.a(UART_1_IntClock.o)
                0x00001ffc                UART_1_IntClock_SetDividerRegister
 .text.UART_1_IntClock_GetDividerRegister
                0x0000215c       0x18 .\ARM_GCC_493\Debug\C-CAN.a(UART_1_IntClock.o)
                0x0000215c                UART_1_IntClock_GetDividerRegister
 .text.UART_1_IntClock_SetModeRegister
                0x00002174       0x34 .\ARM_GCC_493\Debug\C-CAN.a(UART_1_IntClock.o)
                0x00002174                UART_1_IntClock_SetModeRegister
 .text.UART_1_IntClock_ClearModeRegister
                0x000021a8       0x34 .\ARM_GCC_493\Debug\C-CAN.a(UART_1_IntClock.o)
                0x000021a8                UART_1_IntClock_ClearModeRegister
 .text.UART_1_IntClock_GetModeRegister
                0x000021dc       0x20 .\ARM_GCC_493\Debug\C-CAN.a(UART_1_IntClock.o)
                0x000021dc                UART_1_IntClock_GetModeRegister
 .text.UART_1_IntClock_SetSourceRegister
                0x000021fc       0xbc .\ARM_GCC_493\Debug\C-CAN.a(UART_1_IntClock.o)
                0x000021fc                UART_1_IntClock_SetSourceRegister
 .text.UART_1_IntClock_GetSourceRegister
                0x000022b8       0x20 .\ARM_GCC_493\Debug\C-CAN.a(UART_1_IntClock.o)
                0x000022b8                UART_1_IntClock_GetSourceRegister
 .text          0x000022d8       0x58 .\ARM_GCC_493\Debug\C-CAN.a(CyBootAsmGnu.o)
                0x000022d8                CyDelayCycles
                0x00002316                CyEnterCriticalSection
                0x0000231e                CyExitCriticalSection
 .text          0x00002330        0x0 .\ARM_GCC_493\Debug\C-CAN.a(CyLib.o)
 .text.CyPLL_OUT_Start
                0x00002330       0xb0 .\ARM_GCC_493\Debug\C-CAN.a(CyLib.o)
                0x00002330                CyPLL_OUT_Start
 .text.CyPLL_OUT_Stop
                0x000023e0       0x20 .\ARM_GCC_493\Debug\C-CAN.a(CyLib.o)
                0x000023e0                CyPLL_OUT_Stop
 .text.CyPLL_OUT_SetPQ
                0x00002400       0x90 .\ARM_GCC_493\Debug\C-CAN.a(CyLib.o)
                0x00002400                CyPLL_OUT_SetPQ
 .text.CyPLL_OUT_SetSource
                0x00002490       0x54 .\ARM_GCC_493\Debug\C-CAN.a(CyLib.o)
                0x00002490                CyPLL_OUT_SetSource
 .text.CyIMO_Start
                0x000024e4       0x94 .\ARM_GCC_493\Debug\C-CAN.a(CyLib.o)
                0x000024e4                CyIMO_Start
 .text.CyIMO_Stop
                0x00002578       0x34 .\ARM_GCC_493\Debug\C-CAN.a(CyLib.o)
                0x00002578                CyIMO_Stop
 .text.CyUSB_PowerOnCheck
                0x000025ac       0x60 .\ARM_GCC_493\Debug\C-CAN.a(CyLib.o)
 .text.CyIMO_SetTrimValue
                0x0000260c      0x108 .\ARM_GCC_493\Debug\C-CAN.a(CyLib.o)
 .text.CyIMO_SetFreq
                0x00002714      0x1ac .\ARM_GCC_493\Debug\C-CAN.a(CyLib.o)
                0x00002714                CyIMO_SetFreq
 .text.CyIMO_SetSource
                0x000028c0       0x8c .\ARM_GCC_493\Debug\C-CAN.a(CyLib.o)
                0x000028c0                CyIMO_SetSource
 .text.CyIMO_EnableDoubler
                0x0000294c       0x20 .\ARM_GCC_493\Debug\C-CAN.a(CyLib.o)
                0x0000294c                CyIMO_EnableDoubler
 .text.CyIMO_DisableDoubler
                0x0000296c       0x20 .\ARM_GCC_493\Debug\C-CAN.a(CyLib.o)
                0x0000296c                CyIMO_DisableDoubler
 .text.CyMasterClk_SetSource
                0x0000298c       0x34 .\ARM_GCC_493\Debug\C-CAN.a(CyLib.o)
                0x0000298c                CyMasterClk_SetSource
 .text.CyMasterClk_SetDivider
                0x000029c0       0x20 .\ARM_GCC_493\Debug\C-CAN.a(CyLib.o)
                0x000029c0                CyMasterClk_SetDivider
 .text.CyBusClk_Internal_SetDivider
                0x000029e0       0x78 .\ARM_GCC_493\Debug\C-CAN.a(CyLib.o)
 .text.CyBusClk_SetDivider
                0x00002a58       0xb4 .\ARM_GCC_493\Debug\C-CAN.a(CyLib.o)
                0x00002a58                CyBusClk_SetDivider
 .text.CyUsbClk_SetSource
                0x00002b0c       0x34 .\ARM_GCC_493\Debug\C-CAN.a(CyLib.o)
                0x00002b0c                CyUsbClk_SetSource
 .text.CyILO_Start1K
                0x00002b40       0x20 .\ARM_GCC_493\Debug\C-CAN.a(CyLib.o)
                0x00002b40                CyILO_Start1K
 .text.CyILO_Stop1K
                0x00002b60       0x20 .\ARM_GCC_493\Debug\C-CAN.a(CyLib.o)
                0x00002b60                CyILO_Stop1K
 .text.CyILO_Start100K
                0x00002b80       0x20 .\ARM_GCC_493\Debug\C-CAN.a(CyLib.o)
                0x00002b80                CyILO_Start100K
 .text.CyILO_Stop100K
                0x00002ba0       0x20 .\ARM_GCC_493\Debug\C-CAN.a(CyLib.o)
                0x00002ba0                CyILO_Stop100K
 .text.CyILO_Enable33K
                0x00002bc0       0x20 .\ARM_GCC_493\Debug\C-CAN.a(CyLib.o)
                0x00002bc0                CyILO_Enable33K
 .text.CyILO_Disable33K
                0x00002be0       0x20 .\ARM_GCC_493\Debug\C-CAN.a(CyLib.o)
                0x00002be0                CyILO_Disable33K
 .text.CyILO_SetSource
                0x00002c00       0x38 .\ARM_GCC_493\Debug\C-CAN.a(CyLib.o)
                0x00002c00                CyILO_SetSource
 .text.CyILO_SetPowerMode
                0x00002c38       0x4c .\ARM_GCC_493\Debug\C-CAN.a(CyLib.o)
                0x00002c38                CyILO_SetPowerMode
 .text.CyXTAL_32KHZ_Start
                0x00002c84       0x84 .\ARM_GCC_493\Debug\C-CAN.a(CyLib.o)
                0x00002c84                CyXTAL_32KHZ_Start
 .text.CyXTAL_32KHZ_Stop
                0x00002d08       0x50 .\ARM_GCC_493\Debug\C-CAN.a(CyLib.o)
                0x00002d08                CyXTAL_32KHZ_Stop
 .text.CyXTAL_32KHZ_ReadStatus
                0x00002d58       0x20 .\ARM_GCC_493\Debug\C-CAN.a(CyLib.o)
                0x00002d58                CyXTAL_32KHZ_ReadStatus
 .text.CyXTAL_32KHZ_SetPowerMode
                0x00002d78       0xb4 .\ARM_GCC_493\Debug\C-CAN.a(CyLib.o)
                0x00002d78                CyXTAL_32KHZ_SetPowerMode
 .text.CyXTAL_Start
                0x00002e2c       0xd0 .\ARM_GCC_493\Debug\C-CAN.a(CyLib.o)
                0x00002e2c                CyXTAL_Start
 .text.CyXTAL_Stop
                0x00002efc       0x20 .\ARM_GCC_493\Debug\C-CAN.a(CyLib.o)
                0x00002efc                CyXTAL_Stop
 .text.CyXTAL_EnableErrStatus
                0x00002f1c       0x20 .\ARM_GCC_493\Debug\C-CAN.a(CyLib.o)
                0x00002f1c                CyXTAL_EnableErrStatus
 .text.CyXTAL_DisableErrStatus
                0x00002f3c       0x20 .\ARM_GCC_493\Debug\C-CAN.a(CyLib.o)
                0x00002f3c                CyXTAL_DisableErrStatus
 .text.CyXTAL_ReadStatus
                0x00002f5c       0x28 .\ARM_GCC_493\Debug\C-CAN.a(CyLib.o)
                0x00002f5c                CyXTAL_ReadStatus
 .text.CyXTAL_EnableFaultRecovery
                0x00002f84       0x20 .\ARM_GCC_493\Debug\C-CAN.a(CyLib.o)
                0x00002f84                CyXTAL_EnableFaultRecovery
 .text.CyXTAL_DisableFaultRecovery
                0x00002fa4       0x20 .\ARM_GCC_493\Debug\C-CAN.a(CyLib.o)
                0x00002fa4                CyXTAL_DisableFaultRecovery
 .text.CyXTAL_SetStartup
                0x00002fc4       0x34 .\ARM_GCC_493\Debug\C-CAN.a(CyLib.o)
                0x00002fc4                CyXTAL_SetStartup
 .text.CyXTAL_SetFbVoltage
                0x00002ff8       0x34 .\ARM_GCC_493\Debug\C-CAN.a(CyLib.o)
                0x00002ff8                CyXTAL_SetFbVoltage
 .text.CyXTAL_SetWdVoltage
                0x0000302c       0x38 .\ARM_GCC_493\Debug\C-CAN.a(CyLib.o)
                0x0000302c                CyXTAL_SetWdVoltage
 .text.CyHalt   0x00003064       0x18 .\ARM_GCC_493\Debug\C-CAN.a(CyLib.o)
                0x00003064                CyHalt
 .text.CySoftwareReset
                0x0000307c       0x20 .\ARM_GCC_493\Debug\C-CAN.a(CyLib.o)
                0x0000307c                CySoftwareReset
 .text.CyDelay  0x0000309c       0x44 .\ARM_GCC_493\Debug\C-CAN.a(CyLib.o)
                0x0000309c                CyDelay
 .text.CyDelayUs
                0x000030e0       0x24 .\ARM_GCC_493\Debug\C-CAN.a(CyLib.o)
                0x000030e0                CyDelayUs
 .text.CyDelayFreq
                0x00003104       0x7c .\ARM_GCC_493\Debug\C-CAN.a(CyLib.o)
                0x00003104                CyDelayFreq
 .text.CyWdtStart
                0x00003180       0x8c .\ARM_GCC_493\Debug\C-CAN.a(CyLib.o)
                0x00003180                CyWdtStart
 .text.CyWdtClear
                0x0000320c       0x18 .\ARM_GCC_493\Debug\C-CAN.a(CyLib.o)
                0x0000320c                CyWdtClear
 .text.CyVdLvDigitEnable
                0x00003224       0xcc .\ARM_GCC_493\Debug\C-CAN.a(CyLib.o)
                0x00003224                CyVdLvDigitEnable
 .text.CyVdLvAnalogEnable
                0x000032f0       0xc8 .\ARM_GCC_493\Debug\C-CAN.a(CyLib.o)
                0x000032f0                CyVdLvAnalogEnable
 .text.CyVdLvDigitDisable
                0x000033b8       0x48 .\ARM_GCC_493\Debug\C-CAN.a(CyLib.o)
                0x000033b8                CyVdLvDigitDisable
 .text.CyVdLvAnalogDisable
                0x00003400       0x40 .\ARM_GCC_493\Debug\C-CAN.a(CyLib.o)
                0x00003400                CyVdLvAnalogDisable
 .text.CyVdHvAnalogEnable
                0x00003440       0x78 .\ARM_GCC_493\Debug\C-CAN.a(CyLib.o)
                0x00003440                CyVdHvAnalogEnable
 .text.CyVdHvAnalogDisable
                0x000034b8       0x2c .\ARM_GCC_493\Debug\C-CAN.a(CyLib.o)
                0x000034b8                CyVdHvAnalogDisable
 .text.CyVdStickyStatus
                0x000034e4       0x5c .\ARM_GCC_493\Debug\C-CAN.a(CyLib.o)
                0x000034e4                CyVdStickyStatus
 .text.CyVdRealTimeStatus
                0x00003540       0x30 .\ARM_GCC_493\Debug\C-CAN.a(CyLib.o)
                0x00003540                CyVdRealTimeStatus
 .text.CyDisableInts
                0x00003570       0x34 .\ARM_GCC_493\Debug\C-CAN.a(CyLib.o)
                0x00003570                CyDisableInts
 .text.CyEnableInts
                0x000035a4       0x28 .\ARM_GCC_493\Debug\C-CAN.a(CyLib.o)
                0x000035a4                CyEnableInts
 .text.CyFlushCache
                0x000035cc       0x58 .\ARM_GCC_493\Debug\C-CAN.a(CyLib.o)
                0x000035cc                CyFlushCache
 .text.CyIntSetSysVector
                0x00003624       0x4c .\ARM_GCC_493\Debug\C-CAN.a(CyLib.o)
                0x00003624                CyIntSetSysVector
 .text.CyIntGetSysVector
                0x00003670       0x38 .\ARM_GCC_493\Debug\C-CAN.a(CyLib.o)
                0x00003670                CyIntGetSysVector
 .text.CyIntSetVector
                0x000036a8       0x50 .\ARM_GCC_493\Debug\C-CAN.a(CyLib.o)
                0x000036a8                CyIntSetVector
 .text.CyIntGetVector
                0x000036f8       0x38 .\ARM_GCC_493\Debug\C-CAN.a(CyLib.o)
                0x000036f8                CyIntGetVector
 .text.CyIntSetPriority
                0x00003730       0x44 .\ARM_GCC_493\Debug\C-CAN.a(CyLib.o)
                0x00003730                CyIntSetPriority
 .text.CyIntGetPriority
                0x00003774       0x38 .\ARM_GCC_493\Debug\C-CAN.a(CyLib.o)
                0x00003774                CyIntGetPriority
 .text.CyIntGetState
                0x000037ac       0x44 .\ARM_GCC_493\Debug\C-CAN.a(CyLib.o)
                0x000037ac                CyIntGetState
 .text.CySysTickStart
                0x000037f0       0x20 .\ARM_GCC_493\Debug\C-CAN.a(CyLib.o)
                0x000037f0                CySysTickStart
 .text.CySysTickInit
                0x00003810       0x68 .\ARM_GCC_493\Debug\C-CAN.a(CyLib.o)
                0x00003810                CySysTickInit
 .text.CySysTickEnable
                0x00003878       0x1c .\ARM_GCC_493\Debug\C-CAN.a(CyLib.o)
                0x00003878                CySysTickEnable
 .text.CySysTickStop
                0x00003894       0x1c .\ARM_GCC_493\Debug\C-CAN.a(CyLib.o)
                0x00003894                CySysTickStop
 .text.CySysTickEnableInterrupt
                0x000038b0       0x1c .\ARM_GCC_493\Debug\C-CAN.a(CyLib.o)
                0x000038b0                CySysTickEnableInterrupt
 .text.CySysTickDisableInterrupt
                0x000038cc       0x1c .\ARM_GCC_493\Debug\C-CAN.a(CyLib.o)
                0x000038cc                CySysTickDisableInterrupt
 .text.CySysTickSetReload
                0x000038e8       0x20 .\ARM_GCC_493\Debug\C-CAN.a(CyLib.o)
                0x000038e8                CySysTickSetReload
 .text.CySysTickGetReload
                0x00003908       0x1c .\ARM_GCC_493\Debug\C-CAN.a(CyLib.o)
                0x00003908                CySysTickGetReload
 .text.CySysTickGetValue
                0x00003924       0x1c .\ARM_GCC_493\Debug\C-CAN.a(CyLib.o)
                0x00003924                CySysTickGetValue
 .text.CySysTickSetClockSource
                0x00003940       0x38 .\ARM_GCC_493\Debug\C-CAN.a(CyLib.o)
                0x00003940                CySysTickSetClockSource
 .text.CySysTickGetCountFlag
                0x00003978       0x1c .\ARM_GCC_493\Debug\C-CAN.a(CyLib.o)
                0x00003978                CySysTickGetCountFlag
 .text.CySysTickClear
                0x00003994       0x18 .\ARM_GCC_493\Debug\C-CAN.a(CyLib.o)
                0x00003994                CySysTickClear
 .text.CySysTickSetCallback
                0x000039ac       0x30 .\ARM_GCC_493\Debug\C-CAN.a(CyLib.o)
                0x000039ac                CySysTickSetCallback
 .text.CySysTickGetCallback
                0x000039dc       0x20 .\ARM_GCC_493\Debug\C-CAN.a(CyLib.o)
                0x000039dc                CySysTickGetCallback
 .text.CySysTickServiceCallbacks
                0x000039fc       0x44 .\ARM_GCC_493\Debug\C-CAN.a(CyLib.o)
 .text.CyGetUniqueId
                0x00003a40       0xc4 .\ARM_GCC_493\Debug\C-CAN.a(CyLib.o)
                0x00003a40                CyGetUniqueId
 .text          0x00003b04        0x0 .\ARM_GCC_493\Debug\C-CAN.a(cyPm.o)
 .text.CyPmSaveClocks
                0x00003b04      0x284 .\ARM_GCC_493\Debug\C-CAN.a(cyPm.o)
                0x00003b04                CyPmSaveClocks
 .text.CyPmRestoreClocks
                0x00003d88      0x300 .\ARM_GCC_493\Debug\C-CAN.a(cyPm.o)
                0x00003d88                CyPmRestoreClocks
 .text.CyPmAltAct
                0x00004088       0xb8 .\ARM_GCC_493\Debug\C-CAN.a(cyPm.o)
                0x00004088                CyPmAltAct
 .text.CyPmSleep
                0x00004140      0x170 .\ARM_GCC_493\Debug\C-CAN.a(cyPm.o)
                0x00004140                CyPmSleep
 .text.CyPmHibernate
                0x000042b0        0xc .\ARM_GCC_493\Debug\C-CAN.a(cyPm.o)
                0x000042b0                CyPmHibernate
 .text.CyPmHibernateEx
                0x000042bc      0x158 .\ARM_GCC_493\Debug\C-CAN.a(cyPm.o)
                0x000042bc                CyPmHibernateEx
 .text.CyPmReadStatus
                0x00004414       0x5c .\ARM_GCC_493\Debug\C-CAN.a(cyPm.o)
                0x00004414                CyPmReadStatus
 .text.CyPmHibSaveSet
                0x00004470       0xd4 .\ARM_GCC_493\Debug\C-CAN.a(cyPm.o)
 .text.CyPmHibRestore
                0x00004544       0x68 .\ARM_GCC_493\Debug\C-CAN.a(cyPm.o)
 .text.CyPmCtwSetInterval
                0x000045ac       0x90 .\ARM_GCC_493\Debug\C-CAN.a(cyPm.o)
                0x000045ac                CyPmCtwSetInterval
 .text.CyPmOppsSet
                0x0000463c       0x40 .\ARM_GCC_493\Debug\C-CAN.a(cyPm.o)
                0x0000463c                CyPmOppsSet
 .text.CyPmFtwSetInterval
                0x0000467c       0x90 .\ARM_GCC_493\Debug\C-CAN.a(cyPm.o)
                0x0000467c                CyPmFtwSetInterval
 .text.CyPmHibSlpSaveSet
                0x0000470c      0x280 .\ARM_GCC_493\Debug\C-CAN.a(cyPm.o)
 .text.CyPmHibSlpRestore
                0x0000498c      0x188 .\ARM_GCC_493\Debug\C-CAN.a(cyPm.o)
 .text.CyPmHviLviSaveDisable
                0x00004b14       0xd4 .\ARM_GCC_493\Debug\C-CAN.a(cyPm.o)
 .text.CyPmHviLviRestore
                0x00004be8       0x54 .\ARM_GCC_493\Debug\C-CAN.a(cyPm.o)
 .text          0x00004c3c        0x0 .\ARM_GCC_493\Debug\C-CAN.a(ADC_SAR_1.o)
 .text.ADC_SAR_1_Start
                0x00004c3c       0x20 .\ARM_GCC_493\Debug\C-CAN.a(ADC_SAR_1.o)
                0x00004c3c                ADC_SAR_1_Start
 .text.ADC_SAR_1_Init
                0x00004c5c       0x44 .\ARM_GCC_493\Debug\C-CAN.a(ADC_SAR_1.o)
                0x00004c5c                ADC_SAR_1_Init
 .text.ADC_SAR_1_Enable
                0x00004ca0       0xf4 .\ARM_GCC_493\Debug\C-CAN.a(ADC_SAR_1.o)
                0x00004ca0                ADC_SAR_1_Enable
 .text.ADC_SAR_1_Stop
                0x00004d94       0x80 .\ARM_GCC_493\Debug\C-CAN.a(ADC_SAR_1.o)
                0x00004d94                ADC_SAR_1_Stop
 .text.ADC_SAR_1_SetPower
                0x00004e14       0x40 .\ARM_GCC_493\Debug\C-CAN.a(ADC_SAR_1.o)
                0x00004e14                ADC_SAR_1_SetPower
 .text.ADC_SAR_1_SetResolution
                0x00004e54       0x50 .\ARM_GCC_493\Debug\C-CAN.a(ADC_SAR_1.o)
                0x00004e54                ADC_SAR_1_SetResolution
 .text.ADC_SAR_1_StartConvert
                0x00004ea4       0x30 .\ARM_GCC_493\Debug\C-CAN.a(ADC_SAR_1.o)
                0x00004ea4                ADC_SAR_1_StartConvert
 .text.ADC_SAR_1_StopConvert
                0x00004ed4       0x30 .\ARM_GCC_493\Debug\C-CAN.a(ADC_SAR_1.o)
                0x00004ed4                ADC_SAR_1_StopConvert
 .text.ADC_SAR_1_IsEndConversion
                0x00004f04       0x40 .\ARM_GCC_493\Debug\C-CAN.a(ADC_SAR_1.o)
                0x00004f04                ADC_SAR_1_IsEndConversion
 .text.ADC_SAR_1_GetResult8
                0x00004f44       0x2c .\ARM_GCC_493\Debug\C-CAN.a(ADC_SAR_1.o)
                0x00004f44                ADC_SAR_1_GetResult8
 .text.ADC_SAR_1_GetResult16
                0x00004f70       0x34 .\ARM_GCC_493\Debug\C-CAN.a(ADC_SAR_1.o)
                0x00004f70                ADC_SAR_1_GetResult16
 .text.ADC_SAR_1_SetOffset
                0x00004fa4       0x20 .\ARM_GCC_493\Debug\C-CAN.a(ADC_SAR_1.o)
                0x00004fa4                ADC_SAR_1_SetOffset
 .text.ADC_SAR_1_CalcGain
                0x00004fc4       0x80 .\ARM_GCC_493\Debug\C-CAN.a(ADC_SAR_1.o)
 .text.ADC_SAR_1_SetGain
                0x00005044       0x2c .\ARM_GCC_493\Debug\C-CAN.a(ADC_SAR_1.o)
                0x00005044                ADC_SAR_1_SetGain
 .text.ADC_SAR_1_SetScaledGain
                0x00005070       0x1c .\ARM_GCC_493\Debug\C-CAN.a(ADC_SAR_1.o)
                0x00005070                ADC_SAR_1_SetScaledGain
 .text.ADC_SAR_1_CountsTo_mVolts
                0x0000508c       0x8c .\ARM_GCC_493\Debug\C-CAN.a(ADC_SAR_1.o)
                0x0000508c                ADC_SAR_1_CountsTo_mVolts
 .text.ADC_SAR_1_CountsTo_uVolts
                0x00005118       0x94 .\ARM_GCC_493\Debug\C-CAN.a(ADC_SAR_1.o)
                0x00005118                ADC_SAR_1_CountsTo_uVolts
 .text.ADC_SAR_1_CountsTo_Volts
                0x000051ac       0x84 .\ARM_GCC_493\Debug\C-CAN.a(ADC_SAR_1.o)
                0x000051ac                ADC_SAR_1_CountsTo_Volts
 .text          0x00005230        0x0 .\ARM_GCC_493\Debug\C-CAN.a(ADC_SAR_1_INT.o)
 .text.ADC_SAR_1_ISR
                0x00005230        0xc .\ARM_GCC_493\Debug\C-CAN.a(ADC_SAR_1_INT.o)
                0x00005230                ADC_SAR_1_ISR
 .text          0x0000523c        0x0 .\ARM_GCC_493\Debug\C-CAN.a(ADC_SAR_1_theACLK.o)
 .text.ADC_SAR_1_theACLK_Start
                0x0000523c       0x34 .\ARM_GCC_493\Debug\C-CAN.a(ADC_SAR_1_theACLK.o)
                0x0000523c                ADC_SAR_1_theACLK_Start
 .text.ADC_SAR_1_theACLK_Stop
                0x00005270       0x34 .\ARM_GCC_493\Debug\C-CAN.a(ADC_SAR_1_theACLK.o)
                0x00005270                ADC_SAR_1_theACLK_Stop
 .text.ADC_SAR_1_theACLK_StopBlock
                0x000052a4       0xb0 .\ARM_GCC_493\Debug\C-CAN.a(ADC_SAR_1_theACLK.o)
                0x000052a4                ADC_SAR_1_theACLK_StopBlock
 .text.ADC_SAR_1_theACLK_StandbyPower
                0x00005354       0x40 .\ARM_GCC_493\Debug\C-CAN.a(ADC_SAR_1_theACLK.o)
                0x00005354                ADC_SAR_1_theACLK_StandbyPower
 .text.ADC_SAR_1_theACLK_SetDividerRegister
                0x00005394      0x160 .\ARM_GCC_493\Debug\C-CAN.a(ADC_SAR_1_theACLK.o)
                0x00005394                ADC_SAR_1_theACLK_SetDividerRegister
 .text.ADC_SAR_1_theACLK_GetDividerRegister
                0x000054f4       0x18 .\ARM_GCC_493\Debug\C-CAN.a(ADC_SAR_1_theACLK.o)
                0x000054f4                ADC_SAR_1_theACLK_GetDividerRegister
 .text.ADC_SAR_1_theACLK_SetModeRegister
                0x0000550c       0x34 .\ARM_GCC_493\Debug\C-CAN.a(ADC_SAR_1_theACLK.o)
                0x0000550c                ADC_SAR_1_theACLK_SetModeRegister
 .text.ADC_SAR_1_theACLK_ClearModeRegister
                0x00005540       0x34 .\ARM_GCC_493\Debug\C-CAN.a(ADC_SAR_1_theACLK.o)
                0x00005540                ADC_SAR_1_theACLK_ClearModeRegister
 .text.ADC_SAR_1_theACLK_GetModeRegister
                0x00005574       0x20 .\ARM_GCC_493\Debug\C-CAN.a(ADC_SAR_1_theACLK.o)
                0x00005574                ADC_SAR_1_theACLK_GetModeRegister
 .text.ADC_SAR_1_theACLK_SetSourceRegister
                0x00005594       0xbc .\ARM_GCC_493\Debug\C-CAN.a(ADC_SAR_1_theACLK.o)
                0x00005594                ADC_SAR_1_theACLK_SetSourceRegister
 .text.ADC_SAR_1_theACLK_GetSourceRegister
                0x00005650       0x20 .\ARM_GCC_493\Debug\C-CAN.a(ADC_SAR_1_theACLK.o)
                0x00005650                ADC_SAR_1_theACLK_GetSourceRegister
 .text          0x00005670        0x0 .\ARM_GCC_493\Debug\C-CAN.a(AMux_1.o)
 .text.AMux_1_Start
                0x00005670       0x30 .\ARM_GCC_493\Debug\C-CAN.a(AMux_1.o)
                0x00005670                AMux_1_Start
 .text.AMux_1_FastSelect
                0x000056a0       0x34 .\ARM_GCC_493\Debug\C-CAN.a(AMux_1.o)
                0x000056a0                AMux_1_FastSelect
 .text.AMux_1_DisconnectAll
                0x000056d4       0x24 .\ARM_GCC_493\Debug\C-CAN.a(AMux_1.o)
                0x000056d4                AMux_1_DisconnectAll
 .text          0x000056f8        0x0 .\ARM_GCC_493\Debug\C-CAN.a(CAN_1.o)
 .text.CAN_1_RxTxBuffersConfig
                0x000056f8       0x80 .\ARM_GCC_493\Debug\C-CAN.a(CAN_1.o)
                0x000056f8                CAN_1_RxTxBuffersConfig
 .text.CAN_1_Init
                0x00005778      0x128 .\ARM_GCC_493\Debug\C-CAN.a(CAN_1.o)
                0x00005778                CAN_1_Init
 .text.CAN_1_Enable
                0x000058a0       0xa4 .\ARM_GCC_493\Debug\C-CAN.a(CAN_1.o)
                0x000058a0                CAN_1_Enable
 .text.CAN_1_Start
                0x00005944       0x3c .\ARM_GCC_493\Debug\C-CAN.a(CAN_1.o)
                0x00005944                CAN_1_Start
 .text.CAN_1_Stop
                0x00005980       0x94 .\ARM_GCC_493\Debug\C-CAN.a(CAN_1.o)
                0x00005980                CAN_1_Stop
 .text.CAN_1_GlobalIntEnable
                0x00005a14       0x40 .\ARM_GCC_493\Debug\C-CAN.a(CAN_1.o)
                0x00005a14                CAN_1_GlobalIntEnable
 .text.CAN_1_GlobalIntDisable
                0x00005a54       0x40 .\ARM_GCC_493\Debug\C-CAN.a(CAN_1.o)
                0x00005a54                CAN_1_GlobalIntDisable
 .text.CAN_1_SetPreScaler
                0x00005a94       0x44 .\ARM_GCC_493\Debug\C-CAN.a(CAN_1.o)
                0x00005a94                CAN_1_SetPreScaler
 .text.CAN_1_SetArbiter
                0x00005ad8       0x6c .\ARM_GCC_493\Debug\C-CAN.a(CAN_1.o)
                0x00005ad8                CAN_1_SetArbiter
 .text.CAN_1_SetTsegSample
                0x00005b44       0xd4 .\ARM_GCC_493\Debug\C-CAN.a(CAN_1.o)
                0x00005b44                CAN_1_SetTsegSample
 .text.CAN_1_SetRestartType
                0x00005c18       0x6c .\ARM_GCC_493\Debug\C-CAN.a(CAN_1.o)
                0x00005c18                CAN_1_SetRestartType
 .text.CAN_1_SetEdgeMode
                0x00005c84       0x6c .\ARM_GCC_493\Debug\C-CAN.a(CAN_1.o)
                0x00005c84                CAN_1_SetEdgeMode
 .text.CAN_1_SetOpMode
                0x00005cf0       0xc8 .\ARM_GCC_493\Debug\C-CAN.a(CAN_1.o)
                0x00005cf0                CAN_1_SetOpMode
 .text.CAN_1_RXRegisterInit
                0x00005db8       0xa4 .\ARM_GCC_493\Debug\C-CAN.a(CAN_1.o)
                0x00005db8                CAN_1_RXRegisterInit
 .text.CAN_1_SetIrqMask
                0x00005e5c       0x38 .\ARM_GCC_493\Debug\C-CAN.a(CAN_1.o)
                0x00005e5c                CAN_1_SetIrqMask
 .text.CAN_1_GetTXErrorFlag
                0x00005e94       0x28 .\ARM_GCC_493\Debug\C-CAN.a(CAN_1.o)
                0x00005e94                CAN_1_GetTXErrorFlag
 .text.CAN_1_GetRXErrorFlag
                0x00005ebc       0x28 .\ARM_GCC_493\Debug\C-CAN.a(CAN_1.o)
                0x00005ebc                CAN_1_GetRXErrorFlag
 .text.CAN_1_GetTXErrorCount
                0x00005ee4       0x18 .\ARM_GCC_493\Debug\C-CAN.a(CAN_1.o)
                0x00005ee4                CAN_1_GetTXErrorCount
 .text.CAN_1_GetRXErrorCount
                0x00005efc       0x18 .\ARM_GCC_493\Debug\C-CAN.a(CAN_1.o)
                0x00005efc                CAN_1_GetRXErrorCount
 .text.CAN_1_GetErrorState
                0x00005f14       0x20 .\ARM_GCC_493\Debug\C-CAN.a(CAN_1.o)
                0x00005f14                CAN_1_GetErrorState
 .text.CAN_1_RxBufConfig
                0x00005f34       0xec .\ARM_GCC_493\Debug\C-CAN.a(CAN_1.o)
                0x00005f34                CAN_1_RxBufConfig
 .text.CAN_1_TxBufConfig
                0x00006020       0x88 .\ARM_GCC_493\Debug\C-CAN.a(CAN_1.o)
                0x00006020                CAN_1_TxBufConfig
 .text          0x000060a8        0x0 .\ARM_GCC_493\Debug\C-CAN.a(CAN_1_INT.o)
 .text.CAN_1_BusOffIsr
                0x000060a8       0x18 .\ARM_GCC_493\Debug\C-CAN.a(CAN_1_INT.o)
                0x000060a8                CAN_1_BusOffIsr
 .text.CAN_1_MsgRXIsr
                0x000060c0       0x68 .\ARM_GCC_493\Debug\C-CAN.a(CAN_1_INT.o)
                0x000060c0                CAN_1_MsgRXIsr
 .text.CAN_1_ISR
                0x00006128       0x30 .\ARM_GCC_493\Debug\C-CAN.a(CAN_1_INT.o)
                0x00006128                CAN_1_ISR
 .text          0x00006158        0x0 .\ARM_GCC_493\Debug\C-CAN.a(Encoder_Left.o)
 .text.Encoder_Left_Init
                0x00006158       0x80 .\ARM_GCC_493\Debug\C-CAN.a(Encoder_Left.o)
                0x00006158                Encoder_Left_Init
 .text.Encoder_Left_Enable
                0x000061d8       0x20 .\ARM_GCC_493\Debug\C-CAN.a(Encoder_Left.o)
                0x000061d8                Encoder_Left_Enable
 .text.Encoder_Left_Start
                0x000061f8       0x20 .\ARM_GCC_493\Debug\C-CAN.a(Encoder_Left.o)
                0x000061f8                Encoder_Left_Start
 .text.Encoder_Left_Stop
                0x00006218       0x20 .\ARM_GCC_493\Debug\C-CAN.a(Encoder_Left.o)
                0x00006218                Encoder_Left_Stop
 .text.Encoder_Left_SetInterruptMode
                0x00006238       0x20 .\ARM_GCC_493\Debug\C-CAN.a(Encoder_Left.o)
                0x00006238                Encoder_Left_SetInterruptMode
 .text.Encoder_Left_ReadStatusRegister
                0x00006258       0x18 .\ARM_GCC_493\Debug\C-CAN.a(Encoder_Left.o)
                0x00006258                Encoder_Left_ReadStatusRegister
 .text.Encoder_Left_ReadControlRegister
                0x00006270       0x18 .\ARM_GCC_493\Debug\C-CAN.a(Encoder_Left.o)
                0x00006270                Encoder_Left_ReadControlRegister
 .text.Encoder_Left_WriteControlRegister
                0x00006288       0x20 .\ARM_GCC_493\Debug\C-CAN.a(Encoder_Left.o)
                0x00006288                Encoder_Left_WriteControlRegister
 .text.Encoder_Left_WriteCounter
                0x000062a8       0x20 .\ARM_GCC_493\Debug\C-CAN.a(Encoder_Left.o)
                0x000062a8                Encoder_Left_WriteCounter
 .text.Encoder_Left_ReadCounter
                0x000062c8       0x20 .\ARM_GCC_493\Debug\C-CAN.a(Encoder_Left.o)
                0x000062c8                Encoder_Left_ReadCounter
 .text.Encoder_Left_ReadCapture
                0x000062e8       0x18 .\ARM_GCC_493\Debug\C-CAN.a(Encoder_Left.o)
                0x000062e8                Encoder_Left_ReadCapture
 .text.Encoder_Left_WritePeriod
                0x00006300       0x20 .\ARM_GCC_493\Debug\C-CAN.a(Encoder_Left.o)
                0x00006300                Encoder_Left_WritePeriod
 .text.Encoder_Left_ReadPeriod
                0x00006320       0x18 .\ARM_GCC_493\Debug\C-CAN.a(Encoder_Left.o)
                0x00006320                Encoder_Left_ReadPeriod
 .text.Encoder_Left_WriteCompare
                0x00006338       0x20 .\ARM_GCC_493\Debug\C-CAN.a(Encoder_Left.o)
                0x00006338                Encoder_Left_WriteCompare
 .text.Encoder_Left_ReadCompare
                0x00006358       0x18 .\ARM_GCC_493\Debug\C-CAN.a(Encoder_Left.o)
                0x00006358                Encoder_Left_ReadCompare
 .text.Encoder_Left_ClearFIFO
                0x00006370       0x1c .\ARM_GCC_493\Debug\C-CAN.a(Encoder_Left.o)
                0x00006370                Encoder_Left_ClearFIFO
 .text          0x0000638c        0x0 .\ARM_GCC_493\Debug\C-CAN.a(Encoder_Right.o)
 .text.Encoder_Right_Init
                0x0000638c       0x80 .\ARM_GCC_493\Debug\C-CAN.a(Encoder_Right.o)
                0x0000638c                Encoder_Right_Init
 .text.Encoder_Right_Enable
                0x0000640c       0x20 .\ARM_GCC_493\Debug\C-CAN.a(Encoder_Right.o)
                0x0000640c                Encoder_Right_Enable
 .text.Encoder_Right_Start
                0x0000642c       0x20 .\ARM_GCC_493\Debug\C-CAN.a(Encoder_Right.o)
                0x0000642c                Encoder_Right_Start
 .text.Encoder_Right_Stop
                0x0000644c       0x20 .\ARM_GCC_493\Debug\C-CAN.a(Encoder_Right.o)
                0x0000644c                Encoder_Right_Stop
 .text.Encoder_Right_SetInterruptMode
                0x0000646c       0x20 .\ARM_GCC_493\Debug\C-CAN.a(Encoder_Right.o)
                0x0000646c                Encoder_Right_SetInterruptMode
 .text.Encoder_Right_ReadStatusRegister
                0x0000648c       0x18 .\ARM_GCC_493\Debug\C-CAN.a(Encoder_Right.o)
                0x0000648c                Encoder_Right_ReadStatusRegister
 .text.Encoder_Right_ReadControlRegister
                0x000064a4       0x18 .\ARM_GCC_493\Debug\C-CAN.a(Encoder_Right.o)
                0x000064a4                Encoder_Right_ReadControlRegister
 .text.Encoder_Right_WriteControlRegister
                0x000064bc       0x20 .\ARM_GCC_493\Debug\C-CAN.a(Encoder_Right.o)
                0x000064bc                Encoder_Right_WriteControlRegister
 .text.Encoder_Right_WriteCounter
                0x000064dc       0x20 .\ARM_GCC_493\Debug\C-CAN.a(Encoder_Right.o)
                0x000064dc                Encoder_Right_WriteCounter
 .text.Encoder_Right_ReadCounter
                0x000064fc       0x20 .\ARM_GCC_493\Debug\C-CAN.a(Encoder_Right.o)
                0x000064fc                Encoder_Right_ReadCounter
 .text.Encoder_Right_ReadCapture
                0x0000651c       0x18 .\ARM_GCC_493\Debug\C-CAN.a(Encoder_Right.o)
                0x0000651c                Encoder_Right_ReadCapture
 .text.Encoder_Right_WritePeriod
                0x00006534       0x20 .\ARM_GCC_493\Debug\C-CAN.a(Encoder_Right.o)
                0x00006534                Encoder_Right_WritePeriod
 .text.Encoder_Right_ReadPeriod
                0x00006554       0x18 .\ARM_GCC_493\Debug\C-CAN.a(Encoder_Right.o)
                0x00006554                Encoder_Right_ReadPeriod
 .text.Encoder_Right_WriteCompare
                0x0000656c       0x20 .\ARM_GCC_493\Debug\C-CAN.a(Encoder_Right.o)
                0x0000656c                Encoder_Right_WriteCompare
 .text.Encoder_Right_ReadCompare
                0x0000658c       0x18 .\ARM_GCC_493\Debug\C-CAN.a(Encoder_Right.o)
                0x0000658c                Encoder_Right_ReadCompare
 .text.Encoder_Right_ClearFIFO
                0x000065a4       0x1c .\ARM_GCC_493\Debug\C-CAN.a(Encoder_Right.o)
                0x000065a4                Encoder_Right_ClearFIFO
 .text          0x000065c0        0x0 .\ARM_GCC_493\Debug\C-CAN.a(leftEncTimer.o)
 .text.leftEncTimer_Init
                0x000065c0       0x80 .\ARM_GCC_493\Debug\C-CAN.a(leftEncTimer.o)
                0x000065c0                leftEncTimer_Init
 .text.leftEncTimer_Enable
                0x00006640       0x20 .\ARM_GCC_493\Debug\C-CAN.a(leftEncTimer.o)
                0x00006640                leftEncTimer_Enable
 .text.leftEncTimer_Start
                0x00006660       0x20 .\ARM_GCC_493\Debug\C-CAN.a(leftEncTimer.o)
                0x00006660                leftEncTimer_Start
 .text.leftEncTimer_Stop
                0x00006680       0x20 .\ARM_GCC_493\Debug\C-CAN.a(leftEncTimer.o)
                0x00006680                leftEncTimer_Stop
 .text.leftEncTimer_SetInterruptMode
                0x000066a0       0x20 .\ARM_GCC_493\Debug\C-CAN.a(leftEncTimer.o)
                0x000066a0                leftEncTimer_SetInterruptMode
 .text.leftEncTimer_ReadStatusRegister
                0x000066c0       0x18 .\ARM_GCC_493\Debug\C-CAN.a(leftEncTimer.o)
                0x000066c0                leftEncTimer_ReadStatusRegister
 .text.leftEncTimer_ReadControlRegister
                0x000066d8       0x18 .\ARM_GCC_493\Debug\C-CAN.a(leftEncTimer.o)
                0x000066d8                leftEncTimer_ReadControlRegister
 .text.leftEncTimer_WriteControlRegister
                0x000066f0       0x20 .\ARM_GCC_493\Debug\C-CAN.a(leftEncTimer.o)
                0x000066f0                leftEncTimer_WriteControlRegister
 .text.leftEncTimer_WriteCounter
                0x00006710       0x20 .\ARM_GCC_493\Debug\C-CAN.a(leftEncTimer.o)
                0x00006710                leftEncTimer_WriteCounter
 .text.leftEncTimer_ReadCounter
                0x00006730       0x20 .\ARM_GCC_493\Debug\C-CAN.a(leftEncTimer.o)
                0x00006730                leftEncTimer_ReadCounter
 .text.leftEncTimer_ReadCapture
                0x00006750       0x18 .\ARM_GCC_493\Debug\C-CAN.a(leftEncTimer.o)
                0x00006750                leftEncTimer_ReadCapture
 .text.leftEncTimer_WritePeriod
                0x00006768       0x20 .\ARM_GCC_493\Debug\C-CAN.a(leftEncTimer.o)
                0x00006768                leftEncTimer_WritePeriod
 .text.leftEncTimer_ReadPeriod
                0x00006788       0x18 .\ARM_GCC_493\Debug\C-CAN.a(leftEncTimer.o)
                0x00006788                leftEncTimer_ReadPeriod
 .text.leftEncTimer_WriteCompare
                0x000067a0       0x20 .\ARM_GCC_493\Debug\C-CAN.a(leftEncTimer.o)
                0x000067a0                leftEncTimer_WriteCompare
 .text.leftEncTimer_ReadCompare
                0x000067c0       0x18 .\ARM_GCC_493\Debug\C-CAN.a(leftEncTimer.o)
                0x000067c0                leftEncTimer_ReadCompare
 .text.leftEncTimer_ClearFIFO
                0x000067d8       0x1c .\ARM_GCC_493\Debug\C-CAN.a(leftEncTimer.o)
                0x000067d8                leftEncTimer_ClearFIFO
 .text          0x000067f4        0x0 .\ARM_GCC_493\Debug\C-CAN.a(rightEncTimer.o)
 .text.rightEncTimer_Init
                0x000067f4       0x80 .\ARM_GCC_493\Debug\C-CAN.a(rightEncTimer.o)
                0x000067f4                rightEncTimer_Init
 .text.rightEncTimer_Enable
                0x00006874       0x20 .\ARM_GCC_493\Debug\C-CAN.a(rightEncTimer.o)
                0x00006874                rightEncTimer_Enable
 .text.rightEncTimer_Start
                0x00006894       0x20 .\ARM_GCC_493\Debug\C-CAN.a(rightEncTimer.o)
                0x00006894                rightEncTimer_Start
 .text.rightEncTimer_Stop
                0x000068b4       0x20 .\ARM_GCC_493\Debug\C-CAN.a(rightEncTimer.o)
                0x000068b4                rightEncTimer_Stop
 .text.rightEncTimer_SetInterruptMode
                0x000068d4       0x20 .\ARM_GCC_493\Debug\C-CAN.a(rightEncTimer.o)
                0x000068d4                rightEncTimer_SetInterruptMode
 .text.rightEncTimer_ReadStatusRegister
                0x000068f4       0x18 .\ARM_GCC_493\Debug\C-CAN.a(rightEncTimer.o)
                0x000068f4                rightEncTimer_ReadStatusRegister
 .text.rightEncTimer_ReadControlRegister
                0x0000690c       0x18 .\ARM_GCC_493\Debug\C-CAN.a(rightEncTimer.o)
                0x0000690c                rightEncTimer_ReadControlRegister
 .text.rightEncTimer_WriteControlRegister
                0x00006924       0x20 .\ARM_GCC_493\Debug\C-CAN.a(rightEncTimer.o)
                0x00006924                rightEncTimer_WriteControlRegister
 .text.rightEncTimer_WriteCounter
                0x00006944       0x20 .\ARM_GCC_493\Debug\C-CAN.a(rightEncTimer.o)
                0x00006944                rightEncTimer_WriteCounter
 .text.rightEncTimer_ReadCounter
                0x00006964       0x20 .\ARM_GCC_493\Debug\C-CAN.a(rightEncTimer.o)
                0x00006964                rightEncTimer_ReadCounter
 .text.rightEncTimer_ReadCapture
                0x00006984       0x18 .\ARM_GCC_493\Debug\C-CAN.a(rightEncTimer.o)
                0x00006984                rightEncTimer_ReadCapture
 .text.rightEncTimer_WritePeriod
                0x0000699c       0x20 .\ARM_GCC_493\Debug\C-CAN.a(rightEncTimer.o)
                0x0000699c                rightEncTimer_WritePeriod
 .text.rightEncTimer_ReadPeriod
                0x000069bc       0x18 .\ARM_GCC_493\Debug\C-CAN.a(rightEncTimer.o)
                0x000069bc                rightEncTimer_ReadPeriod
 .text.rightEncTimer_WriteCompare
                0x000069d4       0x20 .\ARM_GCC_493\Debug\C-CAN.a(rightEncTimer.o)
                0x000069d4                rightEncTimer_WriteCompare
 .text.rightEncTimer_ReadCompare
                0x000069f4       0x18 .\ARM_GCC_493\Debug\C-CAN.a(rightEncTimer.o)
                0x000069f4                rightEncTimer_ReadCompare
 .text.rightEncTimer_ClearFIFO
                0x00006a0c       0x1c .\ARM_GCC_493\Debug\C-CAN.a(rightEncTimer.o)
                0x00006a0c                rightEncTimer_ClearFIFO
 .text          0x00006a28        0x0 .\ARM_GCC_493\Debug\C-CAN.a(CyFlash.o)
 .text.CyFlash_Start
                0x00006a28       0x8c .\ARM_GCC_493\Debug\C-CAN.a(CyFlash.o)
                0x00006a28                CyFlash_Start
 .text.CyFlash_Stop
                0x00006ab4       0x44 .\ARM_GCC_493\Debug\C-CAN.a(CyFlash.o)
                0x00006ab4                CyFlash_Stop
 .text.CySetTempInt
                0x00006af8       0x7c .\ARM_GCC_493\Debug\C-CAN.a(CyFlash.o)
 .text.CyFlashGetSpcAlgorithm
                0x00006b74       0x70 .\ARM_GCC_493\Debug\C-CAN.a(CyFlash.o)
 .text.CySetTemp
                0x00006be4       0x24 .\ARM_GCC_493\Debug\C-CAN.a(CyFlash.o)
                0x00006be4                CySetTemp
 .text.CySetFlashEEBuffer
                0x00006c08       0x54 .\ARM_GCC_493\Debug\C-CAN.a(CyFlash.o)
                0x00006c08                CySetFlashEEBuffer
 .text.CyWriteRowData
                0x00006c5c       0x3c .\ARM_GCC_493\Debug\C-CAN.a(CyFlash.o)
                0x00006c5c                CyWriteRowData
 .text.CyWriteRowFull
                0x00006c98      0x158 .\ARM_GCC_493\Debug\C-CAN.a(CyFlash.o)
                0x00006c98                CyWriteRowFull
 .text.CyFlash_SetWaitCycles
                0x00006df0       0xbc .\ARM_GCC_493\Debug\C-CAN.a(CyFlash.o)
                0x00006df0                CyFlash_SetWaitCycles
 .text.CyEEPROM_Start
                0x00006eac       0x8c .\ARM_GCC_493\Debug\C-CAN.a(CyFlash.o)
                0x00006eac                CyEEPROM_Start
 .text.CyEEPROM_Stop
                0x00006f38       0x44 .\ARM_GCC_493\Debug\C-CAN.a(CyFlash.o)
                0x00006f38                CyEEPROM_Stop
 .text.CyEEPROM_ReadReserve
                0x00006f7c       0x30 .\ARM_GCC_493\Debug\C-CAN.a(CyFlash.o)
                0x00006f7c                CyEEPROM_ReadReserve
 .text.CyEEPROM_ReadRelease
                0x00006fac       0x20 .\ARM_GCC_493\Debug\C-CAN.a(CyFlash.o)
                0x00006fac                CyEEPROM_ReadRelease
 .text          0x00006fcc        0x0 .\ARM_GCC_493\Debug\C-CAN.a(CySpc.o)
 .text.CySpcStart
                0x00006fcc       0x44 .\ARM_GCC_493\Debug\C-CAN.a(CySpc.o)
                0x00006fcc                CySpcStart
 .text.CySpcStop
                0x00007010       0x44 .\ARM_GCC_493\Debug\C-CAN.a(CySpc.o)
                0x00007010                CySpcStop
 .text.CySpcReadData
                0x00007054       0x58 .\ARM_GCC_493\Debug\C-CAN.a(CySpc.o)
                0x00007054                CySpcReadData
 .text.CySpcLoadMultiByte
                0x000070ac       0xd4 .\ARM_GCC_493\Debug\C-CAN.a(CySpc.o)
                0x000070ac                CySpcLoadMultiByte
 .text.CySpcLoadRow
                0x00007180       0x8c .\ARM_GCC_493\Debug\C-CAN.a(CySpc.o)
                0x00007180                CySpcLoadRow
 .text.CySpcLoadRowFull
                0x0000720c       0xd0 .\ARM_GCC_493\Debug\C-CAN.a(CySpc.o)
                0x0000720c                CySpcLoadRowFull
 .text.CySpcWriteRow
                0x000072dc       0x98 .\ARM_GCC_493\Debug\C-CAN.a(CySpc.o)
                0x000072dc                CySpcWriteRow
 .text.CySpcEraseSector
                0x00007374       0x70 .\ARM_GCC_493\Debug\C-CAN.a(CySpc.o)
                0x00007374                CySpcEraseSector
 .text.CySpcGetTemp
                0x000073e4       0x64 .\ARM_GCC_493\Debug\C-CAN.a(CySpc.o)
                0x000073e4                CySpcGetTemp
 .text.CySpcLock
                0x00007448       0x68 .\ARM_GCC_493\Debug\C-CAN.a(CySpc.o)
                0x00007448                CySpcLock
 .text.CySpcUnlock
                0x000074b0       0x50 .\ARM_GCC_493\Debug\C-CAN.a(CySpc.o)
                0x000074b0                CySpcUnlock
 .text.CySpcGetAlgorithm
                0x00007500       0x48 .\ARM_GCC_493\Debug\C-CAN.a(CySpc.o)
                0x00007500                CySpcGetAlgorithm
 .text          0x00007548      0x21c c:/program files (x86)/cypress/psoc creator/3.3/psoc creator/import/gnu/arm/4.9.3/bin/../lib/gcc/arm-none-eabi/4.9.3/armv7-m\libgcc.a(_arm_addsubsf3.o)
                0x00007548                __aeabi_frsub
                0x00007550                __subsf3
                0x00007550                __aeabi_fsub
                0x00007554                __aeabi_fadd
                0x00007554                __addsf3
                0x000076b4                __aeabi_ui2f
                0x000076b4                __floatunsisf
                0x000076bc                __aeabi_i2f
                0x000076bc                __floatsisf
                0x000076d8                __aeabi_ul2f
                0x000076d8                __floatundisf
                0x000076e8                __aeabi_l2f
                0x000076e8                __floatdisf
 .text          0x00007764      0x2a0 c:/program files (x86)/cypress/psoc creator/3.3/psoc creator/import/gnu/arm/4.9.3/bin/../lib/gcc/arm-none-eabi/4.9.3/armv7-m\libgcc.a(_arm_muldivsf3.o)
                0x00007764                __mulsf3
                0x00007764                __aeabi_fmul
                0x000078cc                __aeabi_fdiv
                0x000078cc                __divsf3
 .text          0x00007a04       0x38 c:/program files (x86)/cypress/psoc creator/3.3/psoc creator/import/gnu/arm/4.9.3/bin/../lib/gcc/arm-none-eabi/4.9.3/armv7-m\libgcc.a(_aeabi_ldivmod.o)
                0x00007a04                __aeabi_ldivmod
 .text          0x00007a3c       0x60 c:/program files (x86)/cypress/psoc creator/3.3/psoc creator/import/gnu/arm/4.9.3/bin/../lib/gcc/arm-none-eabi/4.9.3/armv7-m\libgcc.a(bpabi.o)
                0x00007a3c                __gnu_ldivmod_helper
                0x00007a6c                __gnu_uldivmod_helper
 .text          0x00007a9c        0x4 c:/program files (x86)/cypress/psoc creator/3.3/psoc creator/import/gnu/arm/4.9.3/bin/../lib/gcc/arm-none-eabi/4.9.3/armv7-m\libgcc.a(_dvmd_tls.o)
                0x00007a9c                __aeabi_idiv0
                0x00007a9c                __aeabi_ldiv0
 .text          0x00007aa0      0x2ac c:/program files (x86)/cypress/psoc creator/3.3/psoc creator/import/gnu/arm/4.9.3/bin/../lib/gcc/arm-none-eabi/4.9.3/armv7-m\libgcc.a(_divdi3.o)
                0x00007aa0                __divdi3
 .text          0x00007d4c      0x270 c:/program files (x86)/cypress/psoc creator/3.3/psoc creator/import/gnu/arm/4.9.3/bin/../lib/gcc/arm-none-eabi/4.9.3/armv7-m\libgcc.a(_udivdi3.o)
                0x00007d4c                __udivdi3
 .text          0x00007fbc        0x0 c:/program files (x86)/cypress/psoc creator/3.3/psoc creator/import/gnu/arm/4.9.3/bin/../lib/gcc/arm-none-eabi/4.9.3/../../../../arm-none-eabi/lib/armv7-m\libg_nano.a(lib_a-errno.o)
 .text.__errno  0x00007fbc        0xc c:/program files (x86)/cypress/psoc creator/3.3/psoc creator/import/gnu/arm/4.9.3/bin/../lib/gcc/arm-none-eabi/4.9.3/../../../../arm-none-eabi/lib/armv7-m\libg_nano.a(lib_a-errno.o)
                0x00007fbc                __errno
 .text          0x00007fc8        0x0 c:/program files (x86)/cypress/psoc creator/3.3/psoc creator/import/gnu/arm/4.9.3/bin/../lib/gcc/arm-none-eabi/4.9.3/../../../../arm-none-eabi/lib/armv7-m\libg_nano.a(lib_a-exit.o)
 .text.exit     0x00007fc8       0x28 c:/program files (x86)/cypress/psoc creator/3.3/psoc creator/import/gnu/arm/4.9.3/bin/../lib/gcc/arm-none-eabi/4.9.3/../../../../arm-none-eabi/lib/armv7-m\libg_nano.a(lib_a-exit.o)
                0x00007fc8                exit
 .text          0x00007ff0        0x0 c:/program files (x86)/cypress/psoc creator/3.3/psoc creator/import/gnu/arm/4.9.3/bin/../lib/gcc/arm-none-eabi/4.9.3/../../../../arm-none-eabi/lib/armv7-m\libg_nano.a(lib_a-impure.o)
 .text          0x00007ff0        0x0 c:/program files (x86)/cypress/psoc creator/3.3/psoc creator/import/gnu/arm/4.9.3/bin/../lib/gcc/arm-none-eabi/4.9.3/../../../../arm-none-eabi/lib/armv7-m\libg_nano.a(lib_a-init.o)
 .text.__libc_init_array
                0x00007ff0       0x4c c:/program files (x86)/cypress/psoc creator/3.3/psoc creator/import/gnu/arm/4.9.3/bin/../lib/gcc/arm-none-eabi/4.9.3/../../../../arm-none-eabi/lib/armv7-m\libg_nano.a(lib_a-init.o)
                0x00007ff0                __libc_init_array
 .text          0x0000803c        0x0 c:/program files (x86)/cypress/psoc creator/3.3/psoc creator/import/gnu/arm/4.9.3/bin/../lib/gcc/arm-none-eabi/4.9.3/../../../../arm-none-eabi/lib/armv7-m\libg_nano.a(lib_a-memcmp.o)
 .text.memcmp   0x0000803c       0x20 c:/program files (x86)/cypress/psoc creator/3.3/psoc creator/import/gnu/arm/4.9.3/bin/../lib/gcc/arm-none-eabi/4.9.3/../../../../arm-none-eabi/lib/armv7-m\libg_nano.a(lib_a-memcmp.o)
                0x0000803c                memcmp
 .text          0x0000805c        0x0 c:/program files (x86)/cypress/psoc creator/3.3/psoc creator/import/gnu/arm/4.9.3/bin/../lib/gcc/arm-none-eabi/4.9.3/../../../../arm-none-eabi/lib/armv7-m\libg_nano.a(lib_a-memcpy.o)
 .text.memcpy   0x0000805c       0x16 c:/program files (x86)/cypress/psoc creator/3.3/psoc creator/import/gnu/arm/4.9.3/bin/../lib/gcc/arm-none-eabi/4.9.3/../../../../arm-none-eabi/lib/armv7-m\libg_nano.a(lib_a-memcpy.o)
                0x0000805c                memcpy
 .text          0x00008072        0x0 c:/program files (x86)/cypress/psoc creator/3.3/psoc creator/import/gnu/arm/4.9.3/bin/../lib/gcc/arm-none-eabi/4.9.3/../../../../arm-none-eabi/lib/armv7-m\libg_nano.a(lib_a-memset.o)
 .text.memset   0x00008072       0x10 c:/program files (x86)/cypress/psoc creator/3.3/psoc creator/import/gnu/arm/4.9.3/bin/../lib/gcc/arm-none-eabi/4.9.3/../../../../arm-none-eabi/lib/armv7-m\libg_nano.a(lib_a-memset.o)
                0x00008072                memset
 .text          0x00008082        0x0 c:/program files (x86)/cypress/psoc creator/3.3/psoc creator/import/gnu/arm/4.9.3/bin/../lib/gcc/arm-none-eabi/4.9.3/../../../../arm-none-eabi/lib/armv7-m\libg_nano.a(lib_a-sprintf.o)
 .text._sprintf_r
                0x00008082       0x40 c:/program files (x86)/cypress/psoc creator/3.3/psoc creator/import/gnu/arm/4.9.3/bin/../lib/gcc/arm-none-eabi/4.9.3/../../../../arm-none-eabi/lib/armv7-m\libg_nano.a(lib_a-sprintf.o)
                0x00008082                _sprintf_r
                0x00008082                _siprintf_r
 *fill*         0x000080c2        0x2 
 .text.sprintf  0x000080c4       0x48 c:/program files (x86)/cypress/psoc creator/3.3/psoc creator/import/gnu/arm/4.9.3/bin/../lib/gcc/arm-none-eabi/4.9.3/../../../../arm-none-eabi/lib/armv7-m\libg_nano.a(lib_a-sprintf.o)
                0x000080c4                siprintf
                0x000080c4                sprintf
 .text          0x0000810c        0x0 c:/program files (x86)/cypress/psoc creator/3.3/psoc creator/import/gnu/arm/4.9.3/bin/../lib/gcc/arm-none-eabi/4.9.3/../../../../arm-none-eabi/lib/armv7-m\libg_nano.a(lib_a-nano-svfprintf.o)
 .text.__ssputs_r
                0x0000810c       0xb2 c:/program files (x86)/cypress/psoc creator/3.3/psoc creator/import/gnu/arm/4.9.3/bin/../lib/gcc/arm-none-eabi/4.9.3/../../../../arm-none-eabi/lib/armv7-m\libg_nano.a(lib_a-nano-svfprintf.o)
                0x0000810c                __ssputs_r
 .text.__ssprint_r
                0x000081be       0xfe c:/program files (x86)/cypress/psoc creator/3.3/psoc creator/import/gnu/arm/4.9.3/bin/../lib/gcc/arm-none-eabi/4.9.3/../../../../arm-none-eabi/lib/armv7-m\libg_nano.a(lib_a-nano-svfprintf.o)
                0x000081be                __ssprint_r
 .text._svfprintf_r
                0x000082bc      0x1e4 c:/program files (x86)/cypress/psoc creator/3.3/psoc creator/import/gnu/arm/4.9.3/bin/../lib/gcc/arm-none-eabi/4.9.3/../../../../arm-none-eabi/lib/armv7-m\libg_nano.a(lib_a-nano-svfprintf.o)
                0x000082bc                _svfiprintf_r
                0x000082bc                _svfprintf_r
 .text          0x000084a0        0x0 c:/program files (x86)/cypress/psoc creator/3.3/psoc creator/import/gnu/arm/4.9.3/bin/../lib/gcc/arm-none-eabi/4.9.3/../../../../arm-none-eabi/lib/armv7-m\libg_nano.a(lib_a-nano-vfprintf_i.o)
 .text._printf_common
                0x000084a0       0xea c:/program files (x86)/cypress/psoc creator/3.3/psoc creator/import/gnu/arm/4.9.3/bin/../lib/gcc/arm-none-eabi/4.9.3/../../../../arm-none-eabi/lib/armv7-m\libg_nano.a(lib_a-nano-vfprintf_i.o)
                0x000084a0                _printf_common
 *fill*         0x0000858a        0x2 
 .text._printf_i
                0x0000858c      0x240 c:/program files (x86)/cypress/psoc creator/3.3/psoc creator/import/gnu/arm/4.9.3/bin/../lib/gcc/arm-none-eabi/4.9.3/../../../../arm-none-eabi/lib/armv7-m\libg_nano.a(lib_a-nano-vfprintf_i.o)
                0x0000858c                _printf_i
 .text          0x000087cc        0x0 c:/program files (x86)/cypress/psoc creator/3.3/psoc creator/import/gnu/arm/4.9.3/bin/../lib/gcc/arm-none-eabi/4.9.3/../../../../arm-none-eabi/lib/armv7-m\libg_nano.a(lib_a-memchr.o)
 .text.memchr   0x000087cc       0x1c c:/program files (x86)/cypress/psoc creator/3.3/psoc creator/import/gnu/arm/4.9.3/bin/../lib/gcc/arm-none-eabi/4.9.3/../../../../arm-none-eabi/lib/armv7-m\libg_nano.a(lib_a-memchr.o)
                0x000087cc                memchr
 .text          0x000087e8        0x0 c:/program files (x86)/cypress/psoc creator/3.3/psoc creator/import/gnu/arm/4.9.3/bin/../lib/gcc/arm-none-eabi/4.9.3/../../../../arm-none-eabi/lib/armv7-m\libg_nano.a(lib_a-memmove.o)
 .text.memmove  0x000087e8       0x36 c:/program files (x86)/cypress/psoc creator/3.3/psoc creator/import/gnu/arm/4.9.3/bin/../lib/gcc/arm-none-eabi/4.9.3/../../../../arm-none-eabi/lib/armv7-m\libg_nano.a(lib_a-memmove.o)
                0x000087e8                memmove
 .text          0x0000881e        0x0 c:/program files (x86)/cypress/psoc creator/3.3/psoc creator/import/gnu/arm/4.9.3/bin/../lib/gcc/arm-none-eabi/4.9.3/../../../../arm-none-eabi/lib/armv7-m\libg_nano.a(lib_a-nano-freer.o)
 *fill*         0x0000881e        0x2 
 .text._free_r  0x00008820       0x88 c:/program files (x86)/cypress/psoc creator/3.3/psoc creator/import/gnu/arm/4.9.3/bin/../lib/gcc/arm-none-eabi/4.9.3/../../../../arm-none-eabi/lib/armv7-m\libg_nano.a(lib_a-nano-freer.o)
                0x00008820                _free_r
 .text          0x000088a8        0x0 c:/program files (x86)/cypress/psoc creator/3.3/psoc creator/import/gnu/arm/4.9.3/bin/../lib/gcc/arm-none-eabi/4.9.3/../../../../arm-none-eabi/lib/armv7-m\libg_nano.a(lib_a-nano-mallocr.o)
 .text._malloc_r
                0x000088a8       0xac c:/program files (x86)/cypress/psoc creator/3.3/psoc creator/import/gnu/arm/4.9.3/bin/../lib/gcc/arm-none-eabi/4.9.3/../../../../arm-none-eabi/lib/armv7-m\libg_nano.a(lib_a-nano-mallocr.o)
                0x000088a8                _malloc_r
 .text          0x00008954        0x0 c:/program files (x86)/cypress/psoc creator/3.3/psoc creator/import/gnu/arm/4.9.3/bin/../lib/gcc/arm-none-eabi/4.9.3/../../../../arm-none-eabi/lib/armv7-m\libg_nano.a(lib_a-nano-reallocr.o)
 .text._realloc_r
                0x00008954       0x4c c:/program files (x86)/cypress/psoc creator/3.3/psoc creator/import/gnu/arm/4.9.3/bin/../lib/gcc/arm-none-eabi/4.9.3/../../../../arm-none-eabi/lib/armv7-m\libg_nano.a(lib_a-nano-reallocr.o)
                0x00008954                _realloc_r
 .text          0x000089a0        0x0 c:/program files (x86)/cypress/psoc creator/3.3/psoc creator/import/gnu/arm/4.9.3/bin/../lib/gcc/arm-none-eabi/4.9.3/../../../../arm-none-eabi/lib/armv7-m\libg_nano.a(lib_a-sbrkr.o)
 .text._sbrk_r  0x000089a0       0x20 c:/program files (x86)/cypress/psoc creator/3.3/psoc creator/import/gnu/arm/4.9.3/bin/../lib/gcc/arm-none-eabi/4.9.3/../../../../arm-none-eabi/lib/armv7-m\libg_nano.a(lib_a-sbrkr.o)
                0x000089a0                _sbrk_r
 .text          0x000089c0        0x0 c:/program files (x86)/cypress/psoc creator/3.3/psoc creator/import/gnu/arm/4.9.3/bin/../lib/gcc/arm-none-eabi/4.9.3/../../../../arm-none-eabi/lib/armv7-m\libg_nano.a(lib_a-nano-msizer.o)
 .text._malloc_usable_size_r
                0x000089c0       0x14 c:/program files (x86)/cypress/psoc creator/3.3/psoc creator/import/gnu/arm/4.9.3/bin/../lib/gcc/arm-none-eabi/4.9.3/../../../../arm-none-eabi/lib/armv7-m\libg_nano.a(lib_a-nano-msizer.o)
                0x000089c0                _malloc_usable_size_r
 .text          0x000089d4        0x0 c:/program files (x86)/cypress/psoc creator/3.3/psoc creator/import/gnu/arm/4.9.3/bin/../lib/gcc/arm-none-eabi/4.9.3/../../../../arm-none-eabi/lib/armv7-m\libg_nano.a(lib_a-reent.o)
 .text.cleanup_glue
                0x000089d4       0x1a c:/program files (x86)/cypress/psoc creator/3.3/psoc creator/import/gnu/arm/4.9.3/bin/../lib/gcc/arm-none-eabi/4.9.3/../../../../arm-none-eabi/lib/armv7-m\libg_nano.a(lib_a-reent.o)
                0x000089d4                cleanup_glue
 *fill*         0x000089ee        0x2 
 .text._reclaim_reent
                0x000089f0       0xb4 c:/program files (x86)/cypress/psoc creator/3.3/psoc creator/import/gnu/arm/4.9.3/bin/../lib/gcc/arm-none-eabi/4.9.3/../../../../arm-none-eabi/lib/armv7-m\libg_nano.a(lib_a-reent.o)
                0x000089f0                _reclaim_reent
 .text          0x00008aa4        0x0 c:/program files (x86)/cypress/psoc creator/3.3/psoc creator/import/gnu/arm/4.9.3/bin/../lib/gcc/arm-none-eabi/4.9.3/armv7-m/crtend.o
 .text          0x00008aa4        0x0 c:/program files (x86)/cypress/psoc creator/3.3/psoc creator/import/gnu/arm/4.9.3/bin/../lib/gcc/arm-none-eabi/4.9.3/armv7-m/crtn.o
 *(.plt)
 *(.gnu.warning)
 *(.glue_7t)
 .glue_7t       0x00000000        0x0 linker stubs
 *(.glue_7)
 .glue_7        0x00000000        0x0 linker stubs
 *(.vfp11_veneer)
 .vfp11_veneer  0x00000000        0x0 linker stubs
 *(.bootloader)
 *(.ARM.extab* .gnu.linkonce.armextab.*)
 .ARM.extab     0x00008aa4        0x0 c:/program files (x86)/cypress/psoc creator/3.3/psoc creator/import/gnu/arm/4.9.3/bin/../lib/gcc/arm-none-eabi/4.9.3/../../../../arm-none-eabi/lib/armv7-m/crt0.o
 .ARM.extab     0x00008aa4        0x0 c:/program files (x86)/cypress/psoc creator/3.3/psoc creator/import/gnu/arm/4.9.3/bin/../lib/gcc/arm-none-eabi/4.9.3/armv7-m\libgcc.a(_divdi3.o)
 .ARM.extab     0x00008aa4        0x0 c:/program files (x86)/cypress/psoc creator/3.3/psoc creator/import/gnu/arm/4.9.3/bin/../lib/gcc/arm-none-eabi/4.9.3/armv7-m\libgcc.a(_udivdi3.o)
 *(.gcc_except_table)

.v4_bx          0x00008aa4        0x0
 .v4_bx         0x00000000        0x0 linker stubs

.iplt           0x00008aa4        0x0
 .iplt          0x00000000        0x0 c:/program files (x86)/cypress/psoc creator/3.3/psoc creator/import/gnu/arm/4.9.3/bin/../lib/gcc/arm-none-eabi/4.9.3/armv7-m/crtbegin.o

.eh_frame_hdr
 *(.eh_frame_hdr)

.eh_frame       0x00008aa4        0x4
 *(.eh_frame)
 .eh_frame      0x00008aa4        0x0 c:/program files (x86)/cypress/psoc creator/3.3/psoc creator/import/gnu/arm/4.9.3/bin/../lib/gcc/arm-none-eabi/4.9.3/armv7-m/crtbegin.o
 .eh_frame      0x00008aa4        0x4 c:/program files (x86)/cypress/psoc creator/3.3/psoc creator/import/gnu/arm/4.9.3/bin/../lib/gcc/arm-none-eabi/4.9.3/armv7-m/crtend.o
                0x00008aa8                PROVIDE (__exidx_start, .)

.ARM.exidx      0x00008aa8        0x8
 *(.ARM.exidx* .gnu.linkonce.armexidx.*)
 .ARM.exidx     0x00008aa8        0x8 c:/program files (x86)/cypress/psoc creator/3.3/psoc creator/import/gnu/arm/4.9.3/bin/../lib/gcc/arm-none-eabi/4.9.3/../../../../arm-none-eabi/lib/armv7-m/crt0.o
 .ARM.exidx     0x00008ab0        0x0 c:/program files (x86)/cypress/psoc creator/3.3/psoc creator/import/gnu/arm/4.9.3/bin/../lib/gcc/arm-none-eabi/4.9.3/armv7-m\libgcc.a(_divdi3.o)
                                  0x8 (size before relaxing)
 .ARM.exidx     0x00008ab0        0x0 c:/program files (x86)/cypress/psoc creator/3.3/psoc creator/import/gnu/arm/4.9.3/bin/../lib/gcc/arm-none-eabi/4.9.3/armv7-m\libgcc.a(_udivdi3.o)
                                  0x8 (size before relaxing)
                0x00008ab0                __exidx_end = .

.rodata         0x00008ab0      0x3e0
 *(.rodata .rodata.* .gnu.linkonce.r.*)
 .rodata        0x00008ab0       0x34 .\ARM_GCC_493\Debug\main.o
 .rodata        0x00008ae4      0x144 .\ARM_GCC_493\Debug\C-CAN.o
 .rodata        0x00008c28       0x88 .\ARM_GCC_493\Debug\C-CAN.a(cyfitter_cfg.o)
 .rodata        0x00008cb0       0x10 .\ARM_GCC_493\Debug\C-CAN.a(cyPm.o)
 .rodata        0x00008cc0      0x160 .\ARM_GCC_493\Debug\C-CAN.a(CAN_1.o)
 .rodata.str1.1
                0x00008e20        0x2 c:/program files (x86)/cypress/psoc creator/3.3/psoc creator/import/gnu/arm/4.9.3/bin/../lib/gcc/arm-none-eabi/4.9.3/../../../../arm-none-eabi/lib/armv7-m\libg_nano.a(lib_a-impure.o)
 *fill*         0x00008e22        0x2 
 .rodata._global_impure_ptr
                0x00008e24        0x4 c:/program files (x86)/cypress/psoc creator/3.3/psoc creator/import/gnu/arm/4.9.3/bin/../lib/gcc/arm-none-eabi/4.9.3/../../../../arm-none-eabi/lib/armv7-m\libg_nano.a(lib_a-impure.o)
                0x00008e24                _global_impure_ptr
 .rodata.str1.1
                0x00008e28       0x11 c:/program files (x86)/cypress/psoc creator/3.3/psoc creator/import/gnu/arm/4.9.3/bin/../lib/gcc/arm-none-eabi/4.9.3/../../../../arm-none-eabi/lib/armv7-m\libg_nano.a(lib_a-nano-svfprintf.o)
 .rodata.str1.1
                0x00008e39       0x22 c:/program files (x86)/cypress/psoc creator/3.3/psoc creator/import/gnu/arm/4.9.3/bin/../lib/gcc/arm-none-eabi/4.9.3/../../../../arm-none-eabi/lib/armv7-m\libg_nano.a(lib_a-nano-vfprintf_i.o)
                0x00008e5c                . = ALIGN (0x4)
 *fill*         0x00008e5b        0x1 
 *(.init)
 .init          0x00008e5c        0x4 c:/program files (x86)/cypress/psoc creator/3.3/psoc creator/import/gnu/arm/4.9.3/bin/../lib/gcc/arm-none-eabi/4.9.3/armv7-m/crti.o
                0x00008e5c                _init
 .init          0x00008e60        0x8 c:/program files (x86)/cypress/psoc creator/3.3/psoc creator/import/gnu/arm/4.9.3/bin/../lib/gcc/arm-none-eabi/4.9.3/armv7-m/crtn.o
                0x00008e68                . = ALIGN (0x4)
                0x00008e68                __preinit_array_start = .
 *(.preinit_array)
                0x00008e68                __preinit_array_end = .
                0x00008e68                . = ALIGN (0x4)
                0x00008e68                __init_array_start = .
 *(SORT(.init_array.*))
 *(.init_array)
 .init_array    0x00008e68        0x4 c:/program files (x86)/cypress/psoc creator/3.3/psoc creator/import/gnu/arm/4.9.3/bin/../lib/gcc/arm-none-eabi/4.9.3/armv7-m/crtbegin.o
 .init_array    0x00008e6c        0x4 .\ARM_GCC_493\Debug\Cm3Start.o
                0x00008e70                __init_array_end = .
                0x00008e70                . = ALIGN (0x4)
 *(.fini)
 .fini          0x00008e70        0x4 c:/program files (x86)/cypress/psoc creator/3.3/psoc creator/import/gnu/arm/4.9.3/bin/../lib/gcc/arm-none-eabi/4.9.3/armv7-m/crti.o
                0x00008e70                _fini
 .fini          0x00008e74        0x8 c:/program files (x86)/cypress/psoc creator/3.3/psoc creator/import/gnu/arm/4.9.3/bin/../lib/gcc/arm-none-eabi/4.9.3/armv7-m/crtn.o
                0x00008e7c                . = ALIGN (0x4)
                0x00008e7c                __fini_array_start = .
 *(.fini_array)
 .fini_array    0x00008e7c        0x4 c:/program files (x86)/cypress/psoc creator/3.3/psoc creator/import/gnu/arm/4.9.3/bin/../lib/gcc/arm-none-eabi/4.9.3/armv7-m/crtbegin.o
 *(SORT(.fini_array.*))
                0x00008e80                __fini_array_end = .
                0x00008e80                . = ALIGN (0x4)
 *crtbegin.o(.ctors)
 *(EXCLUDE_FILE(*crtend.o) .ctors)
 *(SORT(.ctors.*))
 *crtend.o(.ctors)
                0x00008e80                . = ALIGN (0x4)
 *crtbegin.o(.dtors)
 *(EXCLUDE_FILE(*crtend.o) .dtors)
 *(SORT(.dtors.*))
 *crtend.o(.dtors)
                0x00008e80                . = ALIGN (0x4)
                0x00008e80                __cy_regions = .
                0x00008e80        0x4 LONG 0x8e90 __cy_region_init_ram
                0x00008e84        0x4 LONG 0x1fff8108 __cy_region_start_data
                0x00008e88        0x4 LONG 0x88 __cy_region_init_size_ram
                0x00008e8c        0x4 LONG 0x6e0 __cy_region_zero_size_ram
                0x00008e90                __cy_regions_end = .
                0x00008e90                . = ALIGN (0x8)
                0x00008e90                _etext = .

.cy_checksum_exclude
                0x00008e90        0x0
 *(.cy_checksum_exclude)

.ramvectors     0x1fff8000      0x100
                0x1fff8000                __cy_region_start_ram = .
 *(.ramvectors)
 .ramvectors    0x1fff8000      0x100 .\ARM_GCC_493\Debug\Cm3Start.o
                0x1fff8000                CyRamVectors

.noinit         0x1fff8100        0x5
 *(.noinit)
 .noinit        0x1fff8100        0x4 .\ARM_GCC_493\Debug\Cm3Start.o
 .noinit        0x1fff8104        0x1 .\ARM_GCC_493\Debug\C-CAN.a(CyLib.o)
                0x1fff8104                CyResetStatus

.data           0x1fff8108       0x88 load address 0x00008e90
                0x1fff8108                __cy_region_start_data = .
 *(.jcr)
 .jcr           0x1fff8108        0x0 c:/program files (x86)/cypress/psoc creator/3.3/psoc creator/import/gnu/arm/4.9.3/bin/../lib/gcc/arm-none-eabi/4.9.3/armv7-m/crtbegin.o
 .jcr           0x1fff8108        0x4 c:/program files (x86)/cypress/psoc creator/3.3/psoc creator/import/gnu/arm/4.9.3/bin/../lib/gcc/arm-none-eabi/4.9.3/armv7-m/crtend.o
 *(.got.plt)
 *(.got)
 *(.shdata)
 *(.data .data.* .gnu.linkonce.d.*)
 .data          0x1fff810c        0x0 c:/program files (x86)/cypress/psoc creator/3.3/psoc creator/import/gnu/arm/4.9.3/bin/../lib/gcc/arm-none-eabi/4.9.3/armv7-m/crti.o
 .data          0x1fff810c        0x4 c:/program files (x86)/cypress/psoc creator/3.3/psoc creator/import/gnu/arm/4.9.3/bin/../lib/gcc/arm-none-eabi/4.9.3/armv7-m/crtbegin.o
                0x1fff810c                __dso_handle
 .data          0x1fff8110        0x0 c:/program files (x86)/cypress/psoc creator/3.3/psoc creator/import/gnu/arm/4.9.3/bin/../lib/gcc/arm-none-eabi/4.9.3/../../../../arm-none-eabi/lib/armv7-m/crt0.o
 .data          0x1fff8110        0x0 .\ARM_GCC_493\Debug\main.o
 .data          0x1fff8110        0x0 .\ARM_GCC_493\Debug\C-CAN.o
 .data          0x1fff8110        0x0 .\ARM_GCC_493\Debug\cymetadata.o
 .data          0x1fff8110        0x4 .\ARM_GCC_493\Debug\Cm3Start.o
 .data          0x1fff8114        0x0 .\ARM_GCC_493\Debug\C-CAN.a(cyfitter_cfg.o)
 .data          0x1fff8114        0x0 .\ARM_GCC_493\Debug\C-CAN.a(UART_1.o)
 .data          0x1fff8114        0x0 .\ARM_GCC_493\Debug\C-CAN.a(UART_1_INT.o)
 .data          0x1fff8114        0x0 .\ARM_GCC_493\Debug\C-CAN.a(UART_1_IntClock.o)
 .data          0x1fff8114        0x0 .\ARM_GCC_493\Debug\C-CAN.a(CyBootAsmGnu.o)
 .data          0x1fff8114       0x10 .\ARM_GCC_493\Debug\C-CAN.a(CyLib.o)
                0x1fff8114                cydelay_freq_hz
                0x1fff8118                cydelay_freq_khz
                0x1fff811c                cydelay_freq_mhz
                0x1fff8120                cydelay_32k_ms
 .data          0x1fff8124        0x0 .\ARM_GCC_493\Debug\C-CAN.a(cyPm.o)
 .data          0x1fff8124        0x0 .\ARM_GCC_493\Debug\C-CAN.a(ADC_SAR_1.o)
 .data          0x1fff8124        0x0 .\ARM_GCC_493\Debug\C-CAN.a(ADC_SAR_1_INT.o)
 .data          0x1fff8124        0x0 .\ARM_GCC_493\Debug\C-CAN.a(ADC_SAR_1_theACLK.o)
 .data          0x1fff8124        0x1 .\ARM_GCC_493\Debug\C-CAN.a(AMux_1.o)
 .data          0x1fff8125        0x0 .\ARM_GCC_493\Debug\C-CAN.a(CAN_1.o)
 .data          0x1fff8125        0x0 .\ARM_GCC_493\Debug\C-CAN.a(CAN_1_INT.o)
 .data          0x1fff8125        0x0 .\ARM_GCC_493\Debug\C-CAN.a(Encoder_Left.o)
 .data          0x1fff8125        0x0 .\ARM_GCC_493\Debug\C-CAN.a(Encoder_Right.o)
 .data          0x1fff8125        0x0 .\ARM_GCC_493\Debug\C-CAN.a(leftEncTimer.o)
 .data          0x1fff8125        0x0 .\ARM_GCC_493\Debug\C-CAN.a(rightEncTimer.o)
 .data          0x1fff8125        0x0 .\ARM_GCC_493\Debug\C-CAN.a(CyFlash.o)
 .data          0x1fff8125        0x0 .\ARM_GCC_493\Debug\C-CAN.a(CySpc.o)
 .data          0x1fff8125        0x0 c:/program files (x86)/cypress/psoc creator/3.3/psoc creator/import/gnu/arm/4.9.3/bin/../lib/gcc/arm-none-eabi/4.9.3/armv7-m\libgcc.a(_arm_addsubsf3.o)
 .data          0x1fff8125        0x0 c:/program files (x86)/cypress/psoc creator/3.3/psoc creator/import/gnu/arm/4.9.3/bin/../lib/gcc/arm-none-eabi/4.9.3/armv7-m\libgcc.a(_arm_muldivsf3.o)
 .data          0x1fff8125        0x0 c:/program files (x86)/cypress/psoc creator/3.3/psoc creator/import/gnu/arm/4.9.3/bin/../lib/gcc/arm-none-eabi/4.9.3/armv7-m\libgcc.a(_aeabi_ldivmod.o)
 .data          0x1fff8125        0x0 c:/program files (x86)/cypress/psoc creator/3.3/psoc creator/import/gnu/arm/4.9.3/bin/../lib/gcc/arm-none-eabi/4.9.3/armv7-m\libgcc.a(bpabi.o)
 .data          0x1fff8125        0x0 c:/program files (x86)/cypress/psoc creator/3.3/psoc creator/import/gnu/arm/4.9.3/bin/../lib/gcc/arm-none-eabi/4.9.3/armv7-m\libgcc.a(_dvmd_tls.o)
 .data          0x1fff8125        0x0 c:/program files (x86)/cypress/psoc creator/3.3/psoc creator/import/gnu/arm/4.9.3/bin/../lib/gcc/arm-none-eabi/4.9.3/armv7-m\libgcc.a(_divdi3.o)
 .data          0x1fff8125        0x0 c:/program files (x86)/cypress/psoc creator/3.3/psoc creator/import/gnu/arm/4.9.3/bin/../lib/gcc/arm-none-eabi/4.9.3/armv7-m\libgcc.a(_udivdi3.o)
 .data          0x1fff8125        0x0 c:/program files (x86)/cypress/psoc creator/3.3/psoc creator/import/gnu/arm/4.9.3/bin/../lib/gcc/arm-none-eabi/4.9.3/../../../../arm-none-eabi/lib/armv7-m\libg_nano.a(lib_a-errno.o)
 .data          0x1fff8125        0x0 c:/program files (x86)/cypress/psoc creator/3.3/psoc creator/import/gnu/arm/4.9.3/bin/../lib/gcc/arm-none-eabi/4.9.3/../../../../arm-none-eabi/lib/armv7-m\libg_nano.a(lib_a-exit.o)
 .data          0x1fff8125        0x0 c:/program files (x86)/cypress/psoc creator/3.3/psoc creator/import/gnu/arm/4.9.3/bin/../lib/gcc/arm-none-eabi/4.9.3/../../../../arm-none-eabi/lib/armv7-m\libg_nano.a(lib_a-impure.o)
 *fill*         0x1fff8125        0x3 
 .data.impure_data
                0x1fff8128       0x60 c:/program files (x86)/cypress/psoc creator/3.3/psoc creator/import/gnu/arm/4.9.3/bin/../lib/gcc/arm-none-eabi/4.9.3/../../../../arm-none-eabi/lib/armv7-m\libg_nano.a(lib_a-impure.o)
 .data._impure_ptr
                0x1fff8188        0x4 c:/program files (x86)/cypress/psoc creator/3.3/psoc creator/import/gnu/arm/4.9.3/bin/../lib/gcc/arm-none-eabi/4.9.3/../../../../arm-none-eabi/lib/armv7-m\libg_nano.a(lib_a-impure.o)
                0x1fff8188                _impure_ptr
 .data          0x1fff818c        0x0 c:/program files (x86)/cypress/psoc creator/3.3/psoc creator/import/gnu/arm/4.9.3/bin/../lib/gcc/arm-none-eabi/4.9.3/../../../../arm-none-eabi/lib/armv7-m\libg_nano.a(lib_a-init.o)
 .data          0x1fff818c        0x0 c:/program files (x86)/cypress/psoc creator/3.3/psoc creator/import/gnu/arm/4.9.3/bin/../lib/gcc/arm-none-eabi/4.9.3/../../../../arm-none-eabi/lib/armv7-m\libg_nano.a(lib_a-memcmp.o)
 .data          0x1fff818c        0x0 c:/program files (x86)/cypress/psoc creator/3.3/psoc creator/import/gnu/arm/4.9.3/bin/../lib/gcc/arm-none-eabi/4.9.3/../../../../arm-none-eabi/lib/armv7-m\libg_nano.a(lib_a-memcpy.o)
 .data          0x1fff818c        0x0 c:/program files (x86)/cypress/psoc creator/3.3/psoc creator/import/gnu/arm/4.9.3/bin/../lib/gcc/arm-none-eabi/4.9.3/../../../../arm-none-eabi/lib/armv7-m\libg_nano.a(lib_a-memset.o)
 .data          0x1fff818c        0x0 c:/program files (x86)/cypress/psoc creator/3.3/psoc creator/import/gnu/arm/4.9.3/bin/../lib/gcc/arm-none-eabi/4.9.3/../../../../arm-none-eabi/lib/armv7-m\libg_nano.a(lib_a-sprintf.o)
 .data          0x1fff818c        0x0 c:/program files (x86)/cypress/psoc creator/3.3/psoc creator/import/gnu/arm/4.9.3/bin/../lib/gcc/arm-none-eabi/4.9.3/../../../../arm-none-eabi/lib/armv7-m\libg_nano.a(lib_a-nano-svfprintf.o)
 .data          0x1fff818c        0x0 c:/program files (x86)/cypress/psoc creator/3.3/psoc creator/import/gnu/arm/4.9.3/bin/../lib/gcc/arm-none-eabi/4.9.3/../../../../arm-none-eabi/lib/armv7-m\libg_nano.a(lib_a-nano-vfprintf_i.o)
 .data          0x1fff818c        0x0 c:/program files (x86)/cypress/psoc creator/3.3/psoc creator/import/gnu/arm/4.9.3/bin/../lib/gcc/arm-none-eabi/4.9.3/../../../../arm-none-eabi/lib/armv7-m\libg_nano.a(lib_a-memchr.o)
 .data          0x1fff818c        0x0 c:/program files (x86)/cypress/psoc creator/3.3/psoc creator/import/gnu/arm/4.9.3/bin/../lib/gcc/arm-none-eabi/4.9.3/../../../../arm-none-eabi/lib/armv7-m\libg_nano.a(lib_a-memmove.o)
 .data          0x1fff818c        0x0 c:/program files (x86)/cypress/psoc creator/3.3/psoc creator/import/gnu/arm/4.9.3/bin/../lib/gcc/arm-none-eabi/4.9.3/../../../../arm-none-eabi/lib/armv7-m\libg_nano.a(lib_a-nano-freer.o)
 .data          0x1fff818c        0x0 c:/program files (x86)/cypress/psoc creator/3.3/psoc creator/import/gnu/arm/4.9.3/bin/../lib/gcc/arm-none-eabi/4.9.3/../../../../arm-none-eabi/lib/armv7-m\libg_nano.a(lib_a-nano-mallocr.o)
 .data          0x1fff818c        0x0 c:/program files (x86)/cypress/psoc creator/3.3/psoc creator/import/gnu/arm/4.9.3/bin/../lib/gcc/arm-none-eabi/4.9.3/../../../../arm-none-eabi/lib/armv7-m\libg_nano.a(lib_a-nano-reallocr.o)
 .data          0x1fff818c        0x0 c:/program files (x86)/cypress/psoc creator/3.3/psoc creator/import/gnu/arm/4.9.3/bin/../lib/gcc/arm-none-eabi/4.9.3/../../../../arm-none-eabi/lib/armv7-m\libg_nano.a(lib_a-sbrkr.o)
 .data          0x1fff818c        0x0 c:/program files (x86)/cypress/psoc creator/3.3/psoc creator/import/gnu/arm/4.9.3/bin/../lib/gcc/arm-none-eabi/4.9.3/../../../../arm-none-eabi/lib/armv7-m\libg_nano.a(lib_a-nano-msizer.o)
 .data          0x1fff818c        0x0 c:/program files (x86)/cypress/psoc creator/3.3/psoc creator/import/gnu/arm/4.9.3/bin/../lib/gcc/arm-none-eabi/4.9.3/../../../../arm-none-eabi/lib/armv7-m\libg_nano.a(lib_a-reent.o)
 .data          0x1fff818c        0x0 c:/program files (x86)/cypress/psoc creator/3.3/psoc creator/import/gnu/arm/4.9.3/bin/../lib/gcc/arm-none-eabi/4.9.3/armv7-m/crtend.o
 .data          0x1fff818c        0x0 c:/program files (x86)/cypress/psoc creator/3.3/psoc creator/import/gnu/arm/4.9.3/bin/../lib/gcc/arm-none-eabi/4.9.3/armv7-m/crtn.o
                0x1fff8190                . = ALIGN (0x8)
 *fill*         0x1fff818c        0x4 
 *(.ram)
                0x1fff8190                _edata = .

.igot.plt       0x1fff8190        0x0 load address 0x00008f18
 .igot.plt      0x00000000        0x0 c:/program files (x86)/cypress/psoc creator/3.3/psoc creator/import/gnu/arm/4.9.3/bin/../lib/gcc/arm-none-eabi/4.9.3/armv7-m/crtbegin.o

.bss            0x1fff8190      0x6e0 load address 0x00008f18
                0x1fff8190                PROVIDE (__bss_start__, .)
 *(.shbss)
 *(.bss .bss.* .gnu.linkonce.b.*)
 .bss           0x1fff8190        0x0 c:/program files (x86)/cypress/psoc creator/3.3/psoc creator/import/gnu/arm/4.9.3/bin/../lib/gcc/arm-none-eabi/4.9.3/armv7-m/crti.o
 .bss           0x1fff8190       0x1c c:/program files (x86)/cypress/psoc creator/3.3/psoc creator/import/gnu/arm/4.9.3/bin/../lib/gcc/arm-none-eabi/4.9.3/armv7-m/crtbegin.o
 .bss           0x1fff81ac        0x0 c:/program files (x86)/cypress/psoc creator/3.3/psoc creator/import/gnu/arm/4.9.3/bin/../lib/gcc/arm-none-eabi/4.9.3/../../../../arm-none-eabi/lib/armv7-m/crt0.o
 .bss           0x1fff81ac        0xc .\ARM_GCC_493\Debug\main.o
                0x1fff81b4                timer
 .bss           0x1fff81b8       0x2c .\ARM_GCC_493\Debug\C-CAN.o
 .bss           0x1fff81e4        0x0 .\ARM_GCC_493\Debug\cymetadata.o
 .bss           0x1fff81e4        0x0 .\ARM_GCC_493\Debug\Cm3Start.o
 .bss           0x1fff81e4        0x8 .\ARM_GCC_493\Debug\C-CAN.a(cyfitter_cfg.o)
 .bss           0x1fff81ec        0x9 .\ARM_GCC_493\Debug\C-CAN.a(UART_1.o)
                0x1fff81ec                UART_1_initVar
                0x1fff81ed                UART_1_txBufferRead
                0x1fff81ee                UART_1_txBufferWrite
                0x1fff81ef                UART_1_errorStatus
                0x1fff81f0                UART_1_rxBufferRead
                0x1fff81f1                UART_1_rxBufferWrite
                0x1fff81f2                UART_1_rxBufferLoopDetect
                0x1fff81f3                UART_1_rxBufferOverflow
 .bss           0x1fff81f5        0x0 .\ARM_GCC_493\Debug\C-CAN.a(UART_1_INT.o)
 .bss           0x1fff81f5        0x0 .\ARM_GCC_493\Debug\C-CAN.a(UART_1_IntClock.o)
 .bss           0x1fff81f5        0x0 .\ARM_GCC_493\Debug\C-CAN.a(CyBootAsmGnu.o)
 *fill*         0x1fff81f5        0x3 
 .bss           0x1fff81f8       0x1c .\ARM_GCC_493\Debug\C-CAN.a(CyLib.o)
                0x1fff820c                CySysTickInitVar
 .bss           0x1fff8214       0x44 .\ARM_GCC_493\Debug\C-CAN.a(cyPm.o)
 .bss           0x1fff8258        0x1 .\ARM_GCC_493\Debug\C-CAN.a(ADC_SAR_1.o)
                0x1fff8258                ADC_SAR_1_initVar
 .bss           0x1fff8259        0x0 .\ARM_GCC_493\Debug\C-CAN.a(ADC_SAR_1_INT.o)
 .bss           0x1fff8259        0x0 .\ARM_GCC_493\Debug\C-CAN.a(ADC_SAR_1_theACLK.o)
 .bss           0x1fff8259        0x0 .\ARM_GCC_493\Debug\C-CAN.a(AMux_1.o)
 .bss           0x1fff8259        0x1 .\ARM_GCC_493\Debug\C-CAN.a(CAN_1.o)
                0x1fff8259                CAN_1_initVar
 .bss           0x1fff825a        0x0 .\ARM_GCC_493\Debug\C-CAN.a(CAN_1_INT.o)
 .bss           0x1fff825a        0x1 .\ARM_GCC_493\Debug\C-CAN.a(Encoder_Left.o)
                0x1fff825a                Encoder_Left_initVar
 .bss           0x1fff825b        0x1 .\ARM_GCC_493\Debug\C-CAN.a(Encoder_Right.o)
                0x1fff825b                Encoder_Right_initVar
 .bss           0x1fff825c        0x1 .\ARM_GCC_493\Debug\C-CAN.a(leftEncTimer.o)
                0x1fff825c                leftEncTimer_initVar
 .bss           0x1fff825d        0x1 .\ARM_GCC_493\Debug\C-CAN.a(rightEncTimer.o)
                0x1fff825d                rightEncTimer_initVar
 *fill*         0x1fff825e        0x2 
 .bss           0x1fff8260        0x4 .\ARM_GCC_493\Debug\C-CAN.a(CyFlash.o)
 .bss           0x1fff8264        0x8 .\ARM_GCC_493\Debug\C-CAN.a(CySpc.o)
                0x1fff8264                SpcLockState
 .bss           0x1fff826c        0x0 c:/program files (x86)/cypress/psoc creator/3.3/psoc creator/import/gnu/arm/4.9.3/bin/../lib/gcc/arm-none-eabi/4.9.3/armv7-m\libgcc.a(_arm_addsubsf3.o)
 .bss           0x1fff826c        0x0 c:/program files (x86)/cypress/psoc creator/3.3/psoc creator/import/gnu/arm/4.9.3/bin/../lib/gcc/arm-none-eabi/4.9.3/armv7-m\libgcc.a(_arm_muldivsf3.o)
 .bss           0x1fff826c        0x0 c:/program files (x86)/cypress/psoc creator/3.3/psoc creator/import/gnu/arm/4.9.3/bin/../lib/gcc/arm-none-eabi/4.9.3/armv7-m\libgcc.a(_aeabi_ldivmod.o)
 .bss           0x1fff826c        0x0 c:/program files (x86)/cypress/psoc creator/3.3/psoc creator/import/gnu/arm/4.9.3/bin/../lib/gcc/arm-none-eabi/4.9.3/armv7-m\libgcc.a(bpabi.o)
 .bss           0x1fff826c        0x0 c:/program files (x86)/cypress/psoc creator/3.3/psoc creator/import/gnu/arm/4.9.3/bin/../lib/gcc/arm-none-eabi/4.9.3/armv7-m\libgcc.a(_dvmd_tls.o)