ARM GAS  C:\Users\Patrick\AppData\Local\Temp\cc3SLK93.s 			page 1


   1              		.syntax unified
   2              		.cpu cortex-m3
   3              		.fpu softvfp
   4              		.eabi_attribute 20, 1
   5              		.eabi_attribute 21, 1
   6              		.eabi_attribute 23, 3
   7              		.eabi_attribute 24, 1
   8              		.eabi_attribute 25, 1
   9              		.eabi_attribute 26, 1
  10              		.eabi_attribute 30, 2
  11              		.eabi_attribute 34, 1
  12              		.eabi_attribute 18, 4
  13              		.thumb
  14              		.file	"CAN_1_PM.c"
  15              		.text
  16              	.Ltext0:
  17              		.cfi_sections	.debug_frame
  18              		.section	.text.CAN_1_SaveConfig,"ax",%progbits
  19              		.align	2
  20              		.global	CAN_1_SaveConfig
  21              		.thumb
  22              		.thumb_func
  23              		.type	CAN_1_SaveConfig, %function
  24              	CAN_1_SaveConfig:
  25              	.LFB0:
  26              		.file 1 ".\\Generated_Source\\PSoC5\\CAN_1_PM.c"
   1:.\Generated_Source\PSoC5/CAN_1_PM.c **** /*******************************************************************************
   2:.\Generated_Source\PSoC5/CAN_1_PM.c **** * File Name: CAN_1_PM.c
   3:.\Generated_Source\PSoC5/CAN_1_PM.c **** * Version 3.0
   4:.\Generated_Source\PSoC5/CAN_1_PM.c **** *
   5:.\Generated_Source\PSoC5/CAN_1_PM.c **** * Description:
   6:.\Generated_Source\PSoC5/CAN_1_PM.c **** *  This file contains the setup, control and status commands to support
   7:.\Generated_Source\PSoC5/CAN_1_PM.c **** *  component operations in the low power mode.
   8:.\Generated_Source\PSoC5/CAN_1_PM.c **** *
   9:.\Generated_Source\PSoC5/CAN_1_PM.c **** * Note:
  10:.\Generated_Source\PSoC5/CAN_1_PM.c **** *
  11:.\Generated_Source\PSoC5/CAN_1_PM.c **** ********************************************************************************
  12:.\Generated_Source\PSoC5/CAN_1_PM.c **** * Copyright 2008-2015, Cypress Semiconductor Corporation.  All rights reserved.
  13:.\Generated_Source\PSoC5/CAN_1_PM.c **** * You may use this file only in accordance with the license, terms, conditions,
  14:.\Generated_Source\PSoC5/CAN_1_PM.c **** * disclaimers, and limitations in the end user license agreement accompanying
  15:.\Generated_Source\PSoC5/CAN_1_PM.c **** * the software package with which this file was provided.
  16:.\Generated_Source\PSoC5/CAN_1_PM.c **** *******************************************************************************/
  17:.\Generated_Source\PSoC5/CAN_1_PM.c **** 
  18:.\Generated_Source\PSoC5/CAN_1_PM.c **** #include "CAN_1.h"
  19:.\Generated_Source\PSoC5/CAN_1_PM.c **** 
  20:.\Generated_Source\PSoC5/CAN_1_PM.c **** static CAN_1_BACKUP_STRUCT CAN_1_backup =
  21:.\Generated_Source\PSoC5/CAN_1_PM.c **** {
  22:.\Generated_Source\PSoC5/CAN_1_PM.c ****     0u,
  23:.\Generated_Source\PSoC5/CAN_1_PM.c ****     #if (CY_PSOC3 || CY_PSOC5)
  24:.\Generated_Source\PSoC5/CAN_1_PM.c ****         0u,
  25:.\Generated_Source\PSoC5/CAN_1_PM.c ****         CAN_1_INIT_INTERRUPT_MASK,
  26:.\Generated_Source\PSoC5/CAN_1_PM.c ****         CAN_1_MODE_MASK,
  27:.\Generated_Source\PSoC5/CAN_1_PM.c ****         (((uint32) ((uint32) CAN_1_SYNC_EDGE    << CAN_1_EDGE_MODE_SHIFT))     |
  28:.\Generated_Source\PSoC5/CAN_1_PM.c ****         ((uint32) ((uint32) CAN_1_SAMPLING_MODE << CAN_1_SAMPLE_MODE_SHIFT))   |
  29:.\Generated_Source\PSoC5/CAN_1_PM.c ****         ((uint32) ((uint32) CAN_1_CFG_REG_SJW   << CAN_1_CFG_REG_SJW_SHIFT))   |
  30:.\Generated_Source\PSoC5/CAN_1_PM.c ****         ((uint32) ((uint32) CAN_1_RESET_TYPE    << CAN_1_RESET_SHIFT))         |
  31:.\Generated_Source\PSoC5/CAN_1_PM.c ****         ((uint32) ((uint32) CAN_1_CFG_REG_TSEG2 << CAN_1_CFG_REG_TSEG2_SHIFT)) |
ARM GAS  C:\Users\Patrick\AppData\Local\Temp\cc3SLK93.s 			page 2


  32:.\Generated_Source\PSoC5/CAN_1_PM.c ****         ((uint32) ((uint32) CAN_1_CFG_REG_TSEG1 << CAN_1_CFG_REG_TSEG1_SHIFT)) |
  33:.\Generated_Source\PSoC5/CAN_1_PM.c ****         ((uint32) ((uint32) CAN_1_ARBITER       << CAN_1_ARBITER_SHIFT))       |
  34:.\Generated_Source\PSoC5/CAN_1_PM.c ****         ((uint32) ((uint32) CAN_1_BITRATE       << CAN_1_BITRATE_SHIFT)))
  35:.\Generated_Source\PSoC5/CAN_1_PM.c ****     #endif /* CY_PSOC3 || CY_PSOC5 */
  36:.\Generated_Source\PSoC5/CAN_1_PM.c **** };
  37:.\Generated_Source\PSoC5/CAN_1_PM.c **** 
  38:.\Generated_Source\PSoC5/CAN_1_PM.c **** 
  39:.\Generated_Source\PSoC5/CAN_1_PM.c **** /*******************************************************************************
  40:.\Generated_Source\PSoC5/CAN_1_PM.c **** * Function Name: CAN_1_SaveConfig
  41:.\Generated_Source\PSoC5/CAN_1_PM.c **** ********************************************************************************
  42:.\Generated_Source\PSoC5/CAN_1_PM.c **** *
  43:.\Generated_Source\PSoC5/CAN_1_PM.c **** * Summary:
  44:.\Generated_Source\PSoC5/CAN_1_PM.c **** *  Save the CAN configuration.
  45:.\Generated_Source\PSoC5/CAN_1_PM.c **** *
  46:.\Generated_Source\PSoC5/CAN_1_PM.c **** * Parameters:
  47:.\Generated_Source\PSoC5/CAN_1_PM.c **** *  None.
  48:.\Generated_Source\PSoC5/CAN_1_PM.c **** *
  49:.\Generated_Source\PSoC5/CAN_1_PM.c **** * Return:
  50:.\Generated_Source\PSoC5/CAN_1_PM.c **** *  None.
  51:.\Generated_Source\PSoC5/CAN_1_PM.c **** *
  52:.\Generated_Source\PSoC5/CAN_1_PM.c **** * Global Variables:
  53:.\Generated_Source\PSoC5/CAN_1_PM.c **** *  CAN_1_backup - Modified when non-retention registers are saved.
  54:.\Generated_Source\PSoC5/CAN_1_PM.c **** *
  55:.\Generated_Source\PSoC5/CAN_1_PM.c **** * Reentrant:
  56:.\Generated_Source\PSoC5/CAN_1_PM.c **** *  No.
  57:.\Generated_Source\PSoC5/CAN_1_PM.c **** *
  58:.\Generated_Source\PSoC5/CAN_1_PM.c **** *******************************************************************************/
  59:.\Generated_Source\PSoC5/CAN_1_PM.c **** void CAN_1_SaveConfig(void) 
  60:.\Generated_Source\PSoC5/CAN_1_PM.c **** {
  27              		.loc 1 60 0
  28              		.cfi_startproc
  29              		@ args = 0, pretend = 0, frame = 0
  30              		@ frame_needed = 0, uses_anonymous_args = 0
  31              		@ link register save eliminated.
  61:.\Generated_Source\PSoC5/CAN_1_PM.c ****     #if (CY_PSOC3 || CY_PSOC5)
  62:.\Generated_Source\PSoC5/CAN_1_PM.c ****         CAN_1_backup.intSr = (CY_GET_REG32(CAN_1_INT_SR_PTR));
  32              		.loc 1 62 0
  33 0000 084B     		ldr	r3, .L3
  63:.\Generated_Source\PSoC5/CAN_1_PM.c ****         CAN_1_backup.intEn = (CY_GET_REG32(CAN_1_INT_EN_PTR));
  34              		.loc 1 63 0
  35 0002 0948     		ldr	r0, .L3+4
  64:.\Generated_Source\PSoC5/CAN_1_PM.c ****         CAN_1_backup.cmd = (CY_GET_REG32(CAN_1_CMD_PTR));
  36              		.loc 1 64 0
  37 0004 0949     		ldr	r1, .L3+8
  65:.\Generated_Source\PSoC5/CAN_1_PM.c ****         CAN_1_backup.cfg = (CY_GET_REG32(CAN_1_CFG_PTR));
  38              		.loc 1 65 0
  39 0006 0A4A     		ldr	r2, .L3+12
  60:.\Generated_Source\PSoC5/CAN_1_PM.c ****     #if (CY_PSOC3 || CY_PSOC5)
  40              		.loc 1 60 0
  41 0008 10B4     		push	{r4}
  42              		.cfi_def_cfa_offset 4
  43              		.cfi_offset 4, -4
  62:.\Generated_Source\PSoC5/CAN_1_PM.c ****         CAN_1_backup.intEn = (CY_GET_REG32(CAN_1_INT_EN_PTR));
  44              		.loc 1 62 0
  45 000a 1C68     		ldr	r4, [r3]
  63:.\Generated_Source\PSoC5/CAN_1_PM.c ****         CAN_1_backup.cmd = (CY_GET_REG32(CAN_1_CMD_PTR));
  46              		.loc 1 63 0
ARM GAS  C:\Users\Patrick\AppData\Local\Temp\cc3SLK93.s 			page 3


  47 000c 0068     		ldr	r0, [r0]
  62:.\Generated_Source\PSoC5/CAN_1_PM.c ****         CAN_1_backup.intEn = (CY_GET_REG32(CAN_1_INT_EN_PTR));
  48              		.loc 1 62 0
  49 000e 094B     		ldr	r3, .L3+16
  64:.\Generated_Source\PSoC5/CAN_1_PM.c ****         CAN_1_backup.cfg = (CY_GET_REG32(CAN_1_CFG_PTR));
  50              		.loc 1 64 0
  51 0010 0968     		ldr	r1, [r1]
  52              		.loc 1 65 0
  53 0012 1268     		ldr	r2, [r2]
  62:.\Generated_Source\PSoC5/CAN_1_PM.c ****         CAN_1_backup.intEn = (CY_GET_REG32(CAN_1_INT_EN_PTR));
  54              		.loc 1 62 0
  55 0014 5C60     		str	r4, [r3, #4]
  63:.\Generated_Source\PSoC5/CAN_1_PM.c ****         CAN_1_backup.cmd = (CY_GET_REG32(CAN_1_CMD_PTR));
  56              		.loc 1 63 0
  57 0016 9860     		str	r0, [r3, #8]
  64:.\Generated_Source\PSoC5/CAN_1_PM.c ****         CAN_1_backup.cfg = (CY_GET_REG32(CAN_1_CFG_PTR));
  58              		.loc 1 64 0
  59 0018 D960     		str	r1, [r3, #12]
  60              		.loc 1 65 0
  61 001a 1A61     		str	r2, [r3, #16]
  66:.\Generated_Source\PSoC5/CAN_1_PM.c ****     #endif /* CY_PSOC3 || CY_PSOC5 */
  67:.\Generated_Source\PSoC5/CAN_1_PM.c **** }
  62              		.loc 1 67 0
  63 001c 5DF8044B 		ldr	r4, [sp], #4
  64              		.cfi_restore 4
  65              		.cfi_def_cfa_offset 0
  66 0020 7047     		bx	lr
  67              	.L4:
  68 0022 00BF     		.align	2
  69              	.L3:
  70 0024 00A00040 		.word	1073782784
  71 0028 04A00040 		.word	1073782788
  72 002c 10A00040 		.word	1073782800
  73 0030 14A00040 		.word	1073782804
  74 0034 00000000 		.word	.LANCHOR0
  75              		.cfi_endproc
  76              	.LFE0:
  77              		.size	CAN_1_SaveConfig, .-CAN_1_SaveConfig
  78              		.section	.text.CAN_1_RestoreConfig,"ax",%progbits
  79              		.align	2
  80              		.global	CAN_1_RestoreConfig
  81              		.thumb
  82              		.thumb_func
  83              		.type	CAN_1_RestoreConfig, %function
  84              	CAN_1_RestoreConfig:
  85              	.LFB1:
  68:.\Generated_Source\PSoC5/CAN_1_PM.c **** 
  69:.\Generated_Source\PSoC5/CAN_1_PM.c **** 
  70:.\Generated_Source\PSoC5/CAN_1_PM.c **** /*******************************************************************************
  71:.\Generated_Source\PSoC5/CAN_1_PM.c **** * Function Name: CAN_1_RestoreConfig
  72:.\Generated_Source\PSoC5/CAN_1_PM.c **** ********************************************************************************
  73:.\Generated_Source\PSoC5/CAN_1_PM.c **** *
  74:.\Generated_Source\PSoC5/CAN_1_PM.c **** * Summary:
  75:.\Generated_Source\PSoC5/CAN_1_PM.c **** *  Restore the CAN configuration.
  76:.\Generated_Source\PSoC5/CAN_1_PM.c **** *
  77:.\Generated_Source\PSoC5/CAN_1_PM.c **** * Parameters:
  78:.\Generated_Source\PSoC5/CAN_1_PM.c **** *  None.
ARM GAS  C:\Users\Patrick\AppData\Local\Temp\cc3SLK93.s 			page 4


  79:.\Generated_Source\PSoC5/CAN_1_PM.c **** *
  80:.\Generated_Source\PSoC5/CAN_1_PM.c **** * Return:
  81:.\Generated_Source\PSoC5/CAN_1_PM.c **** *  None.
  82:.\Generated_Source\PSoC5/CAN_1_PM.c **** *
  83:.\Generated_Source\PSoC5/CAN_1_PM.c **** * Global Variables:
  84:.\Generated_Source\PSoC5/CAN_1_PM.c **** *  CAN_1_backup - Used when non-retention registers are restored.
  85:.\Generated_Source\PSoC5/CAN_1_PM.c **** *
  86:.\Generated_Source\PSoC5/CAN_1_PM.c **** * Side Effects:
  87:.\Generated_Source\PSoC5/CAN_1_PM.c **** *  If this API is called without first calling SaveConfig then default values
  88:.\Generated_Source\PSoC5/CAN_1_PM.c **** *  from Customizer will be in the following registers: CAN_1_INT_SR,
  89:.\Generated_Source\PSoC5/CAN_1_PM.c **** *  CAN_1_INT_EN, CAN_1_CMD, CAN_1_CFG.
  90:.\Generated_Source\PSoC5/CAN_1_PM.c **** *
  91:.\Generated_Source\PSoC5/CAN_1_PM.c **** *******************************************************************************/
  92:.\Generated_Source\PSoC5/CAN_1_PM.c **** void CAN_1_RestoreConfig(void) 
  93:.\Generated_Source\PSoC5/CAN_1_PM.c **** {
  86              		.loc 1 93 0
  87              		.cfi_startproc
  88              		@ args = 0, pretend = 0, frame = 0
  89              		@ frame_needed = 0, uses_anonymous_args = 0
  90              		@ link register save eliminated.
  91 0000 F0B4     		push	{r4, r5, r6, r7}
  92              		.cfi_def_cfa_offset 16
  93              		.cfi_offset 4, -16
  94              		.cfi_offset 5, -12
  95              		.cfi_offset 6, -8
  96              		.cfi_offset 7, -4
  94:.\Generated_Source\PSoC5/CAN_1_PM.c ****     #if (CY_PSOC3 || CY_PSOC5)
  95:.\Generated_Source\PSoC5/CAN_1_PM.c ****         CY_SET_REG32(CAN_1_INT_SR_PTR, CAN_1_backup.intSr);
  97              		.loc 1 95 0
  98 0002 074B     		ldr	r3, .L7
  99 0004 074E     		ldr	r6, .L7+4
 100 0006 5F68     		ldr	r7, [r3, #4]
  96:.\Generated_Source\PSoC5/CAN_1_PM.c ****         CY_SET_REG32(CAN_1_INT_EN_PTR, CAN_1_backup.intEn);
 101              		.loc 1 96 0
 102 0008 9D68     		ldr	r5, [r3, #8]
  97:.\Generated_Source\PSoC5/CAN_1_PM.c ****         CY_SET_REG32(CAN_1_CMD_PTR, CAN_1_backup.cmd);
  98:.\Generated_Source\PSoC5/CAN_1_PM.c ****         CY_SET_REG32(CAN_1_CFG_PTR, CAN_1_backup.cfg);
 103              		.loc 1 98 0
 104 000a 1A69     		ldr	r2, [r3, #16]
  97:.\Generated_Source\PSoC5/CAN_1_PM.c ****         CY_SET_REG32(CAN_1_CMD_PTR, CAN_1_backup.cmd);
 105              		.loc 1 97 0
 106 000c D868     		ldr	r0, [r3, #12]
  96:.\Generated_Source\PSoC5/CAN_1_PM.c ****         CY_SET_REG32(CAN_1_INT_EN_PTR, CAN_1_backup.intEn);
 107              		.loc 1 96 0
 108 000e 064C     		ldr	r4, .L7+8
  97:.\Generated_Source\PSoC5/CAN_1_PM.c ****         CY_SET_REG32(CAN_1_CMD_PTR, CAN_1_backup.cmd);
 109              		.loc 1 97 0
 110 0010 0649     		ldr	r1, .L7+12
 111              		.loc 1 98 0
 112 0012 074B     		ldr	r3, .L7+16
  95:.\Generated_Source\PSoC5/CAN_1_PM.c ****         CY_SET_REG32(CAN_1_INT_EN_PTR, CAN_1_backup.intEn);
 113              		.loc 1 95 0
 114 0014 3760     		str	r7, [r6]
  96:.\Generated_Source\PSoC5/CAN_1_PM.c ****         CY_SET_REG32(CAN_1_INT_EN_PTR, CAN_1_backup.intEn);
 115              		.loc 1 96 0
 116 0016 2560     		str	r5, [r4]
  97:.\Generated_Source\PSoC5/CAN_1_PM.c ****         CY_SET_REG32(CAN_1_CMD_PTR, CAN_1_backup.cmd);
ARM GAS  C:\Users\Patrick\AppData\Local\Temp\cc3SLK93.s 			page 5


 117              		.loc 1 97 0
 118 0018 0860     		str	r0, [r1]
  99:.\Generated_Source\PSoC5/CAN_1_PM.c ****     #endif /* CY_PSOC3 || CY_PSOC5 */
 100:.\Generated_Source\PSoC5/CAN_1_PM.c **** }
 119              		.loc 1 100 0
 120 001a F0BC     		pop	{r4, r5, r6, r7}
 121              		.cfi_restore 7
 122              		.cfi_restore 6
 123              		.cfi_restore 5
 124              		.cfi_restore 4
 125              		.cfi_def_cfa_offset 0
  98:.\Generated_Source\PSoC5/CAN_1_PM.c ****     #endif /* CY_PSOC3 || CY_PSOC5 */
 126              		.loc 1 98 0
 127 001c 1A60     		str	r2, [r3]
 128              		.loc 1 100 0
 129 001e 7047     		bx	lr
 130              	.L8:
 131              		.align	2
 132              	.L7:
 133 0020 00000000 		.word	.LANCHOR0
 134 0024 00A00040 		.word	1073782784
 135 0028 04A00040 		.word	1073782788
 136 002c 10A00040 		.word	1073782800
 137 0030 14A00040 		.word	1073782804
 138              		.cfi_endproc
 139              	.LFE1:
 140              		.size	CAN_1_RestoreConfig, .-CAN_1_RestoreConfig
 141              		.section	.text.CAN_1_Sleep,"ax",%progbits
 142              		.align	2
 143              		.global	CAN_1_Sleep
 144              		.thumb
 145              		.thumb_func
 146              		.type	CAN_1_Sleep, %function
 147              	CAN_1_Sleep:
 148              	.LFB2:
 101:.\Generated_Source\PSoC5/CAN_1_PM.c **** 
 102:.\Generated_Source\PSoC5/CAN_1_PM.c **** 
 103:.\Generated_Source\PSoC5/CAN_1_PM.c **** /*******************************************************************************
 104:.\Generated_Source\PSoC5/CAN_1_PM.c **** * Function Name: CAN_1_Sleep
 105:.\Generated_Source\PSoC5/CAN_1_PM.c **** ********************************************************************************
 106:.\Generated_Source\PSoC5/CAN_1_PM.c **** *
 107:.\Generated_Source\PSoC5/CAN_1_PM.c **** * Summary:
 108:.\Generated_Source\PSoC5/CAN_1_PM.c **** *  Prepares CAN Component to go to sleep.
 109:.\Generated_Source\PSoC5/CAN_1_PM.c **** *
 110:.\Generated_Source\PSoC5/CAN_1_PM.c **** * Parameters:
 111:.\Generated_Source\PSoC5/CAN_1_PM.c **** *  None.
 112:.\Generated_Source\PSoC5/CAN_1_PM.c **** *
 113:.\Generated_Source\PSoC5/CAN_1_PM.c **** * Return:
 114:.\Generated_Source\PSoC5/CAN_1_PM.c **** *  None.
 115:.\Generated_Source\PSoC5/CAN_1_PM.c **** *
 116:.\Generated_Source\PSoC5/CAN_1_PM.c **** * Global Variables:
 117:.\Generated_Source\PSoC5/CAN_1_PM.c **** *  CAN_1_backup - Modified when non-retention registers are saved.
 118:.\Generated_Source\PSoC5/CAN_1_PM.c **** *
 119:.\Generated_Source\PSoC5/CAN_1_PM.c **** * Reentrant:
 120:.\Generated_Source\PSoC5/CAN_1_PM.c **** *  No.
 121:.\Generated_Source\PSoC5/CAN_1_PM.c **** *
 122:.\Generated_Source\PSoC5/CAN_1_PM.c **** *******************************************************************************/
ARM GAS  C:\Users\Patrick\AppData\Local\Temp\cc3SLK93.s 			page 6


 123:.\Generated_Source\PSoC5/CAN_1_PM.c **** void CAN_1_Sleep(void) 
 124:.\Generated_Source\PSoC5/CAN_1_PM.c **** {
 149              		.loc 1 124 0
 150              		.cfi_startproc
 151              		@ args = 0, pretend = 0, frame = 0
 152              		@ frame_needed = 0, uses_anonymous_args = 0
 153              		@ link register save eliminated.
 125:.\Generated_Source\PSoC5/CAN_1_PM.c ****     #if (!(CY_PSOC3 || CY_PSOC5))
 126:.\Generated_Source\PSoC5/CAN_1_PM.c ****         uint8 i;
 127:.\Generated_Source\PSoC5/CAN_1_PM.c ****     #endif /* (!(CY_PSOC3 || CY_PSOC5)) */
 128:.\Generated_Source\PSoC5/CAN_1_PM.c **** 
 129:.\Generated_Source\PSoC5/CAN_1_PM.c ****     if (0u != (CY_GET_REG32(CAN_1_CMD_PTR) & CAN_1_MODE_MASK))
 154              		.loc 1 129 0
 155 0000 0A49     		ldr	r1, .L11
 124:.\Generated_Source\PSoC5/CAN_1_PM.c ****     #if (!(CY_PSOC3 || CY_PSOC5))
 156              		.loc 1 124 0
 157 0002 30B4     		push	{r4, r5}
 158              		.cfi_def_cfa_offset 8
 159              		.cfi_offset 4, -8
 160              		.cfi_offset 5, -4
 161              		.loc 1 129 0
 162 0004 0A68     		ldr	r2, [r1]
 163 0006 0A4B     		ldr	r3, .L11+4
 164 0008 02F00102 		and	r2, r2, #1
 165              	.LBB6:
 166              	.LBB7:
  62:.\Generated_Source\PSoC5/CAN_1_PM.c ****         CAN_1_backup.intEn = (CY_GET_REG32(CAN_1_INT_EN_PTR));
 167              		.loc 1 62 0
 168 000c 094C     		ldr	r4, .L11+8
 169              	.LBE7:
 170              	.LBE6:
 130:.\Generated_Source\PSoC5/CAN_1_PM.c ****     {
 131:.\Generated_Source\PSoC5/CAN_1_PM.c ****         CAN_1_backup.enableState = 1u;
 171              		.loc 1 131 0
 172 000e 1A70     		strb	r2, [r3]
 173              	.LBB10:
 174              	.LBB8:
  65:.\Generated_Source\PSoC5/CAN_1_PM.c ****     #endif /* CY_PSOC3 || CY_PSOC5 */
 175              		.loc 1 65 0
 176 0010 094D     		ldr	r5, .L11+12
  63:.\Generated_Source\PSoC5/CAN_1_PM.c ****         CAN_1_backup.cmd = (CY_GET_REG32(CAN_1_CMD_PTR));
 177              		.loc 1 63 0
 178 0012 0A48     		ldr	r0, .L11+16
  62:.\Generated_Source\PSoC5/CAN_1_PM.c ****         CAN_1_backup.intEn = (CY_GET_REG32(CAN_1_INT_EN_PTR));
 179              		.loc 1 62 0
 180 0014 2468     		ldr	r4, [r4]
  63:.\Generated_Source\PSoC5/CAN_1_PM.c ****         CAN_1_backup.cmd = (CY_GET_REG32(CAN_1_CMD_PTR));
 181              		.loc 1 63 0
 182 0016 0068     		ldr	r0, [r0]
  64:.\Generated_Source\PSoC5/CAN_1_PM.c ****         CAN_1_backup.cfg = (CY_GET_REG32(CAN_1_CFG_PTR));
 183              		.loc 1 64 0
 184 0018 0968     		ldr	r1, [r1]
  65:.\Generated_Source\PSoC5/CAN_1_PM.c ****     #endif /* CY_PSOC3 || CY_PSOC5 */
 185              		.loc 1 65 0
 186 001a 2A68     		ldr	r2, [r5]
  62:.\Generated_Source\PSoC5/CAN_1_PM.c ****         CAN_1_backup.intEn = (CY_GET_REG32(CAN_1_INT_EN_PTR));
 187              		.loc 1 62 0
ARM GAS  C:\Users\Patrick\AppData\Local\Temp\cc3SLK93.s 			page 7


 188 001c 5C60     		str	r4, [r3, #4]
 189              	.LBE8:
 190              	.LBE10:
 132:.\Generated_Source\PSoC5/CAN_1_PM.c ****     }
 133:.\Generated_Source\PSoC5/CAN_1_PM.c ****     else /* CAN block is disabled */
 134:.\Generated_Source\PSoC5/CAN_1_PM.c ****     {
 135:.\Generated_Source\PSoC5/CAN_1_PM.c ****         CAN_1_backup.enableState = 0u;
 136:.\Generated_Source\PSoC5/CAN_1_PM.c ****     }
 137:.\Generated_Source\PSoC5/CAN_1_PM.c **** 
 138:.\Generated_Source\PSoC5/CAN_1_PM.c ****     #if (CY_PSOC3 || CY_PSOC5)
 139:.\Generated_Source\PSoC5/CAN_1_PM.c ****         CAN_1_SaveConfig();
 140:.\Generated_Source\PSoC5/CAN_1_PM.c ****         (void) CAN_1_Stop();
 141:.\Generated_Source\PSoC5/CAN_1_PM.c ****     #else /* CY_PSOC4 */
 142:.\Generated_Source\PSoC5/CAN_1_PM.c ****         /* Abort respective pending TX message requests */
 143:.\Generated_Source\PSoC5/CAN_1_PM.c ****         for (i = 0u; i < CAN_1_NUMBER_OF_TX_MAILBOXES; i++)
 144:.\Generated_Source\PSoC5/CAN_1_PM.c ****         {
 145:.\Generated_Source\PSoC5/CAN_1_PM.c ****             CAN_1_TX_ABORT_MESSAGE(i);
 146:.\Generated_Source\PSoC5/CAN_1_PM.c ****         }
 147:.\Generated_Source\PSoC5/CAN_1_PM.c **** 
 148:.\Generated_Source\PSoC5/CAN_1_PM.c ****         /* Sets CAN controller to Stop mode */
 149:.\Generated_Source\PSoC5/CAN_1_PM.c ****         (void) CAN_1_Stop();
 150:.\Generated_Source\PSoC5/CAN_1_PM.c **** 
 151:.\Generated_Source\PSoC5/CAN_1_PM.c ****         /* Clear Global Interrupt enable Flag */
 152:.\Generated_Source\PSoC5/CAN_1_PM.c ****         (void) CAN_1_GlobalIntDisable();
 153:.\Generated_Source\PSoC5/CAN_1_PM.c ****     #endif /* CY_PSOC3 || CY_PSOC5 */
 154:.\Generated_Source\PSoC5/CAN_1_PM.c **** }
 191              		.loc 1 154 0
 192 001e 30BC     		pop	{r4, r5}
 193              		.cfi_restore 5
 194              		.cfi_restore 4
 195              		.cfi_def_cfa_offset 0
 196              	.LBB11:
 197              	.LBB9:
  63:.\Generated_Source\PSoC5/CAN_1_PM.c ****         CAN_1_backup.cmd = (CY_GET_REG32(CAN_1_CMD_PTR));
 198              		.loc 1 63 0
 199 0020 9860     		str	r0, [r3, #8]
  64:.\Generated_Source\PSoC5/CAN_1_PM.c ****         CAN_1_backup.cfg = (CY_GET_REG32(CAN_1_CFG_PTR));
 200              		.loc 1 64 0
 201 0022 D960     		str	r1, [r3, #12]
  65:.\Generated_Source\PSoC5/CAN_1_PM.c ****     #endif /* CY_PSOC3 || CY_PSOC5 */
 202              		.loc 1 65 0
 203 0024 1A61     		str	r2, [r3, #16]
 204              	.LBE9:
 205              	.LBE11:
 140:.\Generated_Source\PSoC5/CAN_1_PM.c ****     #else /* CY_PSOC4 */
 206              		.loc 1 140 0
 207 0026 FFF7FEBF 		b	CAN_1_Stop
 208              	.LVL0:
 209              	.L12:
 210 002a 00BF     		.align	2
 211              	.L11:
 212 002c 10A00040 		.word	1073782800
 213 0030 00000000 		.word	.LANCHOR0
 214 0034 00A00040 		.word	1073782784
 215 0038 14A00040 		.word	1073782804
 216 003c 04A00040 		.word	1073782788
 217              		.cfi_endproc
ARM GAS  C:\Users\Patrick\AppData\Local\Temp\cc3SLK93.s 			page 8


 218              	.LFE2:
 219              		.size	CAN_1_Sleep, .-CAN_1_Sleep
 220              		.section	.text.CAN_1_Wakeup,"ax",%progbits
 221              		.align	2
 222              		.global	CAN_1_Wakeup
 223              		.thumb
 224              		.thumb_func
 225              		.type	CAN_1_Wakeup, %function
 226              	CAN_1_Wakeup:
 227              	.LFB3:
 155:.\Generated_Source\PSoC5/CAN_1_PM.c **** 
 156:.\Generated_Source\PSoC5/CAN_1_PM.c **** 
 157:.\Generated_Source\PSoC5/CAN_1_PM.c **** /*******************************************************************************
 158:.\Generated_Source\PSoC5/CAN_1_PM.c **** * Function Name: CAN_1_Wakeup
 159:.\Generated_Source\PSoC5/CAN_1_PM.c **** ********************************************************************************
 160:.\Generated_Source\PSoC5/CAN_1_PM.c **** *
 161:.\Generated_Source\PSoC5/CAN_1_PM.c **** * Summary:
 162:.\Generated_Source\PSoC5/CAN_1_PM.c **** *  Prepares CAN Component to wake up.
 163:.\Generated_Source\PSoC5/CAN_1_PM.c **** *
 164:.\Generated_Source\PSoC5/CAN_1_PM.c **** * Parameters:
 165:.\Generated_Source\PSoC5/CAN_1_PM.c **** *  None.
 166:.\Generated_Source\PSoC5/CAN_1_PM.c **** *
 167:.\Generated_Source\PSoC5/CAN_1_PM.c **** * Return:
 168:.\Generated_Source\PSoC5/CAN_1_PM.c **** *  None.
 169:.\Generated_Source\PSoC5/CAN_1_PM.c **** *
 170:.\Generated_Source\PSoC5/CAN_1_PM.c **** * Global Variables:
 171:.\Generated_Source\PSoC5/CAN_1_PM.c **** *  CAN_1_backup - Used when non-retention registers are restored.
 172:.\Generated_Source\PSoC5/CAN_1_PM.c **** *
 173:.\Generated_Source\PSoC5/CAN_1_PM.c **** * Reentrant:
 174:.\Generated_Source\PSoC5/CAN_1_PM.c **** *  No.
 175:.\Generated_Source\PSoC5/CAN_1_PM.c **** *
 176:.\Generated_Source\PSoC5/CAN_1_PM.c **** *******************************************************************************/
 177:.\Generated_Source\PSoC5/CAN_1_PM.c **** void CAN_1_Wakeup(void) 
 178:.\Generated_Source\PSoC5/CAN_1_PM.c **** {
 228              		.loc 1 178 0
 229              		.cfi_startproc
 230              		@ args = 0, pretend = 0, frame = 0
 231              		@ frame_needed = 0, uses_anonymous_args = 0
 232 0000 F8B5     		push	{r3, r4, r5, r6, r7, lr}
 233              		.cfi_def_cfa_offset 24
 234              		.cfi_offset 3, -24
 235              		.cfi_offset 4, -20
 236              		.cfi_offset 5, -16
 237              		.cfi_offset 6, -12
 238              		.cfi_offset 7, -8
 239              		.cfi_offset 14, -4
 179:.\Generated_Source\PSoC5/CAN_1_PM.c ****     #if (CY_PSOC3 || CY_PSOC5)
 180:.\Generated_Source\PSoC5/CAN_1_PM.c ****         /* Enable CAN block in Active mode */
 181:.\Generated_Source\PSoC5/CAN_1_PM.c ****         CAN_1_PM_ACT_CFG_REG |= CAN_1_ACT_PWR_EN;
 240              		.loc 1 181 0
 241 0002 1149     		ldr	r1, .L18
 182:.\Generated_Source\PSoC5/CAN_1_PM.c ****         /* Enable CAN block in Alternate Active (Standby) mode */
 183:.\Generated_Source\PSoC5/CAN_1_PM.c ****         CAN_1_PM_STBY_CFG_REG |= CAN_1_STBY_PWR_EN;
 242              		.loc 1 183 0
 243 0004 114A     		ldr	r2, .L18+4
 181:.\Generated_Source\PSoC5/CAN_1_PM.c ****         /* Enable CAN block in Alternate Active (Standby) mode */
 244              		.loc 1 181 0
ARM GAS  C:\Users\Patrick\AppData\Local\Temp\cc3SLK93.s 			page 9


 245 0006 0B78     		ldrb	r3, [r1]	@ zero_extendqisi2
 246              	.LBB12:
 247              	.LBB13:
  95:.\Generated_Source\PSoC5/CAN_1_PM.c ****         CY_SET_REG32(CAN_1_INT_EN_PTR, CAN_1_backup.intEn);
 248              		.loc 1 95 0
 249 0008 114C     		ldr	r4, .L18+8
 250              	.LBE13:
 251              	.LBE12:
 181:.\Generated_Source\PSoC5/CAN_1_PM.c ****         /* Enable CAN block in Alternate Active (Standby) mode */
 252              		.loc 1 181 0
 253 000a 43F00103 		orr	r3, r3, #1
 254 000e 0B70     		strb	r3, [r1]
 255              		.loc 1 183 0
 256 0010 1378     		ldrb	r3, [r2]	@ zero_extendqisi2
 257              	.LBB16:
 258              	.LBB14:
  95:.\Generated_Source\PSoC5/CAN_1_PM.c ****         CY_SET_REG32(CAN_1_INT_EN_PTR, CAN_1_backup.intEn);
 259              		.loc 1 95 0
 260 0012 6668     		ldr	r6, [r4, #4]
 261 0014 0F4D     		ldr	r5, .L18+12
 262              	.LBE14:
 263              	.LBE16:
 264              		.loc 1 183 0
 265 0016 43F00103 		orr	r3, r3, #1
 266 001a 1370     		strb	r3, [r2]
 267              	.LBB17:
 268              	.LBB15:
  95:.\Generated_Source\PSoC5/CAN_1_PM.c ****         CY_SET_REG32(CAN_1_INT_EN_PTR, CAN_1_backup.intEn);
 269              		.loc 1 95 0
 270 001c 2E60     		str	r6, [r5]
  96:.\Generated_Source\PSoC5/CAN_1_PM.c ****         CY_SET_REG32(CAN_1_CMD_PTR, CAN_1_backup.cmd);
 271              		.loc 1 96 0
 272 001e A368     		ldr	r3, [r4, #8]
 273 0020 0D48     		ldr	r0, .L18+16
  97:.\Generated_Source\PSoC5/CAN_1_PM.c ****         CY_SET_REG32(CAN_1_CFG_PTR, CAN_1_backup.cfg);
 274              		.loc 1 97 0
 275 0022 01F5B841 		add	r1, r1, #23552
  96:.\Generated_Source\PSoC5/CAN_1_PM.c ****         CY_SET_REG32(CAN_1_CMD_PTR, CAN_1_backup.cmd);
 276              		.loc 1 96 0
 277 0026 0360     		str	r3, [r0]
  97:.\Generated_Source\PSoC5/CAN_1_PM.c ****         CY_SET_REG32(CAN_1_CFG_PTR, CAN_1_backup.cfg);
 278              		.loc 1 97 0
 279 0028 E368     		ldr	r3, [r4, #12]
 280 002a 6A31     		adds	r1, r1, #106
 281 002c 0B60     		str	r3, [r1]
  98:.\Generated_Source\PSoC5/CAN_1_PM.c ****     #endif /* CY_PSOC3 || CY_PSOC5 */
 282              		.loc 1 98 0
 283 002e 2369     		ldr	r3, [r4, #16]
 284 0030 0A4F     		ldr	r7, .L18+20
 285 0032 3B60     		str	r3, [r7]
 286              	.LBE15:
 287              	.LBE17:
 184:.\Generated_Source\PSoC5/CAN_1_PM.c **** 
 185:.\Generated_Source\PSoC5/CAN_1_PM.c ****         CAN_1_RestoreConfig();
 186:.\Generated_Source\PSoC5/CAN_1_PM.c **** 
 187:.\Generated_Source\PSoC5/CAN_1_PM.c ****         /* Reconfigure Rx and Tx Buffers control registers */
 188:.\Generated_Source\PSoC5/CAN_1_PM.c ****         (void) CAN_1_RxTxBuffersConfig();
ARM GAS  C:\Users\Patrick\AppData\Local\Temp\cc3SLK93.s 			page 10


 288              		.loc 1 188 0
 289 0034 FFF7FEFF 		bl	CAN_1_RxTxBuffersConfig
 290              	.LVL1:
 189:.\Generated_Source\PSoC5/CAN_1_PM.c **** 
 190:.\Generated_Source\PSoC5/CAN_1_PM.c ****         if (CAN_1_backup.enableState != 0u)
 291              		.loc 1 190 0
 292 0038 2378     		ldrb	r3, [r4]	@ zero_extendqisi2
 293 003a 03B9     		cbnz	r3, .L17
 294 003c F8BD     		pop	{r3, r4, r5, r6, r7, pc}
 295              	.L17:
 191:.\Generated_Source\PSoC5/CAN_1_PM.c ****         {
 192:.\Generated_Source\PSoC5/CAN_1_PM.c ****             /* Enable component's operation */
 193:.\Generated_Source\PSoC5/CAN_1_PM.c ****             (void) CAN_1_Enable();
 194:.\Generated_Source\PSoC5/CAN_1_PM.c ****         } /* Do nothing if component's block was disabled before */
 195:.\Generated_Source\PSoC5/CAN_1_PM.c ****     #else /* CY_PSOC4 */
 196:.\Generated_Source\PSoC5/CAN_1_PM.c ****         /* Clear all INT_STATUS bits */
 197:.\Generated_Source\PSoC5/CAN_1_PM.c ****         CAN_1_INT_SR_REG = CAN_1_INT_STATUS_MASK;
 198:.\Generated_Source\PSoC5/CAN_1_PM.c **** 
 199:.\Generated_Source\PSoC5/CAN_1_PM.c ****         /* Set Global Interrupt enable Flag */
 200:.\Generated_Source\PSoC5/CAN_1_PM.c ****         (void) CAN_1_GlobalIntEnable();
 201:.\Generated_Source\PSoC5/CAN_1_PM.c **** 
 202:.\Generated_Source\PSoC5/CAN_1_PM.c ****         if (CAN_1_backup.enableState != 0u)
 203:.\Generated_Source\PSoC5/CAN_1_PM.c ****         {
 204:.\Generated_Source\PSoC5/CAN_1_PM.c ****             (void) CAN_1_Enable();
 205:.\Generated_Source\PSoC5/CAN_1_PM.c ****         } /* Do nothing if component's block was disabled before */
 206:.\Generated_Source\PSoC5/CAN_1_PM.c ****     #endif /* CY_PSOC3 || CY_PSOC5 */
 207:.\Generated_Source\PSoC5/CAN_1_PM.c **** }
 296              		.loc 1 207 0
 297 003e BDE8F840 		pop	{r3, r4, r5, r6, r7, lr}
 298              		.cfi_restore 14
 299              		.cfi_restore 7
 300              		.cfi_restore 6
 301              		.cfi_restore 5
 302              		.cfi_restore 4
 303              		.cfi_restore 3
 304              		.cfi_def_cfa_offset 0
 193:.\Generated_Source\PSoC5/CAN_1_PM.c ****         } /* Do nothing if component's block was disabled before */
 305              		.loc 1 193 0
 306 0042 FFF7FEBF 		b	CAN_1_Enable
 307              	.LVL2:
 308              	.L19:
 309 0046 00BF     		.align	2
 310              	.L18:
 311 0048 A6430040 		.word	1073759142
 312 004c B6430040 		.word	1073759158
 313 0050 00000000 		.word	.LANCHOR0
 314 0054 00A00040 		.word	1073782784
 315 0058 04A00040 		.word	1073782788
 316 005c 14A00040 		.word	1073782804
 317              		.cfi_endproc
 318              	.LFE3:
 319              		.size	CAN_1_Wakeup, .-CAN_1_Wakeup
 320              		.data
 321              		.align	2
 322              		.set	.LANCHOR0,. + 0
 323              		.type	CAN_1_backup, %object
 324              		.size	CAN_1_backup, 20
ARM GAS  C:\Users\Patrick\AppData\Local\Temp\cc3SLK93.s 			page 11


 325              	CAN_1_backup:
 326 0000 00       		.byte	0
 327 0001 000000   		.space	3
 328 0004 00000000 		.word	0
 329 0008 00120000 		.word	4608
 330 000c 01000000 		.word	1
 331 0010 48134700 		.word	4657992
 332              		.text
 333              	.Letext0:
 334              		.file 2 ".\\Generated_Source\\PSoC5\\cytypes.h"
 335              		.file 3 ".\\Generated_Source\\PSoC5\\CAN_1.h"
 336              		.section	.debug_info,"",%progbits
 337              	.Ldebug_info0:
 338 0000 E0010000 		.4byte	0x1e0
 339 0004 0400     		.2byte	0x4
 340 0006 00000000 		.4byte	.Ldebug_abbrev0
 341 000a 04       		.byte	0x4
 342 000b 01       		.uleb128 0x1
 343 000c 9D000000 		.4byte	.LASF29
 344 0010 01       		.byte	0x1
 345 0011 DC010000 		.4byte	.LASF30
 346 0015 06000000 		.4byte	.LASF31
 347 0019 40000000 		.4byte	.Ldebug_ranges0+0x40
 348 001d 00000000 		.4byte	0
 349 0021 00000000 		.4byte	.Ldebug_line0
 350 0025 02       		.uleb128 0x2
 351 0026 01       		.byte	0x1
 352 0027 06       		.byte	0x6
 353 0028 4D020000 		.4byte	.LASF0
 354 002c 02       		.uleb128 0x2
 355 002d 01       		.byte	0x1
 356 002e 08       		.byte	0x8
 357 002f 8F000000 		.4byte	.LASF1
 358 0033 02       		.uleb128 0x2
 359 0034 02       		.byte	0x2
 360 0035 05       		.byte	0x5
 361 0036 2E020000 		.4byte	.LASF2
 362 003a 02       		.uleb128 0x2
 363 003b 02       		.byte	0x2
 364 003c 07       		.byte	0x7
 365 003d 55000000 		.4byte	.LASF3
 366 0041 02       		.uleb128 0x2
 367 0042 04       		.byte	0x4
 368 0043 05       		.byte	0x5
 369 0044 38020000 		.4byte	.LASF4
 370 0048 02       		.uleb128 0x2
 371 0049 04       		.byte	0x4
 372 004a 07       		.byte	0x7
 373 004b 36010000 		.4byte	.LASF5
 374 004f 02       		.uleb128 0x2
 375 0050 08       		.byte	0x8
 376 0051 05       		.byte	0x5
 377 0052 15020000 		.4byte	.LASF6
 378 0056 02       		.uleb128 0x2
 379 0057 08       		.byte	0x8
 380 0058 07       		.byte	0x7
 381 0059 BA010000 		.4byte	.LASF7
ARM GAS  C:\Users\Patrick\AppData\Local\Temp\cc3SLK93.s 			page 12


 382 005d 03       		.uleb128 0x3
 383 005e 04       		.byte	0x4
 384 005f 05       		.byte	0x5
 385 0060 696E7400 		.ascii	"int\000"
 386 0064 02       		.uleb128 0x2
 387 0065 04       		.byte	0x4
 388 0066 07       		.byte	0x7
 389 0067 AD010000 		.4byte	.LASF8
 390 006b 04       		.uleb128 0x4
 391 006c 5C010000 		.4byte	.LASF9
 392 0070 02       		.byte	0x2
 393 0071 9201     		.2byte	0x192
 394 0073 2C000000 		.4byte	0x2c
 395 0077 04       		.uleb128 0x4
 396 0078 8E010000 		.4byte	.LASF10
 397 007c 02       		.byte	0x2
 398 007d 9301     		.2byte	0x193
 399 007f 3A000000 		.4byte	0x3a
 400 0083 04       		.uleb128 0x4
 401 0084 95010000 		.4byte	.LASF11
 402 0088 02       		.byte	0x2
 403 0089 9401     		.2byte	0x194
 404 008b 48000000 		.4byte	0x48
 405 008f 02       		.uleb128 0x2
 406 0090 04       		.byte	0x4
 407 0091 04       		.byte	0x4
 408 0092 7C000000 		.4byte	.LASF12
 409 0096 02       		.uleb128 0x2
 410 0097 08       		.byte	0x8
 411 0098 04       		.byte	0x4
 412 0099 6F010000 		.4byte	.LASF13
 413 009d 02       		.uleb128 0x2
 414 009e 01       		.byte	0x1
 415 009f 08       		.byte	0x8
 416 00a0 23020000 		.4byte	.LASF14
 417 00a4 04       		.uleb128 0x4
 418 00a5 2B010000 		.4byte	.LASF15
 419 00a9 02       		.byte	0x2
 420 00aa 3C02     		.2byte	0x23c
 421 00ac B0000000 		.4byte	0xb0
 422 00b0 05       		.uleb128 0x5
 423 00b1 6B000000 		.4byte	0x6b
 424 00b5 04       		.uleb128 0x4
 425 00b6 00000000 		.4byte	.LASF16
 426 00ba 02       		.byte	0x2
 427 00bb 3E02     		.2byte	0x23e
 428 00bd C1000000 		.4byte	0xc1
 429 00c1 05       		.uleb128 0x5
 430 00c2 83000000 		.4byte	0x83
 431 00c6 02       		.uleb128 0x2
 432 00c7 04       		.byte	0x4
 433 00c8 07       		.byte	0x7
 434 00c9 00020000 		.4byte	.LASF17
 435 00cd 06       		.uleb128 0x6
 436 00ce 14       		.byte	0x14
 437 00cf 03       		.byte	0x3
 438 00d0 B4       		.byte	0xb4
ARM GAS  C:\Users\Patrick\AppData\Local\Temp\cc3SLK93.s 			page 13


 439 00d1 12010000 		.4byte	0x112
 440 00d5 07       		.uleb128 0x7
 441 00d6 41020000 		.4byte	.LASF18
 442 00da 03       		.byte	0x3
 443 00db B6       		.byte	0xb6
 444 00dc 6B000000 		.4byte	0x6b
 445 00e0 00       		.byte	0
 446 00e1 07       		.uleb128 0x7
 447 00e2 28020000 		.4byte	.LASF19
 448 00e6 03       		.byte	0x3
 449 00e7 B8       		.byte	0xb8
 450 00e8 83000000 		.4byte	0x83
 451 00ec 04       		.byte	0x4
 452 00ed 07       		.uleb128 0x7
 453 00ee 30010000 		.4byte	.LASF20
 454 00f2 03       		.byte	0x3
 455 00f3 B9       		.byte	0xb9
 456 00f4 83000000 		.4byte	0x83
 457 00f8 08       		.byte	0x8
 458 00f9 08       		.uleb128 0x8
 459 00fa 636D6400 		.ascii	"cmd\000"
 460 00fe 03       		.byte	0x3
 461 00ff BA       		.byte	0xba
 462 0100 83000000 		.4byte	0x83
 463 0104 0C       		.byte	0xc
 464 0105 08       		.uleb128 0x8
 465 0106 63666700 		.ascii	"cfg\000"
 466 010a 03       		.byte	0x3
 467 010b BB       		.byte	0xbb
 468 010c 83000000 		.4byte	0x83
 469 0110 10       		.byte	0x10
 470 0111 00       		.byte	0
 471 0112 09       		.uleb128 0x9
 472 0113 68000000 		.4byte	.LASF21
 473 0117 03       		.byte	0x3
 474 0118 BD       		.byte	0xbd
 475 0119 CD000000 		.4byte	0xcd
 476 011d 0A       		.uleb128 0xa
 477 011e 9C010000 		.4byte	.LASF22
 478 0122 01       		.byte	0x1
 479 0123 3B       		.byte	0x3b
 480 0124 01       		.byte	0x1
 481 0125 0A       		.uleb128 0xa
 482 0126 48010000 		.4byte	.LASF23
 483 012a 01       		.byte	0x1
 484 012b 5C       		.byte	0x5c
 485 012c 01       		.byte	0x1
 486 012d 0B       		.uleb128 0xb
 487 012e 1D010000 		.4byte	0x11d
 488 0132 00000000 		.4byte	.LFB0
 489 0136 38000000 		.4byte	.LFE0-.LFB0
 490 013a 01       		.uleb128 0x1
 491 013b 9C       		.byte	0x9c
 492 013c 0B       		.uleb128 0xb
 493 013d 25010000 		.4byte	0x125
 494 0141 00000000 		.4byte	.LFB1
 495 0145 34000000 		.4byte	.LFE1-.LFB1
ARM GAS  C:\Users\Patrick\AppData\Local\Temp\cc3SLK93.s 			page 14


 496 0149 01       		.uleb128 0x1
 497 014a 9C       		.byte	0x9c
 498 014b 0C       		.uleb128 0xc
 499 014c 09020000 		.4byte	.LASF24
 500 0150 01       		.byte	0x1
 501 0151 7B       		.byte	0x7b
 502 0152 00000000 		.4byte	.LFB2
 503 0156 40000000 		.4byte	.LFE2-.LFB2
 504 015a 01       		.uleb128 0x1
 505 015b 9C       		.byte	0x9c
 506 015c 79010000 		.4byte	0x179
 507 0160 0D       		.uleb128 0xd
 508 0161 1D010000 		.4byte	0x11d
 509 0165 0C000000 		.4byte	.LBB6
 510 0169 00000000 		.4byte	.Ldebug_ranges0+0
 511 016d 01       		.byte	0x1
 512 016e 8B       		.byte	0x8b
 513 016f 0E       		.uleb128 0xe
 514 0170 2A000000 		.4byte	.LVL0
 515 0174 C1010000 		.4byte	0x1c1
 516 0178 00       		.byte	0
 517 0179 0C       		.uleb128 0xc
 518 017a 62010000 		.4byte	.LASF25
 519 017e 01       		.byte	0x1
 520 017f B1       		.byte	0xb1
 521 0180 00000000 		.4byte	.LFB3
 522 0184 60000000 		.4byte	.LFE3-.LFB3
 523 0188 01       		.uleb128 0x1
 524 0189 9C       		.byte	0x9c
 525 018a B0010000 		.4byte	0x1b0
 526 018e 0D       		.uleb128 0xd
 527 018f 25010000 		.4byte	0x125
 528 0193 08000000 		.4byte	.LBB12
 529 0197 20000000 		.4byte	.Ldebug_ranges0+0x20
 530 019b 01       		.byte	0x1
 531 019c B9       		.byte	0xb9
 532 019d 0F       		.uleb128 0xf
 533 019e 38000000 		.4byte	.LVL1
 534 01a2 CC010000 		.4byte	0x1cc
 535 01a6 0E       		.uleb128 0xe
 536 01a7 46000000 		.4byte	.LVL2
 537 01ab D8010000 		.4byte	0x1d8
 538 01af 00       		.byte	0
 539 01b0 10       		.uleb128 0x10
 540 01b1 82000000 		.4byte	.LASF32
 541 01b5 01       		.byte	0x1
 542 01b6 14       		.byte	0x14
 543 01b7 12010000 		.4byte	0x112
 544 01bb 05       		.uleb128 0x5
 545 01bc 03       		.byte	0x3
 546 01bd 00000000 		.4byte	CAN_1_backup
 547 01c1 11       		.uleb128 0x11
 548 01c2 D1010000 		.4byte	.LASF26
 549 01c6 03       		.byte	0x3
 550 01c7 C6       		.byte	0xc6
 551 01c8 6B000000 		.4byte	0x6b
 552 01cc 12       		.uleb128 0x12
ARM GAS  C:\Users\Patrick\AppData\Local\Temp\cc3SLK93.s 			page 15


 553 01cd 76010000 		.4byte	.LASF27
 554 01d1 03       		.byte	0x3
 555 01d2 1701     		.2byte	0x117
 556 01d4 6B000000 		.4byte	0x6b
 557 01d8 11       		.uleb128 0x11
 558 01d9 59020000 		.4byte	.LASF28
 559 01dd 03       		.byte	0x3
 560 01de C7       		.byte	0xc7
 561 01df 6B000000 		.4byte	0x6b
 562 01e3 00       		.byte	0
 563              		.section	.debug_abbrev,"",%progbits
 564              	.Ldebug_abbrev0:
 565 0000 01       		.uleb128 0x1
 566 0001 11       		.uleb128 0x11
 567 0002 01       		.byte	0x1
 568 0003 25       		.uleb128 0x25
 569 0004 0E       		.uleb128 0xe
 570 0005 13       		.uleb128 0x13
 571 0006 0B       		.uleb128 0xb
 572 0007 03       		.uleb128 0x3
 573 0008 0E       		.uleb128 0xe
 574 0009 1B       		.uleb128 0x1b
 575 000a 0E       		.uleb128 0xe
 576 000b 55       		.uleb128 0x55
 577 000c 17       		.uleb128 0x17
 578 000d 11       		.uleb128 0x11
 579 000e 01       		.uleb128 0x1
 580 000f 10       		.uleb128 0x10
 581 0010 17       		.uleb128 0x17
 582 0011 00       		.byte	0
 583 0012 00       		.byte	0
 584 0013 02       		.uleb128 0x2
 585 0014 24       		.uleb128 0x24
 586 0015 00       		.byte	0
 587 0016 0B       		.uleb128 0xb
 588 0017 0B       		.uleb128 0xb
 589 0018 3E       		.uleb128 0x3e
 590 0019 0B       		.uleb128 0xb
 591 001a 03       		.uleb128 0x3
 592 001b 0E       		.uleb128 0xe
 593 001c 00       		.byte	0
 594 001d 00       		.byte	0
 595 001e 03       		.uleb128 0x3
 596 001f 24       		.uleb128 0x24
 597 0020 00       		.byte	0
 598 0021 0B       		.uleb128 0xb
 599 0022 0B       		.uleb128 0xb
 600 0023 3E       		.uleb128 0x3e
 601 0024 0B       		.uleb128 0xb
 602 0025 03       		.uleb128 0x3
 603 0026 08       		.uleb128 0x8
 604 0027 00       		.byte	0
 605 0028 00       		.byte	0
 606 0029 04       		.uleb128 0x4
 607 002a 16       		.uleb128 0x16
 608 002b 00       		.byte	0
 609 002c 03       		.uleb128 0x3
ARM GAS  C:\Users\Patrick\AppData\Local\Temp\cc3SLK93.s 			page 16


 610 002d 0E       		.uleb128 0xe
 611 002e 3A       		.uleb128 0x3a
 612 002f 0B       		.uleb128 0xb
 613 0030 3B       		.uleb128 0x3b
 614 0031 05       		.uleb128 0x5
 615 0032 49       		.uleb128 0x49
 616 0033 13       		.uleb128 0x13
 617 0034 00       		.byte	0
 618 0035 00       		.byte	0
 619 0036 05       		.uleb128 0x5
 620 0037 35       		.uleb128 0x35
 621 0038 00       		.byte	0
 622 0039 49       		.uleb128 0x49
 623 003a 13       		.uleb128 0x13
 624 003b 00       		.byte	0
 625 003c 00       		.byte	0
 626 003d 06       		.uleb128 0x6
 627 003e 13       		.uleb128 0x13
 628 003f 01       		.byte	0x1
 629 0040 0B       		.uleb128 0xb
 630 0041 0B       		.uleb128 0xb
 631 0042 3A       		.uleb128 0x3a
 632 0043 0B       		.uleb128 0xb
 633 0044 3B       		.uleb128 0x3b
 634 0045 0B       		.uleb128 0xb
 635 0046 01       		.uleb128 0x1
 636 0047 13       		.uleb128 0x13
 637 0048 00       		.byte	0
 638 0049 00       		.byte	0
 639 004a 07       		.uleb128 0x7
 640 004b 0D       		.uleb128 0xd
 641 004c 00       		.byte	0
 642 004d 03       		.uleb128 0x3
 643 004e 0E       		.uleb128 0xe
 644 004f 3A       		.uleb128 0x3a
 645 0050 0B       		.uleb128 0xb
 646 0051 3B       		.uleb128 0x3b
 647 0052 0B       		.uleb128 0xb
 648 0053 49       		.uleb128 0x49
 649 0054 13       		.uleb128 0x13
 650 0055 38       		.uleb128 0x38
 651 0056 0B       		.uleb128 0xb
 652 0057 00       		.byte	0
 653 0058 00       		.byte	0
 654 0059 08       		.uleb128 0x8
 655 005a 0D       		.uleb128 0xd
 656 005b 00       		.byte	0
 657 005c 03       		.uleb128 0x3
 658 005d 08       		.uleb128 0x8
 659 005e 3A       		.uleb128 0x3a
 660 005f 0B       		.uleb128 0xb
 661 0060 3B       		.uleb128 0x3b
 662 0061 0B       		.uleb128 0xb
 663 0062 49       		.uleb128 0x49
 664 0063 13       		.uleb128 0x13
 665 0064 38       		.uleb128 0x38
 666 0065 0B       		.uleb128 0xb
ARM GAS  C:\Users\Patrick\AppData\Local\Temp\cc3SLK93.s 			page 17


 667 0066 00       		.byte	0
 668 0067 00       		.byte	0
 669 0068 09       		.uleb128 0x9
 670 0069 16       		.uleb128 0x16
 671 006a 00       		.byte	0
 672 006b 03       		.uleb128 0x3
 673 006c 0E       		.uleb128 0xe
 674 006d 3A       		.uleb128 0x3a
 675 006e 0B       		.uleb128 0xb
 676 006f 3B       		.uleb128 0x3b
 677 0070 0B       		.uleb128 0xb
 678 0071 49       		.uleb128 0x49
 679 0072 13       		.uleb128 0x13
 680 0073 00       		.byte	0
 681 0074 00       		.byte	0
 682 0075 0A       		.uleb128 0xa
 683 0076 2E       		.uleb128 0x2e
 684 0077 00       		.byte	0
 685 0078 3F       		.uleb128 0x3f
 686 0079 19       		.uleb128 0x19
 687 007a 03       		.uleb128 0x3
 688 007b 0E       		.uleb128 0xe
 689 007c 3A       		.uleb128 0x3a
 690 007d 0B       		.uleb128 0xb
 691 007e 3B       		.uleb128 0x3b
 692 007f 0B       		.uleb128 0xb
 693 0080 27       		.uleb128 0x27
 694 0081 19       		.uleb128 0x19
 695 0082 20       		.uleb128 0x20
 696 0083 0B       		.uleb128 0xb
 697 0084 00       		.byte	0
 698 0085 00       		.byte	0
 699 0086 0B       		.uleb128 0xb
 700 0087 2E       		.uleb128 0x2e
 701 0088 00       		.byte	0
 702 0089 31       		.uleb128 0x31
 703 008a 13       		.uleb128 0x13
 704 008b 11       		.uleb128 0x11
 705 008c 01       		.uleb128 0x1
 706 008d 12       		.uleb128 0x12
 707 008e 06       		.uleb128 0x6
 708 008f 40       		.uleb128 0x40
 709 0090 18       		.uleb128 0x18
 710 0091 9742     		.uleb128 0x2117
 711 0093 19       		.uleb128 0x19
 712 0094 00       		.byte	0
 713 0095 00       		.byte	0
 714 0096 0C       		.uleb128 0xc
 715 0097 2E       		.uleb128 0x2e
 716 0098 01       		.byte	0x1
 717 0099 3F       		.uleb128 0x3f
 718 009a 19       		.uleb128 0x19
 719 009b 03       		.uleb128 0x3
 720 009c 0E       		.uleb128 0xe
 721 009d 3A       		.uleb128 0x3a
 722 009e 0B       		.uleb128 0xb
 723 009f 3B       		.uleb128 0x3b
ARM GAS  C:\Users\Patrick\AppData\Local\Temp\cc3SLK93.s 			page 18


 724 00a0 0B       		.uleb128 0xb
 725 00a1 27       		.uleb128 0x27
 726 00a2 19       		.uleb128 0x19
 727 00a3 11       		.uleb128 0x11
 728 00a4 01       		.uleb128 0x1
 729 00a5 12       		.uleb128 0x12
 730 00a6 06       		.uleb128 0x6
 731 00a7 40       		.uleb128 0x40
 732 00a8 18       		.uleb128 0x18
 733 00a9 9742     		.uleb128 0x2117
 734 00ab 19       		.uleb128 0x19
 735 00ac 01       		.uleb128 0x1
 736 00ad 13       		.uleb128 0x13
 737 00ae 00       		.byte	0
 738 00af 00       		.byte	0
 739 00b0 0D       		.uleb128 0xd
 740 00b1 1D       		.uleb128 0x1d
 741 00b2 00       		.byte	0
 742 00b3 31       		.uleb128 0x31
 743 00b4 13       		.uleb128 0x13
 744 00b5 52       		.uleb128 0x52
 745 00b6 01       		.uleb128 0x1
 746 00b7 55       		.uleb128 0x55
 747 00b8 17       		.uleb128 0x17
 748 00b9 58       		.uleb128 0x58
 749 00ba 0B       		.uleb128 0xb
 750 00bb 59       		.uleb128 0x59
 751 00bc 0B       		.uleb128 0xb
 752 00bd 00       		.byte	0
 753 00be 00       		.byte	0
 754 00bf 0E       		.uleb128 0xe
 755 00c0 898201   		.uleb128 0x4109
 756 00c3 00       		.byte	0
 757 00c4 11       		.uleb128 0x11
 758 00c5 01       		.uleb128 0x1
 759 00c6 9542     		.uleb128 0x2115
 760 00c8 19       		.uleb128 0x19
 761 00c9 31       		.uleb128 0x31
 762 00ca 13       		.uleb128 0x13
 763 00cb 00       		.byte	0
 764 00cc 00       		.byte	0
 765 00cd 0F       		.uleb128 0xf
 766 00ce 898201   		.uleb128 0x4109
 767 00d1 00       		.byte	0
 768 00d2 11       		.uleb128 0x11
 769 00d3 01       		.uleb128 0x1
 770 00d4 31       		.uleb128 0x31
 771 00d5 13       		.uleb128 0x13
 772 00d6 00       		.byte	0
 773 00d7 00       		.byte	0
 774 00d8 10       		.uleb128 0x10
 775 00d9 34       		.uleb128 0x34
 776 00da 00       		.byte	0
 777 00db 03       		.uleb128 0x3
 778 00dc 0E       		.uleb128 0xe
 779 00dd 3A       		.uleb128 0x3a
 780 00de 0B       		.uleb128 0xb
ARM GAS  C:\Users\Patrick\AppData\Local\Temp\cc3SLK93.s 			page 19


 781 00df 3B       		.uleb128 0x3b
 782 00e0 0B       		.uleb128 0xb
 783 00e1 49       		.uleb128 0x49
 784 00e2 13       		.uleb128 0x13
 785 00e3 02       		.uleb128 0x2
 786 00e4 18       		.uleb128 0x18
 787 00e5 00       		.byte	0
 788 00e6 00       		.byte	0
 789 00e7 11       		.uleb128 0x11
 790 00e8 2E       		.uleb128 0x2e
 791 00e9 00       		.byte	0
 792 00ea 3F       		.uleb128 0x3f
 793 00eb 19       		.uleb128 0x19
 794 00ec 03       		.uleb128 0x3
 795 00ed 0E       		.uleb128 0xe
 796 00ee 3A       		.uleb128 0x3a
 797 00ef 0B       		.uleb128 0xb
 798 00f0 3B       		.uleb128 0x3b
 799 00f1 0B       		.uleb128 0xb
 800 00f2 27       		.uleb128 0x27
 801 00f3 19       		.uleb128 0x19
 802 00f4 49       		.uleb128 0x49
 803 00f5 13       		.uleb128 0x13
 804 00f6 3C       		.uleb128 0x3c
 805 00f7 19       		.uleb128 0x19
 806 00f8 00       		.byte	0
 807 00f9 00       		.byte	0
 808 00fa 12       		.uleb128 0x12
 809 00fb 2E       		.uleb128 0x2e
 810 00fc 00       		.byte	0
 811 00fd 3F       		.uleb128 0x3f
 812 00fe 19       		.uleb128 0x19
 813 00ff 03       		.uleb128 0x3
 814 0100 0E       		.uleb128 0xe
 815 0101 3A       		.uleb128 0x3a
 816 0102 0B       		.uleb128 0xb
 817 0103 3B       		.uleb128 0x3b
 818 0104 05       		.uleb128 0x5
 819 0105 27       		.uleb128 0x27
 820 0106 19       		.uleb128 0x19
 821 0107 49       		.uleb128 0x49
 822 0108 13       		.uleb128 0x13
 823 0109 3C       		.uleb128 0x3c
 824 010a 19       		.uleb128 0x19
 825 010b 00       		.byte	0
 826 010c 00       		.byte	0
 827 010d 00       		.byte	0
 828              		.section	.debug_aranges,"",%progbits
 829 0000 34000000 		.4byte	0x34
 830 0004 0200     		.2byte	0x2
 831 0006 00000000 		.4byte	.Ldebug_info0
 832 000a 04       		.byte	0x4
 833 000b 00       		.byte	0
 834 000c 0000     		.2byte	0
 835 000e 0000     		.2byte	0
 836 0010 00000000 		.4byte	.LFB0
 837 0014 38000000 		.4byte	.LFE0-.LFB0
ARM GAS  C:\Users\Patrick\AppData\Local\Temp\cc3SLK93.s 			page 20


 838 0018 00000000 		.4byte	.LFB1
 839 001c 34000000 		.4byte	.LFE1-.LFB1
 840 0020 00000000 		.4byte	.LFB2
 841 0024 40000000 		.4byte	.LFE2-.LFB2
 842 0028 00000000 		.4byte	.LFB3
 843 002c 60000000 		.4byte	.LFE3-.LFB3
 844 0030 00000000 		.4byte	0
 845 0034 00000000 		.4byte	0
 846              		.section	.debug_ranges,"",%progbits
 847              	.Ldebug_ranges0:
 848 0000 0C000000 		.4byte	.LBB6
 849 0004 0E000000 		.4byte	.LBE6
 850 0008 10000000 		.4byte	.LBB10
 851 000c 1E000000 		.4byte	.LBE10
 852 0010 20000000 		.4byte	.LBB11
 853 0014 26000000 		.4byte	.LBE11
 854 0018 00000000 		.4byte	0
 855 001c 00000000 		.4byte	0
 856 0020 08000000 		.4byte	.LBB12
 857 0024 0A000000 		.4byte	.LBE12
 858 0028 12000000 		.4byte	.LBB16
 859 002c 16000000 		.4byte	.LBE16
 860 0030 1C000000 		.4byte	.LBB17
 861 0034 34000000 		.4byte	.LBE17
 862 0038 00000000 		.4byte	0
 863 003c 00000000 		.4byte	0
 864 0040 00000000 		.4byte	.LFB0
 865 0044 38000000 		.4byte	.LFE0
 866 0048 00000000 		.4byte	.LFB1
 867 004c 34000000 		.4byte	.LFE1
 868 0050 00000000 		.4byte	.LFB2
 869 0054 40000000 		.4byte	.LFE2
 870 0058 00000000 		.4byte	.LFB3
 871 005c 60000000 		.4byte	.LFE3
 872 0060 00000000 		.4byte	0
 873 0064 00000000 		.4byte	0
 874              		.section	.debug_line,"",%progbits
 875              	.Ldebug_line0:
 876 0000 FE000000 		.section	.debug_str,"MS",%progbits,1
 876      02005200 
 876      00000201 
 876      FB0E0D00 
 876      01010101 
 877              	.LASF16:
 878 0000 72656733 		.ascii	"reg32\000"
 878      3200
 879              	.LASF31:
 880 0006 433A5C55 		.ascii	"C:\\Users\\Patrick\\Documents\\GitHub\\PSoC 5LP FIl"
 880      73657273 
 880      5C506174 
 880      7269636B 
 880      5C446F63 
 881 0034 65735C43 		.ascii	"es\\C-CAN_PSoC_DevKit\\C-CAN.cydsn\000"
 881      2D43414E 
 881      5F50536F 
 881      435F4465 
 881      764B6974 
ARM GAS  C:\Users\Patrick\AppData\Local\Temp\cc3SLK93.s 			page 21


 882              	.LASF3:
 883 0055 73686F72 		.ascii	"short unsigned int\000"
 883      7420756E 
 883      7369676E 
 883      65642069 
 883      6E7400
 884              	.LASF21:
 885 0068 43414E5F 		.ascii	"CAN_1_BACKUP_STRUCT\000"
 885      315F4241 
 885      434B5550 
 885      5F535452 
 885      55435400 
 886              	.LASF12:
 887 007c 666C6F61 		.ascii	"float\000"
 887      7400
 888              	.LASF32:
 889 0082 43414E5F 		.ascii	"CAN_1_backup\000"
 889      315F6261 
 889      636B7570 
 889      00
 890              	.LASF1:
 891 008f 756E7369 		.ascii	"unsigned char\000"
 891      676E6564 
 891      20636861 
 891      7200
 892              	.LASF29:
 893 009d 474E5520 		.ascii	"GNU C 4.9.3 20150303 (release) [ARM/embedded-4_9-br"
 893      4320342E 
 893      392E3320 
 893      32303135 
 893      30333033 
 894 00d0 616E6368 		.ascii	"anch revision 221220] -mcpu=cortex-m3 -mthumb -g -O"
 894      20726576 
 894      6973696F 
 894      6E203232 
 894      31323230 
 895 0103 33202D66 		.ascii	"3 -ffunction-sections -ffat-lto-objects\000"
 895      66756E63 
 895      74696F6E 
 895      2D736563 
 895      74696F6E 
 896              	.LASF15:
 897 012b 72656738 		.ascii	"reg8\000"
 897      00
 898              	.LASF20:
 899 0130 696E7445 		.ascii	"intEn\000"
 899      6E00
 900              	.LASF5:
 901 0136 6C6F6E67 		.ascii	"long unsigned int\000"
 901      20756E73 
 901      69676E65 
 901      6420696E 
 901      7400
 902              	.LASF23:
 903 0148 43414E5F 		.ascii	"CAN_1_RestoreConfig\000"
 903      315F5265 
 903      73746F72 
ARM GAS  C:\Users\Patrick\AppData\Local\Temp\cc3SLK93.s 			page 22


 903      65436F6E 
 903      66696700 
 904              	.LASF9:
 905 015c 75696E74 		.ascii	"uint8\000"
 905      3800
 906              	.LASF25:
 907 0162 43414E5F 		.ascii	"CAN_1_Wakeup\000"
 907      315F5761 
 907      6B657570 
 907      00
 908              	.LASF13:
 909 016f 646F7562 		.ascii	"double\000"
 909      6C6500
 910              	.LASF27:
 911 0176 43414E5F 		.ascii	"CAN_1_RxTxBuffersConfig\000"
 911      315F5278 
 911      54784275 
 911      66666572 
 911      73436F6E 
 912              	.LASF10:
 913 018e 75696E74 		.ascii	"uint16\000"
 913      313600
 914              	.LASF11:
 915 0195 75696E74 		.ascii	"uint32\000"
 915      333200
 916              	.LASF22:
 917 019c 43414E5F 		.ascii	"CAN_1_SaveConfig\000"
 917      315F5361 
 917      7665436F 
 917      6E666967 
 917      00
 918              	.LASF8:
 919 01ad 756E7369 		.ascii	"unsigned int\000"
 919      676E6564 
 919      20696E74 
 919      00
 920              	.LASF7:
 921 01ba 6C6F6E67 		.ascii	"long long unsigned int\000"
 921      206C6F6E 
 921      6720756E 
 921      7369676E 
 921      65642069 
 922              	.LASF26:
 923 01d1 43414E5F 		.ascii	"CAN_1_Stop\000"
 923      315F5374 
 923      6F7000
 924              	.LASF30:
 925 01dc 2E5C4765 		.ascii	".\\Generated_Source\\PSoC5\\CAN_1_PM.c\000"
 925      6E657261 
 925      7465645F 
 925      536F7572 
 925      63655C50 
 926              	.LASF17:
 927 0200 73697A65 		.ascii	"sizetype\000"
 927      74797065 
 927      00
 928              	.LASF24:
ARM GAS  C:\Users\Patrick\AppData\Local\Temp\cc3SLK93.s 			page 23


 929 0209 43414E5F 		.ascii	"CAN_1_Sleep\000"
 929      315F536C 
 929      65657000 
 930              	.LASF6:
 931 0215 6C6F6E67 		.ascii	"long long int\000"
 931      206C6F6E 
 931      6720696E 
 931      7400
 932              	.LASF14:
 933 0223 63686172 		.ascii	"char\000"
 933      00
 934              	.LASF19:
 935 0228 696E7453 		.ascii	"intSr\000"
 935      7200
 936              	.LASF2:
 937 022e 73686F72 		.ascii	"short int\000"
 937      7420696E 
 937      7400
 938              	.LASF4:
 939 0238 6C6F6E67 		.ascii	"long int\000"
 939      20696E74 
 939      00
 940              	.LASF18:
 941 0241 656E6162 		.ascii	"enableState\000"
 941      6C655374 
 941      61746500 
 942              	.LASF0:
 943 024d 7369676E 		.ascii	"signed char\000"
 943      65642063 
 943      68617200 
 944              	.LASF28:
 945 0259 43414E5F 		.ascii	"CAN_1_Enable\000"
 945      315F456E 
 945      61626C65 
 945      00
 946              		.ident	"GCC: (GNU Tools for ARM Embedded Processors) 4.9.3 20150303 (release) [ARM/embedded-4_9-br
