ARM GAS  C:\Users\Patrick\AppData\Local\Temp\cc7qjOqT.s 			page 1


   1              		.syntax unified
   2              		.cpu cortex-m3
   3              		.fpu softvfp
   4              		.eabi_attribute 20, 1
   5              		.eabi_attribute 21, 1
   6              		.eabi_attribute 23, 3
   7              		.eabi_attribute 24, 1
   8              		.eabi_attribute 25, 1
   9              		.eabi_attribute 26, 1
  10              		.eabi_attribute 30, 2
  11              		.eabi_attribute 34, 1
  12              		.eabi_attribute 18, 4
  13              		.thumb
  14              		.file	"CAN_1_INT.c"
  15              		.text
  16              	.Ltext0:
  17              		.cfi_sections	.debug_frame
  18              		.section	.text.CAN_1_BusOffIsr,"ax",%progbits
  19              		.align	2
  20              		.global	CAN_1_BusOffIsr
  21              		.thumb
  22              		.thumb_func
  23              		.type	CAN_1_BusOffIsr, %function
  24              	CAN_1_BusOffIsr:
  25              	.LFB0:
  26              		.file 1 ".\\Generated_Source\\PSoC5\\CAN_1_INT.c"
   1:.\Generated_Source\PSoC5/CAN_1_INT.c **** /*******************************************************************************
   2:.\Generated_Source\PSoC5/CAN_1_INT.c **** * File Name: CAN_1_INT.c
   3:.\Generated_Source\PSoC5/CAN_1_INT.c **** * Version 3.0
   4:.\Generated_Source\PSoC5/CAN_1_INT.c **** *
   5:.\Generated_Source\PSoC5/CAN_1_INT.c **** * Description:
   6:.\Generated_Source\PSoC5/CAN_1_INT.c **** *  This file contains Interrupt Service Routine (ISR) for CAN Component.
   7:.\Generated_Source\PSoC5/CAN_1_INT.c **** *  The Interrupt handlers functions are generated accordingly to the PSoC
   8:.\Generated_Source\PSoC5/CAN_1_INT.c **** *  Creator Customizer inputs.
   9:.\Generated_Source\PSoC5/CAN_1_INT.c **** *
  10:.\Generated_Source\PSoC5/CAN_1_INT.c **** * Note:
  11:.\Generated_Source\PSoC5/CAN_1_INT.c **** *  None
  12:.\Generated_Source\PSoC5/CAN_1_INT.c **** *
  13:.\Generated_Source\PSoC5/CAN_1_INT.c **** ********************************************************************************
  14:.\Generated_Source\PSoC5/CAN_1_INT.c **** * Copyright 2008-2015, Cypress Semiconductor Corporation.  All rights reserved.
  15:.\Generated_Source\PSoC5/CAN_1_INT.c **** * You may use this file only in accordance with the license, terms, conditions,
  16:.\Generated_Source\PSoC5/CAN_1_INT.c **** * disclaimers, and limitations in the end user license agreement accompanying
  17:.\Generated_Source\PSoC5/CAN_1_INT.c **** * the software package with which this file was provided.
  18:.\Generated_Source\PSoC5/CAN_1_INT.c **** *******************************************************************************/
  19:.\Generated_Source\PSoC5/CAN_1_INT.c **** 
  20:.\Generated_Source\PSoC5/CAN_1_INT.c **** #include "CAN_1.h"
  21:.\Generated_Source\PSoC5/CAN_1_INT.c **** 
  22:.\Generated_Source\PSoC5/CAN_1_INT.c **** 
  23:.\Generated_Source\PSoC5/CAN_1_INT.c **** /* `#START CAN_INT_C_CODE_DEFINITION` */
  24:.\Generated_Source\PSoC5/CAN_1_INT.c **** 
  25:.\Generated_Source\PSoC5/CAN_1_INT.c **** /* `#END` */
  26:.\Generated_Source\PSoC5/CAN_1_INT.c **** 
  27:.\Generated_Source\PSoC5/CAN_1_INT.c **** #if (CAN_1_ARB_LOST)
  28:.\Generated_Source\PSoC5/CAN_1_INT.c ****     /*******************************************************************************
  29:.\Generated_Source\PSoC5/CAN_1_INT.c ****     * FUNCTION NAME:   CAN_1_ArbLostIsr
  30:.\Generated_Source\PSoC5/CAN_1_INT.c ****     ********************************************************************************
  31:.\Generated_Source\PSoC5/CAN_1_INT.c ****     *
ARM GAS  C:\Users\Patrick\AppData\Local\Temp\cc7qjOqT.s 			page 2


  32:.\Generated_Source\PSoC5/CAN_1_INT.c ****     * Summary:
  33:.\Generated_Source\PSoC5/CAN_1_INT.c ****     *  This function is entry point to Arbitration Lost Interrupt. Clears
  34:.\Generated_Source\PSoC5/CAN_1_INT.c ****     *  Arbitration Lost interrupt flag. Only generated if Arbitration Lost
  35:.\Generated_Source\PSoC5/CAN_1_INT.c ****     *  Interrupt enable in Customizer.
  36:.\Generated_Source\PSoC5/CAN_1_INT.c ****     *
  37:.\Generated_Source\PSoC5/CAN_1_INT.c ****     * Parameters:
  38:.\Generated_Source\PSoC5/CAN_1_INT.c ****     *  None.
  39:.\Generated_Source\PSoC5/CAN_1_INT.c ****     *
  40:.\Generated_Source\PSoC5/CAN_1_INT.c ****     * Return:
  41:.\Generated_Source\PSoC5/CAN_1_INT.c ****     *  None.
  42:.\Generated_Source\PSoC5/CAN_1_INT.c ****     *
  43:.\Generated_Source\PSoC5/CAN_1_INT.c ****     * Reentrant:
  44:.\Generated_Source\PSoC5/CAN_1_INT.c ****     *  Depends on Customer code.
  45:.\Generated_Source\PSoC5/CAN_1_INT.c ****     *
  46:.\Generated_Source\PSoC5/CAN_1_INT.c ****     *******************************************************************************/
  47:.\Generated_Source\PSoC5/CAN_1_INT.c ****     void CAN_1_ArbLostIsr(void) 
  48:.\Generated_Source\PSoC5/CAN_1_INT.c ****     {
  49:.\Generated_Source\PSoC5/CAN_1_INT.c ****         /* Clear Arbitration Lost flag */
  50:.\Generated_Source\PSoC5/CAN_1_INT.c ****         CAN_1_INT_SR_REG.byte[0u] = CAN_1_ARBITRATION_LOST_MASK;
  51:.\Generated_Source\PSoC5/CAN_1_INT.c **** 
  52:.\Generated_Source\PSoC5/CAN_1_INT.c ****         /* `#START ARBITRATION_LOST_ISR` */
  53:.\Generated_Source\PSoC5/CAN_1_INT.c **** 
  54:.\Generated_Source\PSoC5/CAN_1_INT.c ****         /* `#END` */
  55:.\Generated_Source\PSoC5/CAN_1_INT.c **** 
  56:.\Generated_Source\PSoC5/CAN_1_INT.c ****         #ifdef CAN_1_ARB_LOST_ISR_CALLBACK
  57:.\Generated_Source\PSoC5/CAN_1_INT.c ****             CAN_1_ArbLostIsr_Callback();
  58:.\Generated_Source\PSoC5/CAN_1_INT.c ****         #endif /* CAN_1_ARB_LOST_ISR_CALLBACK */
  59:.\Generated_Source\PSoC5/CAN_1_INT.c ****     }
  60:.\Generated_Source\PSoC5/CAN_1_INT.c **** #endif /* CAN_1_ARB_LOST */
  61:.\Generated_Source\PSoC5/CAN_1_INT.c **** 
  62:.\Generated_Source\PSoC5/CAN_1_INT.c **** 
  63:.\Generated_Source\PSoC5/CAN_1_INT.c **** #if (CAN_1_OVERLOAD)
  64:.\Generated_Source\PSoC5/CAN_1_INT.c ****     /*******************************************************************************
  65:.\Generated_Source\PSoC5/CAN_1_INT.c ****     * FUNCTION NAME:   CAN_1_OvrLdErrorIsr
  66:.\Generated_Source\PSoC5/CAN_1_INT.c ****     ********************************************************************************
  67:.\Generated_Source\PSoC5/CAN_1_INT.c ****     *
  68:.\Generated_Source\PSoC5/CAN_1_INT.c ****     * Summary:
  69:.\Generated_Source\PSoC5/CAN_1_INT.c ****     *  This function is entry point to Overload Error Interrupt. Clears Overload
  70:.\Generated_Source\PSoC5/CAN_1_INT.c ****     *  Error interrupt flag. Only generated if Overload Error Interrupt enable
  71:.\Generated_Source\PSoC5/CAN_1_INT.c ****     *  in Customizer.
  72:.\Generated_Source\PSoC5/CAN_1_INT.c ****     *
  73:.\Generated_Source\PSoC5/CAN_1_INT.c ****     * Parameters:
  74:.\Generated_Source\PSoC5/CAN_1_INT.c ****     *  None.
  75:.\Generated_Source\PSoC5/CAN_1_INT.c ****     *
  76:.\Generated_Source\PSoC5/CAN_1_INT.c ****     * Return:
  77:.\Generated_Source\PSoC5/CAN_1_INT.c ****     *  None.
  78:.\Generated_Source\PSoC5/CAN_1_INT.c ****     *
  79:.\Generated_Source\PSoC5/CAN_1_INT.c ****     * Reentrant:
  80:.\Generated_Source\PSoC5/CAN_1_INT.c ****     *  Depends on Customer code.
  81:.\Generated_Source\PSoC5/CAN_1_INT.c ****     *
  82:.\Generated_Source\PSoC5/CAN_1_INT.c ****     *******************************************************************************/
  83:.\Generated_Source\PSoC5/CAN_1_INT.c ****     void CAN_1_OvrLdErrorIsr(void) 
  84:.\Generated_Source\PSoC5/CAN_1_INT.c ****     {
  85:.\Generated_Source\PSoC5/CAN_1_INT.c ****         /* Clear Overload Error flag */
  86:.\Generated_Source\PSoC5/CAN_1_INT.c ****         CAN_1_INT_SR_REG.byte[0u] = CAN_1_OVERLOAD_ERROR_MASK;
  87:.\Generated_Source\PSoC5/CAN_1_INT.c **** 
  88:.\Generated_Source\PSoC5/CAN_1_INT.c ****         /* `#START OVER_LOAD_ERROR_ISR` */
ARM GAS  C:\Users\Patrick\AppData\Local\Temp\cc7qjOqT.s 			page 3


  89:.\Generated_Source\PSoC5/CAN_1_INT.c **** 
  90:.\Generated_Source\PSoC5/CAN_1_INT.c ****         /* `#END` */
  91:.\Generated_Source\PSoC5/CAN_1_INT.c **** 
  92:.\Generated_Source\PSoC5/CAN_1_INT.c ****         #ifdef CAN_1_OVR_LD_ERROR_ISR_CALLBACK
  93:.\Generated_Source\PSoC5/CAN_1_INT.c ****             CAN_1_OvrLdErrorIsr_Callback();
  94:.\Generated_Source\PSoC5/CAN_1_INT.c ****         #endif /* CAN_1_OVR_LD_ERROR_ISR_CALLBACK */
  95:.\Generated_Source\PSoC5/CAN_1_INT.c ****     }
  96:.\Generated_Source\PSoC5/CAN_1_INT.c **** #endif /* CAN_1_OVERLOAD */
  97:.\Generated_Source\PSoC5/CAN_1_INT.c **** 
  98:.\Generated_Source\PSoC5/CAN_1_INT.c **** 
  99:.\Generated_Source\PSoC5/CAN_1_INT.c **** #if (CAN_1_BIT_ERR)
 100:.\Generated_Source\PSoC5/CAN_1_INT.c ****     /*******************************************************************************
 101:.\Generated_Source\PSoC5/CAN_1_INT.c ****     * FUNCTION NAME:   CAN_1_BitErrorIsr
 102:.\Generated_Source\PSoC5/CAN_1_INT.c ****     ********************************************************************************
 103:.\Generated_Source\PSoC5/CAN_1_INT.c ****     *
 104:.\Generated_Source\PSoC5/CAN_1_INT.c ****     * Summary:
 105:.\Generated_Source\PSoC5/CAN_1_INT.c ****     *  This function is entry point to Bit Error Interrupt. Clears Bit Error
 106:.\Generated_Source\PSoC5/CAN_1_INT.c ****     *  interrupt flag. Only generated if Bit Error Interrupt enable in Customizer.
 107:.\Generated_Source\PSoC5/CAN_1_INT.c ****     *
 108:.\Generated_Source\PSoC5/CAN_1_INT.c ****     * Parameters:
 109:.\Generated_Source\PSoC5/CAN_1_INT.c ****     *  None.
 110:.\Generated_Source\PSoC5/CAN_1_INT.c ****     *
 111:.\Generated_Source\PSoC5/CAN_1_INT.c ****     * Return:
 112:.\Generated_Source\PSoC5/CAN_1_INT.c ****     *  None.
 113:.\Generated_Source\PSoC5/CAN_1_INT.c ****     *
 114:.\Generated_Source\PSoC5/CAN_1_INT.c ****     * Reentrant:
 115:.\Generated_Source\PSoC5/CAN_1_INT.c ****     *  Depends on Customer code.
 116:.\Generated_Source\PSoC5/CAN_1_INT.c ****     *
 117:.\Generated_Source\PSoC5/CAN_1_INT.c ****     *******************************************************************************/
 118:.\Generated_Source\PSoC5/CAN_1_INT.c ****     void CAN_1_BitErrorIsr(void) 
 119:.\Generated_Source\PSoC5/CAN_1_INT.c ****     {
 120:.\Generated_Source\PSoC5/CAN_1_INT.c ****         /* Clear Bit Error flag */
 121:.\Generated_Source\PSoC5/CAN_1_INT.c ****         CAN_1_INT_SR_REG.byte[0u] = CAN_1_BIT_ERROR_MASK;
 122:.\Generated_Source\PSoC5/CAN_1_INT.c **** 
 123:.\Generated_Source\PSoC5/CAN_1_INT.c ****         /* `#START BIT_ERROR_ISR` */
 124:.\Generated_Source\PSoC5/CAN_1_INT.c **** 
 125:.\Generated_Source\PSoC5/CAN_1_INT.c ****         /* `#END` */
 126:.\Generated_Source\PSoC5/CAN_1_INT.c **** 
 127:.\Generated_Source\PSoC5/CAN_1_INT.c ****         #ifdef CAN_1_BIT_ERROR_ISR_CALLBACK
 128:.\Generated_Source\PSoC5/CAN_1_INT.c ****             CAN_1_BitErrorIsr_Callback();
 129:.\Generated_Source\PSoC5/CAN_1_INT.c ****         #endif /* CAN_1_BIT_ERROR_ISR_CALLBACK */
 130:.\Generated_Source\PSoC5/CAN_1_INT.c ****     }
 131:.\Generated_Source\PSoC5/CAN_1_INT.c **** #endif /* CAN_1_BIT_ERR */
 132:.\Generated_Source\PSoC5/CAN_1_INT.c **** 
 133:.\Generated_Source\PSoC5/CAN_1_INT.c **** 
 134:.\Generated_Source\PSoC5/CAN_1_INT.c **** #if (CAN_1_STUFF_ERR)
 135:.\Generated_Source\PSoC5/CAN_1_INT.c ****     /*******************************************************************************
 136:.\Generated_Source\PSoC5/CAN_1_INT.c ****     * FUNCTION NAME:   CAN_1_BitStuffErrorIsr
 137:.\Generated_Source\PSoC5/CAN_1_INT.c ****     ********************************************************************************
 138:.\Generated_Source\PSoC5/CAN_1_INT.c ****     *
 139:.\Generated_Source\PSoC5/CAN_1_INT.c ****     * Summary:
 140:.\Generated_Source\PSoC5/CAN_1_INT.c ****     *  This function is entry point to Bit Stuff Error Interrupt. Clears Bit Stuff
 141:.\Generated_Source\PSoC5/CAN_1_INT.c ****     *  Error interrupt flag. Only generated if Bit Stuff Error Interrupt enable
 142:.\Generated_Source\PSoC5/CAN_1_INT.c ****     *  in Customizer.
 143:.\Generated_Source\PSoC5/CAN_1_INT.c ****     *
 144:.\Generated_Source\PSoC5/CAN_1_INT.c ****     * Parameters:
 145:.\Generated_Source\PSoC5/CAN_1_INT.c ****     *  None.
ARM GAS  C:\Users\Patrick\AppData\Local\Temp\cc7qjOqT.s 			page 4


 146:.\Generated_Source\PSoC5/CAN_1_INT.c ****     *
 147:.\Generated_Source\PSoC5/CAN_1_INT.c ****     * Return:
 148:.\Generated_Source\PSoC5/CAN_1_INT.c ****     *  None.
 149:.\Generated_Source\PSoC5/CAN_1_INT.c ****     *
 150:.\Generated_Source\PSoC5/CAN_1_INT.c ****     * Reentrant:
 151:.\Generated_Source\PSoC5/CAN_1_INT.c ****     *  Depends on Customer code.
 152:.\Generated_Source\PSoC5/CAN_1_INT.c ****     *
 153:.\Generated_Source\PSoC5/CAN_1_INT.c ****     *******************************************************************************/
 154:.\Generated_Source\PSoC5/CAN_1_INT.c ****     void CAN_1_BitStuffErrorIsr(void) 
 155:.\Generated_Source\PSoC5/CAN_1_INT.c ****     {
 156:.\Generated_Source\PSoC5/CAN_1_INT.c ****         /* Clear Stuff Error flag */
 157:.\Generated_Source\PSoC5/CAN_1_INT.c ****         CAN_1_INT_SR_REG.byte[0u] = CAN_1_STUFF_ERROR_MASK;
 158:.\Generated_Source\PSoC5/CAN_1_INT.c **** 
 159:.\Generated_Source\PSoC5/CAN_1_INT.c ****         /* `#START BIT_STUFF_ERROR_ISR` */
 160:.\Generated_Source\PSoC5/CAN_1_INT.c **** 
 161:.\Generated_Source\PSoC5/CAN_1_INT.c ****         /* `#END` */
 162:.\Generated_Source\PSoC5/CAN_1_INT.c **** 
 163:.\Generated_Source\PSoC5/CAN_1_INT.c ****         #ifdef CAN_1_BIT_STUFF_ERROR_ISR_CALLBACK
 164:.\Generated_Source\PSoC5/CAN_1_INT.c ****             CAN_1_BitStuffErrorIsr_Callback();
 165:.\Generated_Source\PSoC5/CAN_1_INT.c ****         #endif /* CAN_1_BIT_STUFF_ERROR_ISR_CALLBACK */
 166:.\Generated_Source\PSoC5/CAN_1_INT.c ****     }
 167:.\Generated_Source\PSoC5/CAN_1_INT.c **** #endif /* CAN_1_STUFF_ERR */
 168:.\Generated_Source\PSoC5/CAN_1_INT.c **** 
 169:.\Generated_Source\PSoC5/CAN_1_INT.c **** 
 170:.\Generated_Source\PSoC5/CAN_1_INT.c **** #if (CAN_1_ACK_ERR)
 171:.\Generated_Source\PSoC5/CAN_1_INT.c ****     /*******************************************************************************
 172:.\Generated_Source\PSoC5/CAN_1_INT.c ****     * FUNCTION NAME:   CAN_1_AckErrorIsr
 173:.\Generated_Source\PSoC5/CAN_1_INT.c ****     ********************************************************************************
 174:.\Generated_Source\PSoC5/CAN_1_INT.c ****     *
 175:.\Generated_Source\PSoC5/CAN_1_INT.c ****     * Summary:
 176:.\Generated_Source\PSoC5/CAN_1_INT.c ****     *  This function is entry point to Acknowledge Error Interrupt. Clears
 177:.\Generated_Source\PSoC5/CAN_1_INT.c ****     *  Acknowledge Error interrupt flag. Only generated if Acknowledge Error
 178:.\Generated_Source\PSoC5/CAN_1_INT.c ****     *  Interrupt enable in Customizer.
 179:.\Generated_Source\PSoC5/CAN_1_INT.c ****     *
 180:.\Generated_Source\PSoC5/CAN_1_INT.c ****     * Parameters:
 181:.\Generated_Source\PSoC5/CAN_1_INT.c ****     *  None.
 182:.\Generated_Source\PSoC5/CAN_1_INT.c ****     *
 183:.\Generated_Source\PSoC5/CAN_1_INT.c ****     * Return:
 184:.\Generated_Source\PSoC5/CAN_1_INT.c ****     *  None.
 185:.\Generated_Source\PSoC5/CAN_1_INT.c ****     *
 186:.\Generated_Source\PSoC5/CAN_1_INT.c ****     * Reentrant:
 187:.\Generated_Source\PSoC5/CAN_1_INT.c ****     *  Depends on Customer code.
 188:.\Generated_Source\PSoC5/CAN_1_INT.c ****     *
 189:.\Generated_Source\PSoC5/CAN_1_INT.c ****     *******************************************************************************/
 190:.\Generated_Source\PSoC5/CAN_1_INT.c ****     void CAN_1_AckErrorIsr(void) 
 191:.\Generated_Source\PSoC5/CAN_1_INT.c ****     {
 192:.\Generated_Source\PSoC5/CAN_1_INT.c ****         /* Clear Acknoledge Error flag */
 193:.\Generated_Source\PSoC5/CAN_1_INT.c ****         CAN_1_INT_SR_REG.byte[0u] = CAN_1_ACK_ERROR_MASK;
 194:.\Generated_Source\PSoC5/CAN_1_INT.c **** 
 195:.\Generated_Source\PSoC5/CAN_1_INT.c ****         /* `#START ACKNOWLEDGE_ERROR_ISR` */
 196:.\Generated_Source\PSoC5/CAN_1_INT.c **** 
 197:.\Generated_Source\PSoC5/CAN_1_INT.c ****         /* `#END` */
 198:.\Generated_Source\PSoC5/CAN_1_INT.c **** 
 199:.\Generated_Source\PSoC5/CAN_1_INT.c ****         #ifdef CAN_1_ACK_ERROR_ISR_CALLBACK
 200:.\Generated_Source\PSoC5/CAN_1_INT.c ****             CAN_1_AckErrorIsr_Callback();
 201:.\Generated_Source\PSoC5/CAN_1_INT.c ****         #endif /* CAN_1_ACK_ERROR_ISR_CALLBACK */
 202:.\Generated_Source\PSoC5/CAN_1_INT.c ****     }
ARM GAS  C:\Users\Patrick\AppData\Local\Temp\cc7qjOqT.s 			page 5


 203:.\Generated_Source\PSoC5/CAN_1_INT.c **** #endif /* CAN_1_ACK_ERR */
 204:.\Generated_Source\PSoC5/CAN_1_INT.c **** 
 205:.\Generated_Source\PSoC5/CAN_1_INT.c **** 
 206:.\Generated_Source\PSoC5/CAN_1_INT.c **** #if (CAN_1_FORM_ERR)
 207:.\Generated_Source\PSoC5/CAN_1_INT.c ****     /*******************************************************************************
 208:.\Generated_Source\PSoC5/CAN_1_INT.c ****     * FUNCTION NAME:   CAN_1_MsgErrorIsr
 209:.\Generated_Source\PSoC5/CAN_1_INT.c ****     ********************************************************************************
 210:.\Generated_Source\PSoC5/CAN_1_INT.c ****     *
 211:.\Generated_Source\PSoC5/CAN_1_INT.c ****     * Summary:
 212:.\Generated_Source\PSoC5/CAN_1_INT.c ****     *  This function is entry point to Form Error Interrupt. Clears Form Error
 213:.\Generated_Source\PSoC5/CAN_1_INT.c ****     *  interrupt flag. Only generated if Form Error Interrupt enable in Customizer.
 214:.\Generated_Source\PSoC5/CAN_1_INT.c ****     *
 215:.\Generated_Source\PSoC5/CAN_1_INT.c ****     * Parameters:
 216:.\Generated_Source\PSoC5/CAN_1_INT.c ****     *  None.
 217:.\Generated_Source\PSoC5/CAN_1_INT.c ****     *
 218:.\Generated_Source\PSoC5/CAN_1_INT.c ****     * Return:
 219:.\Generated_Source\PSoC5/CAN_1_INT.c ****     *  None.
 220:.\Generated_Source\PSoC5/CAN_1_INT.c ****     *
 221:.\Generated_Source\PSoC5/CAN_1_INT.c ****     * Reentrant:
 222:.\Generated_Source\PSoC5/CAN_1_INT.c ****     *  Depends on Customer code.
 223:.\Generated_Source\PSoC5/CAN_1_INT.c ****     *
 224:.\Generated_Source\PSoC5/CAN_1_INT.c ****     *******************************************************************************/
 225:.\Generated_Source\PSoC5/CAN_1_INT.c ****     void CAN_1_MsgErrorIsr(void) 
 226:.\Generated_Source\PSoC5/CAN_1_INT.c ****     {
 227:.\Generated_Source\PSoC5/CAN_1_INT.c ****         /* Clear Form Error flag */
 228:.\Generated_Source\PSoC5/CAN_1_INT.c ****         CAN_1_INT_SR_REG.byte[0u] = CAN_1_FORM_ERROR_MASK;
 229:.\Generated_Source\PSoC5/CAN_1_INT.c **** 
 230:.\Generated_Source\PSoC5/CAN_1_INT.c ****         /* `#START MESSAGE_ERROR_ISR` */
 231:.\Generated_Source\PSoC5/CAN_1_INT.c **** 
 232:.\Generated_Source\PSoC5/CAN_1_INT.c ****         /* `#END` */
 233:.\Generated_Source\PSoC5/CAN_1_INT.c **** 
 234:.\Generated_Source\PSoC5/CAN_1_INT.c ****         #ifdef CAN_1_MSG_ERROR_ISR_CALLBACK
 235:.\Generated_Source\PSoC5/CAN_1_INT.c ****             CAN_1_MsgErrorIsr_Callback();
 236:.\Generated_Source\PSoC5/CAN_1_INT.c ****         #endif /* CAN_1_MSG_ERROR_ISR_CALLBACK */
 237:.\Generated_Source\PSoC5/CAN_1_INT.c ****     }
 238:.\Generated_Source\PSoC5/CAN_1_INT.c **** #endif /* CAN_1_FORM_ERR */
 239:.\Generated_Source\PSoC5/CAN_1_INT.c **** 
 240:.\Generated_Source\PSoC5/CAN_1_INT.c **** 
 241:.\Generated_Source\PSoC5/CAN_1_INT.c **** #if (CAN_1_CRC_ERR)
 242:.\Generated_Source\PSoC5/CAN_1_INT.c ****     /*******************************************************************************
 243:.\Generated_Source\PSoC5/CAN_1_INT.c ****     * FUNCTION NAME:   CAN_1_CrcErrorIsr
 244:.\Generated_Source\PSoC5/CAN_1_INT.c ****     ********************************************************************************
 245:.\Generated_Source\PSoC5/CAN_1_INT.c ****     *
 246:.\Generated_Source\PSoC5/CAN_1_INT.c ****     * Summary:
 247:.\Generated_Source\PSoC5/CAN_1_INT.c ****     *  This function is entry point to CRC Error Interrupt. Clears CRC Error
 248:.\Generated_Source\PSoC5/CAN_1_INT.c ****     *  interrupt flag. Only generated if CRC Error Interrupt enable in Customizer.
 249:.\Generated_Source\PSoC5/CAN_1_INT.c ****     *
 250:.\Generated_Source\PSoC5/CAN_1_INT.c ****     * Parameters:
 251:.\Generated_Source\PSoC5/CAN_1_INT.c ****     *  None.
 252:.\Generated_Source\PSoC5/CAN_1_INT.c ****     *
 253:.\Generated_Source\PSoC5/CAN_1_INT.c ****     * Return:
 254:.\Generated_Source\PSoC5/CAN_1_INT.c ****     *  None.
 255:.\Generated_Source\PSoC5/CAN_1_INT.c ****     *
 256:.\Generated_Source\PSoC5/CAN_1_INT.c ****     * Reentrant:
 257:.\Generated_Source\PSoC5/CAN_1_INT.c ****     *  Depends on Customer code.
 258:.\Generated_Source\PSoC5/CAN_1_INT.c ****     *
 259:.\Generated_Source\PSoC5/CAN_1_INT.c ****     *******************************************************************************/
ARM GAS  C:\Users\Patrick\AppData\Local\Temp\cc7qjOqT.s 			page 6


 260:.\Generated_Source\PSoC5/CAN_1_INT.c ****     void CAN_1_CrcErrorIsr(void) 
 261:.\Generated_Source\PSoC5/CAN_1_INT.c ****     {
 262:.\Generated_Source\PSoC5/CAN_1_INT.c ****         /* Clear CRC Error flag */
 263:.\Generated_Source\PSoC5/CAN_1_INT.c ****         CAN_1_INT_SR_REG.byte[1u] = CAN_1_CRC_ERROR_MASK;
 264:.\Generated_Source\PSoC5/CAN_1_INT.c **** 
 265:.\Generated_Source\PSoC5/CAN_1_INT.c ****         /* `#START CRC_ERROR_ISR` */
 266:.\Generated_Source\PSoC5/CAN_1_INT.c **** 
 267:.\Generated_Source\PSoC5/CAN_1_INT.c ****         /* `#END` */
 268:.\Generated_Source\PSoC5/CAN_1_INT.c **** 
 269:.\Generated_Source\PSoC5/CAN_1_INT.c ****         #ifdef CAN_1_CRC_ERROR_ISR_CALLBACK
 270:.\Generated_Source\PSoC5/CAN_1_INT.c ****             CAN_1_CrcErrorIsr_Callback();
 271:.\Generated_Source\PSoC5/CAN_1_INT.c ****         #endif /* CAN_1_CRC_ERROR_ISR_CALLBACK */
 272:.\Generated_Source\PSoC5/CAN_1_INT.c ****     }
 273:.\Generated_Source\PSoC5/CAN_1_INT.c **** #endif /* CAN_1_CRC_ERR */
 274:.\Generated_Source\PSoC5/CAN_1_INT.c **** 
 275:.\Generated_Source\PSoC5/CAN_1_INT.c **** 
 276:.\Generated_Source\PSoC5/CAN_1_INT.c **** #if (CAN_1_BUS_OFF)
 277:.\Generated_Source\PSoC5/CAN_1_INT.c ****     /*******************************************************************************
 278:.\Generated_Source\PSoC5/CAN_1_INT.c ****     * FUNCTION NAME:   CAN_1_BusOffIsr
 279:.\Generated_Source\PSoC5/CAN_1_INT.c ****     ********************************************************************************
 280:.\Generated_Source\PSoC5/CAN_1_INT.c ****     *
 281:.\Generated_Source\PSoC5/CAN_1_INT.c ****     * Summary:
 282:.\Generated_Source\PSoC5/CAN_1_INT.c ****     *  This function is entry point to Bus Off Interrupt. Places CAN Component
 283:.\Generated_Source\PSoC5/CAN_1_INT.c ****     *  to Stop mode. Only generated if Bus Off Interrupt enable in Customizer.
 284:.\Generated_Source\PSoC5/CAN_1_INT.c ****     *  Recommended setting to enable this interrupt.
 285:.\Generated_Source\PSoC5/CAN_1_INT.c ****     *
 286:.\Generated_Source\PSoC5/CAN_1_INT.c ****     * Parameters:
 287:.\Generated_Source\PSoC5/CAN_1_INT.c ****     *  None.
 288:.\Generated_Source\PSoC5/CAN_1_INT.c ****     *
 289:.\Generated_Source\PSoC5/CAN_1_INT.c ****     * Return:
 290:.\Generated_Source\PSoC5/CAN_1_INT.c ****     *  None.
 291:.\Generated_Source\PSoC5/CAN_1_INT.c ****     *
 292:.\Generated_Source\PSoC5/CAN_1_INT.c ****     * Side Effects:
 293:.\Generated_Source\PSoC5/CAN_1_INT.c ****     *  Stops CAN component operation.
 294:.\Generated_Source\PSoC5/CAN_1_INT.c ****     *
 295:.\Generated_Source\PSoC5/CAN_1_INT.c ****     *******************************************************************************/
 296:.\Generated_Source\PSoC5/CAN_1_INT.c ****     void CAN_1_BusOffIsr(void) 
 297:.\Generated_Source\PSoC5/CAN_1_INT.c ****     {
  27              		.loc 1 297 0
  28              		.cfi_startproc
  29              		@ args = 0, pretend = 0, frame = 0
  30              		@ frame_needed = 0, uses_anonymous_args = 0
  31 0000 08B5     		push	{r3, lr}
  32              		.cfi_def_cfa_offset 8
  33              		.cfi_offset 3, -8
  34              		.cfi_offset 14, -4
 298:.\Generated_Source\PSoC5/CAN_1_INT.c ****         /* Clear Bus Off flag */
 299:.\Generated_Source\PSoC5/CAN_1_INT.c ****         CAN_1_INT_SR_REG.byte[1u] = CAN_1_BUS_OFF_MASK;
  35              		.loc 1 299 0
  36 0002 044B     		ldr	r3, .L3
  37 0004 0222     		movs	r2, #2
  38 0006 5A70     		strb	r2, [r3, #1]
 300:.\Generated_Source\PSoC5/CAN_1_INT.c ****         (void) CAN_1_GlobalIntDisable();
  39              		.loc 1 300 0
  40 0008 FFF7FEFF 		bl	CAN_1_GlobalIntDisable
  41              	.LVL0:
 301:.\Generated_Source\PSoC5/CAN_1_INT.c **** 
ARM GAS  C:\Users\Patrick\AppData\Local\Temp\cc7qjOqT.s 			page 7


 302:.\Generated_Source\PSoC5/CAN_1_INT.c ****         /* `#START BUS_OFF_ISR` */
 303:.\Generated_Source\PSoC5/CAN_1_INT.c **** 
 304:.\Generated_Source\PSoC5/CAN_1_INT.c ****         /* `#END` */
 305:.\Generated_Source\PSoC5/CAN_1_INT.c **** 
 306:.\Generated_Source\PSoC5/CAN_1_INT.c ****         #ifdef CAN_1_BUS_OFF_ISR_CALLBACK
 307:.\Generated_Source\PSoC5/CAN_1_INT.c ****             CAN_1_BusOffIsr_Callback();
 308:.\Generated_Source\PSoC5/CAN_1_INT.c ****         #endif /* CAN_1_BUS_OFF_ISR_CALLBACK */
 309:.\Generated_Source\PSoC5/CAN_1_INT.c **** 
 310:.\Generated_Source\PSoC5/CAN_1_INT.c ****         (void) CAN_1_Stop();
 311:.\Generated_Source\PSoC5/CAN_1_INT.c ****     }
  42              		.loc 1 311 0
  43 000c BDE80840 		pop	{r3, lr}
  44              		.cfi_restore 14
  45              		.cfi_restore 3
  46              		.cfi_def_cfa_offset 0
 310:.\Generated_Source\PSoC5/CAN_1_INT.c ****     }
  47              		.loc 1 310 0
  48 0010 FFF7FEBF 		b	CAN_1_Stop
  49              	.LVL1:
  50              	.L4:
  51              		.align	2
  52              	.L3:
  53 0014 00A00040 		.word	1073782784
  54              		.cfi_endproc
  55              	.LFE0:
  56              		.size	CAN_1_BusOffIsr, .-CAN_1_BusOffIsr
  57              		.section	.text.CAN_1_MsgRXIsr,"ax",%progbits
  58              		.align	2
  59              		.global	CAN_1_MsgRXIsr
  60              		.thumb
  61              		.thumb_func
  62              		.type	CAN_1_MsgRXIsr, %function
  63              	CAN_1_MsgRXIsr:
  64              	.LFB1:
 312:.\Generated_Source\PSoC5/CAN_1_INT.c **** #endif /* CAN_1_BUS_OFF */
 313:.\Generated_Source\PSoC5/CAN_1_INT.c **** 
 314:.\Generated_Source\PSoC5/CAN_1_INT.c **** 
 315:.\Generated_Source\PSoC5/CAN_1_INT.c **** #if (CAN_1_RX_MSG_LOST)
 316:.\Generated_Source\PSoC5/CAN_1_INT.c ****     /*******************************************************************************
 317:.\Generated_Source\PSoC5/CAN_1_INT.c ****     * FUNCTION NAME:   CAN_1_MsgLostIsr
 318:.\Generated_Source\PSoC5/CAN_1_INT.c ****     ********************************************************************************
 319:.\Generated_Source\PSoC5/CAN_1_INT.c ****     *
 320:.\Generated_Source\PSoC5/CAN_1_INT.c ****     * Summary:
 321:.\Generated_Source\PSoC5/CAN_1_INT.c ****     *  This function is entry point to Message Lost Interrupt. Clears Message Lost
 322:.\Generated_Source\PSoC5/CAN_1_INT.c ****     *  interrupt flag. Only generated if Message Lost Interrupt enable in Customizer
 323:.\Generated_Source\PSoC5/CAN_1_INT.c ****     *
 324:.\Generated_Source\PSoC5/CAN_1_INT.c ****     * Parameters:
 325:.\Generated_Source\PSoC5/CAN_1_INT.c ****     *  None.
 326:.\Generated_Source\PSoC5/CAN_1_INT.c ****     *
 327:.\Generated_Source\PSoC5/CAN_1_INT.c ****     * Return:
 328:.\Generated_Source\PSoC5/CAN_1_INT.c ****     *  None.
 329:.\Generated_Source\PSoC5/CAN_1_INT.c ****     *
 330:.\Generated_Source\PSoC5/CAN_1_INT.c ****     * Reentrant:
 331:.\Generated_Source\PSoC5/CAN_1_INT.c ****     *  Depends on Customer code.
 332:.\Generated_Source\PSoC5/CAN_1_INT.c ****     *
 333:.\Generated_Source\PSoC5/CAN_1_INT.c ****     *******************************************************************************/
 334:.\Generated_Source\PSoC5/CAN_1_INT.c ****     void CAN_1_MsgLostIsr(void) 
ARM GAS  C:\Users\Patrick\AppData\Local\Temp\cc7qjOqT.s 			page 8


 335:.\Generated_Source\PSoC5/CAN_1_INT.c ****     {
 336:.\Generated_Source\PSoC5/CAN_1_INT.c ****         /* Clear Receive Message Lost flag */
 337:.\Generated_Source\PSoC5/CAN_1_INT.c ****         CAN_1_INT_SR_REG.byte[1u] = CAN_1_RX_MSG_LOST_MASK;
 338:.\Generated_Source\PSoC5/CAN_1_INT.c **** 
 339:.\Generated_Source\PSoC5/CAN_1_INT.c ****         /* `#START MESSAGE_LOST_ISR` */
 340:.\Generated_Source\PSoC5/CAN_1_INT.c **** 
 341:.\Generated_Source\PSoC5/CAN_1_INT.c ****         /* `#END` */
 342:.\Generated_Source\PSoC5/CAN_1_INT.c **** 
 343:.\Generated_Source\PSoC5/CAN_1_INT.c ****         #ifdef CAN_1_MSG_LOST_ISR_CALLBACK
 344:.\Generated_Source\PSoC5/CAN_1_INT.c ****             CAN_1_MsgLostIsr_Callback();
 345:.\Generated_Source\PSoC5/CAN_1_INT.c ****         #endif /* CAN_1_MSG_LOST_ISR_CALLBACK */
 346:.\Generated_Source\PSoC5/CAN_1_INT.c ****     }
 347:.\Generated_Source\PSoC5/CAN_1_INT.c **** #endif /* CAN_1_RX_MSG_LOST */
 348:.\Generated_Source\PSoC5/CAN_1_INT.c **** 
 349:.\Generated_Source\PSoC5/CAN_1_INT.c **** 
 350:.\Generated_Source\PSoC5/CAN_1_INT.c **** #if (CAN_1_TX_MESSAGE)
 351:.\Generated_Source\PSoC5/CAN_1_INT.c ****     /*******************************************************************************
 352:.\Generated_Source\PSoC5/CAN_1_INT.c ****     * FUNCTION NAME:   CAN_1_MsgTXIsr
 353:.\Generated_Source\PSoC5/CAN_1_INT.c ****     ********************************************************************************
 354:.\Generated_Source\PSoC5/CAN_1_INT.c ****     *
 355:.\Generated_Source\PSoC5/CAN_1_INT.c ****     * Summary:
 356:.\Generated_Source\PSoC5/CAN_1_INT.c ****     *  This function is entry point to Transmit Message Interrupt. Clears Transmit
 357:.\Generated_Source\PSoC5/CAN_1_INT.c ****     *  Message interrupt flag. Only generated if Transmit Message Interrupt enable
 358:.\Generated_Source\PSoC5/CAN_1_INT.c ****     *  in Customizer.
 359:.\Generated_Source\PSoC5/CAN_1_INT.c ****     *
 360:.\Generated_Source\PSoC5/CAN_1_INT.c ****     * Parameters:
 361:.\Generated_Source\PSoC5/CAN_1_INT.c ****     *  None.
 362:.\Generated_Source\PSoC5/CAN_1_INT.c ****     *
 363:.\Generated_Source\PSoC5/CAN_1_INT.c ****     * Return:
 364:.\Generated_Source\PSoC5/CAN_1_INT.c ****     *  None.
 365:.\Generated_Source\PSoC5/CAN_1_INT.c ****     *
 366:.\Generated_Source\PSoC5/CAN_1_INT.c ****     * Reentrant:
 367:.\Generated_Source\PSoC5/CAN_1_INT.c ****     *  Depends on Customer code.
 368:.\Generated_Source\PSoC5/CAN_1_INT.c ****     *
 369:.\Generated_Source\PSoC5/CAN_1_INT.c ****     *******************************************************************************/
 370:.\Generated_Source\PSoC5/CAN_1_INT.c ****     void CAN_1_MsgTXIsr(void) 
 371:.\Generated_Source\PSoC5/CAN_1_INT.c ****     {
 372:.\Generated_Source\PSoC5/CAN_1_INT.c ****         /* Clear Transmit Message flag */
 373:.\Generated_Source\PSoC5/CAN_1_INT.c ****         CAN_1_INT_SR_REG.byte[1u] = CAN_1_TX_MESSAGE_MASK;
 374:.\Generated_Source\PSoC5/CAN_1_INT.c **** 
 375:.\Generated_Source\PSoC5/CAN_1_INT.c ****         /* `#START MESSAGE_TRANSMITTED_ISR` */
 376:.\Generated_Source\PSoC5/CAN_1_INT.c **** 
 377:.\Generated_Source\PSoC5/CAN_1_INT.c ****         /* `#END` */
 378:.\Generated_Source\PSoC5/CAN_1_INT.c **** 
 379:.\Generated_Source\PSoC5/CAN_1_INT.c ****         #ifdef CAN_1_MSG_TX_ISR_CALLBACK
 380:.\Generated_Source\PSoC5/CAN_1_INT.c ****             CAN_1_MsgTXIsr_Callback();
 381:.\Generated_Source\PSoC5/CAN_1_INT.c ****         #endif /* CAN_1_MSG_TX_ISR_CALLBACK */
 382:.\Generated_Source\PSoC5/CAN_1_INT.c ****     }
 383:.\Generated_Source\PSoC5/CAN_1_INT.c **** #endif /* CAN_1_TX_MESSAGE */
 384:.\Generated_Source\PSoC5/CAN_1_INT.c **** 
 385:.\Generated_Source\PSoC5/CAN_1_INT.c **** 
 386:.\Generated_Source\PSoC5/CAN_1_INT.c **** #if (CAN_1_RX_MESSAGE)
 387:.\Generated_Source\PSoC5/CAN_1_INT.c ****     /*******************************************************************************
 388:.\Generated_Source\PSoC5/CAN_1_INT.c ****     * FUNCTION NAME:   CAN_1_MsgRXIsr
 389:.\Generated_Source\PSoC5/CAN_1_INT.c ****     ********************************************************************************
 390:.\Generated_Source\PSoC5/CAN_1_INT.c ****     *
 391:.\Generated_Source\PSoC5/CAN_1_INT.c ****     * Summary:
ARM GAS  C:\Users\Patrick\AppData\Local\Temp\cc7qjOqT.s 			page 9


 392:.\Generated_Source\PSoC5/CAN_1_INT.c ****     *  This function is entry point to Receive Message Interrupt. Clears Receive
 393:.\Generated_Source\PSoC5/CAN_1_INT.c ****     *  Message interrupt flag and call appropriate handlers for Basic and Full
 394:.\Generated_Source\PSoC5/CAN_1_INT.c ****     *  interrupt based mailboxes. Only generated if Receive Message Interrupt
 395:.\Generated_Source\PSoC5/CAN_1_INT.c ****     *  enable in Customizer. Recommended setting to enable this interrupt.
 396:.\Generated_Source\PSoC5/CAN_1_INT.c ****     *
 397:.\Generated_Source\PSoC5/CAN_1_INT.c ****     * Parameters:
 398:.\Generated_Source\PSoC5/CAN_1_INT.c ****     *  None.
 399:.\Generated_Source\PSoC5/CAN_1_INT.c ****     *
 400:.\Generated_Source\PSoC5/CAN_1_INT.c ****     * Return:
 401:.\Generated_Source\PSoC5/CAN_1_INT.c ****     *  None.
 402:.\Generated_Source\PSoC5/CAN_1_INT.c ****     *
 403:.\Generated_Source\PSoC5/CAN_1_INT.c ****     *******************************************************************************/
 404:.\Generated_Source\PSoC5/CAN_1_INT.c ****     void CAN_1_MsgRXIsr(void) 
 405:.\Generated_Source\PSoC5/CAN_1_INT.c ****     {
  65              		.loc 1 405 0
  66              		.cfi_startproc
  67              		@ args = 0, pretend = 0, frame = 0
  68              		@ frame_needed = 0, uses_anonymous_args = 0
  69              	.LVL2:
  70 0000 F8B5     		push	{r3, r4, r5, r6, r7, lr}
  71              		.cfi_def_cfa_offset 24
  72              		.cfi_offset 3, -24
  73              		.cfi_offset 4, -20
  74              		.cfi_offset 5, -16
  75              		.cfi_offset 6, -12
  76              		.cfi_offset 7, -8
  77              		.cfi_offset 14, -4
 406:.\Generated_Source\PSoC5/CAN_1_INT.c ****         uint8 mailboxNumber;
 407:.\Generated_Source\PSoC5/CAN_1_INT.c ****         uint16 shift = 0x01u;
 408:.\Generated_Source\PSoC5/CAN_1_INT.c **** 
 409:.\Generated_Source\PSoC5/CAN_1_INT.c ****         /* Clear Receive Message flag */
 410:.\Generated_Source\PSoC5/CAN_1_INT.c ****         CAN_1_INT_SR_REG.byte[1u] = CAN_1_RX_MESSAGE_MASK;
  78              		.loc 1 410 0
  79 0002 0D4B     		ldr	r3, .L18
  80 0004 1022     		movs	r2, #16
  81 0006 0D4E     		ldr	r6, .L18+4
 411:.\Generated_Source\PSoC5/CAN_1_INT.c **** 
 412:.\Generated_Source\PSoC5/CAN_1_INT.c ****         /* `#START MESSAGE_RECEIVE_ISR` */
 413:.\Generated_Source\PSoC5/CAN_1_INT.c **** 
 414:.\Generated_Source\PSoC5/CAN_1_INT.c ****         /* `#END` */
 415:.\Generated_Source\PSoC5/CAN_1_INT.c **** 
 416:.\Generated_Source\PSoC5/CAN_1_INT.c ****         #ifdef CAN_1_MSG_RX_ISR_CALLBACK
 417:.\Generated_Source\PSoC5/CAN_1_INT.c ****             CAN_1_MsgRXIsr_Callback();
 418:.\Generated_Source\PSoC5/CAN_1_INT.c ****         #endif /* CAN_1_MSG_RX_ISR_CALLBACK */
 419:.\Generated_Source\PSoC5/CAN_1_INT.c **** 
 420:.\Generated_Source\PSoC5/CAN_1_INT.c ****         for (mailboxNumber = 0u; mailboxNumber < CAN_1_NUMBER_OF_RX_MAILBOXES; mailboxNumber++)
 421:.\Generated_Source\PSoC5/CAN_1_INT.c ****         {
 422:.\Generated_Source\PSoC5/CAN_1_INT.c ****             if ((CY_GET_REG16((reg16 *) &CAN_1_BUF_SR_REG.byte[0u]) & shift) != 0u)
  82              		.loc 1 422 0
  83 0008 0D4F     		ldr	r7, .L18+8
 410:.\Generated_Source\PSoC5/CAN_1_INT.c **** 
  84              		.loc 1 410 0
  85 000a 5A70     		strb	r2, [r3, #1]
  86              	.LVL3:
 407:.\Generated_Source\PSoC5/CAN_1_INT.c **** 
  87              		.loc 1 407 0
  88 000c 0125     		movs	r5, #1
ARM GAS  C:\Users\Patrick\AppData\Local\Temp\cc7qjOqT.s 			page 10


 420:.\Generated_Source\PSoC5/CAN_1_INT.c ****         {
  89              		.loc 1 420 0
  90 000e 0024     		movs	r4, #0
  91 0010 07E0     		b	.L7
  92              	.LVL4:
  93              	.L6:
 420:.\Generated_Source\PSoC5/CAN_1_INT.c ****         {
  94              		.loc 1 420 0 is_stmt 0 discriminator 2
  95 0012 0134     		adds	r4, r4, #1
  96              	.LVL5:
  97 0014 E4B2     		uxtb	r4, r4
 423:.\Generated_Source\PSoC5/CAN_1_INT.c ****             {
 424:.\Generated_Source\PSoC5/CAN_1_INT.c ****                 if ((CAN_1_RX[mailboxNumber].rxcmd.byte[0u] & CAN_1_RX_INT_ENABLE_MASK) != 0u)
 425:.\Generated_Source\PSoC5/CAN_1_INT.c ****                 {
 426:.\Generated_Source\PSoC5/CAN_1_INT.c ****                     if ((CAN_1_RX_MAILBOX_TYPE & shift) != 0u)
 427:.\Generated_Source\PSoC5/CAN_1_INT.c ****                     {
 428:.\Generated_Source\PSoC5/CAN_1_INT.c ****                         /* RX Full mailboxes handler */
 429:.\Generated_Source\PSoC5/CAN_1_INT.c ****                     }
 430:.\Generated_Source\PSoC5/CAN_1_INT.c ****                     else
 431:.\Generated_Source\PSoC5/CAN_1_INT.c ****                     {
 432:.\Generated_Source\PSoC5/CAN_1_INT.c ****                         /* RX Basic mailbox handler */
 433:.\Generated_Source\PSoC5/CAN_1_INT.c ****                         CAN_1_ReceiveMsg(mailboxNumber);
 434:.\Generated_Source\PSoC5/CAN_1_INT.c ****                     }
 435:.\Generated_Source\PSoC5/CAN_1_INT.c ****                 }
 436:.\Generated_Source\PSoC5/CAN_1_INT.c ****             }
 437:.\Generated_Source\PSoC5/CAN_1_INT.c ****             shift <<= 1u;
  98              		.loc 1 437 0 is_stmt 1 discriminator 2
  99 0016 6D00     		lsls	r5, r5, #1
 100              	.LVL6:
 420:.\Generated_Source\PSoC5/CAN_1_INT.c ****         {
 101              		.loc 1 420 0 discriminator 2
 102 0018 102C     		cmp	r4, #16
 103              		.loc 1 437 0 discriminator 2
 104 001a ADB2     		uxth	r5, r5
 105              	.LVL7:
 106 001c 06F12006 		add	r6, r6, #32
 420:.\Generated_Source\PSoC5/CAN_1_INT.c ****         {
 107              		.loc 1 420 0 discriminator 2
 108 0020 09D0     		beq	.L17
 109              	.LVL8:
 110              	.L7:
 422:.\Generated_Source\PSoC5/CAN_1_INT.c ****             {
 111              		.loc 1 422 0
 112 0022 3B88     		ldrh	r3, [r7]
 113 0024 1D42     		tst	r5, r3
 114 0026 F4D0     		beq	.L6
 424:.\Generated_Source\PSoC5/CAN_1_INT.c ****                 {
 115              		.loc 1 424 0
 116 0028 3378     		ldrb	r3, [r6]	@ zero_extendqisi2
 117 002a 9B06     		lsls	r3, r3, #26
 118 002c F1D5     		bpl	.L6
 433:.\Generated_Source\PSoC5/CAN_1_INT.c ****                     }
 119              		.loc 1 433 0
 120 002e 2046     		mov	r0, r4
 121 0030 FFF7FEFF 		bl	CAN_1_ReceiveMsg
 122              	.LVL9:
 123 0034 EDE7     		b	.L6
ARM GAS  C:\Users\Patrick\AppData\Local\Temp\cc7qjOqT.s 			page 11


 124              	.L17:
 438:.\Generated_Source\PSoC5/CAN_1_INT.c ****         }
 439:.\Generated_Source\PSoC5/CAN_1_INT.c ****     }
 125              		.loc 1 439 0
 126 0036 F8BD     		pop	{r3, r4, r5, r6, r7, pc}
 127              	.LVL10:
 128              	.L19:
 129              		.align	2
 130              	.L18:
 131 0038 00A00040 		.word	1073782784
 132 003c A0A00040 		.word	1073782944
 133 0040 08A00040 		.word	1073782792
 134              		.cfi_endproc
 135              	.LFE1:
 136              		.size	CAN_1_MsgRXIsr, .-CAN_1_MsgRXIsr
 137              		.section	.text.CAN_1_ISR,"ax",%progbits
 138              		.align	2
 139              		.global	CAN_1_ISR
 140              		.thumb
 141              		.thumb_func
 142              		.type	CAN_1_ISR, %function
 143              	CAN_1_ISR:
 144              	.LFB2:
 440:.\Generated_Source\PSoC5/CAN_1_INT.c **** #endif /* CAN_1_RX_MESSAGE */
 441:.\Generated_Source\PSoC5/CAN_1_INT.c **** 
 442:.\Generated_Source\PSoC5/CAN_1_INT.c **** 
 443:.\Generated_Source\PSoC5/CAN_1_INT.c **** /*******************************************************************************
 444:.\Generated_Source\PSoC5/CAN_1_INT.c **** * Function Name: CAN_1_ISR
 445:.\Generated_Source\PSoC5/CAN_1_INT.c **** ********************************************************************************
 446:.\Generated_Source\PSoC5/CAN_1_INT.c **** *
 447:.\Generated_Source\PSoC5/CAN_1_INT.c **** * Summary:
 448:.\Generated_Source\PSoC5/CAN_1_INT.c **** *  This ISR is executed when CAN Core generates and interrupt on one of events:
 449:.\Generated_Source\PSoC5/CAN_1_INT.c **** *  Arb_lost, Overload, Bit_err, Stuff_err, Ack_err, Form_err, Crc_err,
 450:.\Generated_Source\PSoC5/CAN_1_INT.c **** *  Buss_off, Rx_msg_lost, Tx_msg or Rx_msg. The interrupt sources depends
 451:.\Generated_Source\PSoC5/CAN_1_INT.c **** *  on the Customizer inputs.
 452:.\Generated_Source\PSoC5/CAN_1_INT.c **** *
 453:.\Generated_Source\PSoC5/CAN_1_INT.c **** * Parameters:
 454:.\Generated_Source\PSoC5/CAN_1_INT.c **** *  None.
 455:.\Generated_Source\PSoC5/CAN_1_INT.c **** *
 456:.\Generated_Source\PSoC5/CAN_1_INT.c **** * Return:
 457:.\Generated_Source\PSoC5/CAN_1_INT.c **** *  None.
 458:.\Generated_Source\PSoC5/CAN_1_INT.c **** *
 459:.\Generated_Source\PSoC5/CAN_1_INT.c **** *******************************************************************************/
 460:.\Generated_Source\PSoC5/CAN_1_INT.c **** CY_ISR(CAN_1_ISR)
 461:.\Generated_Source\PSoC5/CAN_1_INT.c **** {
 145              		.loc 1 461 0
 146              		.cfi_startproc
 147              		@ args = 0, pretend = 0, frame = 0
 148              		@ frame_needed = 0, uses_anonymous_args = 0
 149 0000 F8B5     		push	{r3, r4, r5, r6, r7, lr}
 150              		.cfi_def_cfa_offset 24
 151              		.cfi_offset 3, -24
 152              		.cfi_offset 4, -20
 153              		.cfi_offset 5, -16
 154              		.cfi_offset 6, -12
 155              		.cfi_offset 7, -8
 156              		.cfi_offset 14, -4
ARM GAS  C:\Users\Patrick\AppData\Local\Temp\cc7qjOqT.s 			page 12


 462:.\Generated_Source\PSoC5/CAN_1_INT.c ****     #ifdef CAN_1_ISR_INTERRUPT_CALLBACK
 463:.\Generated_Source\PSoC5/CAN_1_INT.c ****         CAN_1_ISR_InterruptCallback();
 464:.\Generated_Source\PSoC5/CAN_1_INT.c ****     #endif /* CAN_1_ISR_INTERRUPT_CALLBACK */
 465:.\Generated_Source\PSoC5/CAN_1_INT.c ****     
 466:.\Generated_Source\PSoC5/CAN_1_INT.c ****     /* Place your Interrupt code here. */
 467:.\Generated_Source\PSoC5/CAN_1_INT.c ****     /* `#START CAN_ISR` */
 468:.\Generated_Source\PSoC5/CAN_1_INT.c **** 
 469:.\Generated_Source\PSoC5/CAN_1_INT.c ****     /* `#END` */
 470:.\Generated_Source\PSoC5/CAN_1_INT.c ****     
 471:.\Generated_Source\PSoC5/CAN_1_INT.c ****     /* Arbitration */
 472:.\Generated_Source\PSoC5/CAN_1_INT.c ****     #if (CAN_1_ARB_LOST && (CAN_1_ARB_LOST_USE_HELPER || \
 473:.\Generated_Source\PSoC5/CAN_1_INT.c ****         (!CAN_1_ADVANCED_INTERRUPT_CFG)))
 474:.\Generated_Source\PSoC5/CAN_1_INT.c ****         if ((CAN_1_INT_SR_REG.byte[0u] & CAN_1_ARBITRATION_LOST_MASK) != 0u)
 475:.\Generated_Source\PSoC5/CAN_1_INT.c ****         {
 476:.\Generated_Source\PSoC5/CAN_1_INT.c ****             CAN_1_ArbLostIsr();
 477:.\Generated_Source\PSoC5/CAN_1_INT.c ****         }
 478:.\Generated_Source\PSoC5/CAN_1_INT.c ****     #endif /* CAN_1_ARB_LOST && CAN_1_ARB_LOST_USE_HELPER */
 479:.\Generated_Source\PSoC5/CAN_1_INT.c **** 
 480:.\Generated_Source\PSoC5/CAN_1_INT.c ****     /* Overload Error */
 481:.\Generated_Source\PSoC5/CAN_1_INT.c ****     #if (CAN_1_OVERLOAD && (CAN_1_OVERLOAD_USE_HELPER || \
 482:.\Generated_Source\PSoC5/CAN_1_INT.c ****         (!CAN_1_ADVANCED_INTERRUPT_CFG)))
 483:.\Generated_Source\PSoC5/CAN_1_INT.c ****         if ((CAN_1_INT_SR_REG.byte[0u] & CAN_1_OVERLOAD_ERROR_MASK) != 0u)
 484:.\Generated_Source\PSoC5/CAN_1_INT.c ****         {
 485:.\Generated_Source\PSoC5/CAN_1_INT.c ****             CAN_1_OvrLdErrorIsr();
 486:.\Generated_Source\PSoC5/CAN_1_INT.c ****         }
 487:.\Generated_Source\PSoC5/CAN_1_INT.c ****     #endif /* CAN_1_OVERLOAD && CAN_1_OVERLOAD_USE_HELPER */
 488:.\Generated_Source\PSoC5/CAN_1_INT.c **** 
 489:.\Generated_Source\PSoC5/CAN_1_INT.c ****     /* Bit Error */
 490:.\Generated_Source\PSoC5/CAN_1_INT.c ****     #if (CAN_1_BIT_ERR && (CAN_1_BIT_ERR_USE_HELPER || \
 491:.\Generated_Source\PSoC5/CAN_1_INT.c ****         (!CAN_1_ADVANCED_INTERRUPT_CFG)))
 492:.\Generated_Source\PSoC5/CAN_1_INT.c ****         if ((CAN_1_INT_SR_REG.byte[0u] & CAN_1_BIT_ERROR_MASK) != 0u)
 493:.\Generated_Source\PSoC5/CAN_1_INT.c ****         {
 494:.\Generated_Source\PSoC5/CAN_1_INT.c ****             CAN_1_BitErrorIsr();
 495:.\Generated_Source\PSoC5/CAN_1_INT.c ****         }
 496:.\Generated_Source\PSoC5/CAN_1_INT.c ****     #endif /* CAN_1_BIT_ERR && CAN_1_BIT_ERR_USE_HELPER */
 497:.\Generated_Source\PSoC5/CAN_1_INT.c **** 
 498:.\Generated_Source\PSoC5/CAN_1_INT.c ****     /* Bit Staff Error */
 499:.\Generated_Source\PSoC5/CAN_1_INT.c ****     #if (CAN_1_STUFF_ERR && (CAN_1_STUFF_ERR_USE_HELPER || \
 500:.\Generated_Source\PSoC5/CAN_1_INT.c ****         (!CAN_1_ADVANCED_INTERRUPT_CFG)))
 501:.\Generated_Source\PSoC5/CAN_1_INT.c ****         if ((CAN_1_INT_SR_REG.byte[0u] & CAN_1_STUFF_ERROR_MASK) != 0u)
 502:.\Generated_Source\PSoC5/CAN_1_INT.c ****         {
 503:.\Generated_Source\PSoC5/CAN_1_INT.c ****             CAN_1_BitStuffErrorIsr();
 504:.\Generated_Source\PSoC5/CAN_1_INT.c ****         }
 505:.\Generated_Source\PSoC5/CAN_1_INT.c ****     #endif /* CAN_1_STUFF_ERR && CAN_1_STUFF_ERR_USE_HELPER */
 506:.\Generated_Source\PSoC5/CAN_1_INT.c **** 
 507:.\Generated_Source\PSoC5/CAN_1_INT.c ****     /* ACK Error */
 508:.\Generated_Source\PSoC5/CAN_1_INT.c ****     #if (CAN_1_ACK_ERR && (CAN_1_ACK_ERR_USE_HELPER || \
 509:.\Generated_Source\PSoC5/CAN_1_INT.c ****         (!CAN_1_ADVANCED_INTERRUPT_CFG)))
 510:.\Generated_Source\PSoC5/CAN_1_INT.c ****         if ((CAN_1_INT_SR_REG.byte[0u] & CAN_1_ACK_ERROR_MASK) != 0u)
 511:.\Generated_Source\PSoC5/CAN_1_INT.c ****         {
 512:.\Generated_Source\PSoC5/CAN_1_INT.c ****             CAN_1_AckErrorIsr();
 513:.\Generated_Source\PSoC5/CAN_1_INT.c ****         }
 514:.\Generated_Source\PSoC5/CAN_1_INT.c ****     #endif /* CAN_1_ACK_ERR && CAN_1_ACK_ERR_USE_HELPER */
 515:.\Generated_Source\PSoC5/CAN_1_INT.c **** 
 516:.\Generated_Source\PSoC5/CAN_1_INT.c ****     /* Form(msg) Error */
 517:.\Generated_Source\PSoC5/CAN_1_INT.c ****     #if (CAN_1_FORM_ERR && (CAN_1_FORM_ERR_USE_HELPER || \
 518:.\Generated_Source\PSoC5/CAN_1_INT.c ****         (!CAN_1_ADVANCED_INTERRUPT_CFG)))
ARM GAS  C:\Users\Patrick\AppData\Local\Temp\cc7qjOqT.s 			page 13


 519:.\Generated_Source\PSoC5/CAN_1_INT.c ****         if ((CAN_1_INT_SR_REG.byte[0u] & CAN_1_FORM_ERROR_MASK) != 0u)
 520:.\Generated_Source\PSoC5/CAN_1_INT.c ****         {
 521:.\Generated_Source\PSoC5/CAN_1_INT.c ****             CAN_1_MsgErrorIsr();
 522:.\Generated_Source\PSoC5/CAN_1_INT.c ****         }
 523:.\Generated_Source\PSoC5/CAN_1_INT.c ****     #endif /* CAN_1_FORM_ERR && CAN_1_FORM_ERR_USE_HELPER */
 524:.\Generated_Source\PSoC5/CAN_1_INT.c **** 
 525:.\Generated_Source\PSoC5/CAN_1_INT.c ****     /* CRC Error */
 526:.\Generated_Source\PSoC5/CAN_1_INT.c ****     #if (CAN_1_CRC_ERR && (CAN_1_CRC_ERR_USE_HELPER || \
 527:.\Generated_Source\PSoC5/CAN_1_INT.c ****         (!CAN_1_ADVANCED_INTERRUPT_CFG)))
 528:.\Generated_Source\PSoC5/CAN_1_INT.c ****         if ((CAN_1_INT_SR_REG.byte[1u] & CAN_1_CRC_ERROR_MASK) != 0u)
 529:.\Generated_Source\PSoC5/CAN_1_INT.c ****         {
 530:.\Generated_Source\PSoC5/CAN_1_INT.c ****             CAN_1_CrcErrorIsr();
 531:.\Generated_Source\PSoC5/CAN_1_INT.c ****         }
 532:.\Generated_Source\PSoC5/CAN_1_INT.c ****     #endif /* CAN_1_CRC_ERR && CAN_1_CRC_ERR_USE_HELPER */
 533:.\Generated_Source\PSoC5/CAN_1_INT.c **** 
 534:.\Generated_Source\PSoC5/CAN_1_INT.c ****     /* Bus Off state */
 535:.\Generated_Source\PSoC5/CAN_1_INT.c ****     #if (CAN_1_BUS_OFF && (CAN_1_BUS_OFF_USE_HELPER || \
 536:.\Generated_Source\PSoC5/CAN_1_INT.c ****         (!CAN_1_ADVANCED_INTERRUPT_CFG)))
 537:.\Generated_Source\PSoC5/CAN_1_INT.c ****         if ((CAN_1_INT_SR_REG.byte[1u] & CAN_1_BUS_OFF_MASK) != 0u)
 157              		.loc 1 537 0
 158 0002 144B     		ldr	r3, .L39
 159 0004 5A78     		ldrb	r2, [r3, #1]	@ zero_extendqisi2
 160 0006 9107     		lsls	r1, r2, #30
 161 0008 1DD4     		bmi	.L37
 162              	.L21:
 538:.\Generated_Source\PSoC5/CAN_1_INT.c ****         {
 539:.\Generated_Source\PSoC5/CAN_1_INT.c ****             CAN_1_BusOffIsr();
 540:.\Generated_Source\PSoC5/CAN_1_INT.c ****         }
 541:.\Generated_Source\PSoC5/CAN_1_INT.c ****     #endif /* CAN_1_BUS_OFF && CAN_1_BUS_OFF_USE_HELPER */
 542:.\Generated_Source\PSoC5/CAN_1_INT.c **** 
 543:.\Generated_Source\PSoC5/CAN_1_INT.c ****     /* Message Lost */
 544:.\Generated_Source\PSoC5/CAN_1_INT.c ****     #if (CAN_1_RX_MSG_LOST && (CAN_1_RX_MSG_LOST_USE_HELPER || \
 545:.\Generated_Source\PSoC5/CAN_1_INT.c ****         (!CAN_1_ADVANCED_INTERRUPT_CFG)))
 546:.\Generated_Source\PSoC5/CAN_1_INT.c ****         if ((CAN_1_INT_SR_REG.byte[1u] & CAN_1_RX_MSG_LOST_MASK) != 0u)
 547:.\Generated_Source\PSoC5/CAN_1_INT.c ****         {
 548:.\Generated_Source\PSoC5/CAN_1_INT.c ****             CAN_1_MsgLostIsr();
 549:.\Generated_Source\PSoC5/CAN_1_INT.c ****         }
 550:.\Generated_Source\PSoC5/CAN_1_INT.c ****     #endif /* CAN_1_RX_MSG_LOST && CAN_1_RX_MSG_LOST_USE_HELPER */
 551:.\Generated_Source\PSoC5/CAN_1_INT.c **** 
 552:.\Generated_Source\PSoC5/CAN_1_INT.c ****     /* TX Message Send */
 553:.\Generated_Source\PSoC5/CAN_1_INT.c ****     #if (CAN_1_TX_MESSAGE && (CAN_1_TX_MESSAGE_USE_HELPER || \
 554:.\Generated_Source\PSoC5/CAN_1_INT.c ****         (!CAN_1_ADVANCED_INTERRUPT_CFG)))
 555:.\Generated_Source\PSoC5/CAN_1_INT.c ****         if ((CAN_1_INT_SR_REG.byte[1u] & CAN_1_TX_MESSAGE_MASK) != 0u)
 556:.\Generated_Source\PSoC5/CAN_1_INT.c ****         {
 557:.\Generated_Source\PSoC5/CAN_1_INT.c ****             CAN_1_MsgTXIsr();
 558:.\Generated_Source\PSoC5/CAN_1_INT.c ****         }
 559:.\Generated_Source\PSoC5/CAN_1_INT.c ****     #endif /* CAN_1_TX_MESSAGE && CAN_1_TX_MESSAGE_USE_HELPER */
 560:.\Generated_Source\PSoC5/CAN_1_INT.c **** 
 561:.\Generated_Source\PSoC5/CAN_1_INT.c ****     /* RX Message Available */
 562:.\Generated_Source\PSoC5/CAN_1_INT.c ****     #if (CAN_1_RX_MESSAGE && (CAN_1_RX_MESSAGE_USE_HELPER || \
 563:.\Generated_Source\PSoC5/CAN_1_INT.c ****         (!CAN_1_ADVANCED_INTERRUPT_CFG)))
 564:.\Generated_Source\PSoC5/CAN_1_INT.c ****         if ((CAN_1_INT_SR_REG.byte[1u] & CAN_1_RX_MESSAGE_MASK) != 0u)
 163              		.loc 1 564 0
 164 000a 124B     		ldr	r3, .L39
 165 000c 5A78     		ldrb	r2, [r3, #1]	@ zero_extendqisi2
 166 000e D206     		lsls	r2, r2, #27
 167 0010 00D4     		bmi	.L38
ARM GAS  C:\Users\Patrick\AppData\Local\Temp\cc7qjOqT.s 			page 14


 168              	.L20:
 169 0012 F8BD     		pop	{r3, r4, r5, r6, r7, pc}
 170              	.L38:
 171              	.LVL11:
 172              	.LBB8:
 173              	.LBB9:
 410:.\Generated_Source\PSoC5/CAN_1_INT.c **** 
 174              		.loc 1 410 0
 175 0014 1022     		movs	r2, #16
 176 0016 104E     		ldr	r6, .L39+4
 422:.\Generated_Source\PSoC5/CAN_1_INT.c ****             {
 177              		.loc 1 422 0
 178 0018 104F     		ldr	r7, .L39+8
 410:.\Generated_Source\PSoC5/CAN_1_INT.c **** 
 179              		.loc 1 410 0
 180 001a 5A70     		strb	r2, [r3, #1]
 181              	.LVL12:
 420:.\Generated_Source\PSoC5/CAN_1_INT.c ****         {
 182              		.loc 1 420 0
 183 001c 0024     		movs	r4, #0
 407:.\Generated_Source\PSoC5/CAN_1_INT.c **** 
 184              		.loc 1 407 0
 185 001e 0125     		movs	r5, #1
 186 0020 07E0     		b	.L24
 187              	.LVL13:
 188              	.L23:
 420:.\Generated_Source\PSoC5/CAN_1_INT.c ****         {
 189              		.loc 1 420 0
 190 0022 0134     		adds	r4, r4, #1
 191              	.LVL14:
 192 0024 E4B2     		uxtb	r4, r4
 437:.\Generated_Source\PSoC5/CAN_1_INT.c ****         }
 193              		.loc 1 437 0
 194 0026 6D00     		lsls	r5, r5, #1
 195              	.LVL15:
 420:.\Generated_Source\PSoC5/CAN_1_INT.c ****         {
 196              		.loc 1 420 0
 197 0028 102C     		cmp	r4, #16
 437:.\Generated_Source\PSoC5/CAN_1_INT.c ****         }
 198              		.loc 1 437 0
 199 002a ADB2     		uxth	r5, r5
 200              	.LVL16:
 201 002c 06F12006 		add	r6, r6, #32
 420:.\Generated_Source\PSoC5/CAN_1_INT.c ****         {
 202              		.loc 1 420 0
 203 0030 EFD0     		beq	.L20
 204              	.LVL17:
 205              	.L24:
 422:.\Generated_Source\PSoC5/CAN_1_INT.c ****             {
 206              		.loc 1 422 0
 207 0032 3B88     		ldrh	r3, [r7]
 208 0034 1D42     		tst	r5, r3
 209 0036 F4D0     		beq	.L23
 424:.\Generated_Source\PSoC5/CAN_1_INT.c ****                 {
 210              		.loc 1 424 0
 211 0038 3378     		ldrb	r3, [r6]	@ zero_extendqisi2
 212 003a 9B06     		lsls	r3, r3, #26
ARM GAS  C:\Users\Patrick\AppData\Local\Temp\cc7qjOqT.s 			page 15


 213 003c F1D5     		bpl	.L23
 433:.\Generated_Source\PSoC5/CAN_1_INT.c ****                     }
 214              		.loc 1 433 0
 215 003e 2046     		mov	r0, r4
 216 0040 FFF7FEFF 		bl	CAN_1_ReceiveMsg
 217              	.LVL18:
 218 0044 EDE7     		b	.L23
 219              	.LVL19:
 220              	.L37:
 221              	.LBE9:
 222              	.LBE8:
 223              	.LBB10:
 224              	.LBB11:
 299:.\Generated_Source\PSoC5/CAN_1_INT.c ****         (void) CAN_1_GlobalIntDisable();
 225              		.loc 1 299 0
 226 0046 0222     		movs	r2, #2
 227 0048 5A70     		strb	r2, [r3, #1]
 300:.\Generated_Source\PSoC5/CAN_1_INT.c **** 
 228              		.loc 1 300 0
 229 004a FFF7FEFF 		bl	CAN_1_GlobalIntDisable
 230              	.LVL20:
 310:.\Generated_Source\PSoC5/CAN_1_INT.c ****     }
 231              		.loc 1 310 0
 232 004e FFF7FEFF 		bl	CAN_1_Stop
 233              	.LVL21:
 234 0052 DAE7     		b	.L21
 235              	.L40:
 236              		.align	2
 237              	.L39:
 238 0054 00A00040 		.word	1073782784
 239 0058 A0A00040 		.word	1073782944
 240 005c 08A00040 		.word	1073782792
 241              	.LBE11:
 242              	.LBE10:
 243              		.cfi_endproc
 244              	.LFE2:
 245              		.size	CAN_1_ISR, .-CAN_1_ISR
 246              		.text
 247              	.Letext0:
 248              		.file 2 ".\\Generated_Source\\PSoC5\\cytypes.h"
 249              		.file 3 ".\\Generated_Source\\PSoC5\\CAN_1.h"
 250              		.section	.debug_info,"",%progbits
 251              	.Ldebug_info0:
 252 0000 BA020000 		.4byte	0x2ba
 253 0004 0400     		.2byte	0x4
 254 0006 00000000 		.4byte	.Ldebug_abbrev0
 255 000a 04       		.byte	0x4
 256 000b 01       		.uleb128 0x1
 257 000c FA010000 		.4byte	.LASF32
 258 0010 01       		.byte	0x1
 259 0011 26010000 		.4byte	.LASF33
 260 0015 19000000 		.4byte	.LASF34
 261 0019 00000000 		.4byte	.Ldebug_ranges0+0
 262 001d 00000000 		.4byte	0
 263 0021 00000000 		.4byte	.Ldebug_line0
 264 0025 02       		.uleb128 0x2
 265 0026 01       		.byte	0x1
ARM GAS  C:\Users\Patrick\AppData\Local\Temp\cc7qjOqT.s 			page 16


 266 0027 06       		.byte	0x6
 267 0028 EE010000 		.4byte	.LASF0
 268 002c 02       		.uleb128 0x2
 269 002d 01       		.byte	0x1
 270 002e 08       		.byte	0x8
 271 002f E4000000 		.4byte	.LASF1
 272 0033 02       		.uleb128 0x2
 273 0034 02       		.byte	0x2
 274 0035 05       		.byte	0x5
 275 0036 C0010000 		.4byte	.LASF2
 276 003a 02       		.uleb128 0x2
 277 003b 02       		.byte	0x2
 278 003c 07       		.byte	0x7
 279 003d 7C000000 		.4byte	.LASF3
 280 0041 02       		.uleb128 0x2
 281 0042 04       		.byte	0x4
 282 0043 05       		.byte	0x5
 283 0044 DF010000 		.4byte	.LASF4
 284 0048 02       		.uleb128 0x2
 285 0049 04       		.byte	0x4
 286 004a 07       		.byte	0x7
 287 004b 07010000 		.4byte	.LASF5
 288 004f 02       		.uleb128 0x2
 289 0050 08       		.byte	0x8
 290 0051 05       		.byte	0x5
 291 0052 AD010000 		.4byte	.LASF6
 292 0056 02       		.uleb128 0x2
 293 0057 08       		.byte	0x8
 294 0058 07       		.byte	0x7
 295 0059 70010000 		.4byte	.LASF7
 296 005d 03       		.uleb128 0x3
 297 005e 04       		.byte	0x4
 298 005f 05       		.byte	0x5
 299 0060 696E7400 		.ascii	"int\000"
 300 0064 02       		.uleb128 0x2
 301 0065 04       		.byte	0x4
 302 0066 07       		.byte	0x7
 303 0067 63010000 		.4byte	.LASF8
 304 006b 04       		.uleb128 0x4
 305 006c 19010000 		.4byte	.LASF9
 306 0070 02       		.byte	0x2
 307 0071 9201     		.2byte	0x192
 308 0073 2C000000 		.4byte	0x2c
 309 0077 04       		.uleb128 0x4
 310 0078 4B010000 		.4byte	.LASF10
 311 007c 02       		.byte	0x2
 312 007d 9301     		.2byte	0x193
 313 007f 3A000000 		.4byte	0x3a
 314 0083 02       		.uleb128 0x2
 315 0084 04       		.byte	0x4
 316 0085 04       		.byte	0x4
 317 0086 E8010000 		.4byte	.LASF11
 318 008a 02       		.uleb128 0x2
 319 008b 08       		.byte	0x8
 320 008c 04       		.byte	0x4
 321 008d 1F010000 		.4byte	.LASF12
 322 0091 02       		.uleb128 0x2
ARM GAS  C:\Users\Patrick\AppData\Local\Temp\cc7qjOqT.s 			page 17


 323 0092 01       		.byte	0x1
 324 0093 08       		.byte	0x8
 325 0094 BB010000 		.4byte	.LASF13
 326 0098 04       		.uleb128 0x4
 327 0099 98010000 		.4byte	.LASF14
 328 009d 02       		.byte	0x2
 329 009e 3C02     		.2byte	0x23c
 330 00a0 A4000000 		.4byte	0xa4
 331 00a4 05       		.uleb128 0x5
 332 00a5 6B000000 		.4byte	0x6b
 333 00a9 04       		.uleb128 0x4
 334 00aa 00000000 		.4byte	.LASF15
 335 00ae 02       		.byte	0x2
 336 00af 3D02     		.2byte	0x23d
 337 00b1 B5000000 		.4byte	0xb5
 338 00b5 05       		.uleb128 0x5
 339 00b6 77000000 		.4byte	0x77
 340 00ba 02       		.uleb128 0x2
 341 00bb 04       		.byte	0x4
 342 00bc 07       		.byte	0x7
 343 00bd 9D010000 		.4byte	.LASF16
 344 00c1 06       		.uleb128 0x6
 345 00c2 08       		.byte	0x8
 346 00c3 03       		.byte	0x3
 347 00c4 75       		.byte	0x75
 348 00c5 D6000000 		.4byte	0xd6
 349 00c9 07       		.uleb128 0x7
 350 00ca A0000000 		.4byte	.LASF18
 351 00ce 03       		.byte	0x3
 352 00cf 77       		.byte	0x77
 353 00d0 E6000000 		.4byte	0xe6
 354 00d4 00       		.byte	0
 355 00d5 00       		.byte	0
 356 00d6 08       		.uleb128 0x8
 357 00d7 98000000 		.4byte	0x98
 358 00db E6000000 		.4byte	0xe6
 359 00df 09       		.uleb128 0x9
 360 00e0 BA000000 		.4byte	0xba
 361 00e4 07       		.byte	0x7
 362 00e5 00       		.byte	0
 363 00e6 05       		.uleb128 0x5
 364 00e7 D6000000 		.4byte	0xd6
 365 00eb 0A       		.uleb128 0xa
 366 00ec 52010000 		.4byte	.LASF17
 367 00f0 03       		.byte	0x3
 368 00f1 78       		.byte	0x78
 369 00f2 C1000000 		.4byte	0xc1
 370 00f6 06       		.uleb128 0x6
 371 00f7 04       		.byte	0x4
 372 00f8 03       		.byte	0x3
 373 00f9 7B       		.byte	0x7b
 374 00fa 0B010000 		.4byte	0x10b
 375 00fe 07       		.uleb128 0x7
 376 00ff A0000000 		.4byte	.LASF18
 377 0103 03       		.byte	0x3
 378 0104 7D       		.byte	0x7d
 379 0105 1B010000 		.4byte	0x11b
ARM GAS  C:\Users\Patrick\AppData\Local\Temp\cc7qjOqT.s 			page 18


 380 0109 00       		.byte	0
 381 010a 00       		.byte	0
 382 010b 08       		.uleb128 0x8
 383 010c 98000000 		.4byte	0x98
 384 0110 1B010000 		.4byte	0x11b
 385 0114 09       		.uleb128 0x9
 386 0115 BA000000 		.4byte	0xba
 387 0119 03       		.byte	0x3
 388 011a 00       		.byte	0
 389 011b 05       		.uleb128 0x5
 390 011c 0B010000 		.4byte	0x10b
 391 0120 0A       		.uleb128 0xa
 392 0121 06000000 		.4byte	.LASF19
 393 0125 03       		.byte	0x3
 394 0126 7E       		.byte	0x7e
 395 0127 F6000000 		.4byte	0xf6
 396 012b 06       		.uleb128 0x6
 397 012c 20       		.byte	0x20
 398 012d 03       		.byte	0x3
 399 012e A0       		.byte	0xa0
 400 012f 88010000 		.4byte	0x188
 401 0133 07       		.uleb128 0x7
 402 0134 92010000 		.4byte	.LASF20
 403 0138 03       		.byte	0x3
 404 0139 A2       		.byte	0xa2
 405 013a 20010000 		.4byte	0x120
 406 013e 00       		.byte	0
 407 013f 07       		.uleb128 0x7
 408 0140 F2000000 		.4byte	.LASF21
 409 0144 03       		.byte	0x3
 410 0145 A3       		.byte	0xa3
 411 0146 20010000 		.4byte	0x120
 412 014a 04       		.byte	0x4
 413 014b 07       		.uleb128 0x7
 414 014c A5000000 		.4byte	.LASF22
 415 0150 03       		.byte	0x3
 416 0151 A4       		.byte	0xa4
 417 0152 EB000000 		.4byte	0xeb
 418 0156 08       		.byte	0x8
 419 0157 07       		.uleb128 0x7
 420 0158 68000000 		.4byte	.LASF23
 421 015c 03       		.byte	0x3
 422 015d A5       		.byte	0xa5
 423 015e 20010000 		.4byte	0x120
 424 0162 10       		.byte	0x10
 425 0163 07       		.uleb128 0x7
 426 0164 CA010000 		.4byte	.LASF24
 427 0168 03       		.byte	0x3
 428 0169 A6       		.byte	0xa6
 429 016a 20010000 		.4byte	0x120
 430 016e 14       		.byte	0x14
 431 016f 07       		.uleb128 0x7
 432 0170 A6010000 		.4byte	.LASF25
 433 0174 03       		.byte	0x3
 434 0175 A7       		.byte	0xa7
 435 0176 20010000 		.4byte	0x120
 436 017a 18       		.byte	0x18
ARM GAS  C:\Users\Patrick\AppData\Local\Temp\cc7qjOqT.s 			page 19


 437 017b 07       		.uleb128 0x7
 438 017c AC000000 		.4byte	.LASF26
 439 0180 03       		.byte	0x3
 440 0181 A8       		.byte	0xa8
 441 0182 20010000 		.4byte	0x120
 442 0186 1C       		.byte	0x1c
 443 0187 00       		.byte	0
 444 0188 0A       		.uleb128 0xa
 445 0189 F7000000 		.4byte	.LASF27
 446 018d 03       		.byte	0x3
 447 018e A9       		.byte	0xa9
 448 018f 2B010000 		.4byte	0x12b
 449 0193 0B       		.uleb128 0xb
 450 0194 D4000000 		.4byte	.LASF35
 451 0198 01       		.byte	0x1
 452 0199 2801     		.2byte	0x128
 453 019b 01       		.byte	0x1
 454 019c 0C       		.uleb128 0xc
 455 019d 93010000 		.4byte	0x193
 456 01a1 00000000 		.4byte	.LFB0
 457 01a5 18000000 		.4byte	.LFE0-.LFB0
 458 01a9 01       		.uleb128 0x1
 459 01aa 9C       		.byte	0x9c
 460 01ab C2010000 		.4byte	0x1c2
 461 01af 0D       		.uleb128 0xd
 462 01b0 0C000000 		.4byte	.LVL0
 463 01b4 99020000 		.4byte	0x299
 464 01b8 0E       		.uleb128 0xe
 465 01b9 14000000 		.4byte	.LVL1
 466 01bd A4020000 		.4byte	0x2a4
 467 01c1 00       		.byte	0
 468 01c2 0F       		.uleb128 0xf
 469 01c3 D0010000 		.4byte	.LASF36
 470 01c7 01       		.byte	0x1
 471 01c8 9401     		.2byte	0x194
 472 01ca 01       		.byte	0x1
 473 01cb E8010000 		.4byte	0x1e8
 474 01cf 10       		.uleb128 0x10
 475 01d0 6E000000 		.4byte	.LASF28
 476 01d4 01       		.byte	0x1
 477 01d5 9601     		.2byte	0x196
 478 01d7 6B000000 		.4byte	0x6b
 479 01db 10       		.uleb128 0x10
 480 01dc 13000000 		.4byte	.LASF29
 481 01e0 01       		.byte	0x1
 482 01e1 9701     		.2byte	0x197
 483 01e3 77000000 		.4byte	0x77
 484 01e7 00       		.byte	0
 485 01e8 0C       		.uleb128 0xc
 486 01e9 C2010000 		.4byte	0x1c2
 487 01ed 00000000 		.4byte	.LFB1
 488 01f1 44000000 		.4byte	.LFE1-.LFB1
 489 01f5 01       		.uleb128 0x1
 490 01f6 9C       		.byte	0x9c
 491 01f7 1E020000 		.4byte	0x21e
 492 01fb 11       		.uleb128 0x11
 493 01fc CF010000 		.4byte	0x1cf
ARM GAS  C:\Users\Patrick\AppData\Local\Temp\cc7qjOqT.s 			page 20


 494 0200 00000000 		.4byte	.LLST0
 495 0204 11       		.uleb128 0x11
 496 0205 DB010000 		.4byte	0x1db
 497 0209 2A000000 		.4byte	.LLST1
 498 020d 12       		.uleb128 0x12
 499 020e 34000000 		.4byte	.LVL9
 500 0212 AF020000 		.4byte	0x2af
 501 0216 13       		.uleb128 0x13
 502 0217 01       		.uleb128 0x1
 503 0218 50       		.byte	0x50
 504 0219 02       		.uleb128 0x2
 505 021a 74       		.byte	0x74
 506 021b 00       		.sleb128 0
 507 021c 00       		.byte	0
 508 021d 00       		.byte	0
 509 021e 14       		.uleb128 0x14
 510 021f CA000000 		.4byte	.LASF37
 511 0223 01       		.byte	0x1
 512 0224 CC01     		.2byte	0x1cc
 513 0226 00000000 		.4byte	.LFB2
 514 022a 60000000 		.4byte	.LFE2-.LFB2
 515 022e 01       		.uleb128 0x1
 516 022f 9C       		.byte	0x9c
 517 0230 99020000 		.4byte	0x299
 518 0234 15       		.uleb128 0x15
 519 0235 C2010000 		.4byte	0x1c2
 520 0239 14000000 		.4byte	.LBB8
 521 023d 32000000 		.4byte	.LBE8-.LBB8
 522 0241 01       		.byte	0x1
 523 0242 3602     		.2byte	0x236
 524 0244 75020000 		.4byte	0x275
 525 0248 16       		.uleb128 0x16
 526 0249 14000000 		.4byte	.LBB9
 527 024d 32000000 		.4byte	.LBE9-.LBB9
 528 0251 11       		.uleb128 0x11
 529 0252 CF010000 		.4byte	0x1cf
 530 0256 54000000 		.4byte	.LLST2
 531 025a 11       		.uleb128 0x11
 532 025b DB010000 		.4byte	0x1db
 533 025f 7E000000 		.4byte	.LLST3
 534 0263 12       		.uleb128 0x12
 535 0264 44000000 		.4byte	.LVL18
 536 0268 AF020000 		.4byte	0x2af
 537 026c 13       		.uleb128 0x13
 538 026d 01       		.uleb128 0x1
 539 026e 50       		.byte	0x50
 540 026f 02       		.uleb128 0x2
 541 0270 74       		.byte	0x74
 542 0271 00       		.sleb128 0
 543 0272 00       		.byte	0
 544 0273 00       		.byte	0
 545 0274 00       		.byte	0
 546 0275 17       		.uleb128 0x17
 547 0276 93010000 		.4byte	0x193
 548 027a 46000000 		.4byte	.LBB10
 549 027e 1A000000 		.4byte	.LBE10-.LBB10
 550 0282 01       		.byte	0x1
ARM GAS  C:\Users\Patrick\AppData\Local\Temp\cc7qjOqT.s 			page 21


 551 0283 1B02     		.2byte	0x21b
 552 0285 0D       		.uleb128 0xd
 553 0286 4E000000 		.4byte	.LVL20
 554 028a 99020000 		.4byte	0x299
 555 028e 0D       		.uleb128 0xd
 556 028f 52000000 		.4byte	.LVL21
 557 0293 A4020000 		.4byte	0x2a4
 558 0297 00       		.byte	0
 559 0298 00       		.byte	0
 560 0299 18       		.uleb128 0x18
 561 029a B3000000 		.4byte	.LASF30
 562 029e 03       		.byte	0x3
 563 029f C9       		.byte	0xc9
 564 02a0 6B000000 		.4byte	0x6b
 565 02a4 18       		.uleb128 0x18
 566 02a5 87010000 		.4byte	.LASF31
 567 02a9 03       		.byte	0x3
 568 02aa C6       		.byte	0xc6
 569 02ab 6B000000 		.4byte	0x6b
 570 02af 19       		.uleb128 0x19
 571 02b0 8F000000 		.4byte	.LASF38
 572 02b4 03       		.byte	0x3
 573 02b5 1A01     		.2byte	0x11a
 574 02b7 1A       		.uleb128 0x1a
 575 02b8 6B000000 		.4byte	0x6b
 576 02bc 00       		.byte	0
 577 02bd 00       		.byte	0
 578              		.section	.debug_abbrev,"",%progbits
 579              	.Ldebug_abbrev0:
 580 0000 01       		.uleb128 0x1
 581 0001 11       		.uleb128 0x11
 582 0002 01       		.byte	0x1
 583 0003 25       		.uleb128 0x25
 584 0004 0E       		.uleb128 0xe
 585 0005 13       		.uleb128 0x13
 586 0006 0B       		.uleb128 0xb
 587 0007 03       		.uleb128 0x3
 588 0008 0E       		.uleb128 0xe
 589 0009 1B       		.uleb128 0x1b
 590 000a 0E       		.uleb128 0xe
 591 000b 55       		.uleb128 0x55
 592 000c 17       		.uleb128 0x17
 593 000d 11       		.uleb128 0x11
 594 000e 01       		.uleb128 0x1
 595 000f 10       		.uleb128 0x10
 596 0010 17       		.uleb128 0x17
 597 0011 00       		.byte	0
 598 0012 00       		.byte	0
 599 0013 02       		.uleb128 0x2
 600 0014 24       		.uleb128 0x24
 601 0015 00       		.byte	0
 602 0016 0B       		.uleb128 0xb
 603 0017 0B       		.uleb128 0xb
 604 0018 3E       		.uleb128 0x3e
 605 0019 0B       		.uleb128 0xb
 606 001a 03       		.uleb128 0x3
 607 001b 0E       		.uleb128 0xe
ARM GAS  C:\Users\Patrick\AppData\Local\Temp\cc7qjOqT.s 			page 22


 608 001c 00       		.byte	0
 609 001d 00       		.byte	0
 610 001e 03       		.uleb128 0x3
 611 001f 24       		.uleb128 0x24
 612 0020 00       		.byte	0
 613 0021 0B       		.uleb128 0xb
 614 0022 0B       		.uleb128 0xb
 615 0023 3E       		.uleb128 0x3e
 616 0024 0B       		.uleb128 0xb
 617 0025 03       		.uleb128 0x3
 618 0026 08       		.uleb128 0x8
 619 0027 00       		.byte	0
 620 0028 00       		.byte	0
 621 0029 04       		.uleb128 0x4
 622 002a 16       		.uleb128 0x16
 623 002b 00       		.byte	0
 624 002c 03       		.uleb128 0x3
 625 002d 0E       		.uleb128 0xe
 626 002e 3A       		.uleb128 0x3a
 627 002f 0B       		.uleb128 0xb
 628 0030 3B       		.uleb128 0x3b
 629 0031 05       		.uleb128 0x5
 630 0032 49       		.uleb128 0x49
 631 0033 13       		.uleb128 0x13
 632 0034 00       		.byte	0
 633 0035 00       		.byte	0
 634 0036 05       		.uleb128 0x5
 635 0037 35       		.uleb128 0x35
 636 0038 00       		.byte	0
 637 0039 49       		.uleb128 0x49
 638 003a 13       		.uleb128 0x13
 639 003b 00       		.byte	0
 640 003c 00       		.byte	0
 641 003d 06       		.uleb128 0x6
 642 003e 13       		.uleb128 0x13
 643 003f 01       		.byte	0x1
 644 0040 0B       		.uleb128 0xb
 645 0041 0B       		.uleb128 0xb
 646 0042 3A       		.uleb128 0x3a
 647 0043 0B       		.uleb128 0xb
 648 0044 3B       		.uleb128 0x3b
 649 0045 0B       		.uleb128 0xb
 650 0046 01       		.uleb128 0x1
 651 0047 13       		.uleb128 0x13
 652 0048 00       		.byte	0
 653 0049 00       		.byte	0
 654 004a 07       		.uleb128 0x7
 655 004b 0D       		.uleb128 0xd
 656 004c 00       		.byte	0
 657 004d 03       		.uleb128 0x3
 658 004e 0E       		.uleb128 0xe
 659 004f 3A       		.uleb128 0x3a
 660 0050 0B       		.uleb128 0xb
 661 0051 3B       		.uleb128 0x3b
 662 0052 0B       		.uleb128 0xb
 663 0053 49       		.uleb128 0x49
 664 0054 13       		.uleb128 0x13
ARM GAS  C:\Users\Patrick\AppData\Local\Temp\cc7qjOqT.s 			page 23


 665 0055 38       		.uleb128 0x38
 666 0056 0B       		.uleb128 0xb
 667 0057 00       		.byte	0
 668 0058 00       		.byte	0
 669 0059 08       		.uleb128 0x8
 670 005a 01       		.uleb128 0x1
 671 005b 01       		.byte	0x1
 672 005c 49       		.uleb128 0x49
 673 005d 13       		.uleb128 0x13
 674 005e 01       		.uleb128 0x1
 675 005f 13       		.uleb128 0x13
 676 0060 00       		.byte	0
 677 0061 00       		.byte	0
 678 0062 09       		.uleb128 0x9
 679 0063 21       		.uleb128 0x21
 680 0064 00       		.byte	0
 681 0065 49       		.uleb128 0x49
 682 0066 13       		.uleb128 0x13
 683 0067 2F       		.uleb128 0x2f
 684 0068 0B       		.uleb128 0xb
 685 0069 00       		.byte	0
 686 006a 00       		.byte	0
 687 006b 0A       		.uleb128 0xa
 688 006c 16       		.uleb128 0x16
 689 006d 00       		.byte	0
 690 006e 03       		.uleb128 0x3
 691 006f 0E       		.uleb128 0xe
 692 0070 3A       		.uleb128 0x3a
 693 0071 0B       		.uleb128 0xb
 694 0072 3B       		.uleb128 0x3b
 695 0073 0B       		.uleb128 0xb
 696 0074 49       		.uleb128 0x49
 697 0075 13       		.uleb128 0x13
 698 0076 00       		.byte	0
 699 0077 00       		.byte	0
 700 0078 0B       		.uleb128 0xb
 701 0079 2E       		.uleb128 0x2e
 702 007a 00       		.byte	0
 703 007b 3F       		.uleb128 0x3f
 704 007c 19       		.uleb128 0x19
 705 007d 03       		.uleb128 0x3
 706 007e 0E       		.uleb128 0xe
 707 007f 3A       		.uleb128 0x3a
 708 0080 0B       		.uleb128 0xb
 709 0081 3B       		.uleb128 0x3b
 710 0082 05       		.uleb128 0x5
 711 0083 27       		.uleb128 0x27
 712 0084 19       		.uleb128 0x19
 713 0085 20       		.uleb128 0x20
 714 0086 0B       		.uleb128 0xb
 715 0087 00       		.byte	0
 716 0088 00       		.byte	0
 717 0089 0C       		.uleb128 0xc
 718 008a 2E       		.uleb128 0x2e
 719 008b 01       		.byte	0x1
 720 008c 31       		.uleb128 0x31
 721 008d 13       		.uleb128 0x13
ARM GAS  C:\Users\Patrick\AppData\Local\Temp\cc7qjOqT.s 			page 24


 722 008e 11       		.uleb128 0x11
 723 008f 01       		.uleb128 0x1
 724 0090 12       		.uleb128 0x12
 725 0091 06       		.uleb128 0x6
 726 0092 40       		.uleb128 0x40
 727 0093 18       		.uleb128 0x18
 728 0094 9742     		.uleb128 0x2117
 729 0096 19       		.uleb128 0x19
 730 0097 01       		.uleb128 0x1
 731 0098 13       		.uleb128 0x13
 732 0099 00       		.byte	0
 733 009a 00       		.byte	0
 734 009b 0D       		.uleb128 0xd
 735 009c 898201   		.uleb128 0x4109
 736 009f 00       		.byte	0
 737 00a0 11       		.uleb128 0x11
 738 00a1 01       		.uleb128 0x1
 739 00a2 31       		.uleb128 0x31
 740 00a3 13       		.uleb128 0x13
 741 00a4 00       		.byte	0
 742 00a5 00       		.byte	0
 743 00a6 0E       		.uleb128 0xe
 744 00a7 898201   		.uleb128 0x4109
 745 00aa 00       		.byte	0
 746 00ab 11       		.uleb128 0x11
 747 00ac 01       		.uleb128 0x1
 748 00ad 9542     		.uleb128 0x2115
 749 00af 19       		.uleb128 0x19
 750 00b0 31       		.uleb128 0x31
 751 00b1 13       		.uleb128 0x13
 752 00b2 00       		.byte	0
 753 00b3 00       		.byte	0
 754 00b4 0F       		.uleb128 0xf
 755 00b5 2E       		.uleb128 0x2e
 756 00b6 01       		.byte	0x1
 757 00b7 3F       		.uleb128 0x3f
 758 00b8 19       		.uleb128 0x19
 759 00b9 03       		.uleb128 0x3
 760 00ba 0E       		.uleb128 0xe
 761 00bb 3A       		.uleb128 0x3a
 762 00bc 0B       		.uleb128 0xb
 763 00bd 3B       		.uleb128 0x3b
 764 00be 05       		.uleb128 0x5
 765 00bf 27       		.uleb128 0x27
 766 00c0 19       		.uleb128 0x19
 767 00c1 20       		.uleb128 0x20
 768 00c2 0B       		.uleb128 0xb
 769 00c3 01       		.uleb128 0x1
 770 00c4 13       		.uleb128 0x13
 771 00c5 00       		.byte	0
 772 00c6 00       		.byte	0
 773 00c7 10       		.uleb128 0x10
 774 00c8 34       		.uleb128 0x34
 775 00c9 00       		.byte	0
 776 00ca 03       		.uleb128 0x3
 777 00cb 0E       		.uleb128 0xe
 778 00cc 3A       		.uleb128 0x3a
ARM GAS  C:\Users\Patrick\AppData\Local\Temp\cc7qjOqT.s 			page 25


 779 00cd 0B       		.uleb128 0xb
 780 00ce 3B       		.uleb128 0x3b
 781 00cf 05       		.uleb128 0x5
 782 00d0 49       		.uleb128 0x49
 783 00d1 13       		.uleb128 0x13
 784 00d2 00       		.byte	0
 785 00d3 00       		.byte	0
 786 00d4 11       		.uleb128 0x11
 787 00d5 34       		.uleb128 0x34
 788 00d6 00       		.byte	0
 789 00d7 31       		.uleb128 0x31
 790 00d8 13       		.uleb128 0x13
 791 00d9 02       		.uleb128 0x2
 792 00da 17       		.uleb128 0x17
 793 00db 00       		.byte	0
 794 00dc 00       		.byte	0
 795 00dd 12       		.uleb128 0x12
 796 00de 898201   		.uleb128 0x4109
 797 00e1 01       		.byte	0x1
 798 00e2 11       		.uleb128 0x11
 799 00e3 01       		.uleb128 0x1
 800 00e4 31       		.uleb128 0x31
 801 00e5 13       		.uleb128 0x13
 802 00e6 00       		.byte	0
 803 00e7 00       		.byte	0
 804 00e8 13       		.uleb128 0x13
 805 00e9 8A8201   		.uleb128 0x410a
 806 00ec 00       		.byte	0
 807 00ed 02       		.uleb128 0x2
 808 00ee 18       		.uleb128 0x18
 809 00ef 9142     		.uleb128 0x2111
 810 00f1 18       		.uleb128 0x18
 811 00f2 00       		.byte	0
 812 00f3 00       		.byte	0
 813 00f4 14       		.uleb128 0x14
 814 00f5 2E       		.uleb128 0x2e
 815 00f6 01       		.byte	0x1
 816 00f7 3F       		.uleb128 0x3f
 817 00f8 19       		.uleb128 0x19
 818 00f9 03       		.uleb128 0x3
 819 00fa 0E       		.uleb128 0xe
 820 00fb 3A       		.uleb128 0x3a
 821 00fc 0B       		.uleb128 0xb
 822 00fd 3B       		.uleb128 0x3b
 823 00fe 05       		.uleb128 0x5
 824 00ff 27       		.uleb128 0x27
 825 0100 19       		.uleb128 0x19
 826 0101 11       		.uleb128 0x11
 827 0102 01       		.uleb128 0x1
 828 0103 12       		.uleb128 0x12
 829 0104 06       		.uleb128 0x6
 830 0105 40       		.uleb128 0x40
 831 0106 18       		.uleb128 0x18
 832 0107 9742     		.uleb128 0x2117
 833 0109 19       		.uleb128 0x19
 834 010a 01       		.uleb128 0x1
 835 010b 13       		.uleb128 0x13
ARM GAS  C:\Users\Patrick\AppData\Local\Temp\cc7qjOqT.s 			page 26


 836 010c 00       		.byte	0
 837 010d 00       		.byte	0
 838 010e 15       		.uleb128 0x15
 839 010f 1D       		.uleb128 0x1d
 840 0110 01       		.byte	0x1
 841 0111 31       		.uleb128 0x31
 842 0112 13       		.uleb128 0x13
 843 0113 11       		.uleb128 0x11
 844 0114 01       		.uleb128 0x1
 845 0115 12       		.uleb128 0x12
 846 0116 06       		.uleb128 0x6
 847 0117 58       		.uleb128 0x58
 848 0118 0B       		.uleb128 0xb
 849 0119 59       		.uleb128 0x59
 850 011a 05       		.uleb128 0x5
 851 011b 01       		.uleb128 0x1
 852 011c 13       		.uleb128 0x13
 853 011d 00       		.byte	0
 854 011e 00       		.byte	0
 855 011f 16       		.uleb128 0x16
 856 0120 0B       		.uleb128 0xb
 857 0121 01       		.byte	0x1
 858 0122 11       		.uleb128 0x11
 859 0123 01       		.uleb128 0x1
 860 0124 12       		.uleb128 0x12
 861 0125 06       		.uleb128 0x6
 862 0126 00       		.byte	0
 863 0127 00       		.byte	0
 864 0128 17       		.uleb128 0x17
 865 0129 1D       		.uleb128 0x1d
 866 012a 01       		.byte	0x1
 867 012b 31       		.uleb128 0x31
 868 012c 13       		.uleb128 0x13
 869 012d 11       		.uleb128 0x11
 870 012e 01       		.uleb128 0x1
 871 012f 12       		.uleb128 0x12
 872 0130 06       		.uleb128 0x6
 873 0131 58       		.uleb128 0x58
 874 0132 0B       		.uleb128 0xb
 875 0133 59       		.uleb128 0x59
 876 0134 05       		.uleb128 0x5
 877 0135 00       		.byte	0
 878 0136 00       		.byte	0
 879 0137 18       		.uleb128 0x18
 880 0138 2E       		.uleb128 0x2e
 881 0139 00       		.byte	0
 882 013a 3F       		.uleb128 0x3f
 883 013b 19       		.uleb128 0x19
 884 013c 03       		.uleb128 0x3
 885 013d 0E       		.uleb128 0xe
 886 013e 3A       		.uleb128 0x3a
 887 013f 0B       		.uleb128 0xb
 888 0140 3B       		.uleb128 0x3b
 889 0141 0B       		.uleb128 0xb
 890 0142 27       		.uleb128 0x27
 891 0143 19       		.uleb128 0x19
 892 0144 49       		.uleb128 0x49
ARM GAS  C:\Users\Patrick\AppData\Local\Temp\cc7qjOqT.s 			page 27


 893 0145 13       		.uleb128 0x13
 894 0146 3C       		.uleb128 0x3c
 895 0147 19       		.uleb128 0x19
 896 0148 00       		.byte	0
 897 0149 00       		.byte	0
 898 014a 19       		.uleb128 0x19
 899 014b 2E       		.uleb128 0x2e
 900 014c 01       		.byte	0x1
 901 014d 3F       		.uleb128 0x3f
 902 014e 19       		.uleb128 0x19
 903 014f 03       		.uleb128 0x3
 904 0150 0E       		.uleb128 0xe
 905 0151 3A       		.uleb128 0x3a
 906 0152 0B       		.uleb128 0xb
 907 0153 3B       		.uleb128 0x3b
 908 0154 05       		.uleb128 0x5
 909 0155 27       		.uleb128 0x27
 910 0156 19       		.uleb128 0x19
 911 0157 3C       		.uleb128 0x3c
 912 0158 19       		.uleb128 0x19
 913 0159 00       		.byte	0
 914 015a 00       		.byte	0
 915 015b 1A       		.uleb128 0x1a
 916 015c 05       		.uleb128 0x5
 917 015d 00       		.byte	0
 918 015e 49       		.uleb128 0x49
 919 015f 13       		.uleb128 0x13
 920 0160 00       		.byte	0
 921 0161 00       		.byte	0
 922 0162 00       		.byte	0
 923              		.section	.debug_loc,"",%progbits
 924              	.Ldebug_loc0:
 925              	.LLST0:
 926 0000 0C000000 		.4byte	.LVL3
 927 0004 12000000 		.4byte	.LVL4
 928 0008 0200     		.2byte	0x2
 929 000a 30       		.byte	0x30
 930 000b 9F       		.byte	0x9f
 931 000c 12000000 		.4byte	.LVL4
 932 0010 14000000 		.4byte	.LVL5
 933 0014 0100     		.2byte	0x1
 934 0016 54       		.byte	0x54
 935 0017 1C000000 		.4byte	.LVL7
 936 001b 38000000 		.4byte	.LVL10
 937 001f 0100     		.2byte	0x1
 938 0021 54       		.byte	0x54
 939 0022 00000000 		.4byte	0
 940 0026 00000000 		.4byte	0
 941              	.LLST1:
 942 002a 00000000 		.4byte	.LVL2
 943 002e 12000000 		.4byte	.LVL4
 944 0032 0200     		.2byte	0x2
 945 0034 31       		.byte	0x31
 946 0035 9F       		.byte	0x9f
 947 0036 12000000 		.4byte	.LVL4
 948 003a 18000000 		.4byte	.LVL6
 949 003e 0100     		.2byte	0x1
ARM GAS  C:\Users\Patrick\AppData\Local\Temp\cc7qjOqT.s 			page 28


 950 0040 55       		.byte	0x55
 951 0041 1C000000 		.4byte	.LVL7
 952 0045 38000000 		.4byte	.LVL10
 953 0049 0100     		.2byte	0x1
 954 004b 55       		.byte	0x55
 955 004c 00000000 		.4byte	0
 956 0050 00000000 		.4byte	0
 957              	.LLST2:
 958 0054 1C000000 		.4byte	.LVL12
 959 0058 22000000 		.4byte	.LVL13
 960 005c 0200     		.2byte	0x2
 961 005e 30       		.byte	0x30
 962 005f 9F       		.byte	0x9f
 963 0060 22000000 		.4byte	.LVL13
 964 0064 24000000 		.4byte	.LVL14
 965 0068 0100     		.2byte	0x1
 966 006a 54       		.byte	0x54
 967 006b 2C000000 		.4byte	.LVL16
 968 006f 46000000 		.4byte	.LVL19
 969 0073 0100     		.2byte	0x1
 970 0075 54       		.byte	0x54
 971 0076 00000000 		.4byte	0
 972 007a 00000000 		.4byte	0
 973              	.LLST3:
 974 007e 14000000 		.4byte	.LVL11
 975 0082 22000000 		.4byte	.LVL13
 976 0086 0200     		.2byte	0x2
 977 0088 31       		.byte	0x31
 978 0089 9F       		.byte	0x9f
 979 008a 22000000 		.4byte	.LVL13
 980 008e 28000000 		.4byte	.LVL15
 981 0092 0100     		.2byte	0x1
 982 0094 55       		.byte	0x55
 983 0095 2C000000 		.4byte	.LVL16
 984 0099 46000000 		.4byte	.LVL19
 985 009d 0100     		.2byte	0x1
 986 009f 55       		.byte	0x55
 987 00a0 00000000 		.4byte	0
 988 00a4 00000000 		.4byte	0
 989              		.section	.debug_aranges,"",%progbits
 990 0000 2C000000 		.4byte	0x2c
 991 0004 0200     		.2byte	0x2
 992 0006 00000000 		.4byte	.Ldebug_info0
 993 000a 04       		.byte	0x4
 994 000b 00       		.byte	0
 995 000c 0000     		.2byte	0
 996 000e 0000     		.2byte	0
 997 0010 00000000 		.4byte	.LFB0
 998 0014 18000000 		.4byte	.LFE0-.LFB0
 999 0018 00000000 		.4byte	.LFB1
 1000 001c 44000000 		.4byte	.LFE1-.LFB1
 1001 0020 00000000 		.4byte	.LFB2
 1002 0024 60000000 		.4byte	.LFE2-.LFB2
 1003 0028 00000000 		.4byte	0
 1004 002c 00000000 		.4byte	0
 1005              		.section	.debug_ranges,"",%progbits
 1006              	.Ldebug_ranges0:
ARM GAS  C:\Users\Patrick\AppData\Local\Temp\cc7qjOqT.s 			page 29


 1007 0000 00000000 		.4byte	.LFB0
 1008 0004 18000000 		.4byte	.LFE0
 1009 0008 00000000 		.4byte	.LFB1
 1010 000c 44000000 		.4byte	.LFE1
 1011 0010 00000000 		.4byte	.LFB2
 1012 0014 60000000 		.4byte	.LFE2
 1013 0018 00000000 		.4byte	0
 1014 001c 00000000 		.4byte	0
 1015              		.section	.debug_line,"",%progbits
 1016              	.Ldebug_line0:
 1017 0000 F6000000 		.section	.debug_str,"MS",%progbits,1
 1017      02005300 
 1017      00000201 
 1017      FB0E0D00 
 1017      01010101 
 1018              	.LASF15:
 1019 0000 72656731 		.ascii	"reg16\000"
 1019      3600
 1020              	.LASF19:
 1021 0006 43414E5F 		.ascii	"CAN_1_REG_32\000"
 1021      315F5245 
 1021      475F3332 
 1021      00
 1022              	.LASF29:
 1023 0013 73686966 		.ascii	"shift\000"
 1023      7400
 1024              	.LASF34:
 1025 0019 433A5C55 		.ascii	"C:\\Users\\Patrick\\Documents\\GitHub\\PSoC 5LP FIl"
 1025      73657273 
 1025      5C506174 
 1025      7269636B 
 1025      5C446F63 
 1026 0047 65735C43 		.ascii	"es\\C-CAN_PSoC_DevKit\\C-CAN.cydsn\000"
 1026      2D43414E 
 1026      5F50536F 
 1026      435F4465 
 1026      764B6974 
 1027              	.LASF23:
 1028 0068 7278616D 		.ascii	"rxamr\000"
 1028      7200
 1029              	.LASF28:
 1030 006e 6D61696C 		.ascii	"mailboxNumber\000"
 1030      626F784E 
 1030      756D6265 
 1030      7200
 1031              	.LASF3:
 1032 007c 73686F72 		.ascii	"short unsigned int\000"
 1032      7420756E 
 1032      7369676E 
 1032      65642069 
 1032      6E7400
 1033              	.LASF38:
 1034 008f 43414E5F 		.ascii	"CAN_1_ReceiveMsg\000"
 1034      315F5265 
 1034      63656976 
 1034      654D7367 
 1034      00
ARM GAS  C:\Users\Patrick\AppData\Local\Temp\cc7qjOqT.s 			page 30


 1035              	.LASF18:
 1036 00a0 62797465 		.ascii	"byte\000"
 1036      00
 1037              	.LASF22:
 1038 00a5 72786461 		.ascii	"rxdata\000"
 1038      746100
 1039              	.LASF26:
 1040 00ac 72786163 		.ascii	"rxacrd\000"
 1040      726400
 1041              	.LASF30:
 1042 00b3 43414E5F 		.ascii	"CAN_1_GlobalIntDisable\000"
 1042      315F476C 
 1042      6F62616C 
 1042      496E7444 
 1042      69736162 
 1043              	.LASF37:
 1044 00ca 43414E5F 		.ascii	"CAN_1_ISR\000"
 1044      315F4953 
 1044      5200
 1045              	.LASF35:
 1046 00d4 43414E5F 		.ascii	"CAN_1_BusOffIsr\000"
 1046      315F4275 
 1046      734F6666 
 1046      49737200 
 1047              	.LASF1:
 1048 00e4 756E7369 		.ascii	"unsigned char\000"
 1048      676E6564 
 1048      20636861 
 1048      7200
 1049              	.LASF21:
 1050 00f2 72786964 		.ascii	"rxid\000"
 1050      00
 1051              	.LASF27:
 1052 00f7 43414E5F 		.ascii	"CAN_1_RX_STRUCT\000"
 1052      315F5258 
 1052      5F535452 
 1052      55435400 
 1053              	.LASF5:
 1054 0107 6C6F6E67 		.ascii	"long unsigned int\000"
 1054      20756E73 
 1054      69676E65 
 1054      6420696E 
 1054      7400
 1055              	.LASF9:
 1056 0119 75696E74 		.ascii	"uint8\000"
 1056      3800
 1057              	.LASF12:
 1058 011f 646F7562 		.ascii	"double\000"
 1058      6C6500
 1059              	.LASF33:
 1060 0126 2E5C4765 		.ascii	".\\Generated_Source\\PSoC5\\CAN_1_INT.c\000"
 1060      6E657261 
 1060      7465645F 
 1060      536F7572 
 1060      63655C50 
 1061              	.LASF10:
 1062 014b 75696E74 		.ascii	"uint16\000"
ARM GAS  C:\Users\Patrick\AppData\Local\Temp\cc7qjOqT.s 			page 31


 1062      313600
 1063              	.LASF17:
 1064 0152 43414E5F 		.ascii	"CAN_1_DATA_BYTES\000"
 1064      315F4441 
 1064      54415F42 
 1064      59544553 
 1064      00
 1065              	.LASF8:
 1066 0163 756E7369 		.ascii	"unsigned int\000"
 1066      676E6564 
 1066      20696E74 
 1066      00
 1067              	.LASF7:
 1068 0170 6C6F6E67 		.ascii	"long long unsigned int\000"
 1068      206C6F6E 
 1068      6720756E 
 1068      7369676E 
 1068      65642069 
 1069              	.LASF31:
 1070 0187 43414E5F 		.ascii	"CAN_1_Stop\000"
 1070      315F5374 
 1070      6F7000
 1071              	.LASF20:
 1072 0192 7278636D 		.ascii	"rxcmd\000"
 1072      6400
 1073              	.LASF14:
 1074 0198 72656738 		.ascii	"reg8\000"
 1074      00
 1075              	.LASF16:
 1076 019d 73697A65 		.ascii	"sizetype\000"
 1076      74797065 
 1076      00
 1077              	.LASF25:
 1078 01a6 7278616D 		.ascii	"rxamrd\000"
 1078      726400
 1079              	.LASF6:
 1080 01ad 6C6F6E67 		.ascii	"long long int\000"
 1080      206C6F6E 
 1080      6720696E 
 1080      7400
 1081              	.LASF13:
 1082 01bb 63686172 		.ascii	"char\000"
 1082      00
 1083              	.LASF2:
 1084 01c0 73686F72 		.ascii	"short int\000"
 1084      7420696E 
 1084      7400
 1085              	.LASF24:
 1086 01ca 72786163 		.ascii	"rxacr\000"
 1086      7200
 1087              	.LASF36:
 1088 01d0 43414E5F 		.ascii	"CAN_1_MsgRXIsr\000"
 1088      315F4D73 
 1088      67525849 
 1088      737200
 1089              	.LASF4:
 1090 01df 6C6F6E67 		.ascii	"long int\000"
ARM GAS  C:\Users\Patrick\AppData\Local\Temp\cc7qjOqT.s 			page 32


 1090      20696E74 
 1090      00
 1091              	.LASF11:
 1092 01e8 666C6F61 		.ascii	"float\000"
 1092      7400
 1093              	.LASF0:
 1094 01ee 7369676E 		.ascii	"signed char\000"
 1094      65642063 
 1094      68617200 
 1095              	.LASF32:
 1096 01fa 474E5520 		.ascii	"GNU C 4.9.3 20150303 (release) [ARM/embedded-4_9-br"
 1096      4320342E 
 1096      392E3320 
 1096      32303135 
 1096      30333033 
 1097 022d 616E6368 		.ascii	"anch revision 221220] -mcpu=cortex-m3 -mthumb -g -O"
 1097      20726576 
 1097      6973696F 
 1097      6E203232 
 1097      31323230 
 1098 0260 33202D66 		.ascii	"3 -ffunction-sections -ffat-lto-objects\000"
 1098      66756E63 
 1098      74696F6E 
 1098      2D736563 
 1098      74696F6E 
 1099              		.ident	"GCC: (GNU Tools for ARM Embedded Processors) 4.9.3 20150303 (release) [ARM/embedded-4_9-br
